openings: 400 positions from tests/openings_gen.fen
gauntlet: agent@engine vs agent@checkpoints/openingcap | SPRT elo0=0.0 elo1=8.0 alpha=0.025 beta=0.025 max_games=1500 | 10000ms+100ms | 6 workers
   1 games  +0 =1 -0   -0 Elo +/- 0   3fold=1 (100%)   174s      mean=0.500 LLR=+0.00 (game LLR=+0.00) [CONTINUE]
   2 games  +0 =2 -0   -0 Elo +/- 0   3fold=2 (100%)   174s      mean=0.500 LLR=+0.00 (game LLR=+0.00) [CONTINUE]
   3 games  +0 =2 -1   -120 Elo +/- 265   3fold=2 (67%)   175s      mean=0.333 LLR=+0.00 (game LLR=-0.11) [CONTINUE]
   4 games  +0 =2 -2   -191 Elo +/- 458   3fold=2 (50%)   177s      mean=0.250 LLR=+0.00 (game LLR=-0.19) [CONTINUE]
   5 games  +0 =3 -2   -147 Elo +/- 211   3fold=3 (60%)   178s      mean=0.300 LLR=+0.00 (game LLR=-0.20) [CONTINUE]
   6 games  +0 =4 -2   -120 Elo +/- 162   3fold=4 (67%)   185s      mean=0.333 LLR=+0.00 (game LLR=-0.21) [CONTINUE]
   7 games  +0 =5 -2   -102 Elo +/- 135   3fold=5 (71%)   201s      mean=0.357 LLR=+0.00 (game LLR=-0.23) [CONTINUE]
   8 games  +1 =5 -2   -44 Elo +/- 157   3fold=5 (62%)   202s      mean=0.438 LLR=+0.00 (game LLR=-0.07) [CONTINUE]
   9 games  +1 =5 -3   -79 Elo +/- 163   3fold=5 (56%)   202s      mean=0.389 LLR=-0.00 (game LLR=-0.12) [CONTINUE]
  10 games  +2 =5 -3   -35 Elo +/- 164   3fold=5 (50%)   209s      mean=0.450 LLR=-0.06 (game LLR=-0.05) [CONTINUE]
  11 games  +3 =5 -3   -0 Elo +/- 163   3fold=5 (45%)   211s      mean=0.500 LLR=-0.07 (game LLR=-0.01) [CONTINUE]
  12 games  +3 =6 -3   -0 Elo +/- 147   3fold=6 (50%)   213s      mean=0.500 LLR=-0.01 (game LLR=-0.01) [CONTINUE]
  13 games  +3 =7 -3   -0 Elo +/- 135   3fold=7 (54%)   222s      mean=0.500 LLR=-0.01 (game LLR=-0.01) [CONTINUE]
  14 games  +3 =8 -3   -0 Elo +/- 124   3fold=8 (57%)   227s      mean=0.500 LLR=-0.01 (game LLR=-0.01) [CONTINUE]
  15 games  +3 =9 -3   -0 Elo +/- 115   3fold=9 (60%)   230s      mean=0.500 LLR=-0.01 (game LLR=-0.01) [CONTINUE]
  16 games  +3 =10 -3   -0 Elo +/- 108   3fold=10 (62%)   237s      mean=0.500 LLR=-0.01 (game LLR=-0.01) [CONTINUE]
  17 games  +3 =11 -3   -0 Elo +/- 101   3fold=11 (65%)   237s      mean=0.500 LLR=-0.01 (game LLR=-0.01) [CONTINUE]
  18 games  +3 =12 -3   -0 Elo +/- 95   3fold=12 (67%)   242s      mean=0.500 LLR=-0.01 (game LLR=-0.01) [CONTINUE]
  19 games  +3 =13 -3   -0 Elo +/- 90   3fold=13 (68%)   250s      mean=0.500 LLR=-0.01 (game LLR=-0.02) [CONTINUE]
  20 games  +3 =13 -4   -17 Elo +/- 92   3fold=13 (65%)   254s      mean=0.475 LLR=-0.01 (game LLR=-0.08) [CONTINUE]
  21 games  +3 =13 -5   -33 Elo +/- 94   3fold=13 (62%)   259s      mean=0.452 LLR=-0.09 (game LLR=-0.14) [CONTINUE]
  22 games  +3 =14 -5   -32 Elo +/- 89   3fold=14 (64%)   259s      mean=0.455 LLR=-0.16 (game LLR=-0.15) [CONTINUE]
  23 games  +4 =14 -5   -15 Elo +/- 91   3fold=14 (61%)   269s      mean=0.478 LLR=-0.18 (game LLR=-0.07) [CONTINUE]
  24 games  +4 =15 -5   -14 Elo +/- 87   3fold=15 (62%)   270s      mean=0.479 LLR=-0.09 (game LLR=-0.08) [CONTINUE]
  25 games  +4 =16 -5   -14 Elo +/- 83   3fold=16 (64%)   279s      mean=0.480 LLR=-0.10 (game LLR=-0.08) [CONTINUE]
  26 games  +4 =17 -5   -13 Elo +/- 80   3fold=17 (65%)   288s      mean=0.481 LLR=-0.10 (game LLR=-0.09) [CONTINUE]
  27 games  +4 =18 -5   -13 Elo +/- 77   3fold=17 (63%)   289s      mean=0.481 LLR=-0.10 (game LLR=-0.09) [CONTINUE]
  28 games  +5 =18 -5   -0 Elo +/- 78   3fold=17 (61%)   289s      mean=0.500 LLR=-0.10 (game LLR=-0.02) [CONTINUE]
  29 games  +5 =19 -5   -0 Elo +/- 75   3fold=18 (62%)   299s      mean=0.500 LLR=-0.10 (game LLR=-0.02) [CONTINUE]
  30 games  +6 =19 -5   +12 Elo +/- 76   3fold=18 (60%)   301s      mean=0.517 LLR=-0.10 (game LLR=+0.04) [CONTINUE]
  31 games  +6 =20 -5   +11 Elo +/- 74   3fold=19 (61%)   306s      mean=0.516 LLR=-0.10 (game LLR=+0.04) [CONTINUE]
  32 games  +6 =20 -6   -0 Elo +/- 75   3fold=19 (59%)   319s      mean=0.500 LLR=-0.11 (game LLR=-0.02) [CONTINUE]
  33 games  +6 =21 -6   -0 Elo +/- 73   3fold=20 (61%)   319s      mean=0.500 LLR=-0.19 (game LLR=-0.02) [CONTINUE]
  34 games  +6 =21 -7   -10 Elo +/- 73   3fold=20 (59%)   321s      mean=0.485 LLR=-0.10 (game LLR=-0.08) [CONTINUE]
  35 games  +6 =21 -8   -20 Elo +/- 74   3fold=20 (57%)   329s      mean=0.471 LLR=-0.18 (game LLR=-0.14) [CONTINUE]
  36 games  +6 =22 -8   -19 Elo +/- 72   3fold=21 (58%)   332s      mean=0.472 LLR=-0.25 (game LLR=-0.14) [CONTINUE]
  37 games  +7 =22 -8   -9 Elo +/- 72   3fold=21 (57%)   344s      mean=0.486 LLR=-0.17 (game LLR=-0.08) [CONTINUE]
  38 games  +7 =23 -8   -9 Elo +/- 70   3fold=22 (58%)   348s      mean=0.487 LLR=-0.17 (game LLR=-0.08) [CONTINUE]
  39 games  +7 =23 -9   -18 Elo +/- 71   3fold=22 (56%)   348s      mean=0.474 LLR=-0.17 (game LLR=-0.14) [CONTINUE]
  40 games  +7 =24 -9   -17 Elo +/- 69   3fold=23 (58%)   350s      mean=0.475 LLR=-0.17 (game LLR=-0.14) [CONTINUE]
  41 games  +7 =25 -9   -17 Elo +/- 67   3fold=24 (59%)   358s      mean=0.476 LLR=-0.17 (game LLR=-0.15) [CONTINUE]
  42 games  +8 =25 -9   -8 Elo +/- 68   3fold=24 (57%)   362s      mean=0.488 LLR=-0.17 (game LLR=-0.08) [CONTINUE]
  43 games  +8 =26 -9   -8 Elo +/- 66   3fold=25 (58%)   368s      mean=0.488 LLR=-0.17 (game LLR=-0.09) [CONTINUE]
  44 games  +8 =27 -9   -8 Elo +/- 65   3fold=26 (59%)   374s      mean=0.489 LLR=-0.10 (game LLR=-0.09) [CONTINUE]
  45 games  +8 =28 -9   -8 Elo +/- 63   3fold=27 (60%)   379s      mean=0.489 LLR=-0.16 (game LLR=-0.09) [CONTINUE]
  46 games  +8 =29 -9   -8 Elo +/- 62   3fold=28 (61%)   382s      mean=0.489 LLR=-0.17 (game LLR=-0.10) [CONTINUE]
  47 games  +9 =29 -9   -0 Elo +/- 62   3fold=28 (60%)   386s      mean=0.500 LLR=-0.18 (game LLR=-0.03) [CONTINUE]
  48 games  +9 =29 -10   -7 Elo +/- 62   3fold=28 (58%)   395s      mean=0.490 LLR=-0.11 (game LLR=-0.09) [CONTINUE]
  49 games  +9 =30 -10   -7 Elo +/- 61   3fold=29 (59%)   400s      mean=0.490 LLR=-0.11 (game LLR=-0.09) [CONTINUE]
  50 games  +10 =30 -10   -0 Elo +/- 62   3fold=29 (58%)   403s      mean=0.500 LLR=-0.11 (game LLR=-0.03) [CONTINUE]
  51 games  +10 =30 -11   -7 Elo +/- 62   3fold=29 (57%)   406s      mean=0.490 LLR=-0.11 (game LLR=-0.09) [CONTINUE]
  52 games  +10 =31 -11   -7 Elo +/- 61   3fold=30 (58%)   409s      mean=0.490 LLR=-0.11 (game LLR=-0.09) [CONTINUE]
  53 games  +10 =31 -12   -13 Elo +/- 61   3fold=30 (57%)   415s      mean=0.481 LLR=-0.11 (game LLR=-0.15) [CONTINUE]
  54 games  +10 =32 -12   -13 Elo +/- 60   3fold=31 (57%)   423s      mean=0.481 LLR=-0.11 (game LLR=-0.15) [CONTINUE]
  55 games  +11 =32 -12   -6 Elo +/- 60   3fold=31 (56%)   430s      mean=0.491 LLR=-0.11 (game LLR=-0.09) [CONTINUE]
  56 games  +11 =33 -12   -6 Elo +/- 59   3fold=32 (57%)   432s      mean=0.491 LLR=-0.04 (game LLR=-0.09) [CONTINUE]
  57 games  +12 =33 -12   -0 Elo +/- 59   3fold=32 (56%)   436s      mean=0.500 LLR=+0.03 (game LLR=-0.04) [CONTINUE]
  58 games  +12 =34 -12   -0 Elo +/- 58   3fold=33 (57%)   437s      mean=0.500 LLR=+0.03 (game LLR=-0.04) [CONTINUE]
  59 games  +12 =35 -12   -0 Elo +/- 57   3fold=34 (58%)   441s      mean=0.500 LLR=+0.03 (game LLR=-0.04) [CONTINUE]
  60 games  +12 =36 -12   -0 Elo +/- 56   3fold=35 (58%)   451s      mean=0.500 LLR=-0.05 (game LLR=-0.04) [CONTINUE]
  61 games  +12 =36 -13   -6 Elo +/- 56   3fold=35 (57%)   459s      mean=0.492 LLR=-0.05 (game LLR=-0.10) [CONTINUE]
  62 games  +13 =36 -13   -0 Elo +/- 56   3fold=35 (56%)   460s      mean=0.500 LLR=-0.05 (game LLR=-0.04) [CONTINUE]
  63 games  +13 =36 -14   -6 Elo +/- 57   3fold=35 (56%)   462s      mean=0.492 LLR=-0.05 (game LLR=-0.09) [CONTINUE]
  64 games  +13 =37 -14   -5 Elo +/- 56   3fold=36 (56%)   466s      mean=0.492 LLR=-0.05 (game LLR=-0.09) [CONTINUE]
  65 games  +13 =38 -14   -5 Elo +/- 55   3fold=36 (55%)   474s      mean=0.492 LLR=-0.05 (game LLR=-0.10) [CONTINUE]
  66 games  +13 =38 -15   -11 Elo +/- 55   3fold=36 (55%)   484s      mean=0.485 LLR=-0.05 (game LLR=-0.15) [CONTINUE]
  67 games  +14 =38 -15   -5 Elo +/- 55   3fold=36 (54%)   491s      mean=0.493 LLR=-0.05 (game LLR=-0.09) [CONTINUE]
  68 games  +15 =38 -15   -0 Elo +/- 55   3fold=36 (53%)   491s      mean=0.500 LLR=-0.06 (game LLR=-0.04) [CONTINUE]
  69 games  +15 =39 -15   -0 Elo +/- 54   3fold=37 (54%)   491s      mean=0.500 LLR=+0.09 (game LLR=-0.04) [CONTINUE]
  70 games  +15 =40 -15   -0 Elo +/- 54   3fold=38 (54%)   492s      mean=0.500 LLR=+0.02 (game LLR=-0.04) [CONTINUE]
  71 games  +15 =40 -16   -5 Elo +/- 54   3fold=38 (54%)   502s      mean=0.493 LLR=+0.01 (game LLR=-0.10) [CONTINUE]
  72 games  +15 =41 -16   -5 Elo +/- 53   3fold=39 (54%)   516s      mean=0.493 LLR=-0.05 (game LLR=-0.10) [CONTINUE]
  73 games  +15 =42 -16   -5 Elo +/- 52   3fold=40 (55%)   519s      mean=0.493 LLR=-0.12 (game LLR=-0.10) [CONTINUE]
  74 games  +15 =42 -17   -9 Elo +/- 52   3fold=40 (54%)   521s      mean=0.486 LLR=-0.12 (game LLR=-0.15) [CONTINUE]
  75 games  +15 =43 -17   -9 Elo +/- 52   3fold=41 (55%)   522s      mean=0.487 LLR=-0.12 (game LLR=-0.15) [CONTINUE]
  76 games  +15 =44 -17   -9 Elo +/- 51   3fold=42 (55%)   522s      mean=0.487 LLR=-0.12 (game LLR=-0.16) [CONTINUE]
  77 games  +15 =44 -18   -14 Elo +/- 51   3fold=42 (55%)   530s      mean=0.481 LLR=-0.12 (game LLR=-0.21) [CONTINUE]
  78 games  +15 =45 -18   -13 Elo +/- 50   3fold=43 (55%)   544s      mean=0.481 LLR=-0.12 (game LLR=-0.21) [CONTINUE]
  79 games  +15 =46 -18   -13 Elo +/- 50   3fold=44 (56%)   547s      mean=0.481 LLR=-0.12 (game LLR=-0.22) [CONTINUE]
  80 games  +16 =46 -18   -9 Elo +/- 50   3fold=44 (55%)   550s      mean=0.487 LLR=-0.13 (game LLR=-0.16) [CONTINUE]
  81 games  +16 =46 -19   -13 Elo +/- 50   3fold=44 (54%)   555s      mean=0.481 LLR=-0.06 (game LLR=-0.21) [CONTINUE]
  82 games  +16 =47 -19   -13 Elo +/- 49   3fold=45 (55%)   558s      mean=0.482 LLR=-0.13 (game LLR=-0.21) [CONTINUE]
  83 games  +16 =48 -19   -13 Elo +/- 49   3fold=46 (55%)   558s      mean=0.482 LLR=-0.19 (game LLR=-0.22) [CONTINUE]
  84 games  +16 =49 -19   -12 Elo +/- 48   3fold=47 (56%)   573s      mean=0.482 LLR=-0.26 (game LLR=-0.22) [CONTINUE]
  85 games  +16 =50 -19   -12 Elo +/- 48   3fold=48 (56%)   576s      mean=0.482 LLR=-0.27 (game LLR=-0.22) [CONTINUE]
  86 games  +16 =51 -19   -12 Elo +/- 47   3fold=49 (57%)   580s      mean=0.483 LLR=-0.27 (game LLR=-0.23) [CONTINUE]
  87 games  +16 =52 -19   -12 Elo +/- 47   3fold=50 (57%)   587s      mean=0.483 LLR=-0.27 (game LLR=-0.23) [CONTINUE]
  88 games  +16 =52 -20   -16 Elo +/- 47   3fold=50 (57%)   587s      mean=0.477 LLR=-0.27 (game LLR=-0.28) [CONTINUE]
  89 games  +16 =52 -21   -20 Elo +/- 47   3fold=50 (56%)   589s      mean=0.472 LLR=-0.27 (game LLR=-0.34) [CONTINUE]
  90 games  +16 =53 -21   -19 Elo +/- 46   3fold=51 (57%)   598s      mean=0.472 LLR=-0.27 (game LLR=-0.34) [CONTINUE]
  91 games  +16 =54 -21   -19 Elo +/- 46   3fold=52 (57%)   607s      mean=0.473 LLR=-0.27 (game LLR=-0.34) [CONTINUE]
  92 games  +17 =54 -21   -15 Elo +/- 46   3fold=52 (57%)   609s      mean=0.478 LLR=-0.27 (game LLR=-0.28) [CONTINUE]
  93 games  +17 =55 -21   -15 Elo +/- 45   3fold=53 (57%)   618s      mean=0.478 LLR=-0.20 (game LLR=-0.29) [CONTINUE]
  94 games  +17 =56 -21   -15 Elo +/- 45   3fold=54 (57%)   618s      mean=0.479 LLR=-0.27 (game LLR=-0.29) [CONTINUE]
  95 games  +17 =57 -21   -15 Elo +/- 44   3fold=55 (58%)   622s      mean=0.479 LLR=-0.28 (game LLR=-0.29) [CONTINUE]
  96 games  +17 =58 -21   -14 Elo +/- 44   3fold=56 (58%)   623s      mean=0.479 LLR=-0.35 (game LLR=-0.30) [CONTINUE]
  97 games  +17 =59 -21   -14 Elo +/- 43   3fold=57 (59%)   642s      mean=0.479 LLR=-0.36 (game LLR=-0.30) [CONTINUE]
  98 games  +18 =59 -21   -11 Elo +/- 44   3fold=57 (58%)   643s      mean=0.485 LLR=-0.36 (game LLR=-0.24) [CONTINUE]
*** ANOMALY ***  flag as white (0-1) -- caused by agent@engine
  99 games  +18 =59 -22   -14 Elo +/- 44   3fold=57 (58%)   643s   ANOMALIES: 1   mean=0.480 LLR=-0.36 (game LLR=-0.29) [CONTINUE]
 100 games  +18 =60 -22   -14 Elo +/- 43   3fold=58 (58%)   644s   ANOMALIES: 1   mean=0.480 LLR=-0.36 (game LLR=-0.30) [CONTINUE]
 101 games  +18 =61 -22   -14 Elo +/- 43   3fold=59 (58%)   651s   ANOMALIES: 1   mean=0.480 LLR=-0.36 (game LLR=-0.30) [CONTINUE]
 102 games  +19 =61 -22   -10 Elo +/- 43   3fold=59 (58%)   654s   ANOMALIES: 1   mean=0.485 LLR=-0.36 (game LLR=-0.24) [CONTINUE]
 103 games  +20 =61 -22   -7 Elo +/- 43   3fold=59 (57%)   666s   ANOMALIES: 1   mean=0.490 LLR=-0.36 (game LLR=-0.18) [CONTINUE]
 104 games  +21 =61 -22   -3 Elo +/- 43   3fold=59 (57%)   673s   ANOMALIES: 1   mean=0.495 LLR=-0.28 (game LLR=-0.12) [CONTINUE]
 105 games  +21 =62 -22   -3 Elo +/- 43   3fold=60 (57%)   674s   ANOMALIES: 1   mean=0.495 LLR=-0.13 (game LLR=-0.12) [CONTINUE]
 106 games  +21 =63 -22   -3 Elo +/- 42   3fold=61 (58%)   674s   ANOMALIES: 1   mean=0.495 LLR=-0.20 (game LLR=-0.13) [CONTINUE]
 107 games  +22 =63 -22   -0 Elo +/- 42   3fold=61 (57%)   683s   ANOMALIES: 1   mean=0.500 LLR=-0.20 (game LLR=-0.07) [CONTINUE]
 108 games  +22 =64 -22   -0 Elo +/- 42   3fold=62 (57%)   685s   ANOMALIES: 1   mean=0.500 LLR=-0.14 (game LLR=-0.07) [CONTINUE]
 109 games  +22 =65 -22   -0 Elo +/- 42   3fold=63 (58%)   700s   ANOMALIES: 1   mean=0.500 LLR=-0.08 (game LLR=-0.07) [CONTINUE]
 110 games  +22 =66 -22   -0 Elo +/- 41   3fold=64 (58%)   702s   ANOMALIES: 1   mean=0.500 LLR=-0.08 (game LLR=-0.07) [CONTINUE]
 111 games  +22 =67 -22   -0 Elo +/- 41   3fold=65 (59%)   702s   ANOMALIES: 1   mean=0.500 LLR=-0.08 (game LLR=-0.07) [CONTINUE]
 112 games  +22 =68 -22   -0 Elo +/- 41   3fold=66 (59%)   706s   ANOMALIES: 1   mean=0.500 LLR=-0.08 (game LLR=-0.08) [CONTINUE]
 113 games  +23 =68 -22   +3 Elo +/- 41   3fold=66 (58%)   711s   ANOMALIES: 1   mean=0.504 LLR=-0.08 (game LLR=-0.02) [CONTINUE]
 114 games  +23 =69 -22   +3 Elo +/- 40   3fold=67 (59%)   715s   ANOMALIES: 1   mean=0.504 LLR=-0.08 (game LLR=-0.02) [CONTINUE]
 115 games  +23 =70 -22   +3 Elo +/- 40   3fold=68 (59%)   729s   ANOMALIES: 1   mean=0.504 LLR=-0.08 (game LLR=-0.02) [CONTINUE]
 116 games  +23 =71 -22   +3 Elo +/- 40   3fold=69 (59%)   731s   ANOMALIES: 1   mean=0.504 LLR=-0.08 (game LLR=-0.02) [CONTINUE]
 117 games  +23 =72 -22   +3 Elo +/- 39   3fold=70 (60%)   732s   ANOMALIES: 1   mean=0.504 LLR=-0.08 (game LLR=-0.02) [CONTINUE]
 118 games  +23 =72 -23   -0 Elo +/- 39   3fold=70 (59%)   734s   ANOMALIES: 1   mean=0.500 LLR=-0.09 (game LLR=-0.08) [CONTINUE]
 119 games  +23 =73 -23   -0 Elo +/- 39   3fold=71 (60%)   739s   ANOMALIES: 1   mean=0.500 LLR=-0.15 (game LLR=-0.08) [CONTINUE]
 120 games  +24 =73 -23   +3 Elo +/- 39   3fold=71 (59%)   740s   ANOMALIES: 1   mean=0.504 LLR=-0.16 (game LLR=-0.02) [CONTINUE]
 121 games  +24 =74 -23   +3 Elo +/- 39   3fold=72 (60%)   762s   ANOMALIES: 1   mean=0.504 LLR=-0.02 (game LLR=-0.02) [CONTINUE]
 122 games  +24 =75 -23   +3 Elo +/- 38   3fold=73 (60%)   763s   ANOMALIES: 1   mean=0.504 LLR=-0.02 (game LLR=-0.02) [CONTINUE]
 123 games  +24 =75 -24   -0 Elo +/- 39   3fold=73 (59%)   763s   ANOMALIES: 1   mean=0.500 LLR=-0.02 (game LLR=-0.08) [CONTINUE]
 124 games  +24 =75 -25   -3 Elo +/- 39   3fold=73 (59%)   766s   ANOMALIES: 1   mean=0.496 LLR=-0.02 (game LLR=-0.14) [CONTINUE]
 125 games  +24 =76 -25   -3 Elo +/- 38   3fold=74 (59%)   769s   ANOMALIES: 1   mean=0.496 LLR=-0.02 (game LLR=-0.14) [CONTINUE]
 126 games  +25 =76 -25   -0 Elo +/- 38   3fold=74 (59%)   770s   ANOMALIES: 1   mean=0.500 LLR=-0.02 (game LLR=-0.08) [CONTINUE]
 127 games  +25 =77 -25   -0 Elo +/- 38   3fold=75 (59%)   792s   ANOMALIES: 1   mean=0.500 LLR=-0.02 (game LLR=-0.09) [CONTINUE]
 128 games  +25 =78 -25   -0 Elo +/- 38   3fold=75 (59%)   794s   ANOMALIES: 1   mean=0.500 LLR=-0.03 (game LLR=-0.09) [CONTINUE]
 129 games  +26 =78 -25   +3 Elo +/- 38   3fold=75 (58%)   795s   ANOMALIES: 1   mean=0.504 LLR=-0.03 (game LLR=-0.03) [CONTINUE]
 130 games  +27 =78 -25   +5 Elo +/- 38   3fold=75 (58%)   798s   ANOMALIES: 1   mean=0.508 LLR=-0.03 (game LLR=+0.03) [CONTINUE]
 131 games  +27 =79 -25   +5 Elo +/- 38   3fold=76 (58%)   798s   ANOMALIES: 1   mean=0.508 LLR=+0.03 (game LLR=+0.03) [CONTINUE]
 132 games  +27 =80 -25   +5 Elo +/- 37   3fold=77 (58%)   799s   ANOMALIES: 1   mean=0.508 LLR=-0.03 (game LLR=+0.03) [CONTINUE]
 133 games  +27 =81 -25   +5 Elo +/- 37   3fold=78 (59%)   820s   ANOMALIES: 1   mean=0.508 LLR=+0.03 (game LLR=+0.03) [CONTINUE]
 134 games  +27 =82 -25   +5 Elo +/- 37   3fold=78 (58%)   825s   ANOMALIES: 1   mean=0.507 LLR=+0.03 (game LLR=+0.03) [CONTINUE]
 135 games  +27 =83 -25   +5 Elo +/- 37   3fold=79 (59%)   828s   ANOMALIES: 1   mean=0.507 LLR=+0.03 (game LLR=+0.03) [CONTINUE]
 136 games  +28 =83 -25   +8 Elo +/- 37   3fold=79 (58%)   829s   ANOMALIES: 1   mean=0.511 LLR=+0.03 (game LLR=+0.08) [CONTINUE]
 137 games  +29 =83 -25   +10 Elo +/- 37   3fold=79 (58%)   829s   ANOMALIES: 1   mean=0.515 LLR=+0.03 (game LLR=+0.14) [CONTINUE]
 138 games  +30 =83 -25   +13 Elo +/- 37   3fold=79 (57%)   833s   ANOMALIES: 1   mean=0.518 LLR=+0.03 (game LLR=+0.20) [CONTINUE]
 139 games  +30 =83 -26   +10 Elo +/- 37   3fold=79 (57%)   852s   ANOMALIES: 1   mean=0.514 LLR=+0.03 (game LLR=+0.14) [CONTINUE]
 140 games  +31 =83 -26   +12 Elo +/- 37   3fold=79 (56%)   856s   ANOMALIES: 1   mean=0.518 LLR=-0.03 (game LLR=+0.19) [CONTINUE]
 141 games  +31 =84 -26   +12 Elo +/- 37   3fold=79 (56%)   858s   ANOMALIES: 1   mean=0.518 LLR=+0.03 (game LLR=+0.19) [CONTINUE]
 142 games  +32 =84 -26   +15 Elo +/- 37   3fold=79 (56%)   860s   ANOMALIES: 1   mean=0.521 LLR=+0.09 (game LLR=+0.25) [CONTINUE]
 143 games  +32 =85 -26   +15 Elo +/- 36   3fold=80 (56%)   866s   ANOMALIES: 1   mean=0.521 LLR=+0.15 (game LLR=+0.25) [CONTINUE]
 144 games  +32 =85 -27   +12 Elo +/- 36   3fold=80 (56%)   868s   ANOMALIES: 1   mean=0.517 LLR=+0.21 (game LLR=+0.19) [CONTINUE]
 145 games  +32 =86 -27   +12 Elo +/- 36   3fold=81 (56%)   883s   ANOMALIES: 1   mean=0.517 LLR=+0.21 (game LLR=+0.19) [CONTINUE]
 146 games  +32 =87 -27   +12 Elo +/- 36   3fold=82 (56%)   885s   ANOMALIES: 1   mean=0.517 LLR=+0.21 (game LLR=+0.19) [CONTINUE]
 147 games  +33 =87 -27   +14 Elo +/- 36   3fold=82 (56%)   885s   ANOMALIES: 1   mean=0.520 LLR=+0.21 (game LLR=+0.24) [CONTINUE]
 148 games  +33 =88 -27   +14 Elo +/- 36   3fold=83 (56%)   897s   ANOMALIES: 1   mean=0.520 LLR=+0.21 (game LLR=+0.24) [CONTINUE]
 149 games  +34 =88 -27   +16 Elo +/- 36   3fold=83 (56%)   898s   ANOMALIES: 1   mean=0.523 LLR=+0.21 (game LLR=+0.30) [CONTINUE]
 150 games  +34 =89 -27   +16 Elo +/- 36   3fold=84 (56%)   902s   ANOMALIES: 1   mean=0.523 LLR=+0.21 (game LLR=+0.30) [CONTINUE]
 151 games  +34 =90 -27   +16 Elo +/- 35   3fold=85 (56%)   911s   ANOMALIES: 1   mean=0.523 LLR=+0.21 (game LLR=+0.30) [CONTINUE]
 152 games  +34 =91 -27   +16 Elo +/- 35   3fold=86 (57%)   915s   ANOMALIES: 1   mean=0.523 LLR=+0.21 (game LLR=+0.30) [CONTINUE]
 153 games  +35 =91 -27   +18 Elo +/- 35   3fold=86 (56%)   918s   ANOMALIES: 1   mean=0.526 LLR=+0.27 (game LLR=+0.36) [CONTINUE]
 154 games  +35 =92 -27   +18 Elo +/- 35   3fold=87 (56%)   925s   ANOMALIES: 1   mean=0.526 LLR=+0.34 (game LLR=+0.36) [CONTINUE]
 155 games  +35 =93 -27   +18 Elo +/- 35   3fold=88 (57%)   925s   ANOMALIES: 1   mean=0.526 LLR=+0.34 (game LLR=+0.36) [CONTINUE]
 156 games  +36 =93 -27   +20 Elo +/- 35   3fold=88 (56%)   934s   ANOMALIES: 1   mean=0.529 LLR=+0.40 (game LLR=+0.41) [CONTINUE]
 157 games  +36 =94 -27   +20 Elo +/- 35   3fold=89 (57%)   939s   ANOMALIES: 1   mean=0.529 LLR=+0.46 (game LLR=+0.42) [CONTINUE]
 158 games  +36 =95 -27   +20 Elo +/- 34   3fold=90 (57%)   943s   ANOMALIES: 1   mean=0.528 LLR=+0.46 (game LLR=+0.42) [CONTINUE]
 159 games  +36 =96 -27   +20 Elo +/- 34   3fold=90 (57%)   949s   ANOMALIES: 1   mean=0.528 LLR=+0.46 (game LLR=+0.42) [CONTINUE]
 160 games  +36 =97 -27   +20 Elo +/- 34   3fold=91 (57%)   953s   ANOMALIES: 1   mean=0.528 LLR=+0.46 (game LLR=+0.42) [CONTINUE]
 161 games  +36 =98 -27   +19 Elo +/- 34   3fold=92 (57%)   953s   ANOMALIES: 1   mean=0.528 LLR=+0.46 (game LLR=+0.42) [CONTINUE]
 162 games  +36 =99 -27   +19 Elo +/- 33   3fold=93 (57%)   967s   ANOMALIES: 1   mean=0.528 LLR=+0.46 (game LLR=+0.43) [CONTINUE]
 163 games  +37 =99 -27   +21 Elo +/- 33   3fold=93 (57%)   969s   ANOMALIES: 1   mean=0.531 LLR=+0.47 (game LLR=+0.48) [CONTINUE]
 164 games  +38 =99 -27   +23 Elo +/- 34   3fold=93 (57%)   975s   ANOMALIES: 1   mean=0.534 LLR=+0.47 (game LLR=+0.54) [CONTINUE]
 165 games  +39 =99 -27   +25 Elo +/- 34   3fold=93 (56%)   980s   ANOMALIES: 1   mean=0.536 LLR=+0.53 (game LLR=+0.59) [CONTINUE]
 166 games  +39 =99 -28   +23 Elo +/- 34   3fold=93 (56%)   981s   ANOMALIES: 1   mean=0.533 LLR=+0.59 (game LLR=+0.52) [CONTINUE]
 167 games  +39 =99 -29   +21 Elo +/- 34   3fold=93 (56%)   983s   ANOMALIES: 1   mean=0.530 LLR=+0.52 (game LLR=+0.46) [CONTINUE]
 168 games  +39 =100 -29   +21 Elo +/- 34   3fold=94 (56%)   997s   ANOMALIES: 1   mean=0.530 LLR=+0.45 (game LLR=+0.46) [CONTINUE]
 169 games  +40 =100 -29   +23 Elo +/- 34   3fold=94 (56%)   999s   ANOMALIES: 1   mean=0.533 LLR=+0.51 (game LLR=+0.52) [CONTINUE]
 170 games  +40 =101 -29   +23 Elo +/- 33   3fold=95 (56%)   1004s   ANOMALIES: 1   mean=0.532 LLR=+0.51 (game LLR=+0.52) [CONTINUE]
 171 games  +40 =102 -29   +22 Elo +/- 33   3fold=96 (56%)   1005s   ANOMALIES: 1   mean=0.532 LLR=+0.51 (game LLR=+0.52) [CONTINUE]
 172 games  +41 =102 -29   +24 Elo +/- 33   3fold=96 (56%)   1012s   ANOMALIES: 1   mean=0.535 LLR=+0.51 (game LLR=+0.57) [CONTINUE]
 173 games  +41 =103 -29   +24 Elo +/- 33   3fold=97 (56%)   1013s   ANOMALIES: 1   mean=0.535 LLR=+0.51 (game LLR=+0.58) [CONTINUE]
 174 games  +42 =103 -29   +26 Elo +/- 33   3fold=97 (56%)   1028s   ANOMALIES: 1   mean=0.537 LLR=+0.51 (game LLR=+0.63) [CONTINUE]
 175 games  +42 =104 -29   +26 Elo +/- 33   3fold=98 (56%)   1035s   ANOMALIES: 1   mean=0.537 LLR=+0.51 (game LLR=+0.63) [CONTINUE]
 176 games  +42 =104 -30   +24 Elo +/- 33   3fold=98 (56%)   1035s   ANOMALIES: 1   mean=0.534 LLR=+0.52 (game LLR=+0.57) [CONTINUE]
 177 games  +42 =105 -30   +24 Elo +/- 33   3fold=99 (56%)   1039s   ANOMALIES: 1   mean=0.534 LLR=+0.52 (game LLR=+0.57) [CONTINUE]
 178 games  +42 =105 -31   +21 Elo +/- 33   3fold=99 (56%)   1040s   ANOMALIES: 1   mean=0.531 LLR=+0.53 (game LLR=+0.51) [CONTINUE]
 179 games  +42 =106 -31   +21 Elo +/- 33   3fold=100 (56%)   1043s   ANOMALIES: 1   mean=0.531 LLR=+0.46 (game LLR=+0.51) [CONTINUE]
 180 games  +42 =106 -32   +19 Elo +/- 33   3fold=100 (56%)   1055s   ANOMALIES: 1   mean=0.528 LLR=+0.52 (game LLR=+0.45) [CONTINUE]
 181 games  +42 =107 -32   +19 Elo +/- 32   3fold=101 (56%)   1060s   ANOMALIES: 1   mean=0.528 LLR=+0.52 (game LLR=+0.45) [CONTINUE]
 182 games  +42 =107 -33   +17 Elo +/- 32   3fold=101 (55%)   1062s   ANOMALIES: 1   mean=0.525 LLR=+0.52 (game LLR=+0.39) [CONTINUE]
 183 games  +43 =107 -33   +19 Elo +/- 33   3fold=101 (55%)   1065s   ANOMALIES: 1   mean=0.527 LLR=+0.52 (game LLR=+0.44) [CONTINUE]
 184 games  +44 =107 -33   +21 Elo +/- 33   3fold=101 (55%)   1072s   ANOMALIES: 1   mean=0.530 LLR=+0.52 (game LLR=+0.49) [CONTINUE]
 185 games  +44 =108 -33   +21 Elo +/- 32   3fold=102 (55%)   1076s   ANOMALIES: 1   mean=0.530 LLR=+0.52 (game LLR=+0.49) [CONTINUE]
 186 games  +45 =108 -33   +22 Elo +/- 32   3fold=102 (55%)   1082s   ANOMALIES: 1   mean=0.532 LLR=+0.52 (game LLR=+0.55) [CONTINUE]
 187 games  +45 =109 -33   +22 Elo +/- 32   3fold=103 (55%)   1092s   ANOMALIES: 1   mean=0.532 LLR=+0.52 (game LLR=+0.55) [CONTINUE]
 188 games  +46 =109 -33   +24 Elo +/- 32   3fold=103 (55%)   1094s   ANOMALIES: 1   mean=0.535 LLR=+0.53 (game LLR=+0.60) [CONTINUE]
 189 games  +47 =109 -33   +26 Elo +/- 32   3fold=103 (54%)   1095s   ANOMALIES: 1   mean=0.537 LLR=+0.63 (game LLR=+0.65) [CONTINUE]
 190 games  +47 =110 -33   +26 Elo +/- 32   3fold=104 (55%)   1103s   ANOMALIES: 1   mean=0.537 LLR=+0.64 (game LLR=+0.65) [CONTINUE]
 191 games  +48 =110 -33   +27 Elo +/- 32   3fold=104 (54%)   1113s   ANOMALIES: 1   mean=0.539 LLR=+0.64 (game LLR=+0.71) [CONTINUE]
 192 games  +48 =111 -33   +27 Elo +/- 32   3fold=105 (55%)   1114s   ANOMALIES: 1   mean=0.539 LLR=+0.74 (game LLR=+0.71) [CONTINUE]
 193 games  +48 =112 -33   +27 Elo +/- 32   3fold=106 (55%)   1115s   ANOMALIES: 1   mean=0.539 LLR=+0.80 (game LLR=+0.71) [CONTINUE]
 194 games  +48 =112 -34   +25 Elo +/- 32   3fold=106 (55%)   1123s   ANOMALIES: 1   mean=0.536 LLR=+0.80 (game LLR=+0.65) [CONTINUE]
 195 games  +49 =112 -34   +27 Elo +/- 32   3fold=106 (54%)   1123s   ANOMALIES: 1   mean=0.538 LLR=+0.80 (game LLR=+0.70) [CONTINUE]
 196 games  +49 =113 -34   +27 Elo +/- 32   3fold=107 (55%)   1134s   ANOMALIES: 1   mean=0.538 LLR=+0.80 (game LLR=+0.70) [CONTINUE]
 197 games  +50 =113 -34   +28 Elo +/- 32   3fold=107 (54%)   1141s   ANOMALIES: 1   mean=0.541 LLR=+0.80 (game LLR=+0.75) [CONTINUE]
 198 games  +50 =114 -34   +28 Elo +/- 32   3fold=108 (55%)   1145s   ANOMALIES: 1   mean=0.540 LLR=+0.80 (game LLR=+0.76) [CONTINUE]
 199 games  +50 =115 -34   +28 Elo +/- 31   3fold=109 (55%)   1149s   ANOMALIES: 1   mean=0.540 LLR=+0.80 (game LLR=+0.76) [CONTINUE]
 200 games  +50 =115 -35   +26 Elo +/- 31   3fold=109 (54%)   1155s   ANOMALIES: 1   mean=0.537 LLR=+0.81 (game LLR=+0.70) [CONTINUE]
 201 games  +51 =115 -35   +28 Elo +/- 31   3fold=109 (54%)   1157s   ANOMALIES: 1   mean=0.540 LLR=+0.64 (game LLR=+0.75) [CONTINUE]
 202 games  +51 =116 -35   +28 Elo +/- 31   3fold=110 (54%)   1167s   ANOMALIES: 1   mean=0.540 LLR=+0.74 (game LLR=+0.75) [CONTINUE]
 203 games  +51 =116 -36   +26 Elo +/- 31   3fold=110 (54%)   1173s   ANOMALIES: 1   mean=0.537 LLR=+0.74 (game LLR=+0.69) [CONTINUE]
 204 games  +51 =117 -36   +26 Elo +/- 31   3fold=111 (54%)   1175s   ANOMALIES: 1   mean=0.537 LLR=+0.75 (game LLR=+0.69) [CONTINUE]
 205 games  +52 =117 -36   +27 Elo +/- 31   3fold=111 (54%)   1182s   ANOMALIES: 1   mean=0.539 LLR=+0.75 (game LLR=+0.74) [CONTINUE]
 206 games  +53 =117 -36   +29 Elo +/- 31   3fold=111 (54%)   1185s   ANOMALIES: 1   mean=0.541 LLR=+0.75 (game LLR=+0.79) [CONTINUE]
 207 games  +53 =118 -36   +29 Elo +/- 31   3fold=112 (54%)   1186s   ANOMALIES: 1   mean=0.541 LLR=+0.75 (game LLR=+0.80) [CONTINUE]
 208 games  +53 =119 -36   +28 Elo +/- 31   3fold=113 (54%)   1197s   ANOMALIES: 1   mean=0.541 LLR=+0.75 (game LLR=+0.80) [CONTINUE]
 209 games  +53 =120 -36   +28 Elo +/- 31   3fold=114 (55%)   1202s   ANOMALIES: 1   mean=0.541 LLR=+0.75 (game LLR=+0.80) [CONTINUE]
 210 games  +53 =121 -36   +28 Elo +/- 31   3fold=115 (55%)   1208s   ANOMALIES: 1   mean=0.540 LLR=+0.75 (game LLR=+0.80) [CONTINUE]
 211 games  +54 =121 -36   +30 Elo +/- 31   3fold=115 (55%)   1214s   ANOMALIES: 1   mean=0.543 LLR=+0.75 (game LLR=+0.86) [CONTINUE]
 212 games  +54 =122 -36   +30 Elo +/- 31   3fold=116 (55%)   1219s   ANOMALIES: 1   mean=0.542 LLR=+0.84 (game LLR=+0.86) [CONTINUE]
 213 games  +55 =122 -36   +31 Elo +/- 31   3fold=116 (54%)   1220s   ANOMALIES: 1   mean=0.545 LLR=+0.85 (game LLR=+0.91) [CONTINUE]
 214 games  +55 =123 -36   +31 Elo +/- 30   3fold=117 (55%)   1228s   ANOMALIES: 1   mean=0.544 LLR=+0.94 (game LLR=+0.91) [CONTINUE]
 215 games  +55 =124 -36   +31 Elo +/- 30   3fold=118 (55%)   1233s   ANOMALIES: 1   mean=0.544 LLR=+0.94 (game LLR=+0.92) [CONTINUE]
 216 games  +55 =124 -37   +29 Elo +/- 30   3fold=118 (55%)   1240s   ANOMALIES: 1   mean=0.542 LLR=+0.95 (game LLR=+0.85) [CONTINUE]
 217 games  +56 =124 -37   +30 Elo +/- 30   3fold=118 (54%)   1243s   ANOMALIES: 1   mean=0.544 LLR=+0.89 (game LLR=+0.90) [CONTINUE]
 218 games  +57 =124 -37   +32 Elo +/- 30   3fold=118 (54%)   1249s   ANOMALIES: 1   mean=0.546 LLR=+0.89 (game LLR=+0.95) [CONTINUE]
 219 games  +58 =124 -37   +33 Elo +/- 30   3fold=118 (54%)   1249s   ANOMALIES: 1   mean=0.548 LLR=+0.89 (game LLR=+1.00) [CONTINUE]
 220 games  +58 =124 -38   +32 Elo +/- 30   3fold=118 (54%)   1259s   ANOMALIES: 1   mean=0.545 LLR=+0.89 (game LLR=+0.94) [CONTINUE]
 221 games  +58 =125 -38   +32 Elo +/- 30   3fold=119 (54%)   1267s   ANOMALIES: 1   mean=0.545 LLR=+0.89 (game LLR=+0.94) [CONTINUE]
 222 games  +58 =126 -38   +31 Elo +/- 30   3fold=120 (54%)   1271s   ANOMALIES: 1   mean=0.545 LLR=+0.89 (game LLR=+0.95) [CONTINUE]
 223 games  +58 =127 -38   +31 Elo +/- 30   3fold=121 (54%)   1273s   ANOMALIES: 1   mean=0.545 LLR=+0.94 (game LLR=+0.95) [CONTINUE]
 224 games  +58 =128 -38   +31 Elo +/- 30   3fold=122 (54%)   1275s   ANOMALIES: 1   mean=0.545 LLR=+0.94 (game LLR=+0.95) [CONTINUE]
 225 games  +58 =129 -38   +31 Elo +/- 30   3fold=123 (55%)   1278s   ANOMALIES: 1   mean=0.544 LLR=+1.00 (game LLR=+0.96) [CONTINUE]
 226 games  +58 =129 -39   +29 Elo +/- 30   3fold=123 (54%)   1294s   ANOMALIES: 1   mean=0.542 LLR=+1.06 (game LLR=+0.89) [CONTINUE]
 227 games  +58 =130 -39   +29 Elo +/- 30   3fold=124 (55%)   1295s   ANOMALIES: 1   mean=0.542 LLR=+0.90 (game LLR=+0.90) [CONTINUE]
 228 games  +59 =130 -39   +31 Elo +/- 30   3fold=124 (54%)   1302s   ANOMALIES: 1   mean=0.544 LLR=+0.91 (game LLR=+0.95) [CONTINUE]
 229 games  +59 =131 -39   +30 Elo +/- 29   3fold=125 (55%)   1304s   ANOMALIES: 1   mean=0.544 LLR=+0.91 (game LLR=+0.95) [CONTINUE]
 230 games  +59 =132 -39   +30 Elo +/- 29   3fold=126 (55%)   1306s   ANOMALIES: 1   mean=0.543 LLR=+0.92 (game LLR=+0.95) [CONTINUE]
 231 games  +59 =133 -39   +30 Elo +/- 29   3fold=127 (55%)   1312s   ANOMALIES: 1   mean=0.543 LLR=+0.92 (game LLR=+0.96) [CONTINUE]
 232 games  +59 =134 -39   +30 Elo +/- 29   3fold=128 (55%)   1313s   ANOMALIES: 1   mean=0.543 LLR=+0.92 (game LLR=+0.96) [CONTINUE]
 233 games  +59 =134 -40   +28 Elo +/- 29   3fold=128 (55%)   1330s   ANOMALIES: 1   mean=0.541 LLR=+0.92 (game LLR=+0.90) [CONTINUE]
 234 games  +59 =135 -40   +28 Elo +/- 29   3fold=129 (55%)   1331s   ANOMALIES: 1   mean=0.541 LLR=+0.92 (game LLR=+0.90) [CONTINUE]
 235 games  +59 =136 -40   +28 Elo +/- 29   3fold=130 (55%)   1331s   ANOMALIES: 1   mean=0.540 LLR=+0.92 (game LLR=+0.90) [CONTINUE]
 236 games  +59 =137 -40   +28 Elo +/- 29   3fold=131 (56%)   1336s   ANOMALIES: 1   mean=0.540 LLR=+0.92 (game LLR=+0.91) [CONTINUE]
 237 games  +59 =138 -40   +28 Elo +/- 29   3fold=132 (56%)   1340s   ANOMALIES: 1   mean=0.540 LLR=+0.93 (game LLR=+0.91) [CONTINUE]
 238 games  +59 =139 -40   +28 Elo +/- 28   3fold=133 (56%)   1345s   ANOMALIES: 1   mean=0.540 LLR=+0.94 (game LLR=+0.91) [CONTINUE]
 239 games  +59 =140 -40   +28 Elo +/- 28   3fold=134 (56%)   1358s   ANOMALIES: 1   mean=0.540 LLR=+0.94 (game LLR=+0.92) [CONTINUE]
 240 games  +60 =140 -40   +29 Elo +/- 28   3fold=134 (56%)   1359s   ANOMALIES: 1   mean=0.542 LLR=+0.94 (game LLR=+0.97) [CONTINUE]
 241 games  +60 =141 -40   +29 Elo +/- 28   3fold=135 (56%)   1362s   ANOMALIES: 1   mean=0.541 LLR=+1.00 (game LLR=+0.97) [CONTINUE]
 242 games  +60 =141 -41   +27 Elo +/- 28   3fold=135 (56%)   1362s   ANOMALIES: 1   mean=0.539 LLR=+1.00 (game LLR=+0.91) [CONTINUE]
 243 games  +60 =142 -41   +27 Elo +/- 28   3fold=136 (56%)   1369s   ANOMALIES: 1   mean=0.539 LLR=+0.93 (game LLR=+0.91) [CONTINUE]
 244 games  +60 =143 -41   +27 Elo +/- 28   3fold=137 (56%)   1373s   ANOMALIES: 1   mean=0.539 LLR=+0.93 (game LLR=+0.91) [CONTINUE]
 245 games  +60 =144 -41   +27 Elo +/- 28   3fold=138 (56%)   1384s   ANOMALIES: 1   mean=0.539 LLR=+0.93 (game LLR=+0.92) [CONTINUE]
 246 games  +60 =145 -41   +27 Elo +/- 28   3fold=139 (57%)   1390s   ANOMALIES: 1   mean=0.539 LLR=+0.93 (game LLR=+0.92) [CONTINUE]
 247 games  +60 =145 -42   +25 Elo +/- 28   3fold=139 (56%)   1390s   ANOMALIES: 1   mean=0.536 LLR=+0.93 (game LLR=+0.86) [CONTINUE]
 248 games  +60 =146 -42   +25 Elo +/- 28   3fold=140 (56%)   1392s   ANOMALIES: 1   mean=0.536 LLR=+0.87 (game LLR=+0.86) [CONTINUE]
 249 games  +61 =146 -42   +27 Elo +/- 28   3fold=140 (56%)   1400s   ANOMALIES: 1   mean=0.538 LLR=+0.88 (game LLR=+0.91) [CONTINUE]
 250 games  +61 =146 -43   +25 Elo +/- 28   3fold=140 (56%)   1404s   ANOMALIES: 1   mean=0.536 LLR=+0.93 (game LLR=+0.85) [CONTINUE]
 251 games  +61 =146 -44   +24 Elo +/- 28   3fold=140 (56%)   1417s   ANOMALIES: 1   mean=0.534 LLR=+0.87 (game LLR=+0.79) [CONTINUE]
 252 games  +62 =146 -44   +25 Elo +/- 28   3fold=140 (56%)   1420s   ANOMALIES: 1   mean=0.536 LLR=+0.87 (game LLR=+0.84) [CONTINUE]
 253 games  +62 =146 -45   +23 Elo +/- 28   3fold=140 (55%)   1420s   ANOMALIES: 1   mean=0.534 LLR=+0.93 (game LLR=+0.78) [CONTINUE]
 254 games  +62 =147 -45   +23 Elo +/- 28   3fold=141 (56%)   1427s   ANOMALIES: 1   mean=0.533 LLR=+0.93 (game LLR=+0.78) [CONTINUE]
 255 games  +62 =147 -46   +22 Elo +/- 28   3fold=141 (55%)   1431s   ANOMALIES: 1   mean=0.531 LLR=+0.93 (game LLR=+0.72) [CONTINUE]
 256 games  +62 =147 -47   +20 Elo +/- 28   3fold=141 (55%)   1436s   ANOMALIES: 1   mean=0.529 LLR=+0.93 (game LLR=+0.66) [CONTINUE]
 257 games  +62 =148 -47   +20 Elo +/- 28   3fold=142 (55%)   1448s   ANOMALIES: 1   mean=0.529 LLR=+0.93 (game LLR=+0.66) [CONTINUE]
 258 games  +63 =148 -47   +22 Elo +/- 28   3fold=142 (55%)   1449s   ANOMALIES: 1   mean=0.531 LLR=+0.87 (game LLR=+0.71) [CONTINUE]
 259 games  +64 =148 -47   +23 Elo +/- 28   3fold=142 (55%)   1453s   ANOMALIES: 1   mean=0.533 LLR=+0.87 (game LLR=+0.76) [CONTINUE]
 260 games  +64 =149 -47   +23 Elo +/- 28   3fold=143 (55%)   1459s   ANOMALIES: 1   mean=0.533 LLR=+0.87 (game LLR=+0.76) [CONTINUE]
 261 games  +64 =150 -47   +23 Elo +/- 28   3fold=144 (55%)   1460s   ANOMALIES: 1   mean=0.533 LLR=+0.87 (game LLR=+0.77) [CONTINUE]
 262 games  +65 =150 -47   +24 Elo +/- 28   3fold=144 (55%)   1464s   ANOMALIES: 1   mean=0.534 LLR=+0.81 (game LLR=+0.82) [CONTINUE]
 263 games  +65 =151 -47   +24 Elo +/- 27   3fold=145 (55%)   1480s   ANOMALIES: 1   mean=0.534 LLR=+0.82 (game LLR=+0.82) [CONTINUE]
 264 games  +65 =152 -47   +24 Elo +/- 27   3fold=146 (55%)   1481s   ANOMALIES: 1   mean=0.534 LLR=+0.82 (game LLR=+0.82) [CONTINUE]
 265 games  +66 =152 -47   +25 Elo +/- 27   3fold=146 (55%)   1484s   ANOMALIES: 1   mean=0.536 LLR=+0.82 (game LLR=+0.87) [CONTINUE]
 266 games  +66 =153 -47   +25 Elo +/- 27   3fold=147 (55%)   1486s   ANOMALIES: 1   mean=0.536 LLR=+0.91 (game LLR=+0.87) [CONTINUE]
 267 games  +66 =154 -47   +25 Elo +/- 27   3fold=148 (55%)   1489s   ANOMALIES: 1   mean=0.536 LLR=+0.91 (game LLR=+0.88) [CONTINUE]
 268 games  +67 =154 -47   +26 Elo +/- 27   3fold=148 (55%)   1500s   ANOMALIES: 1   mean=0.537 LLR=+0.91 (game LLR=+0.93) [CONTINUE]
 269 games  +67 =154 -48   +25 Elo +/- 27   3fold=148 (55%)   1505s   ANOMALIES: 1   mean=0.535 LLR=+0.91 (game LLR=+0.87) [CONTINUE]
 270 games  +67 =154 -49   +23 Elo +/- 27   3fold=148 (55%)   1512s   ANOMALIES: 1   mean=0.533 LLR=+0.85 (game LLR=+0.81) [CONTINUE]
 271 games  +67 =155 -49   +23 Elo +/- 27   3fold=149 (55%)   1512s   ANOMALIES: 1   mean=0.533 LLR=+0.79 (game LLR=+0.81) [CONTINUE]
 272 games  +67 =156 -49   +23 Elo +/- 27   3fold=150 (55%)   1515s   ANOMALIES: 1   mean=0.533 LLR=+0.79 (game LLR=+0.81) [CONTINUE]
 273 games  +67 =157 -49   +23 Elo +/- 27   3fold=151 (55%)   1529s   ANOMALIES: 1   mean=0.533 LLR=+0.79 (game LLR=+0.81) [CONTINUE]
 274 games  +67 =158 -49   +23 Elo +/- 27   3fold=151 (55%)   1533s   ANOMALIES: 1   mean=0.533 LLR=+0.85 (game LLR=+0.82) [CONTINUE]
 275 games  +67 =159 -49   +23 Elo +/- 27   3fold=152 (55%)   1535s   ANOMALIES: 1   mean=0.533 LLR=+0.85 (game LLR=+0.82) [CONTINUE]
 276 games  +67 =160 -49   +23 Elo +/- 27   3fold=153 (55%)   1541s   ANOMALIES: 1   mean=0.533 LLR=+0.85 (game LLR=+0.82) [CONTINUE]
 277 games  +67 =161 -49   +23 Elo +/- 27   3fold=154 (56%)   1546s   ANOMALIES: 1   mean=0.532 LLR=+0.85 (game LLR=+0.82) [CONTINUE]
 278 games  +67 =161 -50   +21 Elo +/- 27   3fold=154 (55%)   1548s   ANOMALIES: 1   mean=0.531 LLR=+0.85 (game LLR=+0.76) [CONTINUE]
 279 games  +67 =162 -50   +21 Elo +/- 26   3fold=155 (56%)   1560s   ANOMALIES: 1   mean=0.530 LLR=+0.85 (game LLR=+0.76) [CONTINUE]
 280 games  +67 =163 -50   +21 Elo +/- 26   3fold=156 (56%)   1564s   ANOMALIES: 1   mean=0.530 LLR=+0.85 (game LLR=+0.77) [CONTINUE]
 281 games  +67 =163 -51   +20 Elo +/- 26   3fold=156 (56%)   1569s   ANOMALIES: 1   mean=0.528 LLR=+0.86 (game LLR=+0.71) [CONTINUE]
 282 games  +67 =164 -51   +20 Elo +/- 26   3fold=157 (56%)   1569s   ANOMALIES: 1   mean=0.528 LLR=+0.80 (game LLR=+0.71) [CONTINUE]
 283 games  +67 =165 -51   +20 Elo +/- 26   3fold=158 (56%)   1570s   ANOMALIES: 1   mean=0.528 LLR=+0.80 (game LLR=+0.71) [CONTINUE]
 284 games  +68 =165 -51   +21 Elo +/- 26   3fold=158 (56%)   1583s   ANOMALIES: 1   mean=0.530 LLR=+0.80 (game LLR=+0.76) [CONTINUE]
 285 games  +68 =165 -52   +20 Elo +/- 26   3fold=158 (55%)   1589s   ANOMALIES: 1   mean=0.528 LLR=+0.80 (game LLR=+0.70) [CONTINUE]
 286 games  +69 =165 -52   +21 Elo +/- 26   3fold=158 (55%)   1592s   ANOMALIES: 1   mean=0.530 LLR=+0.74 (game LLR=+0.75) [CONTINUE]
 287 games  +70 =165 -52   +22 Elo +/- 26   3fold=158 (55%)   1593s   ANOMALIES: 1   mean=0.531 LLR=+0.74 (game LLR=+0.80) [CONTINUE]
 288 games  +70 =166 -52   +22 Elo +/- 26   3fold=159 (55%)   1596s   ANOMALIES: 1   mean=0.531 LLR=+0.80 (game LLR=+0.81) [CONTINUE]
 289 games  +70 =167 -52   +22 Elo +/- 26   3fold=160 (55%)   1599s   ANOMALIES: 1   mean=0.531 LLR=+0.80 (game LLR=+0.81) [CONTINUE]
 290 games  +71 =167 -52   +23 Elo +/- 26   3fold=160 (55%)   1610s   ANOMALIES: 1   mean=0.533 LLR=+0.80 (game LLR=+0.86) [CONTINUE]
 291 games  +71 =168 -52   +23 Elo +/- 26   3fold=161 (55%)   1622s   ANOMALIES: 1   mean=0.533 LLR=+0.80 (game LLR=+0.86) [CONTINUE]
 292 games  +71 =169 -52   +23 Elo +/- 26   3fold=162 (55%)   1622s   ANOMALIES: 1   mean=0.533 LLR=+0.86 (game LLR=+0.86) [CONTINUE]
 293 games  +71 =170 -52   +23 Elo +/- 26   3fold=163 (56%)   1624s   ANOMALIES: 1   mean=0.532 LLR=+0.86 (game LLR=+0.87) [CONTINUE]
 294 games  +71 =171 -52   +22 Elo +/- 26   3fold=164 (56%)   1626s   ANOMALIES: 1   mean=0.532 LLR=+0.86 (game LLR=+0.87) [CONTINUE]
 295 games  +72 =171 -52   +24 Elo +/- 26   3fold=164 (56%)   1627s   ANOMALIES: 1   mean=0.534 LLR=+0.86 (game LLR=+0.92) [CONTINUE]
 296 games  +73 =171 -52   +25 Elo +/- 26   3fold=164 (55%)   1640s   ANOMALIES: 1   mean=0.535 LLR=+0.92 (game LLR=+0.97) [CONTINUE]
 297 games  +73 =171 -53   +23 Elo +/- 26   3fold=164 (55%)   1647s   ANOMALIES: 1   mean=0.534 LLR=+1.01 (game LLR=+0.91) [CONTINUE]
 298 games  +73 =172 -53   +23 Elo +/- 26   3fold=165 (55%)   1650s   ANOMALIES: 1   mean=0.534 LLR=+0.95 (game LLR=+0.91) [CONTINUE]
 299 games  +73 =172 -54   +22 Elo +/- 26   3fold=165 (55%)   1654s   ANOMALIES: 1   mean=0.532 LLR=+0.95 (game LLR=+0.85) [CONTINUE]
 300 games  +73 =173 -54   +22 Elo +/- 26   3fold=165 (55%)   1658s   ANOMALIES: 1   mean=0.532 LLR=+0.89 (game LLR=+0.85) [CONTINUE]
 301 games  +73 =174 -54   +22 Elo +/- 26   3fold=166 (55%)   1660s   ANOMALIES: 1   mean=0.532 LLR=+0.89 (game LLR=+0.86) [CONTINUE]
 302 games  +73 =174 -55   +21 Elo +/- 26   3fold=166 (55%)   1670s   ANOMALIES: 1   mean=0.530 LLR=+0.89 (game LLR=+0.80) [CONTINUE]
 303 games  +73 =175 -55   +21 Elo +/- 25   3fold=167 (55%)   1677s   ANOMALIES: 1   mean=0.530 LLR=+0.89 (game LLR=+0.80) [CONTINUE]
 304 games  +73 =176 -55   +21 Elo +/- 25   3fold=168 (55%)   1681s   ANOMALIES: 1   mean=0.530 LLR=+0.89 (game LLR=+0.80) [CONTINUE]
 305 games  +73 =177 -55   +21 Elo +/- 25   3fold=169 (55%)   1681s   ANOMALIES: 1   mean=0.530 LLR=+0.89 (game LLR=+0.80) [CONTINUE]
 306 games  +73 =178 -55   +20 Elo +/- 25   3fold=170 (56%)   1688s   ANOMALIES: 1   mean=0.529 LLR=+0.89 (game LLR=+0.80) [CONTINUE]
 307 games  +73 =179 -55   +20 Elo +/- 25   3fold=171 (56%)   1690s   ANOMALIES: 1   mean=0.529 LLR=+0.89 (game LLR=+0.81) [CONTINUE]
 308 games  +73 =180 -55   +20 Elo +/- 25   3fold=172 (56%)   1700s   ANOMALIES: 1   mean=0.529 LLR=+0.90 (game LLR=+0.81) [CONTINUE]
 309 games  +73 =181 -55   +20 Elo +/- 25   3fold=173 (56%)   1706s   ANOMALIES: 1   mean=0.529 LLR=+0.84 (game LLR=+0.81) [CONTINUE]
 310 games  +73 =181 -56   +19 Elo +/- 25   3fold=173 (56%)   1709s   ANOMALIES: 1   mean=0.527 LLR=+0.84 (game LLR=+0.75) [CONTINUE]
 311 games  +73 =182 -56   +19 Elo +/- 25   3fold=174 (56%)   1713s   ANOMALIES: 1   mean=0.527 LLR=+0.78 (game LLR=+0.75) [CONTINUE]
 312 games  +73 =182 -57   +18 Elo +/- 25   3fold=174 (56%)   1718s   ANOMALIES: 1   mean=0.526 LLR=+0.78 (game LLR=+0.69) [CONTINUE]
 313 games  +73 =183 -57   +18 Elo +/- 25   3fold=175 (56%)   1719s   ANOMALIES: 1   mean=0.526 LLR=+0.78 (game LLR=+0.69) [CONTINUE]
 314 games  +73 =184 -57   +18 Elo +/- 25   3fold=176 (56%)   1727s   ANOMALIES: 1   mean=0.525 LLR=+0.78 (game LLR=+0.69) [CONTINUE]
 315 games  +73 =185 -57   +18 Elo +/- 25   3fold=177 (56%)   1733s   ANOMALIES: 1   mean=0.525 LLR=+0.78 (game LLR=+0.69) [CONTINUE]
 316 games  +74 =185 -57   +19 Elo +/- 25   3fold=177 (56%)   1740s   ANOMALIES: 1   mean=0.527 LLR=+0.78 (game LLR=+0.75) [CONTINUE]
 317 games  +74 =186 -57   +19 Elo +/- 25   3fold=178 (56%)   1743s   ANOMALIES: 1   mean=0.527 LLR=+0.78 (game LLR=+0.75) [CONTINUE]
 318 games  +75 =186 -57   +20 Elo +/- 25   3fold=178 (56%)   1746s   ANOMALIES: 1   mean=0.528 LLR=+0.72 (game LLR=+0.80) [CONTINUE]
 319 games  +75 =186 -58   +19 Elo +/- 25   3fold=178 (56%)   1748s   ANOMALIES: 1   mean=0.527 LLR=+0.77 (game LLR=+0.74) [CONTINUE]
 320 games  +75 =186 -59   +17 Elo +/- 25   3fold=178 (56%)   1759s   ANOMALIES: 1   mean=0.525 LLR=+0.71 (game LLR=+0.68) [CONTINUE]
 321 games  +75 =187 -59   +17 Elo +/- 25   3fold=179 (56%)   1769s   ANOMALIES: 1   mean=0.525 LLR=+0.65 (game LLR=+0.68) [CONTINUE]
 322 games  +75 =187 -60   +16 Elo +/- 25   3fold=179 (56%)   1771s   ANOMALIES: 1   mean=0.523 LLR=+0.71 (game LLR=+0.62) [CONTINUE]
 323 games  +75 =187 -61   +15 Elo +/- 25   3fold=179 (55%)   1773s   ANOMALIES: 1   mean=0.522 LLR=+0.65 (game LLR=+0.56) [CONTINUE]
 324 games  +75 =188 -61   +15 Elo +/- 25   3fold=180 (56%)   1777s   ANOMALIES: 1   mean=0.522 LLR=+0.65 (game LLR=+0.57) [CONTINUE]
 325 games  +76 =188 -61   +16 Elo +/- 25   3fold=180 (55%)   1780s   ANOMALIES: 1   mean=0.523 LLR=+0.65 (game LLR=+0.62) [CONTINUE]
 326 games  +76 =189 -61   +16 Elo +/- 24   3fold=181 (56%)   1788s   ANOMALIES: 1   mean=0.523 LLR=+0.65 (game LLR=+0.62) [CONTINUE]
 327 games  +76 =190 -61   +16 Elo +/- 24   3fold=182 (56%)   1799s   ANOMALIES: 1   mean=0.523 LLR=+0.65 (game LLR=+0.62) [CONTINUE]
 328 games  +76 =191 -61   +16 Elo +/- 24   3fold=183 (56%)   1799s   ANOMALIES: 1   mean=0.523 LLR=+0.65 (game LLR=+0.62) [CONTINUE]
 329 games  +76 =191 -62   +15 Elo +/- 24   3fold=183 (56%)   1802s   ANOMALIES: 1   mean=0.521 LLR=+0.59 (game LLR=+0.56) [CONTINUE]
 330 games  +77 =191 -62   +16 Elo +/- 24   3fold=183 (55%)   1805s   ANOMALIES: 1   mean=0.523 LLR=+0.59 (game LLR=+0.62) [CONTINUE]
 331 games  +77 =192 -62   +16 Elo +/- 24   3fold=184 (56%)   1811s   ANOMALIES: 1   mean=0.523 LLR=+0.68 (game LLR=+0.62) [CONTINUE]
 332 games  +77 =193 -62   +16 Elo +/- 24   3fold=185 (56%)   1817s   ANOMALIES: 1   mean=0.523 LLR=+0.69 (game LLR=+0.62) [CONTINUE]
 333 games  +77 =194 -62   +16 Elo +/- 24   3fold=186 (56%)   1826s   ANOMALIES: 1   mean=0.523 LLR=+0.69 (game LLR=+0.62) [CONTINUE]
 334 games  +77 =195 -62   +16 Elo +/- 24   3fold=187 (56%)   1829s   ANOMALIES: 1   mean=0.522 LLR=+0.69 (game LLR=+0.62) [CONTINUE]
 335 games  +77 =195 -63   +15 Elo +/- 24   3fold=187 (56%)   1835s   ANOMALIES: 1   mean=0.521 LLR=+0.69 (game LLR=+0.56) [CONTINUE]
 336 games  +77 =195 -64   +13 Elo +/- 24   3fold=187 (56%)   1840s   ANOMALIES: 1   mean=0.519 LLR=+0.69 (game LLR=+0.50) [CONTINUE]
 337 games  +77 =196 -64   +13 Elo +/- 24   3fold=188 (56%)   1842s   ANOMALIES: 1   mean=0.519 LLR=+0.69 (game LLR=+0.50) [CONTINUE]
 338 games  +77 =197 -64   +13 Elo +/- 24   3fold=189 (56%)   1844s   ANOMALIES: 1   mean=0.519 LLR=+0.69 (game LLR=+0.50) [CONTINUE]
 339 games  +77 =197 -65   +12 Elo +/- 24   3fold=189 (56%)   1858s   ANOMALIES: 1   mean=0.518 LLR=+0.63 (game LLR=+0.45) [CONTINUE]
 340 games  +77 =198 -65   +12 Elo +/- 24   3fold=190 (56%)   1858s   ANOMALIES: 1   mean=0.518 LLR=+0.57 (game LLR=+0.45) [CONTINUE]
 341 games  +77 =199 -65   +12 Elo +/- 24   3fold=191 (56%)   1866s   ANOMALIES: 1   mean=0.518 LLR=+0.57 (game LLR=+0.45) [CONTINUE]
 342 games  +78 =199 -65   +13 Elo +/- 24   3fold=191 (56%)   1866s   ANOMALIES: 1   mean=0.519 LLR=+0.51 (game LLR=+0.50) [CONTINUE]
 343 games  +78 =200 -65   +13 Elo +/- 24   3fold=192 (56%)   1874s   ANOMALIES: 1   mean=0.519 LLR=+0.57 (game LLR=+0.50) [CONTINUE]
 344 games  +78 =200 -66   +12 Elo +/- 24   3fold=192 (56%)   1875s   ANOMALIES: 1   mean=0.517 LLR=+0.51 (game LLR=+0.44) [CONTINUE]
 345 games  +78 =201 -66   +12 Elo +/- 24   3fold=193 (56%)   1886s   ANOMALIES: 1   mean=0.517 LLR=+0.51 (game LLR=+0.44) [CONTINUE]
 346 games  +78 =202 -66   +12 Elo +/- 24   3fold=194 (56%)   1892s   ANOMALIES: 1   mean=0.517 LLR=+0.51 (game LLR=+0.44) [CONTINUE]
 347 games  +78 =203 -66   +12 Elo +/- 24   3fold=195 (56%)   1896s   ANOMALIES: 1   mean=0.517 LLR=+0.51 (game LLR=+0.45) [CONTINUE]
 348 games  +78 =204 -66   +12 Elo +/- 24   3fold=196 (56%)   1896s   ANOMALIES: 1   mean=0.517 LLR=+0.51 (game LLR=+0.45) [CONTINUE]
 349 games  +78 =205 -66   +12 Elo +/- 23   3fold=197 (56%)   1899s   ANOMALIES: 1   mean=0.517 LLR=+0.51 (game LLR=+0.45) [CONTINUE]
 350 games  +78 =205 -67   +11 Elo +/- 23   3fold=197 (56%)   1908s   ANOMALIES: 1   mean=0.516 LLR=+0.51 (game LLR=+0.39) [CONTINUE]
 351 games  +78 =205 -68   +10 Elo +/- 23   3fold=197 (56%)   1919s   ANOMALIES: 1   mean=0.514 LLR=+0.39 (game LLR=+0.33) [CONTINUE]
 352 games  +78 =205 -69   +9 Elo +/- 23   3fold=197 (56%)   1921s   ANOMALIES: 1   mean=0.513 LLR=+0.39 (game LLR=+0.27) [CONTINUE]
 353 games  +78 =206 -69   +9 Elo +/- 23   3fold=198 (56%)   1922s   ANOMALIES: 1   mean=0.513 LLR=+0.33 (game LLR=+0.27) [CONTINUE]
 354 games  +78 =206 -70   +8 Elo +/- 23   3fold=198 (56%)   1924s   ANOMALIES: 1   mean=0.511 LLR=+0.33 (game LLR=+0.22) [CONTINUE]
 355 games  +78 =206 -71   +7 Elo +/- 23   3fold=198 (56%)   1929s   ANOMALIES: 1   mean=0.510 LLR=+0.27 (game LLR=+0.16) [CONTINUE]
 356 games  +79 =206 -71   +8 Elo +/- 23   3fold=198 (56%)   1936s   ANOMALIES: 1   mean=0.511 LLR=+0.22 (game LLR=+0.21) [CONTINUE]
 357 games  +79 =207 -71   +8 Elo +/- 23   3fold=199 (56%)   1944s   ANOMALIES: 1   mean=0.511 LLR=+0.22 (game LLR=+0.21) [CONTINUE]
 358 games  +79 =208 -71   +8 Elo +/- 23   3fold=200 (56%)   1949s   ANOMALIES: 1   mean=0.511 LLR=+0.22 (game LLR=+0.21) [CONTINUE]
 359 games  +80 =208 -71   +9 Elo +/- 23   3fold=200 (56%)   1949s   ANOMALIES: 1   mean=0.513 LLR=+0.16 (game LLR=+0.27) [CONTINUE]
 360 games  +81 =208 -71   +10 Elo +/- 23   3fold=200 (56%)   1953s   ANOMALIES: 1   mean=0.514 LLR=+0.16 (game LLR=+0.32) [CONTINUE]
 361 games  +81 =209 -71   +10 Elo +/- 23   3fold=201 (56%)   1953s   ANOMALIES: 1   mean=0.514 LLR=+0.16 (game LLR=+0.32) [CONTINUE]
 362 games  +81 =210 -71   +10 Elo +/- 23   3fold=202 (56%)   1963s   ANOMALIES: 1   mean=0.514 LLR=+0.16 (game LLR=+0.32) [CONTINUE]
 363 games  +81 =211 -71   +10 Elo +/- 23   3fold=203 (56%)   1977s   ANOMALIES: 1   mean=0.514 LLR=+0.21 (game LLR=+0.32) [CONTINUE]
 364 games  +81 =212 -71   +10 Elo +/- 23   3fold=204 (56%)   1978s   ANOMALIES: 1   mean=0.514 LLR=+0.21 (game LLR=+0.32) [CONTINUE]
 365 games  +81 =212 -72   +9 Elo +/- 23   3fold=204 (56%)   1979s   ANOMALIES: 1   mean=0.512 LLR=+0.21 (game LLR=+0.26) [CONTINUE]
 366 games  +81 =213 -72   +9 Elo +/- 23   3fold=205 (56%)   1983s   ANOMALIES: 1   mean=0.512 LLR=+0.21 (game LLR=+0.26) [CONTINUE]
 367 games  +81 =213 -73   +8 Elo +/- 23   3fold=205 (56%)   1987s   ANOMALIES: 1   mean=0.511 LLR=+0.27 (game LLR=+0.21) [CONTINUE]
 368 games  +81 =213 -74   +7 Elo +/- 23   3fold=205 (56%)   1995s   ANOMALIES: 1   mean=0.510 LLR=+0.21 (game LLR=+0.15) [CONTINUE]
 369 games  +81 =214 -74   +7 Elo +/- 23   3fold=206 (56%)   2007s   ANOMALIES: 1   mean=0.509 LLR=+0.21 (game LLR=+0.15) [CONTINUE]
 370 games  +82 =214 -74   +8 Elo +/- 23   3fold=206 (56%)   2009s   ANOMALIES: 1   mean=0.511 LLR=+0.21 (game LLR=+0.20) [CONTINUE]
 371 games  +82 =215 -74   +7 Elo +/- 23   3fold=207 (56%)   2010s   ANOMALIES: 1   mean=0.511 LLR=+0.26 (game LLR=+0.20) [CONTINUE]
 372 games  +82 =215 -75   +7 Elo +/- 23   3fold=207 (56%)   2016s   ANOMALIES: 1   mean=0.509 LLR=+0.26 (game LLR=+0.15) [CONTINUE]
 373 games  +82 =216 -75   +7 Elo +/- 23   3fold=208 (56%)   2016s   ANOMALIES: 1   mean=0.509 LLR=+0.26 (game LLR=+0.15) [CONTINUE]
 374 games  +82 =217 -75   +7 Elo +/- 23   3fold=209 (56%)   2021s   ANOMALIES: 1   mean=0.509 LLR=+0.26 (game LLR=+0.15) [CONTINUE]
 375 games  +82 =217 -76   +6 Elo +/- 23   3fold=209 (56%)   2037s   ANOMALIES: 1   mean=0.508 LLR=+0.21 (game LLR=+0.09) [CONTINUE]
 376 games  +83 =217 -76   +6 Elo +/- 23   3fold=209 (56%)   2038s   ANOMALIES: 1   mean=0.509 LLR=+0.15 (game LLR=+0.15) [CONTINUE]
 377 games  +83 =218 -76   +6 Elo +/- 23   3fold=210 (56%)   2041s   ANOMALIES: 1   mean=0.509 LLR=+0.15 (game LLR=+0.15) [CONTINUE]
 378 games  +84 =218 -76   +7 Elo +/- 23   3fold=210 (56%)   2045s   ANOMALIES: 1   mean=0.511 LLR=+0.15 (game LLR=+0.20) [CONTINUE]
 379 games  +84 =219 -76   +7 Elo +/- 23   3fold=211 (56%)   2048s   ANOMALIES: 1   mean=0.511 LLR=+0.15 (game LLR=+0.20) [CONTINUE]
 380 games  +84 =220 -76   +7 Elo +/- 23   3fold=212 (56%)   2052s   ANOMALIES: 1   mean=0.511 LLR=+0.15 (game LLR=+0.20) [CONTINUE]
 381 games  +84 =221 -76   +7 Elo +/- 23   3fold=213 (56%)   2065s   ANOMALIES: 1   mean=0.510 LLR=+0.15 (game LLR=+0.20) [CONTINUE]
 382 games  +84 =221 -77   +6 Elo +/- 23   3fold=213 (56%)   2066s   ANOMALIES: 1   mean=0.509 LLR=+0.20 (game LLR=+0.14) [CONTINUE]
 383 games  +85 =221 -77   +7 Elo +/- 23   3fold=213 (56%)   2070s   ANOMALIES: 1   mean=0.510 LLR=+0.20 (game LLR=+0.20) [CONTINUE]
 384 games  +85 =222 -77   +7 Elo +/- 23   3fold=214 (56%)   2077s   ANOMALIES: 1   mean=0.510 LLR=+0.20 (game LLR=+0.20) [CONTINUE]
 385 games  +85 =222 -78   +6 Elo +/- 23   3fold=214 (56%)   2078s   ANOMALIES: 1   mean=0.509 LLR=+0.20 (game LLR=+0.14) [CONTINUE]
 386 games  +86 =222 -78   +7 Elo +/- 23   3fold=214 (55%)   2082s   ANOMALIES: 1   mean=0.510 LLR=+0.20 (game LLR=+0.19) [CONTINUE]
 387 games  +86 =223 -78   +7 Elo +/- 23   3fold=215 (56%)   2089s   ANOMALIES: 1   mean=0.510 LLR=+0.26 (game LLR=+0.19) [CONTINUE]
 388 games  +86 =224 -78   +7 Elo +/- 23   3fold=216 (56%)   2099s   ANOMALIES: 1   mean=0.510 LLR=+0.26 (game LLR=+0.19) [CONTINUE]
 389 games  +87 =224 -78   +8 Elo +/- 23   3fold=216 (56%)   2099s   ANOMALIES: 1   mean=0.512 LLR=+0.31 (game LLR=+0.25) [CONTINUE]
 390 games  +87 =225 -78   +8 Elo +/- 22   3fold=217 (56%)   2106s   ANOMALIES: 1   mean=0.512 LLR=+0.31 (game LLR=+0.25) [CONTINUE]
 391 games  +87 =226 -78   +8 Elo +/- 22   3fold=218 (56%)   2113s   ANOMALIES: 1   mean=0.512 LLR=+0.26 (game LLR=+0.25) [CONTINUE]
 392 games  +87 =226 -79   +7 Elo +/- 22   3fold=218 (56%)   2114s   ANOMALIES: 1   mean=0.510 LLR=+0.26 (game LLR=+0.19) [CONTINUE]
 393 games  +88 =226 -79   +8 Elo +/- 22   3fold=218 (55%)   2119s   ANOMALIES: 1   mean=0.511 LLR=+0.26 (game LLR=+0.24) [CONTINUE]
 394 games  +88 =226 -80   +7 Elo +/- 22   3fold=218 (55%)   2124s   ANOMALIES: 1   mean=0.510 LLR=+0.31 (game LLR=+0.19) [CONTINUE]
 395 games  +88 =227 -80   +7 Elo +/- 22   3fold=219 (55%)   2130s   ANOMALIES: 1   mean=0.510 LLR=+0.31 (game LLR=+0.19) [CONTINUE]
 396 games  +89 =227 -80   +8 Elo +/- 22   3fold=219 (55%)   2137s   ANOMALIES: 1   mean=0.511 LLR=+0.31 (game LLR=+0.24) [CONTINUE]
 397 games  +89 =228 -80   +8 Elo +/- 22   3fold=220 (55%)   2139s   ANOMALIES: 1   mean=0.511 LLR=+0.31 (game LLR=+0.24) [CONTINUE]
 398 games  +89 =228 -81   +7 Elo +/- 22   3fold=220 (55%)   2144s   ANOMALIES: 1   mean=0.510 LLR=+0.31 (game LLR=+0.18) [CONTINUE]
 399 games  +89 =229 -81   +7 Elo +/- 22   3fold=221 (55%)   2146s   ANOMALIES: 1   mean=0.510 LLR=+0.19 (game LLR=+0.18) [CONTINUE]
 400 games  +89 =230 -81   +7 Elo +/- 22   3fold=222 (56%)   2157s   ANOMALIES: 1   mean=0.510 LLR=+0.19 (game LLR=+0.18) [CONTINUE]
 401 games  +89 =231 -81   +7 Elo +/- 22   3fold=223 (56%)   2158s   ANOMALIES: 1   mean=0.510 LLR=+0.19 (game LLR=+0.18) [CONTINUE]
 402 games  +89 =232 -81   +7 Elo +/- 22   3fold=224 (56%)   2168s   ANOMALIES: 1   mean=0.510 LLR=+0.13 (game LLR=+0.18) [CONTINUE]
 403 games  +89 =233 -81   +7 Elo +/- 22   3fold=225 (56%)   2171s   ANOMALIES: 1   mean=0.510 LLR=+0.13 (game LLR=+0.18) [CONTINUE]
 404 games  +89 =233 -82   +6 Elo +/- 22   3fold=225 (56%)   2174s   ANOMALIES: 1   mean=0.509 LLR=+0.19 (game LLR=+0.13) [CONTINUE]
 405 games  +89 =234 -82   +6 Elo +/- 22   3fold=226 (56%)   2174s   ANOMALIES: 1   mean=0.509 LLR=+0.19 (game LLR=+0.13) [CONTINUE]
 406 games  +89 =234 -83   +5 Elo +/- 22   3fold=226 (56%)   2188s   ANOMALIES: 1   mean=0.507 LLR=+0.19 (game LLR=+0.07) [CONTINUE]
 407 games  +90 =234 -83   +6 Elo +/- 22   3fold=226 (56%)   2190s   ANOMALIES: 1   mean=0.509 LLR=+0.19 (game LLR=+0.13) [CONTINUE]
 408 games  +90 =234 -84   +5 Elo +/- 22   3fold=226 (55%)   2201s   ANOMALIES: 1   mean=0.507 LLR=+0.19 (game LLR=+0.07) [CONTINUE]
 409 games  +90 =235 -84   +5 Elo +/- 22   3fold=227 (56%)   2201s   ANOMALIES: 1   mean=0.507 LLR=+0.19 (game LLR=+0.07) [CONTINUE]
 410 games  +90 =236 -84   +5 Elo +/- 22   3fold=228 (56%)   2204s   ANOMALIES: 1   mean=0.507 LLR=+0.19 (game LLR=+0.07) [CONTINUE]
 411 games  +90 =236 -85   +4 Elo +/- 22   3fold=228 (55%)   2210s   ANOMALIES: 1   mean=0.506 LLR=+0.19 (game LLR=+0.01) [CONTINUE]
 412 games  +90 =236 -86   +3 Elo +/- 22   3fold=228 (55%)   2215s   ANOMALIES: 1   mean=0.505 LLR=+0.07 (game LLR=-0.04) [CONTINUE]
 413 games  +90 =237 -86   +3 Elo +/- 22   3fold=229 (55%)   2218s   ANOMALIES: 1   mean=0.505 LLR=+0.07 (game LLR=-0.04) [CONTINUE]
 414 games  +91 =237 -86   +4 Elo +/- 22   3fold=229 (55%)   2226s   ANOMALIES: 1   mean=0.506 LLR=+0.02 (game LLR=+0.01) [CONTINUE]
 415 games  +91 =237 -87   +3 Elo +/- 22   3fold=229 (55%)   2228s   ANOMALIES: 1   mean=0.505 LLR=+0.01 (game LLR=-0.04) [CONTINUE]
 416 games  +91 =237 -88   +3 Elo +/- 22   3fold=229 (55%)   2235s   ANOMALIES: 1   mean=0.504 LLR=-0.04 (game LLR=-0.10) [CONTINUE]
 417 games  +91 =238 -88   +2 Elo +/- 22   3fold=230 (55%)   2241s   ANOMALIES: 1   mean=0.504 LLR=-0.10 (game LLR=-0.10) [CONTINUE]
 418 games  +92 =238 -88   +3 Elo +/- 22   3fold=230 (55%)   2250s   ANOMALIES: 1   mean=0.505 LLR=-0.10 (game LLR=-0.04) [CONTINUE]
 419 games  +92 =239 -88   +3 Elo +/- 22   3fold=231 (55%)   2255s   ANOMALIES: 1   mean=0.505 LLR=-0.10 (game LLR=-0.04) [CONTINUE]
 420 games  +92 =240 -88   +3 Elo +/- 22   3fold=232 (55%)   2255s   ANOMALIES: 1   mean=0.505 LLR=-0.10 (game LLR=-0.04) [CONTINUE]
 421 games  +92 =241 -88   +3 Elo +/- 22   3fold=233 (55%)   2255s   ANOMALIES: 1   mean=0.505 LLR=-0.10 (game LLR=-0.05) [CONTINUE]
 422 games  +93 =241 -88   +4 Elo +/- 22   3fold=233 (55%)   2264s   ANOMALIES: 1   mean=0.506 LLR=-0.10 (game LLR=+0.01) [CONTINUE]
 423 games  +93 =242 -88   +4 Elo +/- 22   3fold=234 (55%)   2271s   ANOMALIES: 1   mean=0.506 LLR=-0.10 (game LLR=+0.01) [CONTINUE]
 424 games  +93 =243 -88   +4 Elo +/- 22   3fold=235 (55%)   2277s   ANOMALIES: 1   mean=0.506 LLR=-0.10 (game LLR=+0.01) [CONTINUE]
 425 games  +93 =244 -88   +4 Elo +/- 22   3fold=236 (56%)   2279s   ANOMALIES: 1   mean=0.506 LLR=-0.05 (game LLR=+0.01) [CONTINUE]
 426 games  +93 =244 -89   +3 Elo +/- 22   3fold=236 (55%)   2282s   ANOMALIES: 1   mean=0.505 LLR=-0.05 (game LLR=-0.05) [CONTINUE]
 427 games  +93 =245 -89   +3 Elo +/- 22   3fold=237 (56%)   2285s   ANOMALIES: 1   mean=0.505 LLR=-0.10 (game LLR=-0.05) [CONTINUE]
 428 games  +93 =246 -89   +3 Elo +/- 21   3fold=238 (56%)   2290s   ANOMALIES: 1   mean=0.505 LLR=-0.11 (game LLR=-0.05) [CONTINUE]
 429 games  +93 =247 -89   +3 Elo +/- 21   3fold=239 (56%)   2300s   ANOMALIES: 1   mean=0.505 LLR=-0.05 (game LLR=-0.05) [CONTINUE]
 430 games  +93 =248 -89   +3 Elo +/- 21   3fold=240 (56%)   2305s   ANOMALIES: 1   mean=0.505 LLR=-0.05 (game LLR=-0.05) [CONTINUE]
 431 games  +93 =248 -90   +2 Elo +/- 21   3fold=240 (56%)   2314s   ANOMALIES: 1   mean=0.503 LLR=-0.05 (game LLR=-0.11) [CONTINUE]
 432 games  +93 =249 -90   +2 Elo +/- 21   3fold=241 (56%)   2314s   ANOMALIES: 1   mean=0.503 LLR=-0.05 (game LLR=-0.11) [CONTINUE]
 433 games  +93 =250 -90   +2 Elo +/- 21   3fold=242 (56%)   2316s   ANOMALIES: 1   mean=0.503 LLR=-0.05 (game LLR=-0.11) [CONTINUE]
 434 games  +94 =250 -90   +3 Elo +/- 21   3fold=242 (56%)   2317s   ANOMALIES: 1   mean=0.505 LLR=-0.05 (game LLR=-0.05) [CONTINUE]
 435 games  +94 =250 -91   +2 Elo +/- 21   3fold=242 (56%)   2322s   ANOMALIES: 1   mean=0.503 LLR=-0.05 (game LLR=-0.11) [CONTINUE]
 436 games  +95 =250 -91   +3 Elo +/- 21   3fold=242 (56%)   2335s   ANOMALIES: 1   mean=0.505 LLR=-0.11 (game LLR=-0.05) [CONTINUE]
 437 games  +95 =251 -91   +3 Elo +/- 21   3fold=243 (56%)   2338s   ANOMALIES: 1   mean=0.505 LLR=-0.05 (game LLR=-0.06) [CONTINUE]
 438 games  +95 =252 -91   +3 Elo +/- 21   3fold=244 (56%)   2344s   ANOMALIES: 1   mean=0.505 LLR=-0.06 (game LLR=-0.06) [CONTINUE]
 439 games  +95 =252 -92   +2 Elo +/- 21   3fold=244 (56%)   2347s   ANOMALIES: 1   mean=0.503 LLR=-0.11 (game LLR=-0.11) [CONTINUE]
 440 games  +95 =252 -93   +2 Elo +/- 21   3fold=244 (55%)   2350s   ANOMALIES: 1   mean=0.502 LLR=-0.17 (game LLR=-0.17) [CONTINUE]
 441 games  +95 =253 -93   +2 Elo +/- 21   3fold=245 (56%)   2353s   ANOMALIES: 1   mean=0.502 LLR=-0.17 (game LLR=-0.17) [CONTINUE]
 442 games  +95 =254 -93   +2 Elo +/- 21   3fold=246 (56%)   2364s   ANOMALIES: 1   mean=0.502 LLR=-0.17 (game LLR=-0.17) [CONTINUE]
 443 games  +95 =255 -93   +2 Elo +/- 21   3fold=247 (56%)   2367s   ANOMALIES: 1   mean=0.502 LLR=-0.17 (game LLR=-0.17) [CONTINUE]
 444 games  +95 =256 -93   +2 Elo +/- 21   3fold=248 (56%)   2374s   ANOMALIES: 1   mean=0.502 LLR=-0.17 (game LLR=-0.17) [CONTINUE]
 445 games  +95 =257 -93   +2 Elo +/- 21   3fold=249 (56%)   2383s   ANOMALIES: 1   mean=0.502 LLR=-0.17 (game LLR=-0.17) [CONTINUE]
 446 games  +95 =257 -94   +1 Elo +/- 21   3fold=249 (56%)   2386s   ANOMALIES: 1   mean=0.501 LLR=-0.17 (game LLR=-0.22) [CONTINUE]
 447 games  +96 =257 -94   +2 Elo +/- 21   3fold=249 (56%)   2390s   ANOMALIES: 1   mean=0.502 LLR=-0.23 (game LLR=-0.17) [CONTINUE]
 448 games  +96 =258 -94   +2 Elo +/- 21   3fold=250 (56%)   2394s   ANOMALIES: 1   mean=0.502 LLR=-0.23 (game LLR=-0.17) [CONTINUE]
 449 games  +97 =258 -94   +2 Elo +/- 21   3fold=250 (56%)   2396s   ANOMALIES: 1   mean=0.503 LLR=-0.23 (game LLR=-0.12) [CONTINUE]
 450 games  +97 =259 -94   +2 Elo +/- 21   3fold=251 (56%)   2402s   ANOMALIES: 1   mean=0.503 LLR=-0.18 (game LLR=-0.12) [CONTINUE]
 451 games  +97 =260 -94   +2 Elo +/- 21   3fold=252 (56%)   2412s   ANOMALIES: 1   mean=0.503 LLR=-0.18 (game LLR=-0.12) [CONTINUE]
 452 games  +97 =260 -95   +2 Elo +/- 21   3fold=252 (56%)   2421s   ANOMALIES: 1   mean=0.502 LLR=-0.18 (game LLR=-0.17) [CONTINUE]
 453 games  +98 =260 -95   +2 Elo +/- 21   3fold=252 (56%)   2423s   ANOMALIES: 1   mean=0.503 LLR=-0.18 (game LLR=-0.12) [CONTINUE]
 454 games  +98 =261 -95   +2 Elo +/- 21   3fold=253 (56%)   2424s   ANOMALIES: 1   mean=0.503 LLR=-0.18 (game LLR=-0.12) [CONTINUE]
 455 games  +98 =262 -95   +2 Elo +/- 21   3fold=254 (56%)   2428s   ANOMALIES: 1   mean=0.503 LLR=-0.18 (game LLR=-0.12) [CONTINUE]
 456 games  +98 =262 -96   +2 Elo +/- 21   3fold=254 (56%)   2434s   ANOMALIES: 1   mean=0.502 LLR=-0.18 (game LLR=-0.18) [CONTINUE]
 457 games  +98 =262 -97   +1 Elo +/- 21   3fold=254 (56%)   2445s   ANOMALIES: 1   mean=0.501 LLR=-0.18 (game LLR=-0.23) [CONTINUE]
 458 games  +98 =263 -97   +1 Elo +/- 21   3fold=255 (56%)   2450s   ANOMALIES: 1   mean=0.501 LLR=-0.18 (game LLR=-0.23) [CONTINUE]
 459 games  +99 =263 -97   +2 Elo +/- 21   3fold=255 (56%)   2453s   ANOMALIES: 1   mean=0.502 LLR=-0.18 (game LLR=-0.18) [CONTINUE]
 460 games  +99 =264 -97   +2 Elo +/- 21   3fold=256 (56%)   2456s   ANOMALIES: 1   mean=0.502 LLR=-0.13 (game LLR=-0.18) [CONTINUE]
 461 games  +99 =264 -98   +1 Elo +/- 21   3fold=256 (56%)   2460s   ANOMALIES: 1   mean=0.501 LLR=-0.07 (game LLR=-0.23) [CONTINUE]
 462 games  +99 =264 -99   -0 Elo +/- 21   3fold=256 (55%)   2463s   ANOMALIES: 1   mean=0.500 LLR=-0.13 (game LLR=-0.29) [CONTINUE]
 463 games  +99 =264 -100   -1 Elo +/- 21   3fold=256 (55%)   2477s   ANOMALIES: 1   mean=0.499 LLR=-0.24 (game LLR=-0.34) [CONTINUE]
 464 games  +99 =265 -100   -1 Elo +/- 21   3fold=257 (55%)   2480s   ANOMALIES: 1   mean=0.499 LLR=-0.35 (game LLR=-0.34) [CONTINUE]
 465 games  +100 =265 -100   -0 Elo +/- 21   3fold=257 (55%)   2486s   ANOMALIES: 1   mean=0.500 LLR=-0.35 (game LLR=-0.29) [CONTINUE]
 466 games  +100 =266 -100   -0 Elo +/- 21   3fold=258 (55%)   2497s   ANOMALIES: 1   mean=0.500 LLR=-0.29 (game LLR=-0.29) [CONTINUE]
 467 games  +100 =267 -100   -0 Elo +/- 21   3fold=258 (55%)   2502s   ANOMALIES: 1   mean=0.500 LLR=-0.29 (game LLR=-0.29) [CONTINUE]
 468 games  +100 =268 -100   -0 Elo +/- 21   3fold=259 (55%)   2502s   ANOMALIES: 1   mean=0.500 LLR=-0.29 (game LLR=-0.29) [CONTINUE]
 469 games  +100 =268 -101   -1 Elo +/- 21   3fold=259 (55%)   2508s   ANOMALIES: 1   mean=0.499 LLR=-0.29 (game LLR=-0.34) [CONTINUE]
 470 games  +100 =269 -101   -1 Elo +/- 21   3fold=260 (55%)   2508s   ANOMALIES: 1   mean=0.499 LLR=-0.29 (game LLR=-0.35) [CONTINUE]
 471 games  +100 =270 -101   -1 Elo +/- 21   3fold=261 (55%)   2511s   ANOMALIES: 1   mean=0.499 LLR=-0.29 (game LLR=-0.35) [CONTINUE]
 472 games  +100 =271 -101   -1 Elo +/- 20   3fold=262 (56%)   2528s   ANOMALIES: 1   mean=0.499 LLR=-0.30 (game LLR=-0.35) [CONTINUE]
 473 games  +101 =271 -101   -0 Elo +/- 20   3fold=262 (55%)   2532s   ANOMALIES: 1   mean=0.500 LLR=-0.30 (game LLR=-0.29) [CONTINUE]
 474 games  +101 =272 -101   -0 Elo +/- 20   3fold=263 (55%)   2534s   ANOMALIES: 1   mean=0.500 LLR=-0.24 (game LLR=-0.29) [CONTINUE]
 475 games  +102 =272 -101   +1 Elo +/- 20   3fold=263 (55%)   2537s   ANOMALIES: 1   mean=0.501 LLR=-0.25 (game LLR=-0.24) [CONTINUE]
 476 games  +103 =272 -101   +1 Elo +/- 20   3fold=263 (55%)   2543s   ANOMALIES: 1   mean=0.502 LLR=-0.19 (game LLR=-0.19) [CONTINUE]
 477 games  +103 =273 -101   +1 Elo +/- 20   3fold=264 (55%)   2544s   ANOMALIES: 1   mean=0.502 LLR=-0.19 (game LLR=-0.19) [CONTINUE]
 478 games  +103 =273 -102   +1 Elo +/- 20   3fold=264 (55%)   2555s   ANOMALIES: 1   mean=0.501 LLR=-0.19 (game LLR=-0.24) [CONTINUE]
 479 games  +103 =274 -102   +1 Elo +/- 20   3fold=265 (55%)   2558s   ANOMALIES: 1   mean=0.501 LLR=-0.19 (game LLR=-0.24) [CONTINUE]
 480 games  +103 =275 -102   +1 Elo +/- 20   3fold=266 (55%)   2566s   ANOMALIES: 1   mean=0.501 LLR=-0.19 (game LLR=-0.24) [CONTINUE]
 481 games  +103 =276 -102   +1 Elo +/- 20   3fold=267 (56%)   2570s   ANOMALIES: 1   mean=0.501 LLR=-0.19 (game LLR=-0.25) [CONTINUE]
 482 games  +103 =276 -103   -0 Elo +/- 20   3fold=267 (55%)   2571s   ANOMALIES: 1   mean=0.500 LLR=-0.19 (game LLR=-0.30) [CONTINUE]
 483 games  +103 =277 -103   -0 Elo +/- 20   3fold=268 (55%)   2575s   ANOMALIES: 1   mean=0.500 LLR=-0.19 (game LLR=-0.30) [CONTINUE]
 484 games  +103 =278 -103   -0 Elo +/- 20   3fold=269 (56%)   2578s   ANOMALIES: 1   mean=0.500 LLR=-0.20 (game LLR=-0.30) [CONTINUE]
 485 games  +104 =278 -103   +1 Elo +/- 20   3fold=269 (55%)   2592s   ANOMALIES: 1   mean=0.501 LLR=-0.25 (game LLR=-0.25) [CONTINUE]
 486 games  +104 =279 -103   +1 Elo +/- 20   3fold=270 (56%)   2598s   ANOMALIES: 1   mean=0.501 LLR=-0.20 (game LLR=-0.25) [CONTINUE]
 487 games  +104 =280 -103   +1 Elo +/- 20   3fold=271 (56%)   2600s   ANOMALIES: 1   mean=0.501 LLR=-0.20 (game LLR=-0.25) [CONTINUE]
 488 games  +104 =281 -103   +1 Elo +/- 20   3fold=272 (56%)   2603s   ANOMALIES: 1   mean=0.501 LLR=-0.26 (game LLR=-0.25) [CONTINUE]
 489 games  +104 =282 -103   +1 Elo +/- 20   3fold=273 (56%)   2603s   ANOMALIES: 1   mean=0.501 LLR=-0.26 (game LLR=-0.25) [CONTINUE]
 490 games  +104 =283 -103   +1 Elo +/- 20   3fold=274 (56%)   2615s   ANOMALIES: 1   mean=0.501 LLR=-0.26 (game LLR=-0.25) [CONTINUE]
 491 games  +105 =283 -103   +1 Elo +/- 20   3fold=274 (56%)   2619s   ANOMALIES: 1   mean=0.502 LLR=-0.26 (game LLR=-0.20) [CONTINUE]
 492 games  +105 =284 -103   +1 Elo +/- 20   3fold=275 (56%)   2629s   ANOMALIES: 1   mean=0.502 LLR=-0.26 (game LLR=-0.20) [CONTINUE]
 493 games  +106 =284 -103   +2 Elo +/- 20   3fold=275 (56%)   2633s   ANOMALIES: 1   mean=0.503 LLR=-0.26 (game LLR=-0.15) [CONTINUE]
 494 games  +106 =285 -103   +2 Elo +/- 20   3fold=275 (56%)   2634s   ANOMALIES: 1   mean=0.503 LLR=-0.26 (game LLR=-0.15) [CONTINUE]
 495 games  +106 =286 -103   +2 Elo +/- 20   3fold=276 (56%)   2634s   ANOMALIES: 1   mean=0.503 LLR=-0.26 (game LLR=-0.15) [CONTINUE]
 496 games  +106 =286 -104   +1 Elo +/- 20   3fold=276 (56%)   2649s   ANOMALIES: 1   mean=0.502 LLR=-0.26 (game LLR=-0.20) [CONTINUE]
 497 games  +106 =287 -104   +1 Elo +/- 20   3fold=277 (56%)   2650s   ANOMALIES: 1   mean=0.502 LLR=-0.27 (game LLR=-0.20) [CONTINUE]
 498 games  +107 =287 -104   +2 Elo +/- 20   3fold=277 (56%)   2657s   ANOMALIES: 1   mean=0.503 LLR=-0.27 (game LLR=-0.15) [CONTINUE]
 499 games  +108 =287 -104   +3 Elo +/- 20   3fold=277 (56%)   2662s   ANOMALIES: 1   mean=0.504 LLR=-0.21 (game LLR=-0.09) [CONTINUE]
 500 games  +108 =288 -104   +3 Elo +/- 20   3fold=278 (56%)   2663s   ANOMALIES: 1   mean=0.504 LLR=-0.16 (game LLR=-0.10) [CONTINUE]
 501 games  +108 =289 -104   +3 Elo +/- 20   3fold=279 (56%)   2665s   ANOMALIES: 1   mean=0.504 LLR=-0.16 (game LLR=-0.10) [CONTINUE]
 502 games  +109 =289 -104   +3 Elo +/- 20   3fold=279 (56%)   2679s   ANOMALIES: 1   mean=0.505 LLR=-0.10 (game LLR=-0.04) [CONTINUE]
 503 games  +109 =289 -105   +3 Elo +/- 20   3fold=279 (55%)   2680s   ANOMALIES: 1   mean=0.504 LLR=-0.10 (game LLR=-0.10) [CONTINUE]
 504 games  +109 =289 -106   +2 Elo +/- 20   3fold=279 (55%)   2685s   ANOMALIES: 1   mean=0.503 LLR=-0.10 (game LLR=-0.15) [CONTINUE]
 505 games  +109 =290 -106   +2 Elo +/- 20   3fold=280 (55%)   2691s   ANOMALIES: 1   mean=0.503 LLR=-0.10 (game LLR=-0.15) [CONTINUE]
 506 games  +109 =291 -106   +2 Elo +/- 20   3fold=281 (56%)   2692s   ANOMALIES: 1   mean=0.503 LLR=-0.10 (game LLR=-0.15) [CONTINUE]
 507 games  +109 =292 -106   +2 Elo +/- 20   3fold=282 (56%)   2695s   ANOMALIES: 1   mean=0.503 LLR=-0.10 (game LLR=-0.15) [CONTINUE]
 508 games  +110 =292 -106   +3 Elo +/- 20   3fold=282 (56%)   2707s   ANOMALIES: 1   mean=0.504 LLR=-0.10 (game LLR=-0.10) [CONTINUE]
 509 games  +111 =292 -106   +3 Elo +/- 20   3fold=282 (55%)   2707s   ANOMALIES: 1   mean=0.505 LLR=-0.10 (game LLR=-0.05) [CONTINUE]
 510 games  +112 =292 -106   +4 Elo +/- 20   3fold=282 (55%)   2715s   ANOMALIES: 1   mean=0.506 LLR=+0.01 (game LLR=+0.01) [CONTINUE]
 511 games  +112 =293 -106   +4 Elo +/- 20   3fold=283 (55%)   2717s   ANOMALIES: 1   mean=0.506 LLR=+0.01 (game LLR=+0.01) [CONTINUE]
 512 games  +113 =293 -106   +5 Elo +/- 20   3fold=283 (55%)   2719s   ANOMALIES: 1   mean=0.507 LLR=+0.01 (game LLR=+0.06) [CONTINUE]
 513 games  +113 =294 -106   +5 Elo +/- 20   3fold=284 (55%)   2729s   ANOMALIES: 1   mean=0.507 LLR=+0.01 (game LLR=+0.06) [CONTINUE]
 514 games  +113 =294 -107   +4 Elo +/- 20   3fold=284 (55%)   2737s   ANOMALIES: 1   mean=0.506 LLR=+0.01 (game LLR=+0.00) [CONTINUE]
 515 games  +113 =294 -108   +3 Elo +/- 20   3fold=284 (55%)   2737s   ANOMALIES: 1   mean=0.505 LLR=+0.01 (game LLR=-0.05) [CONTINUE]
 516 games  +113 =294 -109   +3 Elo +/- 20   3fold=284 (55%)   2745s   ANOMALIES: 1   mean=0.504 LLR=+0.01 (game LLR=-0.10) [CONTINUE]
 517 games  +113 =294 -110   +2 Elo +/- 20   3fold=284 (55%)   2746s   ANOMALIES: 1   mean=0.503 LLR=+0.01 (game LLR=-0.16) [CONTINUE]
 518 games  +113 =294 -111   +1 Elo +/- 20   3fold=284 (55%)   2756s   ANOMALIES: 1   mean=0.502 LLR=+0.01 (game LLR=-0.21) [CONTINUE]
 519 games  +113 =295 -111   +1 Elo +/- 20   3fold=285 (55%)   2761s   ANOMALIES: 1   mean=0.502 LLR=+0.01 (game LLR=-0.21) [CONTINUE]
 520 games  +113 =295 -112   +1 Elo +/- 20   3fold=285 (55%)   2767s   ANOMALIES: 1   mean=0.501 LLR=+0.06 (game LLR=-0.27) [CONTINUE]
 521 games  +114 =295 -112   +1 Elo +/- 20   3fold=285 (55%)   2768s   ANOMALIES: 1   mean=0.502 LLR=-0.05 (game LLR=-0.21) [CONTINUE]
 522 games  +115 =295 -112   +2 Elo +/- 20   3fold=285 (55%)   2775s   ANOMALIES: 1   mean=0.503 LLR=-0.05 (game LLR=-0.16) [CONTINUE]
 523 games  +115 =296 -112   +2 Elo +/- 20   3fold=286 (55%)   2784s   ANOMALIES: 1   mean=0.503 LLR=-0.06 (game LLR=-0.16) [CONTINUE]
 524 games  +116 =296 -112   +3 Elo +/- 20   3fold=286 (55%)   2785s   ANOMALIES: 1   mean=0.504 LLR=-0.11 (game LLR=-0.11) [CONTINUE]
 525 games  +117 =296 -112   +3 Elo +/- 20   3fold=286 (54%)   2792s   ANOMALIES: 1   mean=0.505 LLR=-0.12 (game LLR=-0.06) [CONTINUE]
 526 games  +117 =296 -113   +3 Elo +/- 20   3fold=286 (54%)   2796s   ANOMALIES: 1   mean=0.504 LLR=-0.12 (game LLR=-0.11) [CONTINUE]
 527 games  +117 =297 -113   +3 Elo +/- 20   3fold=287 (54%)   2796s   ANOMALIES: 1   mean=0.504 LLR=-0.12 (game LLR=-0.11) [CONTINUE]
 528 games  +117 =297 -114   +2 Elo +/- 20   3fold=287 (54%)   2804s   ANOMALIES: 1   mean=0.503 LLR=-0.12 (game LLR=-0.16) [CONTINUE]
 529 games  +117 =298 -114   +2 Elo +/- 20   3fold=288 (54%)   2815s   ANOMALIES: 1   mean=0.503 LLR=-0.12 (game LLR=-0.16) [CONTINUE]
 530 games  +117 =299 -114   +2 Elo +/- 20   3fold=289 (55%)   2816s   ANOMALIES: 1   mean=0.503 LLR=-0.12 (game LLR=-0.16) [CONTINUE]
 531 games  +117 =300 -114   +2 Elo +/- 20   3fold=290 (55%)   2822s   ANOMALIES: 1   mean=0.503 LLR=-0.12 (game LLR=-0.16) [CONTINUE]
 532 games  +117 =301 -114   +2 Elo +/- 19   3fold=291 (55%)   2824s   ANOMALIES: 1   mean=0.503 LLR=-0.06 (game LLR=-0.17) [CONTINUE]
 533 games  +118 =301 -114   +3 Elo +/- 19   3fold=291 (55%)   2825s   ANOMALIES: 1   mean=0.504 LLR=-0.06 (game LLR=-0.11) [CONTINUE]
 534 games  +118 =302 -114   +3 Elo +/- 19   3fold=292 (55%)   2834s   ANOMALIES: 1   mean=0.504 LLR=-0.06 (game LLR=-0.11) [CONTINUE]
 535 games  +118 =303 -114   +3 Elo +/- 19   3fold=293 (55%)   2843s   ANOMALIES: 1   mean=0.504 LLR=-0.12 (game LLR=-0.11) [CONTINUE]
 536 games  +118 =304 -114   +3 Elo +/- 19   3fold=294 (55%)   2849s   ANOMALIES: 1   mean=0.504 LLR=-0.12 (game LLR=-0.12) [CONTINUE]
 537 games  +118 =305 -114   +3 Elo +/- 19   3fold=295 (55%)   2852s   ANOMALIES: 1   mean=0.504 LLR=-0.13 (game LLR=-0.12) [CONTINUE]
 538 games  +118 =305 -115   +2 Elo +/- 19   3fold=295 (55%)   2853s   ANOMALIES: 1   mean=0.503 LLR=-0.13 (game LLR=-0.17) [CONTINUE]
 539 games  +119 =305 -115   +3 Elo +/- 19   3fold=295 (55%)   2856s   ANOMALIES: 1   mean=0.504 LLR=-0.13 (game LLR=-0.12) [CONTINUE]
 540 games  +119 =306 -115   +3 Elo +/- 19   3fold=296 (55%)   2863s   ANOMALIES: 1   mean=0.504 LLR=-0.13 (game LLR=-0.12) [CONTINUE]
 541 games  +119 =307 -115   +3 Elo +/- 19   3fold=297 (55%)   2875s   ANOMALIES: 1   mean=0.504 LLR=-0.13 (game LLR=-0.12) [CONTINUE]
 542 games  +119 =308 -115   +3 Elo +/- 19   3fold=298 (55%)   2877s   ANOMALIES: 1   mean=0.504 LLR=-0.13 (game LLR=-0.12) [CONTINUE]
 543 games  +120 =308 -115   +3 Elo +/- 19   3fold=298 (55%)   2881s   ANOMALIES: 1   mean=0.505 LLR=-0.13 (game LLR=-0.07) [CONTINUE]
 544 games  +120 =309 -115   +3 Elo +/- 19   3fold=299 (55%)   2881s   ANOMALIES: 1   mean=0.505 LLR=-0.13 (game LLR=-0.07) [CONTINUE]
 545 games  +120 =310 -115   +3 Elo +/- 19   3fold=300 (55%)   2885s   ANOMALIES: 1   mean=0.505 LLR=-0.13 (game LLR=-0.07) [CONTINUE]
 546 games  +120 =311 -115   +3 Elo +/- 19   3fold=301 (55%)   2896s   ANOMALIES: 1   mean=0.505 LLR=-0.07 (game LLR=-0.07) [CONTINUE]
 547 games  +120 =312 -115   +3 Elo +/- 19   3fold=302 (55%)   2905s   ANOMALIES: 1   mean=0.505 LLR=-0.07 (game LLR=-0.07) [CONTINUE]
 548 games  +121 =312 -115   +4 Elo +/- 19   3fold=302 (55%)   2905s   ANOMALIES: 1   mean=0.505 LLR=-0.08 (game LLR=-0.02) [CONTINUE]
 549 games  +121 =313 -115   +4 Elo +/- 19   3fold=303 (55%)   2908s   ANOMALIES: 1   mean=0.505 LLR=-0.02 (game LLR=-0.02) [CONTINUE]
 550 games  +122 =313 -115   +4 Elo +/- 19   3fold=303 (55%)   2914s   ANOMALIES: 1   mean=0.506 LLR=-0.02 (game LLR=+0.04) [CONTINUE]
 551 games  +122 =314 -115   +4 Elo +/- 19   3fold=304 (55%)   2915s   ANOMALIES: 1   mean=0.506 LLR=-0.02 (game LLR=+0.04) [CONTINUE]
 552 games  +122 =315 -115   +4 Elo +/- 19   3fold=304 (55%)   2930s   ANOMALIES: 1   mean=0.506 LLR=-0.02 (game LLR=+0.03) [CONTINUE]
 553 games  +123 =315 -115   +5 Elo +/- 19   3fold=304 (55%)   2935s   ANOMALIES: 1   mean=0.507 LLR=-0.02 (game LLR=+0.09) [CONTINUE]
 554 games  +123 =315 -116   +4 Elo +/- 19   3fold=304 (55%)   2938s   ANOMALIES: 1   mean=0.506 LLR=-0.02 (game LLR=+0.03) [CONTINUE]
 555 games  +123 =315 -117   +4 Elo +/- 19   3fold=304 (55%)   2939s   ANOMALIES: 1   mean=0.505 LLR=-0.02 (game LLR=-0.02) [CONTINUE]
 556 games  +123 =315 -118   +3 Elo +/- 19   3fold=304 (55%)   2940s   ANOMALIES: 1   mean=0.504 LLR=-0.08 (game LLR=-0.07) [CONTINUE]
 557 games  +123 =316 -118   +3 Elo +/- 19   3fold=305 (55%)   2941s   ANOMALIES: 1   mean=0.504 LLR=-0.14 (game LLR=-0.08) [CONTINUE]
 558 games  +123 =317 -118   +3 Elo +/- 19   3fold=306 (55%)   2959s   ANOMALIES: 1   mean=0.504 LLR=-0.08 (game LLR=-0.08) [CONTINUE]
 559 games  +123 =318 -118   +3 Elo +/- 19   3fold=307 (55%)   2960s   ANOMALIES: 1   mean=0.504 LLR=-0.08 (game LLR=-0.08) [CONTINUE]
 560 games  +123 =319 -118   +3 Elo +/- 19   3fold=308 (55%)   2966s   ANOMALIES: 1   mean=0.504 LLR=-0.02 (game LLR=-0.08) [CONTINUE]
 561 games  +123 =320 -118   +3 Elo +/- 19   3fold=309 (55%)   2967s   ANOMALIES: 1   mean=0.504 LLR=-0.08 (game LLR=-0.08) [CONTINUE]
 562 games  +123 =321 -118   +3 Elo +/- 19   3fold=310 (55%)   2969s   ANOMALIES: 1   mean=0.504 LLR=-0.08 (game LLR=-0.08) [CONTINUE]
 563 games  +123 =321 -119   +2 Elo +/- 19   3fold=310 (55%)   2972s   ANOMALIES: 1   mean=0.504 LLR=-0.08 (game LLR=-0.13) [CONTINUE]
 564 games  +124 =321 -119   +3 Elo +/- 19   3fold=310 (55%)   2988s   ANOMALIES: 1   mean=0.504 LLR=-0.08 (game LLR=-0.08) [CONTINUE]
 565 games  +124 =322 -119   +3 Elo +/- 19   3fold=311 (55%)   2994s   ANOMALIES: 1   mean=0.504 LLR=-0.08 (game LLR=-0.08) [CONTINUE]
 566 games  +124 =323 -119   +3 Elo +/- 19   3fold=312 (55%)   2994s   ANOMALIES: 1   mean=0.504 LLR=-0.09 (game LLR=-0.08) [CONTINUE]
 567 games  +124 =324 -119   +3 Elo +/- 19   3fold=313 (55%)   2995s   ANOMALIES: 1   mean=0.504 LLR=-0.09 (game LLR=-0.08) [CONTINUE]
 568 games  +124 =325 -119   +3 Elo +/- 19   3fold=314 (55%)   2998s   ANOMALIES: 1   mean=0.504 LLR=-0.09 (game LLR=-0.08) [CONTINUE]
 569 games  +125 =325 -119   +4 Elo +/- 19   3fold=314 (55%)   3004s   ANOMALIES: 1   mean=0.505 LLR=-0.09 (game LLR=-0.03) [CONTINUE]
 570 games  +125 =325 -120   +3 Elo +/- 19   3fold=314 (55%)   3017s   ANOMALIES: 1   mean=0.504 LLR=-0.09 (game LLR=-0.08) [CONTINUE]
 571 games  +125 =326 -120   +3 Elo +/- 19   3fold=315 (55%)   3022s   ANOMALIES: 1   mean=0.504 LLR=-0.09 (game LLR=-0.08) [CONTINUE]
 572 games  +125 =327 -120   +3 Elo +/- 19   3fold=316 (55%)   3024s   ANOMALIES: 1   mean=0.504 LLR=-0.09 (game LLR=-0.09) [CONTINUE]
 573 games  +125 =328 -120   +3 Elo +/- 19   3fold=317 (55%)   3025s   ANOMALIES: 1   mean=0.504 LLR=-0.09 (game LLR=-0.09) [CONTINUE]
 574 games  +125 =329 -120   +3 Elo +/- 19   3fold=318 (55%)   3028s   ANOMALIES: 1   mean=0.504 LLR=-0.09 (game LLR=-0.09) [CONTINUE]
 575 games  +125 =330 -120   +3 Elo +/- 19   3fold=319 (55%)   3032s   ANOMALIES: 1   mean=0.504 LLR=-0.09 (game LLR=-0.09) [CONTINUE]
 576 games  +126 =330 -120   +4 Elo +/- 19   3fold=319 (55%)   3049s   ANOMALIES: 1   mean=0.505 LLR=-0.09 (game LLR=-0.03) [CONTINUE]
 577 games  +127 =330 -120   +4 Elo +/- 19   3fold=319 (55%)   3050s   ANOMALIES: 1   mean=0.506 LLR=-0.09 (game LLR=+0.02) [CONTINUE]
 578 games  +127 =330 -121   +4 Elo +/- 19   3fold=319 (55%)   3056s   ANOMALIES: 1   mean=0.505 LLR=-0.04 (game LLR=-0.04) [CONTINUE]
 579 games  +127 =331 -121   +4 Elo +/- 19   3fold=319 (55%)   3057s   ANOMALIES: 1   mean=0.505 LLR=-0.04 (game LLR=-0.04) [CONTINUE]
 580 games  +127 =332 -121   +4 Elo +/- 19   3fold=320 (55%)   3064s   ANOMALIES: 1   mean=0.505 LLR=-0.04 (game LLR=-0.04) [CONTINUE]
 581 games  +127 =333 -121   +4 Elo +/- 18   3fold=320 (55%)   3072s   ANOMALIES: 1   mean=0.505 LLR=-0.04 (game LLR=-0.04) [CONTINUE]
 582 games  +127 =333 -122   +3 Elo +/- 18   3fold=320 (55%)   3078s   ANOMALIES: 1   mean=0.504 LLR=-0.04 (game LLR=-0.09) [CONTINUE]
 583 games  +128 =333 -122   +4 Elo +/- 18   3fold=320 (55%)   3079s   ANOMALIES: 1   mean=0.505 LLR=-0.04 (game LLR=-0.04) [CONTINUE]
 584 games  +128 =333 -123   +3 Elo +/- 18   3fold=320 (55%)   3089s   ANOMALIES: 1   mean=0.504 LLR=-0.04 (game LLR=-0.09) [CONTINUE]
 585 games  +128 =334 -123   +3 Elo +/- 18   3fold=321 (55%)   3089s   ANOMALIES: 1   mean=0.504 LLR=-0.10 (game LLR=-0.09) [CONTINUE]
 586 games  +128 =335 -123   +3 Elo +/- 18   3fold=322 (55%)   3094s   ANOMALIES: 1   mean=0.504 LLR=-0.10 (game LLR=-0.09) [CONTINUE]
 587 games  +128 =335 -124   +2 Elo +/- 18   3fold=322 (55%)   3098s   ANOMALIES: 1   mean=0.503 LLR=-0.16 (game LLR=-0.15) [CONTINUE]
 588 games  +129 =335 -124   +3 Elo +/- 18   3fold=322 (55%)   3107s   ANOMALIES: 1   mean=0.504 LLR=-0.16 (game LLR=-0.09) [CONTINUE]
 589 games  +130 =335 -124   +4 Elo +/- 18   3fold=322 (55%)   3108s   ANOMALIES: 1   mean=0.505 LLR=-0.04 (game LLR=-0.04) [CONTINUE]
 590 games  +130 =336 -124   +4 Elo +/- 18   3fold=323 (55%)   3122s   ANOMALIES: 1   mean=0.505 LLR=-0.04 (game LLR=-0.04) [CONTINUE]
 591 games  +131 =336 -124   +4 Elo +/- 18   3fold=323 (55%)   3124s   ANOMALIES: 1   mean=0.506 LLR=-0.04 (game LLR=+0.01) [CONTINUE]
 592 games  +131 =336 -125   +4 Elo +/- 18   3fold=323 (55%)   3125s   ANOMALIES: 1   mean=0.505 LLR=-0.04 (game LLR=-0.04) [CONTINUE]
 593 games  +131 =336 -126   +3 Elo +/- 18   3fold=323 (54%)   3127s   ANOMALIES: 1   mean=0.504 LLR=-0.10 (game LLR=-0.10) [CONTINUE]
 594 games  +131 =337 -126   +3 Elo +/- 18   3fold=324 (55%)   3134s   ANOMALIES: 1   mean=0.504 LLR=-0.22 (game LLR=-0.10) [CONTINUE]
 595 games  +131 =338 -126   +3 Elo +/- 18   3fold=325 (55%)   3137s   ANOMALIES: 1   mean=0.504 LLR=-0.16 (game LLR=-0.10) [CONTINUE]
 596 games  +131 =339 -126   +3 Elo +/- 18   3fold=326 (55%)   3152s   ANOMALIES: 1   mean=0.504 LLR=-0.16 (game LLR=-0.10) [CONTINUE]
 597 games  +131 =340 -126   +3 Elo +/- 18   3fold=327 (55%)   3154s   ANOMALIES: 1   mean=0.504 LLR=-0.17 (game LLR=-0.10) [CONTINUE]
 598 games  +132 =340 -126   +3 Elo +/- 18   3fold=327 (55%)   3155s   ANOMALIES: 1   mean=0.505 LLR=-0.17 (game LLR=-0.05) [CONTINUE]
 599 games  +132 =341 -126   +3 Elo +/- 18   3fold=328 (55%)   3157s   ANOMALIES: 1   mean=0.505 LLR=-0.17 (game LLR=-0.05) [CONTINUE]
 600 games  +133 =341 -126   +4 Elo +/- 18   3fold=328 (55%)   3161s   ANOMALIES: 1   mean=0.506 LLR=-0.11 (game LLR=+0.00) [CONTINUE]
 601 games  +133 =341 -127   +3 Elo +/- 18   3fold=328 (55%)   3165s   ANOMALIES: 1   mean=0.505 LLR=-0.05 (game LLR=-0.05) [CONTINUE]
 602 games  +133 =342 -127   +3 Elo +/- 18   3fold=329 (55%)   3180s   ANOMALIES: 1   mean=0.505 LLR=-0.05 (game LLR=-0.05) [CONTINUE]
 603 games  +133 =343 -127   +3 Elo +/- 18   3fold=330 (55%)   3181s   ANOMALIES: 1   mean=0.505 LLR=-0.05 (game LLR=-0.05) [CONTINUE]
 604 games  +133 =343 -128   +3 Elo +/- 18   3fold=330 (55%)   3182s   ANOMALIES: 1   mean=0.504 LLR=-0.05 (game LLR=-0.10) [CONTINUE]
 605 games  +133 =344 -128   +3 Elo +/- 18   3fold=331 (55%)   3184s   ANOMALIES: 1   mean=0.504 LLR=-0.05 (game LLR=-0.10) [CONTINUE]
 606 games  +133 =345 -128   +3 Elo +/- 18   3fold=332 (55%)   3194s   ANOMALIES: 1   mean=0.504 LLR=+0.00 (game LLR=-0.11) [CONTINUE]
 607 games  +134 =345 -128   +3 Elo +/- 18   3fold=332 (55%)   3194s   ANOMALIES: 1   mean=0.505 LLR=-0.06 (game LLR=-0.05) [CONTINUE]
 608 games  +134 =346 -128   +3 Elo +/- 18   3fold=333 (55%)   3209s   ANOMALIES: 1   mean=0.505 LLR=-0.06 (game LLR=-0.05) [CONTINUE]
 609 games  +134 =346 -129   +3 Elo +/- 18   3fold=333 (55%)   3214s   ANOMALIES: 1   mean=0.504 LLR=-0.06 (game LLR=-0.11) [CONTINUE]
 610 games  +134 =346 -130   +2 Elo +/- 18   3fold=333 (55%)   3215s   ANOMALIES: 1   mean=0.503 LLR=-0.06 (game LLR=-0.16) [CONTINUE]
 611 games  +134 =347 -130   +2 Elo +/- 18   3fold=334 (55%)   3215s   ANOMALIES: 1   mean=0.503 LLR=-0.06 (game LLR=-0.16) [CONTINUE]
 612 games  +134 =348 -130   +2 Elo +/- 18   3fold=335 (55%)   3225s   ANOMALIES: 1   mean=0.503 LLR=-0.12 (game LLR=-0.16) [CONTINUE]
 613 games  +134 =349 -130   +2 Elo +/- 18   3fold=335 (55%)   3231s   ANOMALIES: 1   mean=0.503 LLR=-0.06 (game LLR=-0.16) [CONTINUE]
*** ANOMALY ***  crash:agent died as white (0-1) -- caused by agent@engine
 614 games  +134 =349 -131   +2 Elo +/- 18   3fold=335 (55%)   3236s   ANOMALIES: 2   mean=0.502 LLR=-0.06 (game LLR=-0.22) [CONTINUE]
*** ANOMALY ***  crash:[Errno 22] Invalid argument as black (1-0) -- caused by agent@engine
 615 games  +134 =349 -132   +1 Elo +/- 18   3fold=335 (54%)   3236s   ANOMALIES: 3   mean=0.502 LLR=-0.06 (game LLR=-0.27) [CONTINUE]
*** ANOMALY ***  crash:agent died as black (0-1) -- caused by agent@checkpoints/openingcap
 616 games  +135 =349 -132   +2 Elo +/- 18   3fold=335 (54%)   3236s   ANOMALIES: 4   mean=0.502 LLR=-0.18 (game LLR=-0.22) [CONTINUE]
*** ANOMALY ***  crash:[Errno 22] Invalid argument as white (1-0) -- caused by agent@checkpoints/openingcap
 617 games  +136 =349 -132   +2 Elo +/- 18   3fold=335 (54%)   3236s   ANOMALIES: 5   mean=0.503 LLR=-0.18 (game LLR=-0.16) [CONTINUE]
*** ANOMALY ***  crash:agent died as white (0-1) -- caused by agent@engine
 618 games  +136 =349 -133   +2 Elo +/- 18   3fold=335 (54%)   3236s   ANOMALIES: 6   mean=0.502 LLR=-0.18 (game LLR=-0.22) [CONTINUE]
*** ANOMALY ***  crash:agent died as black (0-1) -- caused by agent@checkpoints/openingcap
 619 games  +137 =349 -133   +2 Elo +/- 18   3fold=335 (54%)   3236s   ANOMALIES: 7   mean=0.503 LLR=-0.18 (game LLR=-0.16) [CONTINUE]
*** ANOMALY ***  crash:[Errno 22] Invalid argument as white (1-0) -- caused by agent@checkpoints/openingcap
 620 games  +138 =349 -133   +3 Elo +/- 18   3fold=335 (54%)   3236s   ANOMALIES: 8   mean=0.504 LLR=-0.12 (game LLR=-0.11) [CONTINUE]
*** ANOMALY ***  crash:[Errno 22] Invalid argument as black (1-0) -- caused by agent@engine
 621 games  +138 =349 -134   +2 Elo +/- 18   3fold=335 (54%)   3236s   ANOMALIES: 9   mean=0.503 LLR=-0.12 (game LLR=-0.17) [CONTINUE]
*** ANOMALY ***  crash:agent died as white (0-1) -- caused by agent@engine
 622 games  +138 =349 -135   +2 Elo +/- 18   3fold=335 (54%)   3236s   ANOMALIES: 10   mean=0.502 LLR=-0.12 (game LLR=-0.22) [CONTINUE]
*** ANOMALY ***  crash:[Errno 22] Invalid argument as white (1-0) -- caused by agent@checkpoints/openingcap
 623 games  +139 =349 -135   +2 Elo +/- 18   3fold=335 (54%)   3236s   ANOMALIES: 11   mean=0.503 LLR=-0.12 (game LLR=-0.17) [CONTINUE]
*** ANOMALY ***  crash:[Errno 22] Invalid argument as black (1-0) -- caused by agent@engine
 624 games  +139 =349 -136   +2 Elo +/- 18   3fold=335 (54%)   3236s   ANOMALIES: 12   mean=0.502 LLR=-0.12 (game LLR=-0.22) [CONTINUE]
*** ANOMALY ***  crash:[Errno 22] Invalid argument as black (1-0) -- caused by agent@engine
 625 games  +139 =349 -137   +1 Elo +/- 18   3fold=335 (54%)   3236s   ANOMALIES: 13   mean=0.502 LLR=-0.24 (game LLR=-0.27) [CONTINUE]
*** ANOMALY ***  crash:[Errno 22] Invalid argument as white (0-1) -- caused by agent@engine
 626 games  +139 =349 -138   +1 Elo +/- 18   3fold=335 (54%)   3236s   ANOMALIES: 14   mean=0.501 LLR=-0.24 (game LLR=-0.32) [CONTINUE]
*** ANOMALY ***  crash:[Errno 22] Invalid argument as black (0-1) -- caused by agent@checkpoints/openingcap
 627 games  +140 =349 -138   +1 Elo +/- 18   3fold=335 (53%)   3236s   ANOMALIES: 15   mean=0.502 LLR=-0.24 (game LLR=-0.27) [CONTINUE]
*** ANOMALY ***  crash:[Errno 22] Invalid argument as white (0-1) -- caused by agent@engine
 628 games  +140 =349 -139   +1 Elo +/- 18   3fold=335 (53%)   3236s   ANOMALIES: 16   mean=0.501 LLR=-0.24 (game LLR=-0.32) [CONTINUE]
*** ANOMALY ***  crash:agent died as black (0-1) -- caused by agent@checkpoints/openingcap
 629 games  +141 =349 -139   +1 Elo +/- 18   3fold=335 (53%)   3236s   ANOMALIES: 17   mean=0.502 LLR=-0.24 (game LLR=-0.27) [CONTINUE]
*** ANOMALY ***  crash:[Errno 22] Invalid argument as black (0-1) -- caused by agent@checkpoints/openingcap
 630 games  +142 =349 -139   +2 Elo +/- 18   3fold=335 (53%)   3236s   ANOMALIES: 18   mean=0.502 LLR=-0.24 (game LLR=-0.22) [CONTINUE]
*** ANOMALY ***  crash:[Errno 22] Invalid argument as white (0-1) -- caused by agent@engine
 631 games  +142 =349 -140   +1 Elo +/- 18   3fold=335 (53%)   3236s   ANOMALIES: 19   mean=0.502 LLR=-0.25 (game LLR=-0.27) [CONTINUE]
*** ANOMALY ***  crash:agent died as white (1-0) -- caused by agent@checkpoints/openingcap
 632 games  +143 =349 -140   +2 Elo +/- 18   3fold=335 (53%)   3236s   ANOMALIES: 20   mean=0.502 LLR=-0.25 (game LLR=-0.22) [CONTINUE]
*** ANOMALY ***  crash:[Errno 22] Invalid argument as white (1-0) -- caused by agent@checkpoints/openingcap
