games=6665  targets=14367  cached=6888  todo=8008  workers=12  30000ms each
targets by our-move depth: d1=1148  d2=5242  d3=7977
estimated 5.6 h (before contention)
     25/8008  0.05 h elapsed, ~15.52 h left  (6913 stored)
     50/8008  0.07 h elapsed, ~10.40 h left  (6938 stored)
     75/8008  0.08 h elapsed, ~8.68 h left  (6963 stored)
    100/8008  0.10 h elapsed, ~7.81 h left  (6988 stored)
    125/8008  0.12 h elapsed, ~7.28 h left  (7013 stored)
    150/8008  0.13 h elapsed, ~6.93 h left  (7038 stored)
    175/8008  0.15 h elapsed, ~6.67 h left  (7063 stored)
    200/8008  0.17 h elapsed, ~6.47 h left  (7088 stored)
    225/8008  0.18 h elapsed, ~6.31 h left  (7113 stored)
    250/8008  0.20 h elapsed, ~6.18 h left  (7138 stored)
    275/8008  0.22 h elapsed, ~6.07 h left  (7163 stored)
    300/8008  0.23 h elapsed, ~5.98 h left  (7188 stored)
    325/8008  0.26 h elapsed, ~6.07 h left  (7213 stored)
    350/8008  0.27 h elapsed, ~5.99 h left  (7238 stored)
    375/8008  0.29 h elapsed, ~5.91 h left  (7263 stored)
    400/8008  0.31 h elapsed, ~5.84 h left  (7288 stored)
    425/8008  0.32 h elapsed, ~5.78 h left  (7313 stored)
    450/8008  0.34 h elapsed, ~5.72 h left  (7338 stored)
    475/8008  0.36 h elapsed, ~5.67 h left  (7363 stored)
    500/8008  0.37 h elapsed, ~5.62 h left  (7388 stored)
    525/8008  0.39 h elapsed, ~5.57 h left  (7413 stored)
    550/8008  0.41 h elapsed, ~5.53 h left  (7438 stored)
    575/8008  0.42 h elapsed, ~5.49 h left  (7463 stored)
    600/8008  0.44 h elapsed, ~5.45 h left  (7488 stored)
    625/8008  0.47 h elapsed, ~5.50 h left  (7513 stored)
    650/8008  0.48 h elapsed, ~5.46 h left  (7538 stored)
    675/8008  0.50 h elapsed, ~5.42 h left  (7563 stored)
    700/8008  0.52 h elapsed, ~5.38 h left  (7588 stored)
    725/8008  0.53 h elapsed, ~5.35 h left  (7613 stored)
    750/8008  0.55 h elapsed, ~5.31 h left  (7638 stored)
    775/8008  0.57 h elapsed, ~5.28 h left  (7663 stored)
    800/8008  0.58 h elapsed, ~5.25 h left  (7688 stored)
    825/8008  0.60 h elapsed, ~5.22 h left  (7713 stored)
    850/8008  0.62 h elapsed, ~5.19 h left  (7738 stored)
    875/8008  0.63 h elapsed, ~5.16 h left  (7763 stored)
    900/8008  0.65 h elapsed, ~5.13 h left  (7788 stored)
    925/8008  0.67 h elapsed, ~5.16 h left  (7813 stored)
    950/8008  0.69 h elapsed, ~5.13 h left  (7838 stored)
    975/8008  0.71 h elapsed, ~5.10 h left  (7863 stored)
   1000/8008  0.72 h elapsed, ~5.07 h left  (7888 stored)
   1025/8008  0.74 h elapsed, ~5.05 h left  (7913 stored)
   1050/8008  0.76 h elapsed, ~5.02 h left  (7938 stored)
   1075/8008  0.77 h elapsed, ~4.99 h left  (7963 stored)
   1100/8008  0.79 h elapsed, ~4.97 h left  (7988 stored)
   1125/8008  0.81 h elapsed, ~4.94 h left  (8013 stored)
   1150/8008  0.82 h elapsed, ~4.92 h left  (8038 stored)
   1175/8008  0.84 h elapsed, ~4.89 h left  (8063 stored)
   1200/8008  0.86 h elapsed, ~4.87 h left  (8088 stored)
   1225/8008  0.88 h elapsed, ~4.88 h left  (8113 stored)
   1250/8008  0.90 h elapsed, ~4.86 h left  (8138 stored)
   1275/8008  0.92 h elapsed, ~4.83 h left  (8163 stored)
   1300/8008  0.93 h elapsed, ~4.81 h left  (8188 stored)
   1325/8008  0.95 h elapsed, ~4.79 h left  (8213 stored)
   1350/8008  0.97 h elapsed, ~4.76 h left  (8238 stored)
   1375/8008  0.98 h elapsed, ~4.74 h left  (8263 stored)
   1400/8008  1.00 h elapsed, ~4.72 h left  (8288 stored)
   1425/8008  1.02 h elapsed, ~4.69 h left  (8313 stored)
   1450/8008  1.03 h elapsed, ~4.67 h left  (8338 stored)
   1475/8008  1.05 h elapsed, ~4.65 h left  (8363 stored)
   1500/8008  1.07 h elapsed, ~4.63 h left  (8388 stored)
   1525/8008  1.09 h elapsed, ~4.64 h left  (8413 stored)
   1550/8008  1.11 h elapsed, ~4.61 h left  (8438 stored)
   1575/8008  1.12 h elapsed, ~4.59 h left  (8463 stored)
   1600/8008  1.14 h elapsed, ~4.57 h left  (8488 stored)
   1625/8008  1.16 h elapsed, ~4.55 h left  (8513 stored)
   1650/8008  1.17 h elapsed, ~4.52 h left  (8538 stored)
   1675/8008  1.19 h elapsed, ~4.50 h left  (8563 stored)
   1700/8008  1.21 h elapsed, ~4.48 h left  (8588 stored)
   1725/8008  1.22 h elapsed, ~4.46 h left  (8613 stored)
   1750/8008  1.24 h elapsed, ~4.44 h left  (8638 stored)
   1775/8008  1.26 h elapsed, ~4.42 h left  (8663 stored)
   1800/8008  1.27 h elapsed, ~4.40 h left  (8688 stored)
   1825/8008  1.30 h elapsed, ~4.40 h left  (8713 stored)
   1850/8008  1.32 h elapsed, ~4.38 h left  (8738 stored)
   1875/8008  1.33 h elapsed, ~4.36 h left  (8763 stored)
   1900/8008  1.35 h elapsed, ~4.34 h left  (8788 stored)
   1925/8008  1.37 h elapsed, ~4.32 h left  (8813 stored)
   1950/8008  1.38 h elapsed, ~4.29 h left  (8838 stored)
   1975/8008  1.40 h elapsed, ~4.27 h left  (8863 stored)
   2000/8008  1.42 h elapsed, ~4.25 h left  (8888 stored)
   2025/8008  1.43 h elapsed, ~4.23 h left  (8913 stored)
   2050/8008  1.45 h elapsed, ~4.21 h left  (8938 stored)
   2075/8008  1.47 h elapsed, ~4.19 h left  (8963 stored)
   2100/8008  1.48 h elapsed, ~4.17 h left  (8988 stored)
   2125/8008  1.51 h elapsed, ~4.17 h left  (9013 stored)
   2150/8008  1.52 h elapsed, ~4.15 h left  (9038 stored)
   2175/8008  1.54 h elapsed, ~4.13 h left  (9063 stored)
   2200/8008  1.56 h elapsed, ~4.11 h left  (9088 stored)
   2225/8008  1.57 h elapsed, ~4.09 h left  (9113 stored)
   2250/8008  1.59 h elapsed, ~4.07 h left  (9138 stored)
   2275/8008  1.61 h elapsed, ~4.05 h left  (9163 stored)
   2300/8008  1.62 h elapsed, ~4.03 h left  (9188 stored)
   2325/8008  1.64 h elapsed, ~4.01 h left  (9213 stored)
   2350/8008  1.66 h elapsed, ~3.99 h left  (9238 stored)
   2375/8008  1.67 h elapsed, ~3.97 h left  (9263 stored)
   2400/8008  1.69 h elapsed, ~3.95 h left  (9288 stored)
   2425/8008  1.72 h elapsed, ~3.95 h left  (9313 stored)
   2450/8008  1.73 h elapsed, ~3.93 h left  (9338 stored)
   2475/8008  1.75 h elapsed, ~3.91 h left  (9363 stored)
   2500/8008  1.77 h elapsed, ~3.89 h left  (9388 stored)
   2525/8008  1.78 h elapsed, ~3.87 h left  (9413 stored)
   2550/8008  1.80 h elapsed, ~3.85 h left  (9438 stored)
   2575/8008  1.82 h elapsed, ~3.83 h left  (9463 stored)
   2600/8008  1.83 h elapsed, ~3.81 h left  (9488 stored)
   2625/8008  1.85 h elapsed, ~3.79 h left  (9513 stored)
   2650/8008  1.87 h elapsed, ~3.77 h left  (9538 stored)
   2675/8008  1.88 h elapsed, ~3.75 h left  (9563 stored)
   2700/8008  1.90 h elapsed, ~3.73 h left  (9588 stored)
   2725/8008  1.92 h elapsed, ~3.73 h left  (9613 stored)
   2750/8008  1.94 h elapsed, ~3.71 h left  (9638 stored)
   2775/8008  1.96 h elapsed, ~3.69 h left  (9663 stored)
   2800/8008  1.97 h elapsed, ~3.67 h left  (9688 stored)
   2825/8008  1.99 h elapsed, ~3.65 h left  (9713 stored)
   2850/8008  2.01 h elapsed, ~3.63 h left  (9738 stored)
   2875/8008  2.02 h elapsed, ~3.61 h left  (9763 stored)
   2900/8008  2.04 h elapsed, ~3.59 h left  (9788 stored)
   2925/8008  2.06 h elapsed, ~3.58 h left  (9813 stored)
   2950/8008  2.07 h elapsed, ~3.56 h left  (9838 stored)
   2975/8008  2.09 h elapsed, ~3.54 h left  (9863 stored)
   3000/8008  2.11 h elapsed, ~3.52 h left  (9888 stored)
   3025/8008  2.13 h elapsed, ~3.51 h left  (9913 stored)
   3050/8008  2.15 h elapsed, ~3.49 h left  (9938 stored)
   3075/8008  2.17 h elapsed, ~3.47 h left  (9963 stored)
   3100/8008  2.18 h elapsed, ~3.46 h left  (9988 stored)
   3125/8008  2.20 h elapsed, ~3.44 h left  (10013 stored)
   3150/8008  2.22 h elapsed, ~3.42 h left  (10038 stored)
   3175/8008  2.23 h elapsed, ~3.40 h left  (10063 stored)
   3200/8008  2.25 h elapsed, ~3.38 h left  (10088 stored)
   3225/8008  2.27 h elapsed, ~3.36 h left  (10113 stored)
   3250/8008  2.28 h elapsed, ~3.34 h left  (10138 stored)
   3275/8008  2.30 h elapsed, ~3.32 h left  (10163 stored)
   3300/8008  2.32 h elapsed, ~3.30 h left  (10188 stored)
   3325/8008  2.34 h elapsed, ~3.30 h left  (10213 stored)
   3350/8008  2.36 h elapsed, ~3.28 h left  (10238 stored)
   3375/8008  2.37 h elapsed, ~3.26 h left  (10263 stored)
   3400/8008  2.39 h elapsed, ~3.24 h left  (10288 stored)
   3425/8008  2.41 h elapsed, ~3.22 h left  (10313 stored)
   3450/8008  2.42 h elapsed, ~3.20 h left  (10338 stored)
   3475/8008  2.44 h elapsed, ~3.18 h left  (10363 stored)
   3500/8008  2.46 h elapsed, ~3.17 h left  (10388 stored)
   3525/8008  2.47 h elapsed, ~3.15 h left  (10413 stored)
   3550/8008  2.49 h elapsed, ~3.13 h left  (10438 stored)
   3575/8008  2.51 h elapsed, ~3.11 h left  (10463 stored)
   3600/8008  2.52 h elapsed, ~3.09 h left  (10488 stored)
   3625/8008  2.55 h elapsed, ~3.08 h left  (10513 stored)
   3650/8008  2.57 h elapsed, ~3.06 h left  (10538 stored)
   3675/8008  2.58 h elapsed, ~3.04 h left  (10563 stored)
   3700/8008  2.60 h elapsed, ~3.03 h left  (10588 stored)
   3725/8008  2.62 h elapsed, ~3.01 h left  (10613 stored)
   3750/8008  2.63 h elapsed, ~2.99 h left  (10638 stored)
   3775/8008  2.65 h elapsed, ~2.97 h left  (10663 stored)
   3800/8008  2.67 h elapsed, ~2.95 h left  (10688 stored)
   3825/8008  2.68 h elapsed, ~2.93 h left  (10713 stored)
   3850/8008  2.70 h elapsed, ~2.92 h left  (10738 stored)
   3875/8008  2.72 h elapsed, ~2.90 h left  (10763 stored)
   3900/8008  2.73 h elapsed, ~2.88 h left  (10788 stored)
   3925/8008  2.76 h elapsed, ~2.87 h left  (10813 stored)
   3950/8008  2.77 h elapsed, ~2.85 h left  (10838 stored)
   3975/8008  2.79 h elapsed, ~2.83 h left  (10863 stored)
   4000/8008  2.81 h elapsed, ~2.81 h left  (10888 stored)
   4025/8008  2.82 h elapsed, ~2.79 h left  (10913 stored)
   4050/8008  2.84 h elapsed, ~2.78 h left  (10938 stored)
   4075/8008  2.86 h elapsed, ~2.76 h left  (10963 stored)
   4100/8008  2.87 h elapsed, ~2.74 h left  (10988 stored)
   4125/8008  2.89 h elapsed, ~2.72 h left  (11013 stored)
   4150/8008  2.91 h elapsed, ~2.70 h left  (11038 stored)
   4175/8008  2.92 h elapsed, ~2.69 h left  (11063 stored)
   4200/8008  2.94 h elapsed, ~2.67 h left  (11088 stored)
   4225/8008  2.97 h elapsed, ~2.66 h left  (11113 stored)
   4250/8008  2.98 h elapsed, ~2.64 h left  (11138 stored)
   4275/8008  3.00 h elapsed, ~2.62 h left  (11163 stored)
   4300/8008  3.02 h elapsed, ~2.60 h left  (11188 stored)
   4325/8008  3.03 h elapsed, ~2.58 h left  (11213 stored)
   4350/8008  3.05 h elapsed, ~2.56 h left  (11238 stored)
   4375/8008  3.07 h elapsed, ~2.55 h left  (11263 stored)
   4400/8008  3.08 h elapsed, ~2.53 h left  (11288 stored)
   4425/8008  3.10 h elapsed, ~2.51 h left  (11313 stored)
   4450/8008  3.12 h elapsed, ~2.49 h left  (11338 stored)
   4475/8008  3.13 h elapsed, ~2.47 h left  (11363 stored)
   4500/8008  3.15 h elapsed, ~2.46 h left  (11388 stored)
   4525/8008  3.17 h elapsed, ~2.44 h left  (11413 stored)
   4550/8008  3.19 h elapsed, ~2.42 h left  (11438 stored)
   4575/8008  3.21 h elapsed, ~2.41 h left  (11463 stored)
   4600/8008  3.22 h elapsed, ~2.39 h left  (11488 stored)
   4625/8008  3.24 h elapsed, ~2.37 h left  (11513 stored)
   4650/8008  3.26 h elapsed, ~2.35 h left  (11538 stored)
   4675/8008  3.27 h elapsed, ~2.33 h left  (11563 stored)
   4700/8008  3.29 h elapsed, ~2.32 h left  (11588 stored)
   4725/8008  3.31 h elapsed, ~2.30 h left  (11613 stored)
   4750/8008  3.32 h elapsed, ~2.28 h left  (11638 stored)
   4775/8008  3.34 h elapsed, ~2.26 h left  (11663 stored)
   4800/8008  3.36 h elapsed, ~2.24 h left  (11688 stored)
   4825/8008  3.38 h elapsed, ~2.23 h left  (11713 stored)
   4850/8008  3.40 h elapsed, ~2.21 h left  (11738 stored)
   4875/8008  3.42 h elapsed, ~2.20 h left  (11763 stored)
   4900/8008  3.43 h elapsed, ~2.18 h left  (11788 stored)
