games=14290  targets=25831  cached=11796  todo=15625  workers=12  30000ms each
targets by our-move depth: d1=1188  d2=9203  d3=15440
estimated 10.9 h (before contention)
     25/15625  0.05 h elapsed, ~29.63 h left  (11821 stored)
     50/15625  0.06 h elapsed, ~19.99 h left  (11846 stored)
     75/15625  0.08 h elapsed, ~16.77 h left  (11871 stored)
    100/15625  0.10 h elapsed, ~15.15 h left  (11896 stored)
    125/15625  0.11 h elapsed, ~14.16 h left  (11921 stored)
    150/15625  0.13 h elapsed, ~13.50 h left  (11946 stored)
    175/15625  0.15 h elapsed, ~13.03 h left  (11971 stored)
    200/15625  0.16 h elapsed, ~12.67 h left  (11996 stored)
    225/15625  0.18 h elapsed, ~12.39 h left  (12021 stored)
    250/15625  0.20 h elapsed, ~12.16 h left  (12046 stored)
    275/15625  0.21 h elapsed, ~11.97 h left  (12071 stored)
    300/15625  0.23 h elapsed, ~11.81 h left  (12096 stored)
    325/15625  0.25 h elapsed, ~11.66 h left  (12121 stored)
    350/15625  0.27 h elapsed, ~11.89 h left  (12146 stored)
    375/15625  0.29 h elapsed, ~11.76 h left  (12171 stored)
    400/15625  0.31 h elapsed, ~11.64 h left  (12196 stored)
    425/15625  0.32 h elapsed, ~11.54 h left  (12221 stored)
    450/15625  0.34 h elapsed, ~11.44 h left  (12246 stored)
    475/15625  0.36 h elapsed, ~11.35 h left  (12271 stored)
    500/15625  0.37 h elapsed, ~11.27 h left  (12296 stored)
    525/15625  0.39 h elapsed, ~11.20 h left  (12321 stored)
    550/15625  0.41 h elapsed, ~11.13 h left  (12346 stored)
    575/15625  0.42 h elapsed, ~11.07 h left  (12371 stored)
    600/15625  0.44 h elapsed, ~11.00 h left  (12396 stored)
    625/15625  0.46 h elapsed, ~10.95 h left  (12421 stored)
    650/15625  0.48 h elapsed, ~11.08 h left  (12446 stored)
    675/15625  0.50 h elapsed, ~11.02 h left  (12471 stored)
    700/15625  0.51 h elapsed, ~10.96 h left  (12496 stored)
    725/15625  0.53 h elapsed, ~10.91 h left  (12521 stored)
    750/15625  0.55 h elapsed, ~10.86 h left  (12546 stored)
    775/15625  0.56 h elapsed, ~10.81 h left  (12571 stored)
    800/15625  0.58 h elapsed, ~10.77 h left  (12596 stored)
    825/15625  0.60 h elapsed, ~10.72 h left  (12621 stored)
    850/15625  0.61 h elapsed, ~10.68 h left  (12646 stored)
    875/15625  0.63 h elapsed, ~10.64 h left  (12671 stored)
    900/15625  0.65 h elapsed, ~10.60 h left  (12696 stored)
    925/15625  0.66 h elapsed, ~10.56 h left  (12721 stored)
    950/15625  0.69 h elapsed, ~10.65 h left  (12746 stored)
    975/15625  0.71 h elapsed, ~10.61 h left  (12771 stored)
   1000/15625  0.72 h elapsed, ~10.57 h left  (12796 stored)
   1025/15625  0.74 h elapsed, ~10.53 h left  (12821 stored)
   1050/15625  0.76 h elapsed, ~10.49 h left  (12846 stored)
   1075/15625  0.77 h elapsed, ~10.46 h left  (12871 stored)
   1100/15625  0.79 h elapsed, ~10.42 h left  (12896 stored)
   1125/15625  0.81 h elapsed, ~10.39 h left  (12921 stored)
   1150/15625  0.82 h elapsed, ~10.36 h left  (12946 stored)
   1175/15625  0.84 h elapsed, ~10.32 h left  (12971 stored)
   1200/15625  0.86 h elapsed, ~10.29 h left  (12996 stored)
   1225/15625  0.87 h elapsed, ~10.26 h left  (13021 stored)
   1250/15625  0.90 h elapsed, ~10.32 h left  (13046 stored)
   1275/15625  0.91 h elapsed, ~10.29 h left  (13071 stored)
   1300/15625  0.93 h elapsed, ~10.26 h left  (13096 stored)
   1325/15625  0.95 h elapsed, ~10.23 h left  (13121 stored)
   1350/15625  0.96 h elapsed, ~10.20 h left  (13146 stored)
   1375/15625  0.98 h elapsed, ~10.17 h left  (13171 stored)
   1400/15625  1.00 h elapsed, ~10.14 h left  (13196 stored)
   1425/15625  1.01 h elapsed, ~10.11 h left  (13221 stored)
   1450/15625  1.03 h elapsed, ~10.08 h left  (13246 stored)
   1475/15625  1.05 h elapsed, ~10.05 h left  (13271 stored)
   1500/15625  1.06 h elapsed, ~10.02 h left  (13296 stored)
   1525/15625  1.08 h elapsed, ~10.00 h left  (13321 stored)
   1550/15625  1.10 h elapsed, ~9.97 h left  (13346 stored)
   1575/15625  1.12 h elapsed, ~10.01 h left  (13371 stored)
   1600/15625  1.14 h elapsed, ~9.99 h left  (13396 stored)
   1625/15625  1.16 h elapsed, ~9.96 h left  (13421 stored)
   1650/15625  1.17 h elapsed, ~9.93 h left  (13446 stored)
   1675/15625  1.19 h elapsed, ~9.91 h left  (13471 stored)
   1700/15625  1.21 h elapsed, ~9.88 h left  (13496 stored)
   1725/15625  1.22 h elapsed, ~9.85 h left  (13521 stored)
   1750/15625  1.24 h elapsed, ~9.83 h left  (13546 stored)
   1775/15625  1.26 h elapsed, ~9.80 h left  (13571 stored)
   1800/15625  1.27 h elapsed, ~9.78 h left  (13596 stored)
   1825/15625  1.29 h elapsed, ~9.75 h left  (13621 stored)
   1850/15625  1.31 h elapsed, ~9.73 h left  (13646 stored)
   1875/15625  1.33 h elapsed, ~9.76 h left  (13671 stored)
   1900/15625  1.35 h elapsed, ~9.73 h left  (13696 stored)
   1925/15625  1.36 h elapsed, ~9.71 h left  (13721 stored)
   1950/15625  1.38 h elapsed, ~9.68 h left  (13746 stored)
   1975/15625  1.40 h elapsed, ~9.66 h left  (13771 stored)
   2000/15625  1.41 h elapsed, ~9.64 h left  (13796 stored)
   2025/15625  1.43 h elapsed, ~9.61 h left  (13821 stored)
   2050/15625  1.45 h elapsed, ~9.59 h left  (13846 stored)
   2075/15625  1.46 h elapsed, ~9.56 h left  (13871 stored)
   2100/15625  1.48 h elapsed, ~9.54 h left  (13896 stored)
   2125/15625  1.50 h elapsed, ~9.52 h left  (13921 stored)
   2150/15625  1.51 h elapsed, ~9.49 h left  (13946 stored)
   2175/15625  1.54 h elapsed, ~9.52 h left  (13971 stored)
   2200/15625  1.56 h elapsed, ~9.50 h left  (13996 stored)
   2225/15625  1.57 h elapsed, ~9.47 h left  (14021 stored)
   2250/15625  1.59 h elapsed, ~9.45 h left  (14046 stored)
   2275/15625  1.61 h elapsed, ~9.42 h left  (14071 stored)
   2300/15625  1.62 h elapsed, ~9.40 h left  (14096 stored)
   2325/15625  1.64 h elapsed, ~9.38 h left  (14121 stored)
   2350/15625  1.66 h elapsed, ~9.36 h left  (14146 stored)
   2375/15625  1.67 h elapsed, ~9.33 h left  (14171 stored)
   2400/15625  1.69 h elapsed, ~9.31 h left  (14196 stored)
   2425/15625  1.71 h elapsed, ~9.29 h left  (14221 stored)
   2450/15625  1.72 h elapsed, ~9.27 h left  (14246 stored)
   2475/15625  1.75 h elapsed, ~9.29 h left  (14271 stored)
   2500/15625  1.76 h elapsed, ~9.26 h left  (14296 stored)
   2525/15625  1.78 h elapsed, ~9.24 h left  (14321 stored)
   2550/15625  1.80 h elapsed, ~9.22 h left  (14346 stored)
   2575/15625  1.81 h elapsed, ~9.20 h left  (14371 stored)
   2600/15625  1.83 h elapsed, ~9.17 h left  (14396 stored)
   2625/15625  1.85 h elapsed, ~9.15 h left  (14421 stored)
   2650/15625  1.86 h elapsed, ~9.13 h left  (14446 stored)
   2675/15625  1.88 h elapsed, ~9.11 h left  (14471 stored)
   2700/15625  1.90 h elapsed, ~9.09 h left  (14496 stored)
   2725/15625  1.91 h elapsed, ~9.06 h left  (14521 stored)
   2750/15625  1.93 h elapsed, ~9.04 h left  (14546 stored)
   2775/15625  1.96 h elapsed, ~9.06 h left  (14571 stored)
   2800/15625  1.97 h elapsed, ~9.04 h left  (14596 stored)
   2825/15625  1.99 h elapsed, ~9.01 h left  (14621 stored)
   2850/15625  2.01 h elapsed, ~8.99 h left  (14646 stored)
   2875/15625  2.02 h elapsed, ~8.97 h left  (14671 stored)
   2900/15625  2.04 h elapsed, ~8.95 h left  (14696 stored)
   2925/15625  2.06 h elapsed, ~8.93 h left  (14721 stored)
   2950/15625  2.07 h elapsed, ~8.91 h left  (14746 stored)
   2975/15625  2.09 h elapsed, ~8.89 h left  (14771 stored)
   3000/15625  2.11 h elapsed, ~8.86 h left  (14796 stored)
   3025/15625  2.12 h elapsed, ~8.84 h left  (14821 stored)
   3050/15625  2.14 h elapsed, ~8.82 h left  (14846 stored)
   3075/15625  2.16 h elapsed, ~8.83 h left  (14871 stored)
   3100/15625  2.18 h elapsed, ~8.81 h left  (14896 stored)
   3125/15625  2.20 h elapsed, ~8.79 h left  (14921 stored)
   3150/15625  2.21 h elapsed, ~8.77 h left  (14946 stored)
   3175/15625  2.23 h elapsed, ~8.75 h left  (14971 stored)
   3200/15625  2.25 h elapsed, ~8.73 h left  (14996 stored)
   3225/15625  2.26 h elapsed, ~8.71 h left  (15021 stored)
   3250/15625  2.28 h elapsed, ~8.69 h left  (15046 stored)
   3275/15625  2.30 h elapsed, ~8.67 h left  (15071 stored)
   3300/15625  2.31 h elapsed, ~8.64 h left  (15096 stored)
   3325/15625  2.33 h elapsed, ~8.62 h left  (15121 stored)
   3350/15625  2.35 h elapsed, ~8.60 h left  (15146 stored)
   3375/15625  2.37 h elapsed, ~8.61 h left  (15171 stored)
   3400/15625  2.39 h elapsed, ~8.59 h left  (15196 stored)
   3425/15625  2.41 h elapsed, ~8.57 h left  (15221 stored)
   3450/15625  2.42 h elapsed, ~8.55 h left  (15246 stored)
   3475/15625  2.44 h elapsed, ~8.53 h left  (15271 stored)
   3500/15625  2.46 h elapsed, ~8.51 h left  (15296 stored)
   3525/15625  2.47 h elapsed, ~8.49 h left  (15321 stored)
   3550/15625  2.49 h elapsed, ~8.47 h left  (15346 stored)
   3575/15625  2.51 h elapsed, ~8.45 h left  (15371 stored)
   3600/15625  2.52 h elapsed, ~8.43 h left  (15396 stored)
   3625/15625  2.54 h elapsed, ~8.41 h left  (15421 stored)
   3650/15625  2.56 h elapsed, ~8.39 h left  (15446 stored)
   3675/15625  2.58 h elapsed, ~8.39 h left  (15471 stored)
   3700/15625  2.60 h elapsed, ~8.37 h left  (15496 stored)
   3725/15625  2.61 h elapsed, ~8.35 h left  (15521 stored)
   3750/15625  2.63 h elapsed, ~8.33 h left  (15546 stored)
   3775/15625  2.65 h elapsed, ~8.31 h left  (15571 stored)
   3800/15625  2.66 h elapsed, ~8.29 h left  (15596 stored)
   3825/15625  2.68 h elapsed, ~8.27 h left  (15621 stored)
   3850/15625  2.70 h elapsed, ~8.25 h left  (15646 stored)
   3875/15625  2.71 h elapsed, ~8.23 h left  (15671 stored)
   3900/15625  2.73 h elapsed, ~8.21 h left  (15696 stored)
   3925/15625  2.75 h elapsed, ~8.19 h left  (15721 stored)
   3950/15625  2.76 h elapsed, ~8.17 h left  (15746 stored)
   3975/15625  2.79 h elapsed, ~8.18 h left  (15771 stored)
   4000/15625  2.81 h elapsed, ~8.16 h left  (15796 stored)
   4025/15625  2.82 h elapsed, ~8.14 h left  (15821 stored)
   4050/15625  2.84 h elapsed, ~8.12 h left  (15846 stored)
   4075/15625  2.86 h elapsed, ~8.10 h left  (15871 stored)
   4100/15625  2.87 h elapsed, ~8.08 h left  (15896 stored)
   4125/15625  2.89 h elapsed, ~8.06 h left  (15921 stored)
   4150/15625  2.91 h elapsed, ~8.04 h left  (15946 stored)
   4175/15625  2.92 h elapsed, ~8.02 h left  (15971 stored)
   4200/15625  2.94 h elapsed, ~8.00 h left  (15996 stored)
   4225/15625  2.96 h elapsed, ~7.98 h left  (16021 stored)
   4250/15625  2.97 h elapsed, ~7.96 h left  (16046 stored)
   4275/15625  3.00 h elapsed, ~7.96 h left  (16071 stored)
   4300/15625  3.01 h elapsed, ~7.94 h left  (16096 stored)
   4325/15625  3.03 h elapsed, ~7.92 h left  (16121 stored)
   4350/15625  3.05 h elapsed, ~7.90 h left  (16146 stored)
   4375/15625  3.06 h elapsed, ~7.88 h left  (16171 stored)
   4400/15625  3.08 h elapsed, ~7.86 h left  (16196 stored)
   4425/15625  3.10 h elapsed, ~7.84 h left  (16221 stored)
   4450/15625  3.11 h elapsed, ~7.82 h left  (16246 stored)
   4475/15625  3.13 h elapsed, ~7.80 h left  (16271 stored)
   4500/15625  3.15 h elapsed, ~7.78 h left  (16296 stored)
   4525/15625  3.16 h elapsed, ~7.76 h left  (16321 stored)
   4550/15625  3.18 h elapsed, ~7.74 h left  (16346 stored)
   4575/15625  3.21 h elapsed, ~7.74 h left  (16371 stored)
   4600/15625  3.22 h elapsed, ~7.72 h left  (16396 stored)
   4625/15625  3.24 h elapsed, ~7.70 h left  (16421 stored)
   4650/15625  3.26 h elapsed, ~7.69 h left  (16446 stored)
   4675/15625  3.27 h elapsed, ~7.67 h left  (16471 stored)
   4700/15625  3.29 h elapsed, ~7.65 h left  (16496 stored)
   4725/15625  3.31 h elapsed, ~7.63 h left  (16521 stored)
   4750/15625  3.32 h elapsed, ~7.61 h left  (16546 stored)
   4775/15625  3.34 h elapsed, ~7.59 h left  (16571 stored)
   4800/15625  3.36 h elapsed, ~7.57 h left  (16596 stored)
   4825/15625  3.37 h elapsed, ~7.55 h left  (16621 stored)
   4850/15625  3.39 h elapsed, ~7.53 h left  (16646 stored)
   4875/15625  3.41 h elapsed, ~7.53 h left  (16671 stored)
   4900/15625  3.43 h elapsed, ~7.51 h left  (16696 stored)
   4925/15625  3.45 h elapsed, ~7.49 h left  (16721 stored)
   4950/15625  3.46 h elapsed, ~7.47 h left  (16746 stored)
   4975/15625  3.48 h elapsed, ~7.45 h left  (16771 stored)
   5000/15625  3.50 h elapsed, ~7.43 h left  (16796 stored)
   5025/15625  3.51 h elapsed, ~7.41 h left  (16821 stored)
   5050/15625  3.53 h elapsed, ~7.39 h left  (16846 stored)
   5075/15625  3.55 h elapsed, ~7.38 h left  (16871 stored)
   5100/15625  3.56 h elapsed, ~7.36 h left  (16896 stored)
   5125/15625  3.58 h elapsed, ~7.34 h left  (16921 stored)
   5150/15625  3.60 h elapsed, ~7.32 h left  (16946 stored)
   5175/15625  3.62 h elapsed, ~7.32 h left  (16971 stored)
   5200/15625  3.64 h elapsed, ~7.30 h left  (16996 stored)
   5225/15625  3.66 h elapsed, ~7.28 h left  (17021 stored)
   5250/15625  3.67 h elapsed, ~7.26 h left  (17046 stored)
   5275/15625  3.69 h elapsed, ~7.24 h left  (17071 stored)
   5300/15625  3.71 h elapsed, ~7.22 h left  (17096 stored)
   5325/15625  3.72 h elapsed, ~7.20 h left  (17121 stored)
   5350/15625  3.74 h elapsed, ~7.18 h left  (17146 stored)
   5375/15625  3.76 h elapsed, ~7.16 h left  (17171 stored)
   5400/15625  3.77 h elapsed, ~7.14 h left  (17196 stored)
   5425/15625  3.79 h elapsed, ~7.13 h left  (17221 stored)
   5450/15625  3.81 h elapsed, ~7.11 h left  (17246 stored)
   5475/15625  3.83 h elapsed, ~7.10 h left  (17271 stored)
   5500/15625  3.85 h elapsed, ~7.08 h left  (17296 stored)
   5525/15625  3.86 h elapsed, ~7.06 h left  (17321 stored)
   5550/15625  3.88 h elapsed, ~7.05 h left  (17346 stored)
   5575/15625  3.90 h elapsed, ~7.03 h left  (17371 stored)
   5600/15625  3.91 h elapsed, ~7.01 h left  (17396 stored)
   5625/15625  3.93 h elapsed, ~6.99 h left  (17421 stored)
   5650/15625  3.95 h elapsed, ~6.97 h left  (17446 stored)
   5675/15625  3.96 h elapsed, ~6.95 h left  (17471 stored)
   5700/15625  3.98 h elapsed, ~6.93 h left  (17496 stored)
   5725/15625  4.00 h elapsed, ~6.91 h left  (17521 stored)
   5750/15625  4.01 h elapsed, ~6.89 h left  (17546 stored)
   5775/15625  4.04 h elapsed, ~6.89 h left  (17571 stored)
   5800/15625  4.06 h elapsed, ~6.87 h left  (17596 stored)
   5825/15625  4.07 h elapsed, ~6.85 h left  (17621 stored)
   5850/15625  4.09 h elapsed, ~6.83 h left  (17646 stored)
   5875/15625  4.11 h elapsed, ~6.81 h left  (17671 stored)
   5900/15625  4.12 h elapsed, ~6.80 h left  (17696 stored)
   5925/15625  4.14 h elapsed, ~6.78 h left  (17721 stored)
   5950/15625  4.16 h elapsed, ~6.76 h left  (17746 stored)
   5975/15625  4.17 h elapsed, ~6.74 h left  (17771 stored)
   6000/15625  4.19 h elapsed, ~6.72 h left  (17796 stored)
   6025/15625  4.21 h elapsed, ~6.70 h left  (17821 stored)
   6050/15625  4.22 h elapsed, ~6.68 h left  (17846 stored)
   6075/15625  4.25 h elapsed, ~6.68 h left  (17871 stored)
   6100/15625  4.26 h elapsed, ~6.66 h left  (17896 stored)
   6125/15625  4.28 h elapsed, ~6.64 h left  (17921 stored)
   6150/15625  4.30 h elapsed, ~6.62 h left  (17946 stored)
   6175/15625  4.31 h elapsed, ~6.60 h left  (17971 stored)
   6200/15625  4.33 h elapsed, ~6.58 h left  (17996 stored)
   6225/15625  4.35 h elapsed, ~6.57 h left  (18021 stored)
   6250/15625  4.36 h elapsed, ~6.55 h left  (18046 stored)
   6275/15625  4.38 h elapsed, ~6.53 h left  (18071 stored)
   6300/15625  4.40 h elapsed, ~6.51 h left  (18096 stored)
   6325/15625  4.41 h elapsed, ~6.49 h left  (18121 stored)
   6350/15625  4.43 h elapsed, ~6.47 h left  (18146 stored)
   6375/15625  4.46 h elapsed, ~6.47 h left  (18171 stored)
   6400/15625  4.47 h elapsed, ~6.45 h left  (18196 stored)
   6425/15625  4.49 h elapsed, ~6.43 h left  (18221 stored)
   6450/15625  4.51 h elapsed, ~6.41 h left  (18246 stored)
   6475/15625  4.52 h elapsed, ~6.39 h left  (18271 stored)
   6500/15625  4.54 h elapsed, ~6.37 h left  (18296 stored)
   6525/15625  4.56 h elapsed, ~6.35 h left  (18321 stored)
   6550/15625  4.57 h elapsed, ~6.34 h left  (18346 stored)
   6575/15625  4.59 h elapsed, ~6.32 h left  (18371 stored)
   6600/15625  4.61 h elapsed, ~6.30 h left  (18396 stored)
   6625/15625  4.62 h elapsed, ~6.28 h left  (18421 stored)
   6650/15625  4.64 h elapsed, ~6.26 h left  (18446 stored)
   6675/15625  4.66 h elapsed, ~6.25 h left  (18471 stored)
   6700/15625  4.68 h elapsed, ~6.24 h left  (18496 stored)
   6725/15625  4.70 h elapsed, ~6.22 h left  (18521 stored)
   6750/15625  4.71 h elapsed, ~6.20 h left  (18546 stored)
   6775/15625  4.73 h elapsed, ~6.18 h left  (18571 stored)
   6800/15625  4.75 h elapsed, ~6.16 h left  (18596 stored)
   6825/15625  4.76 h elapsed, ~6.14 h left  (18621 stored)
   6850/15625  4.78 h elapsed, ~6.13 h left  (18646 stored)
   6875/15625  4.80 h elapsed, ~6.11 h left  (18671 stored)
   6900/15625  4.81 h elapsed, ~6.09 h left  (18696 stored)
   6925/15625  4.83 h elapsed, ~6.07 h left  (18721 stored)
   6950/15625  4.85 h elapsed, ~6.05 h left  (18746 stored)
   6975/15625  4.87 h elapsed, ~6.04 h left  (18771 stored)
   7000/15625  4.89 h elapsed, ~6.02 h left  (18796 stored)
   7025/15625  4.91 h elapsed, ~6.01 h left  (18821 stored)
   7050/15625  4.92 h elapsed, ~5.99 h left  (18846 stored)
   7075/15625  4.94 h elapsed, ~5.97 h left  (18871 stored)
   7100/15625  4.96 h elapsed, ~5.95 h left  (18896 stored)
   7125/15625  4.97 h elapsed, ~5.93 h left  (18921 stored)
   7150/15625  4.99 h elapsed, ~5.91 h left  (18946 stored)
   7175/15625  5.01 h elapsed, ~5.90 h left  (18971 stored)
   7200/15625  5.02 h elapsed, ~5.88 h left  (18996 stored)
   7225/15625  5.04 h elapsed, ~5.86 h left  (19021 stored)
   7250/15625  5.06 h elapsed, ~5.84 h left  (19046 stored)
   7275/15625  5.08 h elapsed, ~5.83 h left  (19071 stored)
   7300/15625  5.10 h elapsed, ~5.81 h left  (19096 stored)
   7325/15625  5.11 h elapsed, ~5.80 h left  (19121 stored)
   7350/15625  5.13 h elapsed, ~5.78 h left  (19146 stored)
   7375/15625  5.15 h elapsed, ~5.76 h left  (19171 stored)
   7400/15625  5.16 h elapsed, ~5.74 h left  (19196 stored)
   7425/15625  5.18 h elapsed, ~5.72 h left  (19221 stored)
   7450/15625  5.20 h elapsed, ~5.70 h left  (19246 stored)
   7475/15625  5.21 h elapsed, ~5.69 h left  (19271 stored)
   7500/15625  5.23 h elapsed, ~5.67 h left  (19296 stored)
   7525/15625  5.25 h elapsed, ~5.65 h left  (19321 stored)
   7550/15625  5.26 h elapsed, ~5.63 h left  (19346 stored)
   7575/15625  5.29 h elapsed, ~5.62 h left  (19371 stored)
   7600/15625  5.31 h elapsed, ~5.60 h left  (19396 stored)
   7625/15625  5.32 h elapsed, ~5.58 h left  (19421 stored)
   7650/15625  5.34 h elapsed, ~5.57 h left  (19446 stored)
   7675/15625  5.36 h elapsed, ~5.55 h left  (19471 stored)
   7700/15625  5.37 h elapsed, ~5.53 h left  (19496 stored)
   7725/15625  5.39 h elapsed, ~5.51 h left  (19521 stored)
   7750/15625  5.41 h elapsed, ~5.49 h left  (19546 stored)
   7775/15625  5.42 h elapsed, ~5.48 h left  (19571 stored)
   7800/15625  5.44 h elapsed, ~5.46 h left  (19596 stored)
   7825/15625  5.46 h elapsed, ~5.44 h left  (19621 stored)
   7850/15625  5.47 h elapsed, ~5.42 h left  (19646 stored)
   7875/15625  5.50 h elapsed, ~5.41 h left  (19671 stored)
   7900/15625  5.51 h elapsed, ~5.39 h left  (19696 stored)
   7925/15625  5.53 h elapsed, ~5.37 h left  (19721 stored)
   7950/15625  5.55 h elapsed, ~5.36 h left  (19746 stored)
   7975/15625  5.56 h elapsed, ~5.34 h left  (19771 stored)
   8000/15625  5.58 h elapsed, ~5.32 h left  (19796 stored)
   8025/15625  5.60 h elapsed, ~5.30 h left  (19821 stored)
   8050/15625  5.61 h elapsed, ~5.28 h left  (19846 stored)
   8075/15625  5.63 h elapsed, ~5.27 h left  (19871 stored)
   8100/15625  5.65 h elapsed, ~5.25 h left  (19896 stored)
   8125/15625  5.66 h elapsed, ~5.23 h left  (19921 stored)
   8150/15625  5.68 h elapsed, ~5.21 h left  (19946 stored)
   8175/15625  5.71 h elapsed, ~5.20 h left  (19971 stored)
   8200/15625  5.72 h elapsed, ~5.18 h left  (19996 stored)
   8225/15625  5.74 h elapsed, ~5.16 h left  (20021 stored)
   8250/15625  5.76 h elapsed, ~5.15 h left  (20046 stored)
   8275/15625  5.77 h elapsed, ~5.13 h left  (20071 stored)
   8300/15625  5.79 h elapsed, ~5.11 h left  (20096 stored)
   8325/15625  5.81 h elapsed, ~5.09 h left  (20121 stored)
   8350/15625  5.82 h elapsed, ~5.07 h left  (20146 stored)
   8375/15625  5.84 h elapsed, ~5.06 h left  (20171 stored)
   8400/15625  5.86 h elapsed, ~5.04 h left  (20196 stored)
   8425/15625  5.87 h elapsed, ~5.02 h left  (20221 stored)
   8450/15625  5.89 h elapsed, ~5.00 h left  (20246 stored)
   8475/15625  5.91 h elapsed, ~4.99 h left  (20271 stored)
   8500/15625  5.93 h elapsed, ~4.97 h left  (20296 stored)
   8525/15625  5.95 h elapsed, ~4.95 h left  (20321 stored)
   8550/15625  5.96 h elapsed, ~4.94 h left  (20346 stored)
   8575/15625  5.98 h elapsed, ~4.92 h left  (20371 stored)
   8600/15625  6.00 h elapsed, ~4.90 h left  (20396 stored)
   8625/15625  6.01 h elapsed, ~4.88 h left  (20421 stored)
   8650/15625  6.03 h elapsed, ~4.86 h left  (20446 stored)
   8675/15625  6.05 h elapsed, ~4.85 h left  (20471 stored)
   8700/15625  6.06 h elapsed, ~4.83 h left  (20496 stored)
   8725/15625  6.08 h elapsed, ~4.81 h left  (20521 stored)
   8750/15625  6.10 h elapsed, ~4.79 h left  (20546 stored)
   8775/15625  6.12 h elapsed, ~4.78 h left  (20571 stored)
   8800/15625  6.14 h elapsed, ~4.76 h left  (20596 stored)
   8825/15625  6.16 h elapsed, ~4.74 h left  (20621 stored)
   8850/15625  6.17 h elapsed, ~4.73 h left  (20646 stored)
   8875/15625  6.19 h elapsed, ~4.71 h left  (20671 stored)
   8900/15625  6.21 h elapsed, ~4.69 h left  (20696 stored)
   8925/15625  6.22 h elapsed, ~4.67 h left  (20721 stored)
   8950/15625  6.24 h elapsed, ~4.65 h left  (20746 stored)
   8975/15625  6.26 h elapsed, ~4.64 h left  (20771 stored)
   9000/15625  6.27 h elapsed, ~4.62 h left  (20796 stored)
   9025/15625  6.29 h elapsed, ~4.60 h left  (20821 stored)
   9050/15625  6.31 h elapsed, ~4.58 h left  (20846 stored)
   9075/15625  6.33 h elapsed, ~4.57 h left  (20871 stored)
   9100/15625  6.35 h elapsed, ~4.55 h left  (20896 stored)
   9125/15625  6.36 h elapsed, ~4.53 h left  (20921 stored)
   9150/15625  6.38 h elapsed, ~4.52 h left  (20946 stored)
   9175/15625  6.40 h elapsed, ~4.50 h left  (20971 stored)
   9200/15625  6.41 h elapsed, ~4.48 h left  (20996 stored)
   9225/15625  6.43 h elapsed, ~4.46 h left  (21021 stored)
   9250/15625  6.45 h elapsed, ~4.44 h left  (21046 stored)
   9275/15625  6.46 h elapsed, ~4.43 h left  (21071 stored)
   9300/15625  6.48 h elapsed, ~4.41 h left  (21096 stored)
   9325/15625  6.50 h elapsed, ~4.39 h left  (21121 stored)
   9350/15625  6.52 h elapsed, ~4.37 h left  (21146 stored)
   9375/15625  6.54 h elapsed, ~4.36 h left  (21171 stored)
   9400/15625  6.56 h elapsed, ~4.34 h left  (21196 stored)
   9425/15625  6.57 h elapsed, ~4.32 h left  (21221 stored)
   9450/15625  6.59 h elapsed, ~4.31 h left  (21246 stored)
   9475/15625  6.61 h elapsed, ~4.29 h left  (21271 stored)
   9500/15625  6.62 h elapsed, ~4.27 h left  (21296 stored)
   9525/15625  6.64 h elapsed, ~4.25 h left  (21321 stored)
   9550/15625  6.66 h elapsed, ~4.23 h left  (21346 stored)
   9575/15625  6.67 h elapsed, ~4.22 h left  (21371 stored)
   9600/15625  6.69 h elapsed, ~4.20 h left  (21396 stored)
   9625/15625  6.71 h elapsed, ~4.18 h left  (21421 stored)
   9650/15625  6.72 h elapsed, ~4.16 h left  (21446 stored)
   9675/15625  6.75 h elapsed, ~4.15 h left  (21471 stored)
   9700/15625  6.76 h elapsed, ~4.13 h left  (21496 stored)
   9725/15625  6.78 h elapsed, ~4.11 h left  (21521 stored)
   9750/15625  6.80 h elapsed, ~4.10 h left  (21546 stored)
   9775/15625  6.81 h elapsed, ~4.08 h left  (21571 stored)
   9800/15625  6.83 h elapsed, ~4.06 h left  (21596 stored)
   9825/15625  6.85 h elapsed, ~4.04 h left  (21621 stored)
   9850/15625  6.86 h elapsed, ~4.02 h left  (21646 stored)
   9875/15625  6.88 h elapsed, ~4.01 h left  (21671 stored)
   9900/15625  6.90 h elapsed, ~3.99 h left  (21696 stored)
   9925/15625  6.92 h elapsed, ~3.97 h left  (21721 stored)
   9950/15625  6.93 h elapsed, ~3.95 h left  (21746 stored)
   9975/15625  6.96 h elapsed, ~3.94 h left  (21771 stored)
  10000/15625  6.97 h elapsed, ~3.92 h left  (21796 stored)
  10025/15625  6.99 h elapsed, ~3.90 h left  (21821 stored)
  10050/15625  7.01 h elapsed, ~3.89 h left  (21846 stored)
  10075/15625  7.02 h elapsed, ~3.87 h left  (21871 stored)
  10100/15625  7.04 h elapsed, ~3.85 h left  (21896 stored)
  10125/15625  7.06 h elapsed, ~3.83 h left  (21921 stored)
  10150/15625  7.07 h elapsed, ~3.82 h left  (21946 stored)
  10175/15625  7.09 h elapsed, ~3.80 h left  (21971 stored)
  10200/15625  7.11 h elapsed, ~3.78 h left  (21996 stored)
  10225/15625  7.12 h elapsed, ~3.76 h left  (22021 stored)
  10250/15625  7.14 h elapsed, ~3.74 h left  (22046 stored)
  10275/15625  7.16 h elapsed, ~3.73 h left  (22071 stored)
  10300/15625  7.18 h elapsed, ~3.71 h left  (22096 stored)
  10325/15625  7.20 h elapsed, ~3.69 h left  (22121 stored)
  10350/15625  7.21 h elapsed, ~3.68 h left  (22146 stored)
  10375/15625  7.23 h elapsed, ~3.66 h left  (22171 stored)
  10400/15625  7.25 h elapsed, ~3.64 h left  (22196 stored)
  10425/15625  7.26 h elapsed, ~3.62 h left  (22221 stored)
  10450/15625  7.28 h elapsed, ~3.61 h left  (22246 stored)
  10475/15625  7.30 h elapsed, ~3.59 h left  (22271 stored)
  10500/15625  7.32 h elapsed, ~3.57 h left  (22296 stored)
  10525/15625  7.33 h elapsed, ~3.55 h left  (22321 stored)
  10550/15625  7.35 h elapsed, ~3.53 h left  (22346 stored)
  10575/15625  7.37 h elapsed, ~3.52 h left  (22371 stored)
  10600/15625  7.39 h elapsed, ~3.50 h left  (22396 stored)
  10625/15625  7.41 h elapsed, ~3.49 h left  (22421 stored)
  10650/15625  7.42 h elapsed, ~3.47 h left  (22446 stored)
  10675/15625  7.44 h elapsed, ~3.45 h left  (22471 stored)
  10700/15625  7.46 h elapsed, ~3.43 h left  (22496 stored)
  10725/15625  7.47 h elapsed, ~3.41 h left  (22521 stored)
  10750/15625  7.49 h elapsed, ~3.40 h left  (22546 stored)
  10775/15625  7.51 h elapsed, ~3.38 h left  (22571 stored)
  10800/15625  7.52 h elapsed, ~3.36 h left  (22596 stored)
  10825/15625  7.54 h elapsed, ~3.34 h left  (22621 stored)
  10850/15625  7.56 h elapsed, ~3.33 h left  (22646 stored)
  10875/15625  7.58 h elapsed, ~3.31 h left  (22671 stored)
  10900/15625  7.60 h elapsed, ~3.29 h left  (22696 stored)
  10925/15625  7.61 h elapsed, ~3.28 h left  (22721 stored)
  10950/15625  7.63 h elapsed, ~3.26 h left  (22746 stored)
  10975/15625  7.65 h elapsed, ~3.24 h left  (22771 stored)
  11000/15625  7.66 h elapsed, ~3.22 h left  (22796 stored)
  11025/15625  7.68 h elapsed, ~3.21 h left  (22821 stored)
  11050/15625  7.70 h elapsed, ~3.19 h left  (22846 stored)
  11075/15625  7.72 h elapsed, ~3.17 h left  (22871 stored)
  11100/15625  7.73 h elapsed, ~3.15 h left  (22896 stored)
  11125/15625  7.75 h elapsed, ~3.13 h left  (22921 stored)
  11150/15625  7.77 h elapsed, ~3.12 h left  (22946 stored)
  11175/15625  7.79 h elapsed, ~3.10 h left  (22971 stored)
  11200/15625  7.81 h elapsed, ~3.08 h left  (22996 stored)
  11225/15625  7.82 h elapsed, ~3.07 h left  (23021 stored)
  11250/15625  7.84 h elapsed, ~3.05 h left  (23046 stored)
  11275/15625  7.86 h elapsed, ~3.03 h left  (23071 stored)
  11300/15625  7.87 h elapsed, ~3.01 h left  (23096 stored)
  11325/15625  7.89 h elapsed, ~3.00 h left  (23121 stored)
  11350/15625  7.91 h elapsed, ~2.98 h left  (23146 stored)
  11375/15625  7.92 h elapsed, ~2.96 h left  (23171 stored)
  11400/15625  7.94 h elapsed, ~2.94 h left  (23196 stored)
  11425/15625  7.96 h elapsed, ~2.93 h left  (23221 stored)
  11450/15625  7.97 h elapsed, ~2.91 h left  (23246 stored)
  11475/15625  8.00 h elapsed, ~2.89 h left  (23271 stored)
  11500/15625  8.01 h elapsed, ~2.87 h left  (23296 stored)
  11525/15625  8.03 h elapsed, ~2.86 h left  (23321 stored)
  11550/15625  8.05 h elapsed, ~2.84 h left  (23346 stored)
  11575/15625  8.07 h elapsed, ~2.82 h left  (23371 stored)
  11600/15625  8.08 h elapsed, ~2.80 h left  (23396 stored)
  11625/15625  8.10 h elapsed, ~2.79 h left  (23421 stored)
  11650/15625  8.12 h elapsed, ~2.77 h left  (23446 stored)
  11675/15625  8.13 h elapsed, ~2.75 h left  (23471 stored)
  11700/15625  8.15 h elapsed, ~2.73 h left  (23496 stored)
  11725/15625  8.17 h elapsed, ~2.72 h left  (23521 stored)
  11750/15625  8.18 h elapsed, ~2.70 h left  (23546 stored)
  11775/15625  8.21 h elapsed, ~2.68 h left  (23571 stored)
  11800/15625  8.22 h elapsed, ~2.67 h left  (23596 stored)
  11825/15625  8.24 h elapsed, ~2.65 h left  (23621 stored)
  11850/15625  8.26 h elapsed, ~2.63 h left  (23646 stored)
  11875/15625  8.27 h elapsed, ~2.61 h left  (23671 stored)
  11900/15625  8.29 h elapsed, ~2.60 h left  (23696 stored)
  11925/15625  8.31 h elapsed, ~2.58 h left  (23721 stored)
  11950/15625  8.32 h elapsed, ~2.56 h left  (23746 stored)
  11975/15625  8.34 h elapsed, ~2.54 h left  (23771 stored)
  12000/15625  8.36 h elapsed, ~2.52 h left  (23796 stored)
  12025/15625  8.37 h elapsed, ~2.51 h left  (23821 stored)
  12050/15625  8.39 h elapsed, ~2.49 h left  (23846 stored)
  12075/15625  8.41 h elapsed, ~2.47 h left  (23871 stored)
  12100/15625  8.43 h elapsed, ~2.46 h left  (23896 stored)
  12125/15625  8.45 h elapsed, ~2.44 h left  (23921 stored)
  12150/15625  8.47 h elapsed, ~2.42 h left  (23946 stored)
  12175/15625  8.48 h elapsed, ~2.40 h left  (23971 stored)
  12200/15625  8.50 h elapsed, ~2.39 h left  (23996 stored)
  12225/15625  8.52 h elapsed, ~2.37 h left  (24021 stored)
  12250/15625  8.53 h elapsed, ~2.35 h left  (24046 stored)
  12275/15625  8.55 h elapsed, ~2.33 h left  (24071 stored)
  12300/15625  8.57 h elapsed, ~2.32 h left  (24096 stored)
  12325/15625  8.59 h elapsed, ~2.30 h left  (24121 stored)
  12350/15625  8.61 h elapsed, ~2.28 h left  (24146 stored)
  12375/15625  8.62 h elapsed, ~2.26 h left  (24171 stored)
  12400/15625  8.64 h elapsed, ~2.25 h left  (24196 stored)
  12425/15625  8.66 h elapsed, ~2.23 h left  (24221 stored)
  12450/15625  8.67 h elapsed, ~2.21 h left  (24246 stored)
  12475/15625  8.69 h elapsed, ~2.19 h left  (24271 stored)
Traceback (most recent call last):
  File "<string>", line 1, in <module>
  File "C:\Users\theop\AppData\Local\Programs\Python\Python311\Lib\multiprocessing\spawn.py", line 113, in spawn_main
    new_handle = reduction.duplicate(pipe_handle,
                 ^^^^^^^^^^^^^^^^^^^^^^^^^^^^^^^^
  File "C:\Users\theop\AppData\Local\Programs\Python\Python311\Lib\multiprocessing\reduction.py", line 79, in duplicate
    return _winapi.DuplicateHandle(
           ^^^^^^^^^^^^^^^^^^^^^^^^
PermissionError: [WinError 5] Access is denied
Traceback (most recent call last):
  File "<string>", line 1, in <module>
  File "C:\Users\theop\AppData\Local\Programs\Python\Python311\Lib\multiprocessing\spawn.py", line 113, in spawn_main
    new_handle = reduction.duplicate(pipe_handle,
                 ^^^^^^^^^^^^^^^^^^^^^^^^^^^^^^^^
  File "C:\Users\theop\AppData\Local\Programs\Python\Python311\Lib\multiprocessing\reduction.py", line 79, in duplicate
    return _winapi.DuplicateHandle(
           ^^^^^^^^^^^^^^^^^^^^^^^^
PermissionError: [WinError 5] Access is denied
