gauntlet: agent@engine vs sf_agent@tests | 100 pairs (200 games) | 10000ms+100ms | 3 workers
   1 games  +0 =1 -0   -0 Elo +/- 0   64s   
   2 games  +0 =1 -1   -191 Elo +/- 834   73s   
   3 games  +0 =1 -2   -280 Elo +/- 777   80s   
   4 games  +1 =1 -2   -89 Elo +/- 911   83s   
   5 games  +1 =2 -2   -70 Elo +/- 308   94s   
   6 games  +1 =3 -2   -58 Elo +/- 227   94s   
   7 games  +2 =3 -2   -0 Elo +/- 220   100s   
   8 games  +2 =4 -2   -0 Elo +/- 186   108s   
   9 games  +2 =5 -2   -0 Elo +/- 162   119s   
  10 games  +3 =5 -2   +35 Elo +/- 164   124s   
  11 games  +4 =5 -2   +64 Elo +/- 164   127s   
  12 games  +5 =5 -2   +89 Elo +/- 165   140s   
  13 games  +6 =5 -2   +110 Elo +/- 165   143s   
  14 games  +6 =6 -2   +102 Elo +/- 149   147s   
  15 games  +6 =6 -3   +70 Elo +/- 146   166s   
  16 games  +7 =6 -3   +89 Elo +/- 146   166s   
  17 games  +7 =6 -4   +62 Elo +/- 142   180s   
  18 games  +7 =7 -4   +58 Elo +/- 133   181s   
  19 games  +8 =7 -4   +74 Elo +/- 132   191s   
  20 games  +9 =7 -4   +89 Elo +/- 132   196s   
  21 games  +9 =8 -4   +84 Elo +/- 124   198s   
  22 games  +9 =9 -4   +80 Elo +/- 117   218s   
  23 games  +9 =10 -4   +77 Elo +/- 111   220s   
  24 games  +10 =10 -4   +89 Elo +/- 111   223s   
  25 games  +11 =10 -4   +100 Elo +/- 111   238s   
  26 games  +12 =10 -4   +110 Elo +/- 111   241s   
  27 games  +12 =11 -4   +106 Elo +/- 106   249s   
  28 games  +13 =11 -4   +116 Elo +/- 106   266s   
  29 games  +13 =12 -4   +112 Elo +/- 102   267s   
  30 games  +14 =12 -4   +120 Elo +/- 102   271s   
  31 games  +15 =12 -4   +129 Elo +/- 102   286s   
  32 games  +15 =13 -4   +124 Elo +/- 98   286s   
  33 games  +16 =13 -4   +132 Elo +/- 98   295s   
  34 games  +16 =14 -4   +128 Elo +/- 94   312s   
  35 games  +17 =14 -4   +136 Elo +/- 94   320s   
  36 games  +17 =15 -4   +131 Elo +/- 91   323s   
  37 games  +18 =15 -4   +138 Elo +/- 91   331s   
  38 games  +18 =16 -4   +134 Elo +/- 88   337s   
  39 games  +19 =16 -4   +141 Elo +/- 88   342s   
  40 games  +19 =16 -5   +127 Elo +/- 87   342s   
  41 games  +19 =17 -5   +124 Elo +/- 85   347s   
  42 games  +19 =18 -5   +120 Elo +/- 82   359s   
  43 games  +19 =19 -5   +117 Elo +/- 80   362s   
  44 games  +20 =19 -5   +123 Elo +/- 80   364s   
  45 games  +20 =20 -5   +120 Elo +/- 78   375s   
  46 games  +21 =20 -5   +126 Elo +/- 78   383s   
  47 games  +21 =21 -5   +123 Elo +/- 76   385s   
  48 games  +22 =21 -5   +129 Elo +/- 76   391s   
  49 games  +22 =22 -5   +126 Elo +/- 74   399s   
  50 games  +22 =23 -5   +123 Elo +/- 72   401s   
  51 games  +23 =23 -5   +128 Elo +/- 72   418s   
  52 games  +23 =24 -5   +125 Elo +/- 71   420s   
  53 games  +23 =24 -6   +116 Elo +/- 71   426s   
  54 games  +24 =24 -6   +120 Elo +/- 71   436s   
  55 games  +24 =25 -6   +118 Elo +/- 69   444s   
  56 games  +24 =26 -6   +116 Elo +/- 68   452s   
  57 games  +25 =26 -6   +120 Elo +/- 68   458s   
  58 games  +25 =27 -6   +118 Elo +/- 67   466s   
  59 games  +25 =28 -6   +116 Elo +/- 65   467s   
  60 games  +26 =28 -6   +120 Elo +/- 65   476s   
  61 games  +26 =29 -6   +118 Elo +/- 64   484s   
  62 games  +27 =29 -6   +123 Elo +/- 64   489s   
  63 games  +28 =29 -6   +127 Elo +/- 64   503s   
  64 games  +28 =29 -7   +118 Elo +/- 64   508s   
  65 games  +29 =29 -7   +122 Elo +/- 64   510s   
  66 games  +30 =29 -7   +126 Elo +/- 64   518s   
  67 games  +31 =29 -7   +130 Elo +/- 64   526s   
  68 games  +31 =30 -7   +128 Elo +/- 63   536s   
  69 games  +31 =31 -7   +126 Elo +/- 62   537s   
  70 games  +31 =32 -7   +124 Elo +/- 61   539s   
  71 games  +31 =33 -7   +122 Elo +/- 60   554s   
  72 games  +31 =33 -8   +115 Elo +/- 60   558s   
  73 games  +32 =33 -8   +119 Elo +/- 60   561s   
  74 games  +33 =33 -8   +122 Elo +/- 60   574s   
  75 games  +33 =34 -8   +120 Elo +/- 59   578s   
  76 games  +33 =34 -9   +114 Elo +/- 59   581s   
  77 games  +33 =35 -9   +112 Elo +/- 58   603s   
  78 games  +33 =36 -9   +110 Elo +/- 57   607s   
  79 games  +34 =36 -9   +114 Elo +/- 57   609s   
  80 games  +35 =36 -9   +117 Elo +/- 57   617s   
  81 games  +36 =36 -9   +120 Elo +/- 57   624s   
  82 games  +37 =36 -9   +124 Elo +/- 57   624s   
  83 games  +37 =37 -9   +122 Elo +/- 57   630s   
  84 games  +37 =38 -9   +120 Elo +/- 56   632s   
  85 games  +37 =39 -9   +119 Elo +/- 55   643s   
  86 games  +37 =40 -9   +117 Elo +/- 54   644s   
  87 games  +37 =41 -9   +116 Elo +/- 54   651s   
  88 games  +37 =42 -9   +115 Elo +/- 53   657s   
  89 games  +38 =42 -9   +117 Elo +/- 53   664s   
  90 games  +38 =43 -9   +116 Elo +/- 52   672s   
  91 games  +38 =43 -10   +110 Elo +/- 52   679s   
  92 games  +38 =44 -10   +109 Elo +/- 52   686s   
  93 games  +38 =45 -10   +108 Elo +/- 51   697s   
  94 games  +38 =45 -11   +103 Elo +/- 51   704s   
  95 games  +39 =45 -11   +106 Elo +/- 51   706s   
  96 games  +39 =46 -11   +104 Elo +/- 51   713s   
  97 games  +40 =46 -11   +107 Elo +/- 51   715s   
  98 games  +40 =47 -11   +106 Elo +/- 50   725s   
  99 games  +40 =48 -11   +105 Elo +/- 49   728s   
 100 games  +40 =49 -11   +104 Elo +/- 49   735s   
 101 games  +40 =50 -11   +103 Elo +/- 48   736s   
 102 games  +41 =50 -11   +105 Elo +/- 48   750s   
 103 games  +42 =50 -11   +108 Elo +/- 48   751s   
 104 games  +42 =51 -11   +107 Elo +/- 48   759s   
 105 games  +42 =52 -11   +106 Elo +/- 47   767s   
 106 games  +42 =53 -11   +105 Elo +/- 47   773s   
 107 games  +42 =54 -11   +104 Elo +/- 46   789s   
 108 games  +42 =55 -11   +103 Elo +/- 46   789s   
 109 games  +42 =55 -12   +98 Elo +/- 46   793s   
 110 games  +43 =55 -12   +101 Elo +/- 46   808s   
 111 games  +43 =56 -12   +100 Elo +/- 46   814s   
 112 games  +44 =56 -12   +102 Elo +/- 46   816s   
 113 games  +44 =57 -12   +101 Elo +/- 45   836s   
 114 games  +44 =57 -13   +97 Elo +/- 45   837s   
 115 games  +45 =57 -13   +99 Elo +/- 45   840s   
 116 games  +46 =57 -13   +102 Elo +/- 45   851s   
 117 games  +47 =57 -13   +104 Elo +/- 45   851s   
 118 games  +47 =57 -14   +100 Elo +/- 45   867s   
 119 games  +47 =58 -14   +99 Elo +/- 45   874s   
 120 games  +47 =59 -14   +98 Elo +/- 45   878s   
 121 games  +48 =59 -14   +100 Elo +/- 45   899s   
 122 games  +48 =60 -14   +99 Elo +/- 44   903s   
 123 games  +48 =60 -15   +96 Elo +/- 44   904s   
 124 games  +48 =61 -15   +95 Elo +/- 44   912s   
 125 games  +49 =61 -15   +97 Elo +/- 44   920s   
 126 games  +49 =61 -16   +93 Elo +/- 44   930s   
 127 games  +49 =62 -16   +92 Elo +/- 43   936s   
 128 games  +49 =63 -16   +92 Elo +/- 43   943s   
 129 games  +50 =63 -16   +94 Elo +/- 43   952s   
 130 games  +50 =64 -16   +93 Elo +/- 43   952s   
 131 games  +51 =64 -16   +95 Elo +/- 43   957s   
 132 games  +52 =64 -16   +97 Elo +/- 43   965s   
 133 games  +52 =65 -16   +96 Elo +/- 42   977s   
 134 games  +52 =66 -16   +96 Elo +/- 42   982s   
 135 games  +53 =66 -16   +98 Elo +/- 42   990s   
 136 games  +53 =67 -16   +97 Elo +/- 42   997s   
 137 games  +54 =67 -16   +99 Elo +/- 42   1000s   
 138 games  +55 =67 -16   +101 Elo +/- 42   1012s   
 139 games  +55 =68 -16   +100 Elo +/- 41   1018s   
 140 games  +55 =69 -16   +99 Elo +/- 41   1019s   
 141 games  +55 =70 -16   +99 Elo +/- 41   1028s   
 142 games  +56 =70 -16   +101 Elo +/- 41   1037s   
 143 games  +56 =71 -16   +100 Elo +/- 41   1046s   
 144 games  +56 =72 -16   +99 Elo +/- 40   1059s   
 145 games  +56 =72 -17   +96 Elo +/- 40   1065s   
 146 games  +56 =73 -17   +95 Elo +/- 40   1066s   
 147 games  +56 =74 -17   +94 Elo +/- 40   1080s   
 148 games  +56 =75 -17   +94 Elo +/- 39   1086s   
 149 games  +56 =76 -17   +93 Elo +/- 39   1090s   
 150 games  +57 =76 -17   +95 Elo +/- 39   1105s   
 151 games  +57 =77 -17   +94 Elo +/- 39   1110s   
 152 games  +57 =77 -18   +91 Elo +/- 39   1113s   
 153 games  +58 =77 -18   +93 Elo +/- 39   1128s   
 154 games  +59 =77 -18   +95 Elo +/- 39   1129s   
 155 games  +59 =77 -19   +92 Elo +/- 39   1137s   
 156 games  +59 =77 -20   +89 Elo +/- 39   1139s   
 157 games  +59 =78 -20   +88 Elo +/- 39   1151s   
 158 games  +60 =78 -20   +90 Elo +/- 39   1151s   
 159 games  +61 =78 -20   +92 Elo +/- 39   1158s   
 160 games  +61 =79 -20   +91 Elo +/- 38   1163s   
 161 games  +61 =80 -20   +90 Elo +/- 38   1173s   
 162 games  +62 =80 -20   +92 Elo +/- 38   1178s   
 163 games  +62 =81 -20   +92 Elo +/- 38   1191s   
 164 games  +63 =81 -20   +93 Elo +/- 38   1199s   
 165 games  +64 =81 -20   +95 Elo +/- 38   1203s   
 166 games  +64 =82 -20   +94 Elo +/- 38   1204s   
 167 games  +64 =83 -20   +94 Elo +/- 37   1216s   
 168 games  +65 =83 -20   +95 Elo +/- 37   1220s   
 169 games  +66 =83 -20   +97 Elo +/- 37   1221s   
 170 games  +67 =83 -20   +99 Elo +/- 37   1231s   
 171 games  +68 =83 -20   +100 Elo +/- 37   1238s   
 172 games  +68 =83 -21   +97 Elo +/- 38   1238s   
 173 games  +68 =84 -21   +97 Elo +/- 37   1245s   
 174 games  +68 =84 -22   +94 Elo +/- 37   1254s   
 175 games  +68 =85 -22   +94 Elo +/- 37   1255s   
 176 games  +68 =86 -22   +93 Elo +/- 37   1263s   
 177 games  +68 =87 -22   +92 Elo +/- 37   1269s   
 178 games  +69 =87 -22   +94 Elo +/- 37   1279s   
 179 games  +70 =87 -22   +96 Elo +/- 37   1281s   
 180 games  +70 =87 -23   +93 Elo +/- 37   1287s   
 181 games  +71 =87 -23   +94 Elo +/- 37   1297s   
 182 games  +71 =88 -23   +94 Elo +/- 36   1304s   
 183 games  +71 =89 -23   +93 Elo +/- 36   1309s   
 184 games  +72 =89 -23   +95 Elo +/- 36   1319s   
 185 games  +72 =90 -23   +94 Elo +/- 36   1320s   
 186 games  +72 =91 -23   +94 Elo +/- 36   1332s   
 187 games  +72 =92 -23   +93 Elo +/- 36   1335s   
 188 games  +72 =93 -23   +93 Elo +/- 35   1336s   
 189 games  +73 =93 -23   +94 Elo +/- 35   1345s   
 190 games  +73 =93 -24   +92 Elo +/- 35   1348s   
 191 games  +74 =93 -24   +93 Elo +/- 35   1350s   
 192 games  +75 =93 -24   +95 Elo +/- 35   1360s   
 193 games  +75 =93 -25   +92 Elo +/- 35   1367s   
 194 games  +76 =93 -25   +94 Elo +/- 35   1377s   
 195 games  +77 =93 -25   +95 Elo +/- 35   1401s   
 196 games  +77 =93 -26   +93 Elo +/- 35   1426s   
 197 games  +77 =94 -26   +92 Elo +/- 35   1455s   
 198 games  +78 =94 -26   +93 Elo +/- 35   1476s   
 199 games  +78 =95 -26   +93 Elo +/- 35   1498s   
 200 games  +79 =95 -26   +94 Elo +/- 35   1521s   

=== FINAL ===
+79 =95 -26  out of 200   score 63.2%   +94 Elo +/- 35
no crashes, illegal moves, or flags
