gauntlet: agent@engine vs sf_agent@tests | 100 pairs (200 games) | 10000ms+100ms | 3 workers
   1 games  +0 =0 -1   -1600 Elo +/- 0   69s   
   2 games  +1 =0 -1   -0 Elo +/- 1600   71s   
   3 games  +2 =0 -1   +120 Elo +/- 963   73s   
   4 games  +3 =0 -1   +191 Elo +/- 863   87s   
   5 games  +3 =1 -1   +147 Elo +/- 854   93s   
   6 games  +3 =2 -1   +120 Elo +/- 335   93s   
   7 games  +3 =3 -1   +102 Elo +/- 234   98s   
   8 games  +3 =4 -1   +89 Elo +/- 190   112s   
   9 games  +4 =4 -1   +120 Elo +/- 195   116s   
  10 games  +4 =4 -2   +70 Elo +/- 186   117s   
  11 games  +4 =5 -2   +64 Elo +/- 164   127s   
  12 games  +4 =6 -2   +58 Elo +/- 148   130s   
  13 games  +4 =7 -2   +54 Elo +/- 135   133s   
  14 games  +5 =7 -2   +76 Elo +/- 136   139s   
  15 games  +6 =7 -2   +95 Elo +/- 137   145s   
  16 games  +6 =7 -3   +66 Elo +/- 135   160s   
  17 games  +6 =7 -4   +41 Elo +/- 133   162s   
  18 games  +7 =7 -4   +58 Elo +/- 133   167s   
  19 games  +7 =8 -4   +55 Elo +/- 125   171s   
  20 games  +7 =8 -5   +35 Elo +/- 123   184s   
  21 games  +7 =9 -5   +33 Elo +/- 117   201s   
  22 games  +7 =10 -5   +32 Elo +/- 111   201s   
  23 games  +7 =11 -5   +30 Elo +/- 106   203s   
  24 games  +8 =11 -5   +44 Elo +/- 106   214s   
  25 games  +9 =11 -5   +56 Elo +/- 106   219s   
  26 games  +9 =12 -5   +54 Elo +/- 101   219s   
  27 games  +10 =12 -5   +65 Elo +/- 101   233s   
  28 games  +11 =12 -5   +76 Elo +/- 101   247s   
  29 games  +11 =13 -5   +73 Elo +/- 97   247s   
  30 games  +11 =13 -6   +58 Elo +/- 96   250s   
  31 games  +12 =13 -6   +68 Elo +/- 96   261s   
  32 games  +13 =13 -6   +77 Elo +/- 96   268s   
  33 games  +13 =13 -7   +64 Elo +/- 95   283s   
  34 games  +14 =13 -7   +73 Elo +/- 95   284s   
  35 games  +15 =13 -7   +81 Elo +/- 95   285s   
  36 games  +16 =13 -7   +89 Elo +/- 95   302s   
  37 games  +16 =13 -8   +76 Elo +/- 94   305s   
  38 games  +17 =13 -8   +84 Elo +/- 93   307s   
  39 games  +17 =14 -8   +82 Elo +/- 91   312s   
  40 games  +17 =15 -8   +80 Elo +/- 88   319s   
  41 games  +17 =16 -8   +78 Elo +/- 86   323s   
  42 games  +18 =16 -8   +84 Elo +/- 86   327s   
  43 games  +18 =17 -8   +82 Elo +/- 83   336s   
  44 games  +18 =18 -8   +80 Elo +/- 81   342s   
  45 games  +18 =19 -8   +79 Elo +/- 79   344s   
  46 games  +18 =20 -8   +77 Elo +/- 77   348s   
  47 games  +19 =20 -8   +83 Elo +/- 77   361s   
  48 games  +20 =20 -8   +89 Elo +/- 77   362s   
  49 games  +21 =20 -8   +94 Elo +/- 77   363s   
  50 games  +22 =20 -8   +100 Elo +/- 77   376s   
  51 games  +22 =21 -8   +98 Elo +/- 75   377s   
  52 games  +23 =21 -8   +103 Elo +/- 75   383s   
  53 games  +23 =22 -8   +101 Elo +/- 74   393s   
  54 games  +24 =22 -8   +106 Elo +/- 74   397s   
  55 games  +25 =22 -8   +111 Elo +/- 73   403s   
  56 games  +26 =22 -8   +116 Elo +/- 73   413s   
  57 games  +26 =23 -8   +114 Elo +/- 72   415s   
  58 games  +27 =23 -8   +118 Elo +/- 72   415s   
  59 games  +27 =24 -8   +116 Elo +/- 70   431s   
  60 games  +27 =25 -8   +114 Elo +/- 69   431s   
  61 games  +28 =25 -8   +118 Elo +/- 69   436s   
  62 games  +28 =25 -9   +110 Elo +/- 69   440s   
  63 games  +29 =25 -9   +114 Elo +/- 69   452s   
  64 games  +29 =26 -9   +112 Elo +/- 68   456s   
  65 games  +29 =27 -9   +110 Elo +/- 66   457s   
  66 games  +29 =28 -9   +109 Elo +/- 65   472s   
  67 games  +30 =28 -9   +113 Elo +/- 65   475s   
  68 games  +31 =28 -9   +117 Elo +/- 65   489s   
  69 games  +32 =28 -9   +120 Elo +/- 65   490s   
  70 games  +32 =29 -9   +119 Elo +/- 64   490s   
  71 games  +32 =29 -10   +111 Elo +/- 64   505s   
  72 games  +33 =29 -10   +115 Elo +/- 64   505s   
  73 games  +34 =29 -10   +119 Elo +/- 64   508s   
  74 games  +34 =30 -10   +117 Elo +/- 63   522s   
  75 games  +34 =31 -10   +115 Elo +/- 62   530s   
  76 games  +34 =31 -11   +109 Elo +/- 62   531s   
  77 games  +35 =31 -11   +112 Elo +/- 62   538s   
  78 games  +36 =31 -11   +115 Elo +/- 62   551s   
  79 games  +37 =31 -11   +119 Elo +/- 62   557s   
  80 games  +37 =32 -11   +117 Elo +/- 61   557s   
  81 games  +37 =33 -11   +116 Elo +/- 60   569s   
  82 games  +38 =33 -11   +119 Elo +/- 60   572s   
  83 games  +38 =34 -11   +117 Elo +/- 59   577s   
  84 games  +39 =34 -11   +120 Elo +/- 59   586s   
  85 games  +39 =34 -12   +114 Elo +/- 59   593s   
  86 games  +39 =35 -12   +113 Elo +/- 58   601s   
  87 games  +40 =35 -12   +116 Elo +/- 58   604s   
  88 games  +40 =36 -12   +115 Elo +/- 57   609s   
  89 games  +40 =37 -12   +113 Elo +/- 56   617s   
  90 games  +41 =37 -12   +116 Elo +/- 56   627s   
  91 games  +42 =37 -12   +119 Elo +/- 56   630s   
  92 games  +42 =38 -12   +118 Elo +/- 56   632s   
  93 games  +42 =39 -12   +116 Elo +/- 55   643s   
  94 games  +42 =39 -13   +111 Elo +/- 55   650s   
  95 games  +43 =39 -13   +114 Elo +/- 55   663s   
  96 games  +43 =39 -14   +108 Elo +/- 55   666s   
  97 games  +44 =39 -14   +111 Elo +/- 55   668s   
  98 games  +45 =39 -14   +114 Elo +/- 55   678s   
  99 games  +46 =39 -14   +116 Elo +/- 55   681s   
 100 games  +46 =40 -14   +115 Elo +/- 54   695s   
 101 games  +46 =40 -15   +110 Elo +/- 54   696s   
 102 games  +47 =40 -15   +113 Elo +/- 54   698s   
 103 games  +47 =40 -16   +108 Elo +/- 54   707s   
 104 games  +48 =40 -16   +110 Elo +/- 54   714s   
 105 games  +49 =40 -16   +113 Elo +/- 54   721s   
 106 games  +49 =41 -16   +112 Elo +/- 53   729s   
 107 games  +49 =42 -16   +111 Elo +/- 53   733s   
 108 games  +50 =42 -16   +113 Elo +/- 53   738s   
 109 games  +50 =43 -16   +112 Elo +/- 52   745s   
 110 games  +51 =43 -16   +115 Elo +/- 52   751s   
 111 games  +51 =44 -16   +113 Elo +/- 51   757s   
 112 games  +52 =44 -16   +116 Elo +/- 51   761s   
 113 games  +53 =44 -16   +118 Elo +/- 51   781s   
 114 games  +53 =44 -17   +114 Elo +/- 51   782s   
 115 games  +53 =44 -18   +109 Elo +/- 51   791s   
 116 games  +54 =44 -18   +112 Elo +/- 51   794s   
 117 games  +54 =45 -18   +110 Elo +/- 51   799s   
 118 games  +54 =46 -18   +109 Elo +/- 50   804s   
 119 games  +54 =47 -18   +109 Elo +/- 50   807s   
 120 games  +55 =47 -18   +111 Elo +/- 50   812s   
 121 games  +55 =47 -19   +107 Elo +/- 50   826s   
 122 games  +55 =48 -19   +106 Elo +/- 49   828s   
 123 games  +55 =49 -19   +105 Elo +/- 49   829s   
 124 games  +55 =50 -19   +104 Elo +/- 48   837s   
 125 games  +55 =51 -19   +103 Elo +/- 48   841s   
 126 games  +55 =51 -20   +99 Elo +/- 48   854s   
 127 games  +55 =51 -21   +95 Elo +/- 48   860s   
 128 games  +56 =51 -21   +97 Elo +/- 48   866s   
 129 games  +56 =51 -22   +94 Elo +/- 47   868s   
 130 games  +56 =52 -22   +93 Elo +/- 47   884s   
 131 games  +56 =52 -23   +89 Elo +/- 47   889s   
 132 games  +57 =52 -23   +92 Elo +/- 47   894s   
 133 games  +57 =53 -23   +91 Elo +/- 47   908s   
 134 games  +58 =53 -23   +93 Elo +/- 47   909s   
 135 games  +58 =54 -23   +92 Elo +/- 46   912s   
 136 games  +59 =54 -23   +94 Elo +/- 46   920s   
 137 games  +59 =55 -23   +93 Elo +/- 46   928s   
 138 games  +59 =56 -23   +93 Elo +/- 45   931s   
 139 games  +59 =57 -23   +92 Elo +/- 45   939s   
 140 games  +60 =57 -23   +94 Elo +/- 45   944s   
 141 games  +61 =57 -23   +96 Elo +/- 45   946s   
 142 games  +62 =57 -23   +98 Elo +/- 45   952s   
 143 games  +63 =57 -23   +100 Elo +/- 45   964s   
 144 games  +64 =57 -23   +102 Elo +/- 45   970s   
 145 games  +64 =57 -24   +98 Elo +/- 45   979s   
 146 games  +64 =58 -24   +98 Elo +/- 45   984s   
 147 games  +64 =59 -24   +97 Elo +/- 44   989s   
 148 games  +64 =60 -24   +96 Elo +/- 44   999s   
 149 games  +65 =60 -24   +98 Elo +/- 44   1003s   
 150 games  +65 =60 -25   +95 Elo +/- 44   1009s   
 151 games  +65 =61 -25   +94 Elo +/- 43   1023s   
 152 games  +65 =61 -26   +91 Elo +/- 43   1026s   
 153 games  +66 =61 -26   +93 Elo +/- 43   1035s   
 154 games  +66 =62 -26   +92 Elo +/- 43   1035s   
 155 games  +66 =63 -26   +92 Elo +/- 43   1041s   
 156 games  +67 =63 -26   +94 Elo +/- 43   1058s   
 157 games  +67 =64 -26   +93 Elo +/- 42   1059s   
 158 games  +67 =65 -26   +92 Elo +/- 42   1064s   
 159 games  +67 =66 -26   +92 Elo +/- 42   1073s   
 160 games  +67 =67 -26   +91 Elo +/- 42   1077s   
 161 games  +67 =68 -26   +90 Elo +/- 41   1078s   
 162 games  +67 =68 -27   +88 Elo +/- 41   1092s   
 163 games  +68 =68 -27   +89 Elo +/- 41   1093s   
 164 games  +68 =69 -27   +89 Elo +/- 41   1107s   
 165 games  +69 =69 -27   +90 Elo +/- 41   1113s   
 166 games  +69 =70 -27   +90 Elo +/- 41   1117s   
 167 games  +69 =71 -27   +89 Elo +/- 40   1125s   
 168 games  +69 =72 -27   +89 Elo +/- 40   1127s   
 169 games  +69 =73 -27   +88 Elo +/- 40   1139s   
 170 games  +70 =73 -27   +90 Elo +/- 40   1139s   
 171 games  +70 =73 -28   +87 Elo +/- 40   1154s   
 172 games  +70 =74 -28   +87 Elo +/- 40   1155s   
 173 games  +70 =75 -28   +86 Elo +/- 39   1157s   
 174 games  +70 =76 -28   +86 Elo +/- 39   1164s   
 175 games  +71 =76 -28   +87 Elo +/- 39   1174s   
 176 games  +71 =76 -29   +85 Elo +/- 39   1182s   
 177 games  +71 =77 -29   +84 Elo +/- 39   1189s   
 178 games  +72 =77 -29   +86 Elo +/- 39   1197s   
 179 games  +72 =77 -30   +83 Elo +/- 39   1205s   
 180 games  +72 =78 -30   +83 Elo +/- 39   1214s   
 181 games  +72 =79 -30   +82 Elo +/- 38   1221s   
 182 games  +72 =79 -31   +80 Elo +/- 38   1228s   
 183 games  +72 =79 -32   +77 Elo +/- 38   1229s   
 184 games  +72 =80 -32   +77 Elo +/- 38   1245s   
 185 games  +73 =80 -32   +78 Elo +/- 38   1246s   
 186 games  +74 =80 -32   +80 Elo +/- 38   1248s   
 187 games  +75 =80 -32   +81 Elo +/- 38   1261s   
 188 games  +76 =80 -32   +83 Elo +/- 38   1269s   
 189 games  +76 =80 -33   +80 Elo +/- 38   1272s   
 190 games  +76 =81 -33   +80 Elo +/- 38   1277s   
 191 games  +76 =82 -33   +80 Elo +/- 38   1297s   
 192 games  +76 =82 -34   +77 Elo +/- 38   1305s   
 193 games  +77 =82 -34   +79 Elo +/- 38   1318s   
 194 games  +77 =83 -34   +78 Elo +/- 37   1323s   
 195 games  +77 =84 -34   +78 Elo +/- 37   1340s   
 196 games  +77 =85 -34   +77 Elo +/- 37   1347s   
 197 games  +78 =85 -34   +79 Elo +/- 37   1359s   
 198 games  +78 =85 -35   +77 Elo +/- 37   1360s   
 199 games  +79 =85 -35   +78 Elo +/- 37   1379s   
 200 games  +79 =85 -36   +76 Elo +/- 37   1401s   

=== FINAL ===
+79 =85 -36  out of 200   score 60.8%   +76 Elo +/- 37
no crashes, illegal moves, or flags
