gauntlet: agent@engine vs agent@checkpoints/item5 | SPRT elo0=0.0 elo1=8.0 alpha=0.025 beta=0.025 max_games=1500 | 10000ms+100ms | 3 workers
   1 games  +0 =1 -0   -0 Elo +/- 0   3fold=1 (100%)   133s      mean=0.500 LLR=+0.00 [CONTINUE]
   2 games  +1 =1 -0   +191 Elo +/- 834   3fold=1 (50%)   137s      mean=0.750 LLR=+0.09 [CONTINUE]
   3 games  +1 =1 -1   -0 Elo +/- 561   3fold=1 (33%)   141s      mean=0.500 LLR=-0.00 [CONTINUE]
   4 games  +1 =2 -1   -0 Elo +/- 297   3fold=2 (50%)   166s      mean=0.500 LLR=-0.00 [CONTINUE]
   5 games  +1 =3 -1   -0 Elo +/- 217   3fold=2 (40%)   168s      mean=0.500 LLR=-0.00 [CONTINUE]
   6 games  +1 =4 -1   -0 Elo +/- 174   3fold=2 (33%)   170s      mean=0.500 LLR=-0.00 [CONTINUE]
   7 games  +1 =4 -2   -50 Elo +/- 185   3fold=2 (29%)   197s      mean=0.429 LLR=-0.06 [CONTINUE]
   8 games  +1 =4 -3   -89 Elo +/- 190   3fold=2 (25%)   200s      mean=0.375 LLR=-0.11 [CONTINUE]
   9 games  +1 =5 -3   -79 Elo +/- 163   3fold=2 (22%)   207s      mean=0.389 LLR=-0.12 [CONTINUE]
  10 games  +1 =6 -3   -70 Elo +/- 143   3fold=3 (30%)   227s      mean=0.400 LLR=-0.14 [CONTINUE]
  11 games  +2 =6 -3   -32 Elo +/- 147   3fold=3 (27%)   229s      mean=0.455 LLR=-0.06 [CONTINUE]
  12 games  +2 =7 -3   -29 Elo +/- 133   3fold=4 (33%)   236s      mean=0.458 LLR=-0.06 [CONTINUE]
  13 games  +2 =8 -3   -27 Elo +/- 122   3fold=5 (38%)   266s      mean=0.462 LLR=-0.07 [CONTINUE]
  14 games  +2 =8 -4   -50 Elo +/- 124   3fold=5 (36%)   269s      mean=0.429 LLR=-0.12 [CONTINUE]
  15 games  +3 =8 -4   -23 Elo +/- 125   3fold=5 (33%)   271s      mean=0.467 LLR=-0.06 [CONTINUE]
  16 games  +3 =8 -5   -44 Elo +/- 126   3fold=5 (31%)   291s      mean=0.438 LLR=-0.10 [CONTINUE]
  17 games  +3 =8 -6   -62 Elo +/- 126   3fold=5 (29%)   298s      mean=0.412 LLR=-0.15 [CONTINUE]
  18 games  +3 =9 -6   -58 Elo +/- 118   3fold=6 (33%)   306s      mean=0.417 LLR=-0.16 [CONTINUE]
  19 games  +3 =9 -7   -74 Elo +/- 118   3fold=6 (32%)   331s      mean=0.395 LLR=-0.20 [CONTINUE]
  20 games  +3 =9 -8   -89 Elo +/- 119   3fold=6 (30%)   333s      mean=0.375 LLR=-0.25 [CONTINUE]
  21 games  +4 =9 -8   -67 Elo +/- 118   3fold=6 (29%)   337s      mean=0.405 LLR=-0.18 [CONTINUE]
  22 games  +5 =9 -8   -48 Elo +/- 116   3fold=6 (27%)   362s      mean=0.432 LLR=-0.13 [CONTINUE]
  23 games  +6 =9 -8   -30 Elo +/- 115   3fold=6 (26%)   367s      mean=0.457 LLR=-0.09 [CONTINUE]
  24 games  +6 =9 -9   -44 Elo +/- 114   3fold=6 (25%)   370s      mean=0.438 LLR=-0.12 [CONTINUE]
  25 games  +6 =9 -10   -56 Elo +/- 114   3fold=6 (24%)   394s      mean=0.420 LLR=-0.16 [CONTINUE]
  26 games  +6 =10 -10   -54 Elo +/- 109   3fold=6 (23%)   399s      mean=0.423 LLR=-0.17 [CONTINUE]
  27 games  +7 =10 -10   -39 Elo +/- 108   3fold=6 (22%)   405s      mean=0.444 LLR=-0.12 [CONTINUE]
  28 games  +7 =11 -10   -37 Elo +/- 104   3fold=6 (21%)   427s      mean=0.446 LLR=-0.13 [CONTINUE]
  29 games  +7 =12 -10   -36 Elo +/- 100   3fold=7 (24%)   433s      mean=0.448 LLR=-0.13 [CONTINUE]
  30 games  +8 =12 -10   -23 Elo +/- 99   3fold=7 (23%)   437s      mean=0.467 LLR=-0.09 [CONTINUE]
  31 games  +8 =13 -10   -22 Elo +/- 96   3fold=8 (26%)   456s      mean=0.468 LLR=-0.09 [CONTINUE]
  32 games  +8 =13 -11   -33 Elo +/- 95   3fold=8 (25%)   466s      mean=0.453 LLR=-0.13 [CONTINUE]
  33 games  +8 =13 -12   -42 Elo +/- 95   3fold=8 (24%)   467s      mean=0.439 LLR=-0.17 [CONTINUE]
  34 games  +9 =13 -12   -31 Elo +/- 94   3fold=8 (24%)   487s      mean=0.456 LLR=-0.13 [CONTINUE]
  35 games  +9 =13 -13   -40 Elo +/- 94   3fold=8 (23%)   497s      mean=0.443 LLR=-0.16 [CONTINUE]
  36 games  +10 =13 -13   -29 Elo +/- 93   3fold=8 (22%)   506s      mean=0.458 LLR=-0.12 [CONTINUE]
  37 games  +11 =13 -13   -19 Elo +/- 92   3fold=8 (22%)   519s      mean=0.473 LLR=-0.09 [CONTINUE]
  38 games  +11 =13 -14   -27 Elo +/- 92   3fold=8 (21%)   526s      mean=0.461 LLR=-0.12 [CONTINUE]
  39 games  +11 =14 -14   -27 Elo +/- 89   3fold=9 (23%)   534s      mean=0.462 LLR=-0.13 [CONTINUE]
  40 games  +11 =14 -15   -35 Elo +/- 89   3fold=9 (22%)   558s      mean=0.450 LLR=-0.16 [CONTINUE]
  41 games  +11 =15 -15   -34 Elo +/- 87   3fold=10 (24%)   560s      mean=0.451 LLR=-0.16 [CONTINUE]
  42 games  +11 =15 -16   -42 Elo +/- 86   3fold=10 (24%)   566s      mean=0.440 LLR=-0.20 [CONTINUE]
  43 games  +12 =15 -16   -32 Elo +/- 86   3fold=10 (23%)   589s      mean=0.453 LLR=-0.16 [CONTINUE]
  44 games  +12 =16 -16   -32 Elo +/- 84   3fold=11 (25%)   590s      mean=0.455 LLR=-0.17 [CONTINUE]
  45 games  +13 =16 -16   -23 Elo +/- 83   3fold=11 (24%)   594s      mean=0.467 LLR=-0.13 [CONTINUE]
  46 games  +13 =17 -16   -23 Elo +/- 81   3fold=12 (26%)   614s      mean=0.467 LLR=-0.13 [CONTINUE]
  47 games  +13 =18 -16   -22 Elo +/- 79   3fold=12 (26%)   619s      mean=0.468 LLR=-0.13 [CONTINUE]
  48 games  +13 =19 -16   -22 Elo +/- 78   3fold=13 (27%)   619s      mean=0.469 LLR=-0.14 [CONTINUE]
  49 games  +13 =19 -17   -28 Elo +/- 77   3fold=13 (27%)   643s      mean=0.459 LLR=-0.17 [CONTINUE]
  50 games  +14 =19 -17   -21 Elo +/- 77   3fold=13 (26%)   651s      mean=0.470 LLR=-0.13 [CONTINUE]
  51 games  +14 =20 -17   -20 Elo +/- 76   3fold=14 (27%)   654s      mean=0.471 LLR=-0.14 [CONTINUE]
  52 games  +14 =21 -17   -20 Elo +/- 74   3fold=15 (29%)   666s      mean=0.471 LLR=-0.14 [CONTINUE]
  53 games  +14 =21 -18   -26 Elo +/- 74   3fold=15 (28%)   683s      mean=0.462 LLR=-0.18 [CONTINUE]
  54 games  +15 =21 -18   -19 Elo +/- 74   3fold=15 (28%)   685s      mean=0.472 LLR=-0.14 [CONTINUE]
  55 games  +15 =21 -19   -25 Elo +/- 73   3fold=15 (27%)   702s      mean=0.464 LLR=-0.17 [CONTINUE]
  56 games  +16 =21 -19   -19 Elo +/- 73   3fold=15 (27%)   715s      mean=0.473 LLR=-0.13 [CONTINUE]
  57 games  +17 =21 -19   -12 Elo +/- 73   3fold=15 (26%)   718s      mean=0.482 LLR=-0.10 [CONTINUE]
  58 games  +17 =21 -20   -18 Elo +/- 73   3fold=15 (26%)   728s      mean=0.474 LLR=-0.13 [CONTINUE]
  59 games  +17 =22 -20   -18 Elo +/- 71   3fold=16 (27%)   743s      mean=0.475 LLR=-0.14 [CONTINUE]
  60 games  +17 =23 -20   -17 Elo +/- 70   3fold=17 (28%)   752s      mean=0.475 LLR=-0.14 [CONTINUE]
  61 games  +17 =24 -20   -17 Elo +/- 69   3fold=18 (30%)   760s      mean=0.475 LLR=-0.14 [CONTINUE]
  62 games  +17 =25 -20   -17 Elo +/- 68   3fold=19 (31%)   780s      mean=0.476 LLR=-0.14 [CONTINUE]
  63 games  +18 =25 -20   -11 Elo +/- 67   3fold=19 (30%)   781s      mean=0.484 LLR=-0.10 [CONTINUE]
  64 games  +19 =25 -20   -5 Elo +/- 67   3fold=19 (30%)   795s      mean=0.492 LLR=-0.07 [CONTINUE]
  65 games  +19 =26 -20   -5 Elo +/- 66   3fold=20 (31%)   812s      mean=0.492 LLR=-0.07 [CONTINUE]
  66 games  +19 =26 -21   -11 Elo +/- 66   3fold=20 (30%)   813s      mean=0.485 LLR=-0.10 [CONTINUE]
  67 games  +19 =27 -21   -10 Elo +/- 65   3fold=20 (30%)   829s      mean=0.485 LLR=-0.11 [CONTINUE]
  68 games  +20 =27 -21   -5 Elo +/- 65   3fold=20 (29%)   845s      mean=0.493 LLR=-0.07 [CONTINUE]
  69 games  +20 =28 -21   -5 Elo +/- 64   3fold=21 (30%)   858s      mean=0.493 LLR=-0.07 [CONTINUE]
  70 games  +20 =28 -22   -10 Elo +/- 64   3fold=21 (30%)   860s      mean=0.486 LLR=-0.11 [CONTINUE]
  71 games  +20 =28 -23   -15 Elo +/- 64   3fold=21 (30%)   878s      mean=0.479 LLR=-0.15 [CONTINUE]
  72 games  +20 =29 -23   -14 Elo +/- 63   3fold=22 (31%)   886s      mean=0.479 LLR=-0.15 [CONTINUE]
  73 games  +21 =29 -23   -10 Elo +/- 63   3fold=22 (30%)   890s      mean=0.486 LLR=-0.11 [CONTINUE]
  74 games  +22 =29 -23   -5 Elo +/- 62   3fold=22 (30%)   910s      mean=0.493 LLR=-0.07 [CONTINUE]
  75 games  +23 =29 -23   -0 Elo +/- 62   3fold=22 (29%)   924s      mean=0.500 LLR=-0.03 [CONTINUE]
  76 games  +23 =30 -23   -0 Elo +/- 61   3fold=23 (30%)   924s      mean=0.500 LLR=-0.03 [CONTINUE]
  77 games  +23 =31 -23   -0 Elo +/- 61   3fold=24 (31%)   936s      mean=0.500 LLR=-0.03 [CONTINUE]
  78 games  +23 =32 -23   -0 Elo +/- 60   3fold=24 (31%)   954s      mean=0.500 LLR=-0.04 [CONTINUE]
  79 games  +24 =32 -23   +4 Elo +/- 60   3fold=24 (30%)   954s      mean=0.506 LLR=+0.00 [CONTINUE]
  80 games  +25 =32 -23   +9 Elo +/- 60   3fold=24 (30%)   963s      mean=0.512 LLR=+0.04 [CONTINUE]
  81 games  +25 =33 -23   +9 Elo +/- 59   3fold=25 (31%)   977s      mean=0.512 LLR=+0.04 [CONTINUE]
  82 games  +26 =33 -23   +13 Elo +/- 59   3fold=25 (30%)   986s      mean=0.518 LLR=+0.08 [CONTINUE]
  83 games  +27 =33 -23   +17 Elo +/- 59   3fold=25 (30%)   987s      mean=0.524 LLR=+0.12 [CONTINUE]
  84 games  +27 =33 -24   +12 Elo +/- 58   3fold=25 (30%)   1004s      mean=0.518 LLR=+0.08 [CONTINUE]
  85 games  +27 =34 -24   +12 Elo +/- 58   3fold=26 (31%)   1018s      mean=0.518 LLR=+0.08 [CONTINUE]
  86 games  +28 =34 -24   +16 Elo +/- 58   3fold=26 (30%)   1019s      mean=0.523 LLR=+0.12 [CONTINUE]
  87 games  +28 =34 -25   +12 Elo +/- 58   3fold=26 (30%)   1037s      mean=0.517 LLR=+0.08 [CONTINUE]
  88 games  +29 =34 -25   +16 Elo +/- 57   3fold=26 (30%)   1047s      mean=0.523 LLR=+0.11 [CONTINUE]
  89 games  +30 =34 -25   +20 Elo +/- 57   3fold=26 (29%)   1051s      mean=0.528 LLR=+0.15 [CONTINUE]
  90 games  +30 =34 -26   +15 Elo +/- 57   3fold=26 (29%)   1070s      mean=0.522 LLR=+0.11 [CONTINUE]
  91 games  +31 =34 -26   +19 Elo +/- 57   3fold=26 (29%)   1084s      mean=0.527 LLR=+0.15 [CONTINUE]
  92 games  +32 =34 -26   +23 Elo +/- 57   3fold=26 (28%)   1087s      mean=0.533 LLR=+0.18 [CONTINUE]
  93 games  +33 =34 -26   +26 Elo +/- 57   3fold=26 (28%)   1102s      mean=0.538 LLR=+0.22 [CONTINUE]
  94 games  +34 =34 -26   +30 Elo +/- 57   3fold=26 (28%)   1110s      mean=0.543 LLR=+0.25 [CONTINUE]
  95 games  +34 =35 -26   +29 Elo +/- 56   3fold=27 (28%)   1113s      mean=0.542 LLR=+0.25 [CONTINUE]
  96 games  +34 =36 -26   +29 Elo +/- 55   3fold=28 (29%)   1132s      mean=0.542 LLR=+0.26 [CONTINUE]
  97 games  +34 =37 -26   +29 Elo +/- 55   3fold=29 (30%)   1136s      mean=0.541 LLR=+0.26 [CONTINUE]
  98 games  +34 =38 -26   +28 Elo +/- 54   3fold=29 (30%)   1146s      mean=0.541 LLR=+0.26 [CONTINUE]
  99 games  +34 =38 -27   +25 Elo +/- 54   3fold=29 (29%)   1172s      mean=0.535 LLR=+0.22 [CONTINUE]
 100 games  +34 =39 -27   +24 Elo +/- 54   3fold=30 (30%)   1176s      mean=0.535 LLR=+0.22 [CONTINUE]
 101 games  +34 =39 -28   +21 Elo +/- 54   3fold=30 (30%)   1178s      mean=0.530 LLR=+0.18 [CONTINUE]
 102 games  +35 =39 -28   +24 Elo +/- 53   3fold=30 (29%)   1211s      mean=0.534 LLR=+0.22 [CONTINUE]
 103 games  +35 =40 -28   +24 Elo +/- 53   3fold=31 (30%)   1211s      mean=0.534 LLR=+0.22 [CONTINUE]
 104 games  +35 =41 -28   +23 Elo +/- 52   3fold=31 (30%)   1214s      mean=0.534 LLR=+0.22 [CONTINUE]
 105 games  +35 =42 -28   +23 Elo +/- 52   3fold=32 (30%)   1242s      mean=0.533 LLR=+0.22 [CONTINUE]
 106 games  +35 =42 -29   +20 Elo +/- 52   3fold=32 (30%)   1243s      mean=0.528 LLR=+0.18 [CONTINUE]
 107 games  +35 =42 -30   +16 Elo +/- 52   3fold=32 (30%)   1244s      mean=0.523 LLR=+0.14 [CONTINUE]
 108 games  +35 =43 -30   +16 Elo +/- 51   3fold=33 (31%)   1266s      mean=0.523 LLR=+0.14 [CONTINUE]
 109 games  +35 =43 -31   +13 Elo +/- 51   3fold=33 (30%)   1270s      mean=0.518 LLR=+0.10 [CONTINUE]
 110 games  +35 =43 -32   +9 Elo +/- 51   3fold=33 (30%)   1275s      mean=0.514 LLR=+0.07 [CONTINUE]
 111 games  +35 =44 -32   +9 Elo +/- 51   3fold=34 (31%)   1301s      mean=0.514 LLR=+0.07 [CONTINUE]
 112 games  +35 =44 -33   +6 Elo +/- 50   3fold=34 (30%)   1304s      mean=0.509 LLR=+0.03 [CONTINUE]
 113 games  +35 =45 -33   +6 Elo +/- 50   3fold=34 (30%)   1307s      mean=0.509 LLR=+0.03 [CONTINUE]
 114 games  +35 =45 -34   +3 Elo +/- 50   3fold=34 (30%)   1336s      mean=0.504 LLR=-0.01 [CONTINUE]
 115 games  +35 =45 -35   -0 Elo +/- 50   3fold=34 (30%)   1337s      mean=0.500 LLR=-0.05 [CONTINUE]
 116 games  +35 =46 -35   -0 Elo +/- 49   3fold=34 (29%)   1347s      mean=0.500 LLR=-0.05 [CONTINUE]
 117 games  +35 =47 -35   -0 Elo +/- 49   3fold=35 (30%)   1362s      mean=0.500 LLR=-0.05 [CONTINUE]
 118 games  +35 =48 -35   -0 Elo +/- 49   3fold=36 (31%)   1367s      mean=0.500 LLR=-0.05 [CONTINUE]
 119 games  +35 =48 -36   -3 Elo +/- 49   3fold=36 (30%)   1377s      mean=0.496 LLR=-0.09 [CONTINUE]
 120 games  +35 =48 -37   -6 Elo +/- 48   3fold=36 (30%)   1391s      mean=0.492 LLR=-0.13 [CONTINUE]
 121 games  +36 =48 -37   -3 Elo +/- 48   3fold=36 (30%)   1397s      mean=0.496 LLR=-0.09 [CONTINUE]
 122 games  +36 =48 -38   -6 Elo +/- 48   3fold=36 (30%)   1410s      mean=0.492 LLR=-0.13 [CONTINUE]
 123 games  +36 =49 -38   -6 Elo +/- 48   3fold=37 (30%)   1420s      mean=0.492 LLR=-0.13 [CONTINUE]
 124 games  +36 =50 -38   -6 Elo +/- 48   3fold=38 (31%)   1430s      mean=0.492 LLR=-0.13 [CONTINUE]
 125 games  +37 =50 -38   -3 Elo +/- 47   3fold=38 (30%)   1443s      mean=0.496 LLR=-0.09 [CONTINUE]
 126 games  +37 =51 -38   -3 Elo +/- 47   3fold=39 (31%)   1453s      mean=0.496 LLR=-0.09 [CONTINUE]
 127 games  +37 =52 -38   -3 Elo +/- 47   3fold=40 (31%)   1458s      mean=0.496 LLR=-0.10 [CONTINUE]
 128 games  +37 =53 -38   -3 Elo +/- 46   3fold=41 (32%)   1468s      mean=0.496 LLR=-0.10 [CONTINUE]
 129 games  +38 =53 -38   -0 Elo +/- 46   3fold=41 (32%)   1479s      mean=0.500 LLR=-0.06 [CONTINUE]
 130 games  +38 =53 -39   -3 Elo +/- 46   3fold=41 (32%)   1491s      mean=0.496 LLR=-0.10 [CONTINUE]
 131 games  +38 =54 -39   -3 Elo +/- 46   3fold=42 (32%)   1494s      mean=0.496 LLR=-0.10 [CONTINUE]
 132 games  +38 =55 -39   -3 Elo +/- 46   3fold=43 (33%)   1510s      mean=0.496 LLR=-0.10 [CONTINUE]
 133 games  +38 =56 -39   -3 Elo +/- 45   3fold=44 (33%)   1522s      mean=0.496 LLR=-0.10 [CONTINUE]
 134 games  +38 =57 -39   -3 Elo +/- 45   3fold=45 (34%)   1531s      mean=0.496 LLR=-0.10 [CONTINUE]
 135 games  +38 =58 -39   -3 Elo +/- 45   3fold=46 (34%)   1540s      mean=0.496 LLR=-0.10 [CONTINUE]
 136 games  +38 =58 -40   -5 Elo +/- 44   3fold=46 (34%)   1553s      mean=0.493 LLR=-0.14 [CONTINUE]
 137 games  +38 =59 -40   -5 Elo +/- 44   3fold=47 (34%)   1564s      mean=0.493 LLR=-0.14 [CONTINUE]
 138 games  +38 =60 -40   -5 Elo +/- 44   3fold=48 (35%)   1583s      mean=0.493 LLR=-0.15 [CONTINUE]
 139 games  +38 =61 -40   -5 Elo +/- 43   3fold=49 (35%)   1588s      mean=0.493 LLR=-0.15 [CONTINUE]
 140 games  +38 =61 -41   -7 Elo +/- 43   3fold=49 (35%)   1596s      mean=0.489 LLR=-0.19 [CONTINUE]
 141 games  +38 =62 -41   -7 Elo +/- 43   3fold=50 (35%)   1611s      mean=0.489 LLR=-0.19 [CONTINUE]
 142 games  +38 =62 -42   -10 Elo +/- 43   3fold=50 (35%)   1621s      mean=0.486 LLR=-0.23 [CONTINUE]
 143 games  +38 =62 -43   -12 Elo +/- 43   3fold=50 (35%)   1628s      mean=0.483 LLR=-0.27 [CONTINUE]
 144 games  +38 =63 -43   -12 Elo +/- 43   3fold=51 (35%)   1640s      mean=0.483 LLR=-0.27 [CONTINUE]
 145 games  +38 =64 -43   -12 Elo +/- 42   3fold=52 (36%)   1650s      mean=0.483 LLR=-0.28 [CONTINUE]
 146 games  +38 =64 -44   -14 Elo +/- 42   3fold=52 (36%)   1659s      mean=0.479 LLR=-0.32 [CONTINUE]
 147 games  +38 =64 -45   -17 Elo +/- 42   3fold=52 (35%)   1670s      mean=0.476 LLR=-0.36 [CONTINUE]
 148 games  +38 =64 -46   -19 Elo +/- 42   3fold=52 (35%)   1682s      mean=0.473 LLR=-0.40 [CONTINUE]
 149 games  +39 =64 -46   -16 Elo +/- 42   3fold=52 (35%)   1689s      mean=0.477 LLR=-0.35 [CONTINUE]
 150 games  +39 =64 -47   -19 Elo +/- 42   3fold=52 (35%)   1700s      mean=0.473 LLR=-0.39 [CONTINUE]
 151 games  +40 =64 -47   -16 Elo +/- 42   3fold=52 (34%)   1714s      mean=0.477 LLR=-0.35 [CONTINUE]
 152 games  +41 =64 -47   -14 Elo +/- 42   3fold=52 (34%)   1719s      mean=0.480 LLR=-0.31 [CONTINUE]
 153 games  +41 =65 -47   -14 Elo +/- 42   3fold=53 (35%)   1727s      mean=0.480 LLR=-0.31 [CONTINUE]
 154 games  +41 =66 -47   -14 Elo +/- 42   3fold=53 (34%)   1752s      mean=0.481 LLR=-0.31 [CONTINUE]
 155 games  +42 =66 -47   -11 Elo +/- 42   3fold=53 (34%)   1753s      mean=0.484 LLR=-0.27 [CONTINUE]
 156 games  +43 =66 -47   -9 Elo +/- 42   3fold=53 (34%)   1761s      mean=0.487 LLR=-0.23 [CONTINUE]
 157 games  +43 =67 -47   -9 Elo +/- 41   3fold=54 (34%)   1780s      mean=0.487 LLR=-0.23 [CONTINUE]
 158 games  +43 =67 -48   -11 Elo +/- 41   3fold=54 (34%)   1787s      mean=0.484 LLR=-0.27 [CONTINUE]
 159 games  +44 =67 -48   -9 Elo +/- 41   3fold=54 (34%)   1792s      mean=0.487 LLR=-0.23 [CONTINUE]
 160 games  +45 =67 -48   -7 Elo +/- 41   3fold=54 (34%)   1816s      mean=0.491 LLR=-0.19 [CONTINUE]
 161 games  +45 =68 -48   -6 Elo +/- 41   3fold=55 (34%)   1824s      mean=0.491 LLR=-0.19 [CONTINUE]
 162 games  +45 =69 -48   -6 Elo +/- 41   3fold=56 (35%)   1829s      mean=0.491 LLR=-0.20 [CONTINUE]
 163 games  +45 =70 -48   -6 Elo +/- 40   3fold=57 (35%)   1845s      mean=0.491 LLR=-0.20 [CONTINUE]
 164 games  +45 =71 -48   -6 Elo +/- 40   3fold=58 (35%)   1849s      mean=0.491 LLR=-0.20 [CONTINUE]
 165 games  +46 =71 -48   -4 Elo +/- 40   3fold=58 (35%)   1864s      mean=0.494 LLR=-0.16 [CONTINUE]
 166 games  +46 =72 -48   -4 Elo +/- 40   3fold=59 (36%)   1871s      mean=0.494 LLR=-0.16 [CONTINUE]
 167 games  +46 =73 -48   -4 Elo +/- 40   3fold=60 (36%)   1885s      mean=0.494 LLR=-0.16 [CONTINUE]
 168 games  +46 =73 -49   -6 Elo +/- 40   3fold=60 (36%)   1894s      mean=0.491 LLR=-0.20 [CONTINUE]
 169 games  +46 =73 -50   -8 Elo +/- 40   3fold=60 (36%)   1905s      mean=0.488 LLR=-0.24 [CONTINUE]
 170 games  +46 =73 -51   -10 Elo +/- 40   3fold=60 (35%)   1915s      mean=0.485 LLR=-0.28 [CONTINUE]
 171 games  +46 =73 -52   -12 Elo +/- 40   3fold=60 (35%)   1926s      mean=0.482 LLR=-0.32 [CONTINUE]
 172 games  +46 =74 -52   -12 Elo +/- 39   3fold=61 (35%)   1932s      mean=0.483 LLR=-0.32 [CONTINUE]
 173 games  +46 =75 -52   -12 Elo +/- 39   3fold=62 (36%)   1940s      mean=0.483 LLR=-0.33 [CONTINUE]
 174 games  +47 =75 -52   -10 Elo +/- 39   3fold=62 (36%)   1957s      mean=0.486 LLR=-0.28 [CONTINUE]
 175 games  +48 =75 -52   -8 Elo +/- 39   3fold=62 (35%)   1966s      mean=0.489 LLR=-0.24 [CONTINUE]
 176 games  +49 =75 -52   -6 Elo +/- 39   3fold=62 (35%)   1970s      mean=0.491 LLR=-0.20 [CONTINUE]
 177 games  +50 =75 -52   -4 Elo +/- 39   3fold=62 (35%)   1991s      mean=0.494 LLR=-0.16 [CONTINUE]
 178 games  +50 =76 -52   -4 Elo +/- 39   3fold=63 (35%)   1998s      mean=0.494 LLR=-0.16 [CONTINUE]
 179 games  +50 =77 -52   -4 Elo +/- 39   3fold=63 (35%)   1998s      mean=0.494 LLR=-0.16 [CONTINUE]
 180 games  +50 =78 -52   -4 Elo +/- 38   3fold=64 (36%)   2022s      mean=0.494 LLR=-0.17 [CONTINUE]
 181 games  +50 =79 -52   -4 Elo +/- 38   3fold=65 (36%)   2025s      mean=0.494 LLR=-0.17 [CONTINUE]
 182 games  +51 =79 -52   -2 Elo +/- 38   3fold=65 (36%)   2032s      mean=0.497 LLR=-0.13 [CONTINUE]
 183 games  +51 =80 -52   -2 Elo +/- 38   3fold=65 (36%)   2054s      mean=0.497 LLR=-0.13 [CONTINUE]
 184 games  +52 =80 -52   -0 Elo +/- 38   3fold=65 (35%)   2055s      mean=0.500 LLR=-0.09 [CONTINUE]
 185 games  +53 =80 -52   +2 Elo +/- 38   3fold=65 (35%)   2064s      mean=0.503 LLR=-0.05 [CONTINUE]
 186 games  +53 =81 -52   +2 Elo +/- 38   3fold=66 (35%)   2077s      mean=0.503 LLR=-0.05 [CONTINUE]
 187 games  +54 =81 -52   +4 Elo +/- 38   3fold=66 (35%)   2092s      mean=0.505 LLR=-0.01 [CONTINUE]
 188 games  +54 =82 -52   +4 Elo +/- 37   3fold=67 (36%)   2104s      mean=0.505 LLR=-0.01 [CONTINUE]
 189 games  +54 =83 -52   +4 Elo +/- 37   3fold=67 (35%)   2114s      mean=0.505 LLR=-0.01 [CONTINUE]
 190 games  +55 =83 -52   +5 Elo +/- 37   3fold=67 (35%)   2134s      mean=0.508 LLR=+0.03 [CONTINUE]
 191 games  +55 =84 -52   +5 Elo +/- 37   3fold=67 (35%)   2137s      mean=0.508 LLR=+0.03 [CONTINUE]
 192 games  +55 =85 -52   +5 Elo +/- 37   3fold=67 (35%)   2163s      mean=0.508 LLR=+0.03 [CONTINUE]
 193 games  +55 =85 -53   +4 Elo +/- 37   3fold=67 (35%)   2164s      mean=0.505 LLR=-0.01 [CONTINUE]
 194 games  +56 =85 -53   +5 Elo +/- 37   3fold=67 (35%)   2165s      mean=0.508 LLR=+0.03 [CONTINUE]
 195 games  +56 =86 -53   +5 Elo +/- 37   3fold=67 (34%)   2193s      mean=0.508 LLR=+0.03 [CONTINUE]
 196 games  +56 =86 -54   +4 Elo +/- 37   3fold=67 (34%)   2198s      mean=0.505 LLR=-0.01 [CONTINUE]
 197 games  +56 =87 -54   +4 Elo +/- 36   3fold=68 (35%)   2209s      mean=0.505 LLR=-0.01 [CONTINUE]
 198 games  +56 =88 -54   +4 Elo +/- 36   3fold=69 (35%)   2224s      mean=0.505 LLR=-0.01 [CONTINUE]
 199 games  +56 =88 -55   +2 Elo +/- 36   3fold=69 (35%)   2226s      mean=0.503 LLR=-0.05 [CONTINUE]
 200 games  +56 =88 -56   -0 Elo +/- 36   3fold=69 (34%)   2239s      mean=0.500 LLR=-0.09 [CONTINUE]
 201 games  +56 =89 -56   -0 Elo +/- 36   3fold=70 (35%)   2248s      mean=0.500 LLR=-0.10 [CONTINUE]
 202 games  +57 =89 -56   +2 Elo +/- 36   3fold=70 (35%)   2256s      mean=0.502 LLR=-0.05 [CONTINUE]
 203 games  +58 =89 -56   +3 Elo +/- 36   3fold=70 (34%)   2271s      mean=0.505 LLR=-0.01 [CONTINUE]
 204 games  +59 =89 -56   +5 Elo +/- 36   3fold=70 (34%)   2283s      mean=0.507 LLR=+0.03 [CONTINUE]
 205 games  +59 =89 -57   +3 Elo +/- 36   3fold=70 (34%)   2291s      mean=0.505 LLR=-0.01 [CONTINUE]
 206 games  +59 =89 -58   +2 Elo +/- 36   3fold=70 (34%)   2312s      mean=0.502 LLR=-0.06 [CONTINUE]
 207 games  +59 =90 -58   +2 Elo +/- 36   3fold=71 (34%)   2314s      mean=0.502 LLR=-0.06 [CONTINUE]
 208 games  +59 =91 -58   +2 Elo +/- 36   3fold=71 (34%)   2319s      mean=0.502 LLR=-0.06 [CONTINUE]
 209 games  +59 =91 -59   -0 Elo +/- 36   3fold=71 (34%)   2342s      mean=0.500 LLR=-0.10 [CONTINUE]
 210 games  +60 =91 -59   +2 Elo +/- 35   3fold=71 (34%)   2345s      mean=0.502 LLR=-0.06 [CONTINUE]
 211 games  +60 =91 -60   -0 Elo +/- 35   3fold=71 (34%)   2351s      mean=0.500 LLR=-0.10 [CONTINUE]
 212 games  +60 =92 -60   -0 Elo +/- 35   3fold=72 (34%)   2366s      mean=0.500 LLR=-0.10 [CONTINUE]
 213 games  +61 =92 -60   +2 Elo +/- 35   3fold=72 (34%)   2374s      mean=0.502 LLR=-0.06 [CONTINUE]
 214 games  +61 =93 -60   +2 Elo +/- 35   3fold=73 (34%)   2385s      mean=0.502 LLR=-0.06 [CONTINUE]
 215 games  +62 =93 -60   +3 Elo +/- 35   3fold=73 (34%)   2398s      mean=0.505 LLR=-0.02 [CONTINUE]
 216 games  +62 =93 -61   +2 Elo +/- 35   3fold=73 (34%)   2405s      mean=0.502 LLR=-0.06 [CONTINUE]
 217 games  +62 =93 -62   -0 Elo +/- 35   3fold=73 (34%)   2426s      mean=0.500 LLR=-0.10 [CONTINUE]
 218 games  +62 =94 -62   -0 Elo +/- 35   3fold=73 (33%)   2431s      mean=0.500 LLR=-0.10 [CONTINUE]
 219 games  +62 =95 -62   -0 Elo +/- 35   3fold=74 (34%)   2446s      mean=0.500 LLR=-0.10 [CONTINUE]
 220 games  +63 =95 -62   +2 Elo +/- 35   3fold=74 (34%)   2457s      mean=0.502 LLR=-0.06 [CONTINUE]
 221 games  +63 =96 -62   +2 Elo +/- 35   3fold=75 (34%)   2464s      mean=0.502 LLR=-0.06 [CONTINUE]
 222 games  +63 =96 -63   -0 Elo +/- 35   3fold=75 (34%)   2481s      mean=0.500 LLR=-0.10 [CONTINUE]
 223 games  +64 =96 -63   +2 Elo +/- 35   3fold=75 (34%)   2492s      mean=0.502 LLR=-0.06 [CONTINUE]
 224 games  +64 =97 -63   +2 Elo +/- 34   3fold=75 (33%)   2497s      mean=0.502 LLR=-0.06 [CONTINUE]
 225 games  +64 =98 -63   +2 Elo +/- 34   3fold=75 (33%)   2518s      mean=0.502 LLR=-0.06 [CONTINUE]
 226 games  +65 =98 -63   +3 Elo +/- 34   3fold=75 (33%)   2521s      mean=0.504 LLR=-0.02 [CONTINUE]
 227 games  +65 =99 -63   +3 Elo +/- 34   3fold=76 (33%)   2524s      mean=0.504 LLR=-0.03 [CONTINUE]
 228 games  +65 =100 -63   +3 Elo +/- 34   3fold=77 (34%)   2549s      mean=0.504 LLR=-0.03 [CONTINUE]
 229 games  +66 =100 -63   +5 Elo +/- 34   3fold=77 (34%)   2552s      mean=0.507 LLR=+0.01 [CONTINUE]
 230 games  +66 =101 -63   +5 Elo +/- 34   3fold=78 (34%)   2555s      mean=0.507 LLR=+0.01 [CONTINUE]
 231 games  +66 =101 -64   +3 Elo +/- 34   3fold=78 (34%)   2580s      mean=0.504 LLR=-0.03 [CONTINUE]
 232 games  +67 =101 -64   +4 Elo +/- 34   3fold=78 (34%)   2581s      mean=0.506 LLR=+0.01 [CONTINUE]
 233 games  +67 =102 -64   +4 Elo +/- 34   3fold=78 (33%)   2595s      mean=0.506 LLR=+0.01 [CONTINUE]
 234 games  +67 =103 -64   +4 Elo +/- 33   3fold=79 (34%)   2611s      mean=0.506 LLR=+0.01 [CONTINUE]
 235 games  +67 =104 -64   +4 Elo +/- 33   3fold=79 (34%)   2612s      mean=0.506 LLR=+0.01 [CONTINUE]
 236 games  +67 =105 -64   +4 Elo +/- 33   3fold=80 (34%)   2620s      mean=0.506 LLR=+0.01 [CONTINUE]
 237 games  +67 =106 -64   +4 Elo +/- 33   3fold=81 (34%)   2637s      mean=0.506 LLR=+0.01 [CONTINUE]
 238 games  +68 =106 -64   +6 Elo +/- 33   3fold=81 (34%)   2643s      mean=0.508 LLR=+0.05 [CONTINUE]
 239 games  +68 =106 -65   +4 Elo +/- 33   3fold=81 (34%)   2652s      mean=0.506 LLR=+0.01 [CONTINUE]
 240 games  +68 =107 -65   +4 Elo +/- 33   3fold=82 (34%)   2672s      mean=0.506 LLR=+0.01 [CONTINUE]
 241 games  +68 =107 -66   +3 Elo +/- 33   3fold=82 (34%)   2673s      mean=0.504 LLR=-0.03 [CONTINUE]
 242 games  +69 =107 -66   +4 Elo +/- 33   3fold=82 (34%)   2684s      mean=0.506 LLR=+0.01 [CONTINUE]
 243 games  +70 =107 -66   +6 Elo +/- 33   3fold=82 (34%)   2707s      mean=0.508 LLR=+0.05 [CONTINUE]
 244 games  +70 =107 -67   +4 Elo +/- 33   3fold=82 (34%)   2707s      mean=0.506 LLR=+0.01 [CONTINUE]
 245 games  +70 =108 -67   +4 Elo +/- 33   3fold=83 (34%)   2715s      mean=0.506 LLR=+0.01 [CONTINUE]
 246 games  +70 =108 -68   +3 Elo +/- 33   3fold=83 (34%)   2734s      mean=0.504 LLR=-0.03 [CONTINUE]
 247 games  +71 =108 -68   +4 Elo +/- 33   3fold=83 (34%)   2738s      mean=0.506 LLR=+0.01 [CONTINUE]
 248 games  +71 =108 -69   +3 Elo +/- 33   3fold=83 (33%)   2742s      mean=0.504 LLR=-0.03 [CONTINUE]
 249 games  +72 =108 -69   +4 Elo +/- 33   3fold=83 (33%)   2773s      mean=0.506 LLR=+0.01 [CONTINUE]
 250 games  +72 =109 -69   +4 Elo +/- 32   3fold=84 (34%)   2775s      mean=0.506 LLR=+0.00 [CONTINUE]
 251 games  +72 =109 -70   +3 Elo +/- 32   3fold=84 (33%)   2776s      mean=0.504 LLR=-0.04 [CONTINUE]
 252 games  +72 =110 -70   +3 Elo +/- 32   3fold=85 (34%)   2801s      mean=0.504 LLR=-0.04 [CONTINUE]
 253 games  +73 =110 -70   +4 Elo +/- 32   3fold=85 (34%)   2802s      mean=0.506 LLR=+0.00 [CONTINUE]
 254 games  +73 =110 -71   +3 Elo +/- 32   3fold=85 (33%)   2803s      mean=0.504 LLR=-0.04 [CONTINUE]
 255 games  +74 =110 -71   +4 Elo +/- 32   3fold=85 (33%)   2831s      mean=0.506 LLR=+0.00 [CONTINUE]
 256 games  +74 =110 -72   +3 Elo +/- 32   3fold=85 (33%)   2834s      mean=0.504 LLR=-0.04 [CONTINUE]
 257 games  +74 =111 -72   +3 Elo +/- 32   3fold=86 (33%)   2836s      mean=0.504 LLR=-0.04 [CONTINUE]
 258 games  +75 =111 -72   +4 Elo +/- 32   3fold=86 (33%)   2864s      mean=0.506 LLR=+0.00 [CONTINUE]
 259 games  +75 =111 -73   +3 Elo +/- 32   3fold=86 (33%)   2864s      mean=0.504 LLR=-0.04 [CONTINUE]
 260 games  +76 =111 -73   +4 Elo +/- 32   3fold=86 (33%)   2872s      mean=0.506 LLR=+0.00 [CONTINUE]
 261 games  +76 =112 -73   +4 Elo +/- 32   3fold=87 (33%)   2892s      mean=0.506 LLR=-0.00 [CONTINUE]
 262 games  +76 =112 -74   +3 Elo +/- 32   3fold=87 (33%)   2896s      mean=0.504 LLR=-0.04 [CONTINUE]
 263 games  +76 =113 -74   +3 Elo +/- 32   3fold=88 (33%)   2906s      mean=0.504 LLR=-0.04 [CONTINUE]
 264 games  +76 =113 -75   +1 Elo +/- 32   3fold=88 (33%)   2931s      mean=0.502 LLR=-0.08 [CONTINUE]
 265 games  +76 =114 -75   +1 Elo +/- 32   3fold=88 (33%)   2934s      mean=0.502 LLR=-0.08 [CONTINUE]
 266 games  +77 =114 -75   +3 Elo +/- 32   3fold=88 (33%)   2937s      mean=0.504 LLR=-0.04 [CONTINUE]
 267 games  +77 =115 -75   +3 Elo +/- 32   3fold=89 (33%)   2963s      mean=0.504 LLR=-0.04 [CONTINUE]
 268 games  +77 =115 -76   +1 Elo +/- 32   3fold=89 (33%)   2963s      mean=0.502 LLR=-0.08 [CONTINUE]
 269 games  +77 =116 -76   +1 Elo +/- 31   3fold=89 (33%)   2981s      mean=0.502 LLR=-0.08 [CONTINUE]
 270 games  +78 =116 -76   +3 Elo +/- 31   3fold=89 (33%)   2996s      mean=0.504 LLR=-0.04 [CONTINUE]
 271 games  +78 =117 -76   +3 Elo +/- 31   3fold=90 (33%)   2998s      mean=0.504 LLR=-0.05 [CONTINUE]
 272 games  +78 =118 -76   +3 Elo +/- 31   3fold=90 (33%)   3019s      mean=0.504 LLR=-0.05 [CONTINUE]
 273 games  +78 =118 -77   +1 Elo +/- 31   3fold=90 (33%)   3028s      mean=0.502 LLR=-0.09 [CONTINUE]
 274 games  +79 =118 -77   +3 Elo +/- 31   3fold=90 (33%)   3030s      mean=0.504 LLR=-0.05 [CONTINUE]
 275 games  +79 =119 -77   +3 Elo +/- 31   3fold=91 (33%)   3056s      mean=0.504 LLR=-0.05 [CONTINUE]
 276 games  +79 =120 -77   +3 Elo +/- 31   3fold=92 (33%)   3056s      mean=0.504 LLR=-0.05 [CONTINUE]
 277 games  +80 =120 -77   +4 Elo +/- 31   3fold=92 (33%)   3057s      mean=0.505 LLR=-0.01 [CONTINUE]
 278 games  +80 =121 -77   +4 Elo +/- 31   3fold=93 (33%)   3081s      mean=0.505 LLR=-0.01 [CONTINUE]
 279 games  +81 =121 -77   +5 Elo +/- 31   3fold=93 (33%)   3086s      mean=0.507 LLR=+0.03 [CONTINUE]
 280 games  +81 =122 -77   +5 Elo +/- 31   3fold=93 (33%)   3090s      mean=0.507 LLR=+0.03 [CONTINUE]
 281 games  +82 =122 -77   +6 Elo +/- 31   3fold=93 (33%)   3110s      mean=0.509 LLR=+0.07 [CONTINUE]
 282 games  +83 =122 -77   +7 Elo +/- 31   3fold=93 (33%)   3118s      mean=0.511 LLR=+0.11 [CONTINUE]
 283 games  +84 =122 -77   +9 Elo +/- 31   3fold=93 (33%)   3119s      mean=0.512 LLR=+0.15 [CONTINUE]
 284 games  +84 =122 -78   +7 Elo +/- 31   3fold=93 (33%)   3143s      mean=0.511 LLR=+0.11 [CONTINUE]
 285 games  +84 =123 -78   +7 Elo +/- 30   3fold=94 (33%)   3146s      mean=0.511 LLR=+0.11 [CONTINUE]
 286 games  +84 =124 -78   +7 Elo +/- 30   3fold=94 (33%)   3149s      mean=0.510 LLR=+0.11 [CONTINUE]
 287 games  +84 =124 -79   +6 Elo +/- 30   3fold=94 (33%)   3170s      mean=0.509 LLR=+0.07 [CONTINUE]
 288 games  +84 =125 -79   +6 Elo +/- 30   3fold=95 (33%)   3172s      mean=0.509 LLR=+0.07 [CONTINUE]
 289 games  +84 =126 -79   +6 Elo +/- 30   3fold=96 (33%)   3181s      mean=0.509 LLR=+0.07 [CONTINUE]
 290 games  +85 =126 -79   +7 Elo +/- 30   3fold=96 (33%)   3201s      mean=0.510 LLR=+0.11 [CONTINUE]
 291 games  +85 =126 -80   +6 Elo +/- 30   3fold=96 (33%)   3212s      mean=0.509 LLR=+0.07 [CONTINUE]
 292 games  +86 =126 -80   +7 Elo +/- 30   3fold=96 (33%)   3212s      mean=0.510 LLR=+0.11 [CONTINUE]
 293 games  +86 =127 -80   +7 Elo +/- 30   3fold=97 (33%)   3231s      mean=0.510 LLR=+0.11 [CONTINUE]
 294 games  +86 =128 -80   +7 Elo +/- 30   3fold=97 (33%)   3242s      mean=0.510 LLR=+0.11 [CONTINUE]
 295 games  +86 =129 -80   +7 Elo +/- 30   3fold=98 (33%)   3244s      mean=0.510 LLR=+0.11 [CONTINUE]
 296 games  +86 =129 -81   +6 Elo +/- 30   3fold=98 (33%)   3265s      mean=0.508 LLR=+0.07 [CONTINUE]
 297 games  +86 =130 -81   +6 Elo +/- 30   3fold=99 (33%)   3266s      mean=0.508 LLR=+0.06 [CONTINUE]
 298 games  +86 =130 -82   +5 Elo +/- 30   3fold=99 (33%)   3275s      mean=0.507 LLR=+0.02 [CONTINUE]
 299 games  +87 =130 -82   +6 Elo +/- 30   3fold=99 (33%)   3299s      mean=0.508 LLR=+0.06 [CONTINUE]
 300 games  +88 =130 -82   +7 Elo +/- 30   3fold=99 (33%)   3300s      mean=0.510 LLR=+0.10 [CONTINUE]
 301 games  +89 =130 -82   +8 Elo +/- 30   3fold=99 (33%)   3306s      mean=0.512 LLR=+0.14 [CONTINUE]
 302 games  +89 =131 -82   +8 Elo +/- 30   3fold=100 (33%)   3329s      mean=0.512 LLR=+0.14 [CONTINUE]
 303 games  +89 =131 -83   +7 Elo +/- 30   3fold=100 (33%)   3330s      mean=0.510 LLR=+0.10 [CONTINUE]
 304 games  +89 =131 -84   +6 Elo +/- 30   3fold=100 (33%)   3340s      mean=0.508 LLR=+0.06 [CONTINUE]
 305 games  +90 =131 -84   +7 Elo +/- 30   3fold=100 (33%)   3359s      mean=0.510 LLR=+0.10 [CONTINUE]
 306 games  +90 =131 -85   +6 Elo +/- 30   3fold=100 (33%)   3361s      mean=0.508 LLR=+0.06 [CONTINUE]
 307 games  +91 =131 -85   +7 Elo +/- 29   3fold=100 (33%)   3379s      mean=0.510 LLR=+0.10 [CONTINUE]
 308 games  +91 =132 -85   +7 Elo +/- 29   3fold=101 (33%)   3389s      mean=0.510 LLR=+0.10 [CONTINUE]
 309 games  +91 =133 -85   +7 Elo +/- 29   3fold=101 (33%)   3393s      mean=0.510 LLR=+0.10 [CONTINUE]
 310 games  +91 =133 -86   +6 Elo +/- 29   3fold=101 (33%)   3408s      mean=0.508 LLR=+0.06 [CONTINUE]
 311 games  +91 =133 -87   +4 Elo +/- 29   3fold=101 (32%)   3416s      mean=0.506 LLR=+0.02 [CONTINUE]
 312 games  +91 =134 -87   +4 Elo +/- 29   3fold=102 (33%)   3434s      mean=0.506 LLR=+0.02 [CONTINUE]
 313 games  +92 =134 -87   +6 Elo +/- 29   3fold=102 (33%)   3439s      mean=0.508 LLR=+0.06 [CONTINUE]
 314 games  +92 =134 -88   +4 Elo +/- 29   3fold=102 (32%)   3444s      mean=0.506 LLR=+0.02 [CONTINUE]
 315 games  +92 =135 -88   +4 Elo +/- 29   3fold=103 (33%)   3459s      mean=0.506 LLR=+0.02 [CONTINUE]
 316 games  +92 =136 -88   +4 Elo +/- 29   3fold=104 (33%)   3464s      mean=0.506 LLR=+0.01 [CONTINUE]
 317 games  +92 =137 -88   +4 Elo +/- 29   3fold=105 (33%)   3472s      mean=0.506 LLR=+0.01 [CONTINUE]
 318 games  +92 =138 -88   +4 Elo +/- 29   3fold=106 (33%)   3495s      mean=0.506 LLR=+0.01 [CONTINUE]
 319 games  +92 =138 -89   +3 Elo +/- 29   3fold=106 (33%)   3500s      mean=0.505 LLR=-0.03 [CONTINUE]
 320 games  +93 =138 -89   +4 Elo +/- 29   3fold=106 (33%)   3500s      mean=0.506 LLR=+0.01 [CONTINUE]
 321 games  +93 =138 -90   +3 Elo +/- 29   3fold=106 (33%)   3526s      mean=0.505 LLR=-0.03 [CONTINUE]
 322 games  +93 =139 -90   +3 Elo +/- 29   3fold=107 (33%)   3537s      mean=0.505 LLR=-0.03 [CONTINUE]
 323 games  +93 =140 -90   +3 Elo +/- 29   3fold=108 (33%)   3541s      mean=0.505 LLR=-0.03 [CONTINUE]
 324 games  +93 =141 -90   +3 Elo +/- 28   3fold=109 (34%)   3558s      mean=0.505 LLR=-0.03 [CONTINUE]
 325 games  +93 =142 -90   +3 Elo +/- 28   3fold=110 (34%)   3568s      mean=0.505 LLR=-0.03 [CONTINUE]
 326 games  +93 =143 -90   +3 Elo +/- 28   3fold=111 (34%)   3572s      mean=0.505 LLR=-0.03 [CONTINUE]
 327 games  +94 =143 -90   +4 Elo +/- 28   3fold=111 (34%)   3589s      mean=0.506 LLR=+0.01 [CONTINUE]
 328 games  +94 =143 -91   +3 Elo +/- 28   3fold=111 (34%)   3597s      mean=0.505 LLR=-0.03 [CONTINUE]
 329 games  +94 =144 -91   +3 Elo +/- 28   3fold=111 (34%)   3606s      mean=0.505 LLR=-0.03 [CONTINUE]
 330 games  +95 =144 -91   +4 Elo +/- 28   3fold=111 (34%)   3622s      mean=0.506 LLR=+0.01 [CONTINUE]
 331 games  +95 =144 -92   +3 Elo +/- 28   3fold=111 (34%)   3628s      mean=0.505 LLR=-0.03 [CONTINUE]
 332 games  +95 =145 -92   +3 Elo +/- 28   3fold=111 (33%)   3641s      mean=0.505 LLR=-0.03 [CONTINUE]
 333 games  +95 =145 -93   +2 Elo +/- 28   3fold=111 (33%)   3657s      mean=0.503 LLR=-0.07 [CONTINUE]
 334 games  +95 =146 -93   +2 Elo +/- 28   3fold=112 (34%)   3663s      mean=0.503 LLR=-0.08 [CONTINUE]
 335 games  +95 =147 -93   +2 Elo +/- 28   3fold=113 (34%)   3666s      mean=0.503 LLR=-0.08 [CONTINUE]
 336 games  +95 =148 -93   +2 Elo +/- 28   3fold=114 (34%)   3686s      mean=0.503 LLR=-0.08 [CONTINUE]
 337 games  +96 =148 -93   +3 Elo +/- 28   3fold=114 (34%)   3692s      mean=0.504 LLR=-0.04 [CONTINUE]
 338 games  +96 =149 -93   +3 Elo +/- 28   3fold=114 (34%)   3697s      mean=0.504 LLR=-0.04 [CONTINUE]
 339 games  +97 =149 -93   +4 Elo +/- 28   3fold=114 (34%)   3719s      mean=0.506 LLR=+0.00 [CONTINUE]
 340 games  +98 =149 -93   +5 Elo +/- 28   3fold=114 (34%)   3723s      mean=0.507 LLR=+0.04 [CONTINUE]
 341 games  +99 =149 -93   +6 Elo +/- 28   3fold=114 (33%)   3727s      mean=0.509 LLR=+0.08 [CONTINUE]
 342 games  +100 =149 -93   +7 Elo +/- 28   3fold=114 (33%)   3751s      mean=0.510 LLR=+0.13 [CONTINUE]
 343 games  +100 =150 -93   +7 Elo +/- 28   3fold=115 (34%)   3761s      mean=0.510 LLR=+0.12 [CONTINUE]
 344 games  +100 =150 -94   +6 Elo +/- 28   3fold=115 (33%)   3762s      mean=0.509 LLR=+0.08 [CONTINUE]
 345 games  +100 =150 -95   +5 Elo +/- 28   3fold=115 (33%)   3782s      mean=0.507 LLR=+0.04 [CONTINUE]
 346 games  +100 =151 -95   +5 Elo +/- 28   3fold=116 (34%)   3788s      mean=0.507 LLR=+0.04 [CONTINUE]
 347 games  +100 =152 -95   +5 Elo +/- 27   3fold=117 (34%)   3792s      mean=0.507 LLR=+0.04 [CONTINUE]
 348 games  +101 =152 -95   +6 Elo +/- 27   3fold=117 (34%)   3813s      mean=0.509 LLR=+0.08 [CONTINUE]
 349 games  +102 =152 -95   +7 Elo +/- 27   3fold=117 (34%)   3818s      mean=0.510 LLR=+0.12 [CONTINUE]
 350 games  +103 =152 -95   +8 Elo +/- 27   3fold=117 (33%)   3838s      mean=0.511 LLR=+0.16 [CONTINUE]
 351 games  +103 =153 -95   +8 Elo +/- 27   3fold=118 (34%)   3847s      mean=0.511 LLR=+0.16 [CONTINUE]
 352 games  +103 =153 -96   +7 Elo +/- 27   3fold=118 (34%)   3851s      mean=0.510 LLR=+0.12 [CONTINUE]
 353 games  +103 =154 -96   +7 Elo +/- 27   3fold=119 (34%)   3867s      mean=0.510 LLR=+0.12 [CONTINUE]
 354 games  +103 =155 -96   +7 Elo +/- 27   3fold=119 (34%)   3881s      mean=0.510 LLR=+0.12 [CONTINUE]
 355 games  +104 =155 -96   +8 Elo +/- 27   3fold=119 (34%)   3881s      mean=0.511 LLR=+0.16 [CONTINUE]
 356 games  +105 =155 -96   +9 Elo +/- 27   3fold=119 (33%)   3898s      mean=0.513 LLR=+0.20 [CONTINUE]
 357 games  +105 =156 -96   +9 Elo +/- 27   3fold=120 (34%)   3910s      mean=0.513 LLR=+0.20 [CONTINUE]
 358 games  +105 =157 -96   +9 Elo +/- 27   3fold=121 (34%)   3911s      mean=0.513 LLR=+0.20 [CONTINUE]
 359 games  +105 =157 -97   +8 Elo +/- 27   3fold=121 (34%)   3929s      mean=0.511 LLR=+0.16 [CONTINUE]
 360 games  +105 =158 -97   +8 Elo +/- 27   3fold=122 (34%)   3933s      mean=0.511 LLR=+0.16 [CONTINUE]
 361 games  +106 =158 -97   +9 Elo +/- 27   3fold=122 (34%)   3941s      mean=0.512 LLR=+0.20 [CONTINUE]
 362 games  +106 =159 -97   +9 Elo +/- 27   3fold=122 (34%)   3965s      mean=0.512 LLR=+0.20 [CONTINUE]
 363 games  +106 =159 -98   +8 Elo +/- 27   3fold=122 (34%)   3967s      mean=0.511 LLR=+0.16 [CONTINUE]
 364 games  +106 =160 -98   +8 Elo +/- 27   3fold=123 (34%)   3971s      mean=0.511 LLR=+0.16 [CONTINUE]
 365 games  +106 =160 -99   +7 Elo +/- 27   3fold=123 (34%)   3996s      mean=0.510 LLR=+0.11 [CONTINUE]
 366 games  +106 =161 -99   +7 Elo +/- 27   3fold=124 (34%)   4002s      mean=0.510 LLR=+0.11 [CONTINUE]
 367 games  +107 =161 -99   +8 Elo +/- 27   3fold=124 (34%)   4002s      mean=0.511 LLR=+0.15 [CONTINUE]
 368 games  +107 =161 -100   +7 Elo +/- 27   3fold=124 (34%)   4029s      mean=0.510 LLR=+0.11 [CONTINUE]
 369 games  +107 =162 -100   +7 Elo +/- 27   3fold=125 (34%)   4038s      mean=0.509 LLR=+0.11 [CONTINUE]
 370 games  +107 =163 -100   +7 Elo +/- 27   3fold=125 (34%)   4040s      mean=0.509 LLR=+0.11 [CONTINUE]
 371 games  +107 =164 -100   +7 Elo +/- 26   3fold=126 (34%)   4056s      mean=0.509 LLR=+0.11 [CONTINUE]
 372 games  +108 =164 -100   +7 Elo +/- 26   3fold=126 (34%)   4070s      mean=0.511 LLR=+0.15 [CONTINUE]
 373 games  +109 =164 -100   +8 Elo +/- 26   3fold=126 (34%)   4074s      mean=0.512 LLR=+0.19 [CONTINUE]
 374 games  +109 =165 -100   +8 Elo +/- 26   3fold=126 (34%)   4087s      mean=0.512 LLR=+0.19 [CONTINUE]
 375 games  +109 =165 -101   +7 Elo +/- 26   3fold=126 (34%)   4104s      mean=0.511 LLR=+0.15 [CONTINUE]
 376 games  +109 =166 -101   +7 Elo +/- 26   3fold=127 (34%)   4115s      mean=0.511 LLR=+0.15 [CONTINUE]
 377 games  +109 =166 -102   +6 Elo +/- 26   3fold=127 (34%)   4120s      mean=0.509 LLR=+0.11 [CONTINUE]
 378 games  +110 =166 -102   +7 Elo +/- 26   3fold=127 (34%)   4136s      mean=0.511 LLR=+0.15 [CONTINUE]
 379 games  +110 =166 -103   +6 Elo +/- 26   3fold=127 (34%)   4147s      mean=0.509 LLR=+0.11 [CONTINUE]
 380 games  +110 =166 -104   +5 Elo +/- 26   3fold=127 (33%)   4150s      mean=0.508 LLR=+0.07 [CONTINUE]
 381 games  +110 =167 -104   +5 Elo +/- 26   3fold=127 (33%)   4179s      mean=0.508 LLR=+0.07 [CONTINUE]
 382 games  +111 =167 -104   +6 Elo +/- 26   3fold=127 (33%)   4184s      mean=0.509 LLR=+0.11 [CONTINUE]
 383 games  +111 =167 -105   +5 Elo +/- 26   3fold=127 (33%)   4189s      mean=0.508 LLR=+0.06 [CONTINUE]
 384 games  +111 =168 -105   +5 Elo +/- 26   3fold=128 (33%)   4206s      mean=0.508 LLR=+0.06 [CONTINUE]
 385 games  +111 =169 -105   +5 Elo +/- 26   3fold=128 (33%)   4216s      mean=0.508 LLR=+0.06 [CONTINUE]
 386 games  +111 =169 -106   +5 Elo +/- 26   3fold=128 (33%)   4221s      mean=0.506 LLR=+0.02 [CONTINUE]
 387 games  +111 =170 -106   +4 Elo +/- 26   3fold=129 (33%)   4230s      mean=0.506 LLR=+0.02 [CONTINUE]
 388 games  +111 =170 -107   +4 Elo +/- 26   3fold=129 (33%)   4245s      mean=0.505 LLR=-0.02 [CONTINUE]
 389 games  +111 =170 -108   +3 Elo +/- 26   3fold=129 (33%)   4250s      mean=0.504 LLR=-0.06 [CONTINUE]
 390 games  +111 =171 -108   +3 Elo +/- 26   3fold=130 (33%)   4267s      mean=0.504 LLR=-0.06 [CONTINUE]
 391 games  +111 =171 -109   +2 Elo +/- 26   3fold=130 (33%)   4277s      mean=0.503 LLR=-0.10 [CONTINUE]
 392 games  +112 =171 -109   +3 Elo +/- 26   3fold=130 (33%)   4296s      mean=0.504 LLR=-0.06 [CONTINUE]
 393 games  +112 =171 -110   +2 Elo +/- 26   3fold=130 (33%)   4296s      mean=0.503 LLR=-0.10 [CONTINUE]
 394 games  +112 =172 -110   +2 Elo +/- 26   3fold=131 (33%)   4303s      mean=0.503 LLR=-0.10 [CONTINUE]
 395 games  +112 =173 -110   +2 Elo +/- 26   3fold=131 (33%)   4326s      mean=0.503 LLR=-0.10 [CONTINUE]
 396 games  +112 =173 -111   +1 Elo +/- 26   3fold=131 (33%)   4326s      mean=0.501 LLR=-0.15 [CONTINUE]
 397 games  +112 =173 -112   -0 Elo +/- 26   3fold=131 (33%)   4340s      mean=0.500 LLR=-0.19 [CONTINUE]
 398 games  +113 =173 -112   +1 Elo +/- 26   3fold=131 (33%)   4354s      mean=0.501 LLR=-0.15 [CONTINUE]
 399 games  +113 =174 -112   +1 Elo +/- 26   3fold=132 (33%)   4359s      mean=0.501 LLR=-0.15 [CONTINUE]
 400 games  +113 =175 -112   +1 Elo +/- 26   3fold=133 (33%)   4365s      mean=0.501 LLR=-0.15 [CONTINUE]
 401 games  +113 =175 -113   -0 Elo +/- 26   3fold=133 (33%)   4388s      mean=0.500 LLR=-0.19 [CONTINUE]
 402 games  +113 =176 -113   -0 Elo +/- 26   3fold=134 (33%)   4391s      mean=0.500 LLR=-0.19 [CONTINUE]
 403 games  +113 =177 -113   -0 Elo +/- 25   3fold=135 (33%)   4396s      mean=0.500 LLR=-0.19 [CONTINUE]
 404 games  +113 =178 -113   -0 Elo +/- 25   3fold=135 (33%)   4419s      mean=0.500 LLR=-0.19 [CONTINUE]
 405 games  +113 =179 -113   -0 Elo +/- 25   3fold=136 (34%)   4425s      mean=0.500 LLR=-0.19 [CONTINUE]
 406 games  +113 =179 -114   -1 Elo +/- 25   3fold=136 (33%)   4427s      mean=0.499 LLR=-0.23 [CONTINUE]
 407 games  +114 =179 -114   -0 Elo +/- 25   3fold=136 (33%)   4452s      mean=0.500 LLR=-0.19 [CONTINUE]
 408 games  +115 =179 -114   +1 Elo +/- 25   3fold=136 (33%)   4453s      mean=0.501 LLR=-0.15 [CONTINUE]
 409 games  +115 =179 -115   -0 Elo +/- 25   3fold=136 (33%)   4461s      mean=0.500 LLR=-0.19 [CONTINUE]
 410 games  +115 =179 -116   -1 Elo +/- 25   3fold=136 (33%)   4482s      mean=0.499 LLR=-0.23 [CONTINUE]
 411 games  +115 =179 -117   -2 Elo +/- 25   3fold=136 (33%)   4485s      mean=0.498 LLR=-0.27 [CONTINUE]
 412 games  +115 =180 -117   -2 Elo +/- 25   3fold=136 (33%)   4489s      mean=0.498 LLR=-0.28 [CONTINUE]
 413 games  +115 =181 -117   -2 Elo +/- 25   3fold=137 (33%)   4504s      mean=0.498 LLR=-0.28 [CONTINUE]
 414 games  +115 =181 -118   -3 Elo +/- 25   3fold=137 (33%)   4513s      mean=0.496 LLR=-0.32 [CONTINUE]
 415 games  +115 =182 -118   -3 Elo +/- 25   3fold=138 (33%)   4525s      mean=0.496 LLR=-0.32 [CONTINUE]
 416 games  +115 =182 -119   -3 Elo +/- 25   3fold=138 (33%)   4532s      mean=0.495 LLR=-0.36 [CONTINUE]
 417 games  +115 =183 -119   -3 Elo +/- 25   3fold=139 (33%)   4540s      mean=0.495 LLR=-0.36 [CONTINUE]
 418 games  +116 =183 -119   -2 Elo +/- 25   3fold=139 (33%)   4557s      mean=0.496 LLR=-0.32 [CONTINUE]
 419 games  +116 =184 -119   -2 Elo +/- 25   3fold=140 (33%)   4563s      mean=0.496 LLR=-0.32 [CONTINUE]
 420 games  +116 =184 -120   -3 Elo +/- 25   3fold=140 (33%)   4572s      mean=0.495 LLR=-0.36 [CONTINUE]
 421 games  +116 =185 -120   -3 Elo +/- 25   3fold=141 (33%)   4586s      mean=0.495 LLR=-0.36 [CONTINUE]
 422 games  +116 =185 -121   -4 Elo +/- 25   3fold=141 (33%)   4595s      mean=0.494 LLR=-0.40 [CONTINUE]
 423 games  +116 =186 -121   -4 Elo +/- 25   3fold=142 (34%)   4598s      mean=0.494 LLR=-0.41 [CONTINUE]
 424 games  +116 =186 -122   -5 Elo +/- 25   3fold=142 (33%)   4618s      mean=0.493 LLR=-0.45 [CONTINUE]
 425 games  +116 =186 -123   -6 Elo +/- 25   3fold=142 (33%)   4624s      mean=0.492 LLR=-0.49 [CONTINUE]
 426 games  +116 =187 -123   -6 Elo +/- 25   3fold=142 (33%)   4630s      mean=0.492 LLR=-0.49 [CONTINUE]
 427 games  +116 =188 -123   -6 Elo +/- 25   3fold=143 (33%)   4648s      mean=0.492 LLR=-0.49 [CONTINUE]
 428 games  +117 =188 -123   -5 Elo +/- 25   3fold=143 (33%)   4653s      mean=0.493 LLR=-0.45 [CONTINUE]
 429 games  +118 =188 -123   -4 Elo +/- 25   3fold=143 (33%)   4665s      mean=0.494 LLR=-0.41 [CONTINUE]
 430 games  +119 =188 -123   -3 Elo +/- 25   3fold=143 (33%)   4680s      mean=0.495 LLR=-0.37 [CONTINUE]
 431 games  +119 =189 -123   -3 Elo +/- 25   3fold=144 (33%)   4684s      mean=0.495 LLR=-0.37 [CONTINUE]
 432 games  +119 =189 -124   -4 Elo +/- 25   3fold=144 (33%)   4695s      mean=0.494 LLR=-0.41 [CONTINUE]
 433 games  +119 =189 -125   -5 Elo +/- 25   3fold=144 (33%)   4716s      mean=0.493 LLR=-0.45 [CONTINUE]
 434 games  +119 =190 -125   -5 Elo +/- 25   3fold=145 (33%)   4721s      mean=0.493 LLR=-0.45 [CONTINUE]
 435 games  +120 =190 -125   -4 Elo +/- 25   3fold=145 (33%)   4726s      mean=0.494 LLR=-0.41 [CONTINUE]
 436 games  +120 =190 -126   -5 Elo +/- 25   3fold=145 (33%)   4753s      mean=0.493 LLR=-0.45 [CONTINUE]
 437 games  +121 =190 -126   -4 Elo +/- 25   3fold=145 (33%)   4754s      mean=0.494 LLR=-0.41 [CONTINUE]
 438 games  +122 =190 -126   -3 Elo +/- 25   3fold=145 (33%)   4756s      mean=0.495 LLR=-0.37 [CONTINUE]
 439 games  +122 =191 -126   -3 Elo +/- 24   3fold=146 (33%)   4779s      mean=0.495 LLR=-0.37 [CONTINUE]
 440 games  +123 =191 -126   -2 Elo +/- 24   3fold=146 (33%)   4787s      mean=0.497 LLR=-0.33 [CONTINUE]
 441 games  +124 =191 -126   -2 Elo +/- 24   3fold=146 (33%)   4793s      mean=0.498 LLR=-0.29 [CONTINUE]
 442 games  +124 =191 -127   -2 Elo +/- 24   3fold=146 (33%)   4811s      mean=0.497 LLR=-0.33 [CONTINUE]
 443 games  +124 =192 -127   -2 Elo +/- 24   3fold=147 (33%)   4813s      mean=0.497 LLR=-0.33 [CONTINUE]
 444 games  +124 =193 -127   -2 Elo +/- 24   3fold=148 (33%)   4826s      mean=0.497 LLR=-0.33 [CONTINUE]
 445 games  +124 =194 -127   -2 Elo +/- 24   3fold=149 (33%)   4839s      mean=0.497 LLR=-0.33 [CONTINUE]
 446 games  +124 =195 -127   -2 Elo +/- 24   3fold=149 (33%)   4848s      mean=0.497 LLR=-0.33 [CONTINUE]
 447 games  +124 =195 -128   -3 Elo +/- 24   3fold=149 (33%)   4854s      mean=0.496 LLR=-0.37 [CONTINUE]
 448 games  +124 =196 -128   -3 Elo +/- 24   3fold=150 (33%)   4869s      mean=0.496 LLR=-0.37 [CONTINUE]
 449 games  +124 =197 -128   -3 Elo +/- 24   3fold=151 (34%)   4870s      mean=0.496 LLR=-0.38 [CONTINUE]
 450 games  +124 =197 -129   -4 Elo +/- 24   3fold=151 (34%)   4886s      mean=0.494 LLR=-0.42 [CONTINUE]
 451 games  +124 =197 -130   -5 Elo +/- 24   3fold=151 (33%)   4903s      mean=0.493 LLR=-0.46 [CONTINUE]
 452 games  +124 =198 -130   -5 Elo +/- 24   3fold=152 (34%)   4905s      mean=0.493 LLR=-0.46 [CONTINUE]
 453 games  +124 =198 -131   -5 Elo +/- 24   3fold=152 (34%)   4919s      mean=0.492 LLR=-0.50 [CONTINUE]
 454 games  +124 =199 -131   -5 Elo +/- 24   3fold=153 (34%)   4931s      mean=0.492 LLR=-0.50 [CONTINUE]
 455 games  +124 =200 -131   -5 Elo +/- 24   3fold=154 (34%)   4933s      mean=0.492 LLR=-0.50 [CONTINUE]
 456 games  +124 =201 -131   -5 Elo +/- 24   3fold=155 (34%)   4957s      mean=0.492 LLR=-0.50 [CONTINUE]
 457 games  +124 =201 -132   -6 Elo +/- 24   3fold=155 (34%)   4962s      mean=0.491 LLR=-0.55 [CONTINUE]
 458 games  +124 =202 -132   -6 Elo +/- 24   3fold=155 (34%)   4963s      mean=0.491 LLR=-0.55 [CONTINUE]
 459 games  +124 =203 -132   -6 Elo +/- 24   3fold=155 (34%)   4989s      mean=0.491 LLR=-0.55 [CONTINUE]
 460 games  +124 =203 -133   -7 Elo +/- 24   3fold=155 (34%)   4993s      mean=0.490 LLR=-0.59 [CONTINUE]
 461 games  +124 =204 -133   -7 Elo +/- 24   3fold=155 (34%)   4997s      mean=0.490 LLR=-0.59 [CONTINUE]
 462 games  +125 =204 -133   -6 Elo +/- 24   3fold=155 (34%)   5022s      mean=0.491 LLR=-0.55 [CONTINUE]
 463 games  +125 =205 -133   -6 Elo +/- 24   3fold=156 (34%)   5023s      mean=0.491 LLR=-0.55 [CONTINUE]
 464 games  +126 =205 -133   -5 Elo +/- 24   3fold=156 (34%)   5027s      mean=0.492 LLR=-0.51 [CONTINUE]
 465 games  +126 =205 -134   -6 Elo +/- 24   3fold=156 (34%)   5056s      mean=0.491 LLR=-0.55 [CONTINUE]
 466 games  +127 =205 -134   -5 Elo +/- 24   3fold=156 (33%)   5057s      mean=0.492 LLR=-0.51 [CONTINUE]
 467 games  +127 =206 -134   -5 Elo +/- 24   3fold=157 (34%)   5064s      mean=0.493 LLR=-0.51 [CONTINUE]
 468 games  +127 =207 -134   -5 Elo +/- 24   3fold=158 (34%)   5080s      mean=0.493 LLR=-0.51 [CONTINUE]
 469 games  +127 =207 -135   -6 Elo +/- 24   3fold=158 (34%)   5088s      mean=0.491 LLR=-0.55 [CONTINUE]
 470 games  +127 =208 -135   -6 Elo +/- 23   3fold=159 (34%)   5103s      mean=0.491 LLR=-0.55 [CONTINUE]
 471 games  +128 =208 -135   -5 Elo +/- 23   3fold=159 (34%)   5111s      mean=0.493 LLR=-0.51 [CONTINUE]
 472 games  +129 =208 -135   -4 Elo +/- 23   3fold=159 (34%)   5119s      mean=0.494 LLR=-0.47 [CONTINUE]
 473 games  +129 =209 -135   -4 Elo +/- 23   3fold=160 (34%)   5136s      mean=0.494 LLR=-0.47 [CONTINUE]
 474 games  +130 =209 -135   -4 Elo +/- 23   3fold=160 (34%)   5144s      mean=0.495 LLR=-0.43 [CONTINUE]
 475 games  +130 =209 -136   -4 Elo +/- 23   3fold=160 (34%)   5153s      mean=0.494 LLR=-0.47 [CONTINUE]
 476 games  +130 =210 -136   -4 Elo +/- 23   3fold=161 (34%)   5169s      mean=0.494 LLR=-0.47 [CONTINUE]
 477 games  +130 =211 -136   -4 Elo +/- 23   3fold=162 (34%)   5169s      mean=0.494 LLR=-0.47 [CONTINUE]
 478 games  +131 =211 -136   -4 Elo +/- 23   3fold=162 (34%)   5185s      mean=0.495 LLR=-0.43 [CONTINUE]
 479 games  +131 =211 -137   -4 Elo +/- 23   3fold=162 (34%)   5198s      mean=0.494 LLR=-0.47 [CONTINUE]
 480 games  +131 =211 -138   -5 Elo +/- 23   3fold=162 (34%)   5202s      mean=0.493 LLR=-0.51 [CONTINUE]
 481 games  +132 =211 -138   -4 Elo +/- 23   3fold=162 (34%)   5222s      mean=0.494 LLR=-0.47 [CONTINUE]
 482 games  +132 =212 -138   -4 Elo +/- 23   3fold=163 (34%)   5234s      mean=0.494 LLR=-0.47 [CONTINUE]
 483 games  +132 =213 -138   -4 Elo +/- 23   3fold=163 (34%)   5242s      mean=0.494 LLR=-0.48 [CONTINUE]
 484 games  +132 =214 -138   -4 Elo +/- 23   3fold=164 (34%)   5246s      mean=0.494 LLR=-0.48 [CONTINUE]
 485 games  +132 =214 -139   -5 Elo +/- 23   3fold=164 (34%)   5264s      mean=0.493 LLR=-0.52 [CONTINUE]
 486 games  +133 =214 -139   -4 Elo +/- 23   3fold=164 (34%)   5270s      mean=0.494 LLR=-0.48 [CONTINUE]
 487 games  +133 =215 -139   -4 Elo +/- 23   3fold=164 (34%)   5285s      mean=0.494 LLR=-0.48 [CONTINUE]
 488 games  +133 =215 -140   -5 Elo +/- 23   3fold=164 (34%)   5293s      mean=0.493 LLR=-0.52 [CONTINUE]
 489 games  +133 =216 -140   -5 Elo +/- 23   3fold=165 (34%)   5302s      mean=0.493 LLR=-0.52 [CONTINUE]
 490 games  +134 =216 -140   -4 Elo +/- 23   3fold=165 (34%)   5316s      mean=0.494 LLR=-0.48 [CONTINUE]
 491 games  +134 =216 -141   -5 Elo +/- 23   3fold=165 (34%)   5325s      mean=0.493 LLR=-0.52 [CONTINUE]
 492 games  +134 =217 -141   -5 Elo +/- 23   3fold=165 (34%)   5334s      mean=0.493 LLR=-0.52 [CONTINUE]
 493 games  +134 =217 -142   -6 Elo +/- 23   3fold=165 (33%)   5344s      mean=0.492 LLR=-0.56 [CONTINUE]
 494 games  +135 =217 -142   -5 Elo +/- 23   3fold=165 (33%)   5360s      mean=0.493 LLR=-0.52 [CONTINUE]
 495 games  +135 =218 -142   -5 Elo +/- 23   3fold=166 (34%)   5365s      mean=0.493 LLR=-0.52 [CONTINUE]
 496 games  +136 =218 -142   -4 Elo +/- 23   3fold=166 (33%)   5378s      mean=0.494 LLR=-0.48 [CONTINUE]
 497 games  +136 =218 -143   -5 Elo +/- 23   3fold=166 (33%)   5394s      mean=0.493 LLR=-0.52 [CONTINUE]
 498 games  +136 =219 -143   -5 Elo +/- 23   3fold=167 (34%)   5394s      mean=0.493 LLR=-0.52 [CONTINUE]
 499 games  +136 =220 -143   -5 Elo +/- 23   3fold=168 (34%)   5420s      mean=0.493 LLR=-0.52 [CONTINUE]
 500 games  +136 =221 -143   -5 Elo +/- 23   3fold=169 (34%)   5420s      mean=0.493 LLR=-0.53 [CONTINUE]
 501 games  +136 =221 -144   -6 Elo +/- 23   3fold=169 (34%)   5422s      mean=0.492 LLR=-0.57 [CONTINUE]
 502 games  +136 =221 -145   -6 Elo +/- 23   3fold=169 (34%)   5451s      mean=0.491 LLR=-0.61 [CONTINUE]
 503 games  +137 =221 -145   -6 Elo +/- 23   3fold=169 (34%)   5452s      mean=0.492 LLR=-0.57 [CONTINUE]
 504 games  +137 =221 -146   -6 Elo +/- 23   3fold=169 (34%)   5457s      mean=0.491 LLR=-0.61 [CONTINUE]
 505 games  +138 =221 -146   -6 Elo +/- 23   3fold=169 (33%)   5479s      mean=0.492 LLR=-0.57 [CONTINUE]
 506 games  +139 =221 -146   -5 Elo +/- 23   3fold=169 (33%)   5483s      mean=0.493 LLR=-0.52 [CONTINUE]
 507 games  +140 =221 -146   -4 Elo +/- 23   3fold=169 (33%)   5491s      mean=0.494 LLR=-0.48 [CONTINUE]
 508 games  +140 =222 -146   -4 Elo +/- 23   3fold=170 (33%)   5500s      mean=0.494 LLR=-0.48 [CONTINUE]
 509 games  +140 =222 -147   -5 Elo +/- 23   3fold=170 (33%)   5514s      mean=0.493 LLR=-0.53 [CONTINUE]
 510 games  +140 =223 -147   -5 Elo +/- 23   3fold=171 (34%)   5531s      mean=0.493 LLR=-0.53 [CONTINUE]
 511 games  +141 =223 -147   -4 Elo +/- 23   3fold=171 (33%)   5532s      mean=0.494 LLR=-0.49 [CONTINUE]
 512 games  +141 =224 -147   -4 Elo +/- 23   3fold=172 (34%)   5554s      mean=0.494 LLR=-0.49 [CONTINUE]
 513 games  +141 =225 -147   -4 Elo +/- 23   3fold=173 (34%)   5557s      mean=0.494 LLR=-0.49 [CONTINUE]
 514 games  +141 =226 -147   -4 Elo +/- 23   3fold=174 (34%)   5564s      mean=0.494 LLR=-0.49 [CONTINUE]
 515 games  +142 =226 -147   -3 Elo +/- 23   3fold=174 (34%)   5588s      mean=0.495 LLR=-0.45 [CONTINUE]
 516 games  +142 =226 -148   -4 Elo +/- 23   3fold=174 (34%)   5588s      mean=0.494 LLR=-0.49 [CONTINUE]
 517 games  +143 =226 -148   -3 Elo +/- 23   3fold=174 (34%)   5592s      mean=0.495 LLR=-0.45 [CONTINUE]
 518 games  +143 =227 -148   -3 Elo +/- 22   3fold=175 (34%)   5616s      mean=0.495 LLR=-0.45 [CONTINUE]
 519 games  +144 =227 -148   -3 Elo +/- 22   3fold=175 (34%)   5619s      mean=0.496 LLR=-0.41 [CONTINUE]
 520 games  +145 =227 -148   -2 Elo +/- 22   3fold=175 (34%)   5623s      mean=0.497 LLR=-0.37 [CONTINUE]
 521 games  +145 =228 -148   -2 Elo +/- 22   3fold=176 (34%)   5647s      mean=0.497 LLR=-0.37 [CONTINUE]
 522 games  +146 =228 -148   -1 Elo +/- 22   3fold=176 (34%)   5655s      mean=0.498 LLR=-0.33 [CONTINUE]
 523 games  +146 =229 -148   -1 Elo +/- 22   3fold=177 (34%)   5657s      mean=0.498 LLR=-0.33 [CONTINUE]
 524 games  +146 =230 -148   -1 Elo +/- 22   3fold=178 (34%)   5679s      mean=0.498 LLR=-0.33 [CONTINUE]
 525 games  +146 =230 -149   -2 Elo +/- 22   3fold=178 (34%)   5679s      mean=0.497 LLR=-0.37 [CONTINUE]
 526 games  +146 =230 -150   -3 Elo +/- 22   3fold=178 (34%)   5686s      mean=0.496 LLR=-0.41 [CONTINUE]
 527 games  +146 =230 -151   -3 Elo +/- 22   3fold=178 (34%)   5703s      mean=0.495 LLR=-0.45 [CONTINUE]
 528 games  +146 =231 -151   -3 Elo +/- 22   3fold=179 (34%)   5708s      mean=0.495 LLR=-0.45 [CONTINUE]
 529 games  +146 =232 -151   -3 Elo +/- 22   3fold=180 (34%)   5714s      mean=0.495 LLR=-0.45 [CONTINUE]
 530 games  +146 =233 -151   -3 Elo +/- 22   3fold=181 (34%)   5729s      mean=0.495 LLR=-0.46 [CONTINUE]
 531 games  +146 =233 -152   -4 Elo +/- 22   3fold=181 (34%)   5739s      mean=0.494 LLR=-0.50 [CONTINUE]
 532 games  +146 =233 -153   -5 Elo +/- 22   3fold=181 (34%)   5742s      mean=0.493 LLR=-0.54 [CONTINUE]
 533 games  +146 =234 -153   -5 Elo +/- 22   3fold=182 (34%)   5758s      mean=0.493 LLR=-0.54 [CONTINUE]
 534 games  +146 =235 -153   -5 Elo +/- 22   3fold=183 (34%)   5775s      mean=0.493 LLR=-0.54 [CONTINUE]
 535 games  +146 =236 -153   -5 Elo +/- 22   3fold=184 (34%)   5784s      mean=0.493 LLR=-0.54 [CONTINUE]
 536 games  +146 =237 -153   -5 Elo +/- 22   3fold=185 (35%)   5784s      mean=0.493 LLR=-0.54 [CONTINUE]
 537 games  +146 =238 -153   -5 Elo +/- 22   3fold=186 (35%)   5804s      mean=0.493 LLR=-0.55 [CONTINUE]
 538 games  +146 =239 -153   -5 Elo +/- 22   3fold=187 (35%)   5813s      mean=0.493 LLR=-0.55 [CONTINUE]
 539 games  +146 =239 -154   -5 Elo +/- 22   3fold=187 (35%)   5817s      mean=0.493 LLR=-0.59 [CONTINUE]
 540 games  +146 =240 -154   -5 Elo +/- 22   3fold=188 (35%)   5828s      mean=0.493 LLR=-0.59 [CONTINUE]
 541 games  +146 =241 -154   -5 Elo +/- 22   3fold=189 (35%)   5840s      mean=0.493 LLR=-0.59 [CONTINUE]
 542 games  +146 =242 -154   -5 Elo +/- 22   3fold=189 (35%)   5853s      mean=0.493 LLR=-0.59 [CONTINUE]
 543 games  +146 =243 -154   -5 Elo +/- 22   3fold=189 (35%)   5867s      mean=0.493 LLR=-0.59 [CONTINUE]
 544 games  +147 =243 -154   -4 Elo +/- 22   3fold=189 (35%)   5872s      mean=0.494 LLR=-0.55 [CONTINUE]
 545 games  +147 =244 -154   -4 Elo +/- 22   3fold=190 (35%)   5882s      mean=0.494 LLR=-0.55 [CONTINUE]
 546 games  +148 =244 -154   -4 Elo +/- 22   3fold=190 (35%)   5905s      mean=0.495 LLR=-0.51 [CONTINUE]
 547 games  +149 =244 -154   -3 Elo +/- 22   3fold=190 (35%)   5906s      mean=0.495 LLR=-0.47 [CONTINUE]
 548 games  +150 =244 -154   -3 Elo +/- 22   3fold=190 (35%)   5914s      mean=0.496 LLR=-0.43 [CONTINUE]
 549 games  +150 =244 -155   -3 Elo +/- 22   3fold=190 (35%)   5936s      mean=0.495 LLR=-0.47 [CONTINUE]
 550 games  +150 =244 -156   -4 Elo +/- 22   3fold=190 (35%)   5937s      mean=0.495 LLR=-0.51 [CONTINUE]
 551 games  +150 =244 -157   -4 Elo +/- 22   3fold=190 (34%)   5951s      mean=0.494 LLR=-0.55 [CONTINUE]
 552 games  +150 =245 -157   -4 Elo +/- 22   3fold=191 (35%)   5962s      mean=0.494 LLR=-0.55 [CONTINUE]
 553 games  +151 =245 -157   -4 Elo +/- 22   3fold=191 (35%)   5980s      mean=0.495 LLR=-0.51 [CONTINUE]
 554 games  +152 =245 -157   -3 Elo +/- 22   3fold=191 (34%)   5986s      mean=0.495 LLR=-0.47 [CONTINUE]
 555 games  +153 =245 -157   -3 Elo +/- 22   3fold=191 (34%)   5993s      mean=0.496 LLR=-0.43 [CONTINUE]
 556 games  +154 =245 -157   -2 Elo +/- 22   3fold=191 (34%)   6013s      mean=0.497 LLR=-0.39 [CONTINUE]
 557 games  +154 =245 -158   -2 Elo +/- 22   3fold=191 (34%)   6017s      mean=0.496 LLR=-0.43 [CONTINUE]
 558 games  +154 =246 -158   -2 Elo +/- 22   3fold=191 (34%)   6027s      mean=0.496 LLR=-0.43 [CONTINUE]
 559 games  +155 =246 -158   -2 Elo +/- 22   3fold=191 (34%)   6043s      mean=0.497 LLR=-0.39 [CONTINUE]
 560 games  +156 =246 -158   -1 Elo +/- 22   3fold=191 (34%)   6046s      mean=0.498 LLR=-0.35 [CONTINUE]
 561 games  +157 =246 -158   -1 Elo +/- 22   3fold=191 (34%)   6055s      mean=0.499 LLR=-0.31 [CONTINUE]
 562 games  +157 =247 -158   -1 Elo +/- 22   3fold=192 (34%)   6070s      mean=0.499 LLR=-0.31 [CONTINUE]
 563 games  +157 =248 -158   -1 Elo +/- 21   3fold=193 (34%)   6076s      mean=0.499 LLR=-0.31 [CONTINUE]
 564 games  +157 =249 -158   -1 Elo +/- 21   3fold=194 (34%)   6084s      mean=0.499 LLR=-0.31 [CONTINUE]
 565 games  +157 =250 -158   -1 Elo +/- 21   3fold=195 (35%)   6097s      mean=0.499 LLR=-0.31 [CONTINUE]
 566 games  +157 =250 -159   -1 Elo +/- 21   3fold=195 (34%)   6108s      mean=0.498 LLR=-0.35 [CONTINUE]
 567 games  +157 =251 -159   -1 Elo +/- 21   3fold=195 (34%)   6127s      mean=0.498 LLR=-0.35 [CONTINUE]
 568 games  +158 =251 -159   -1 Elo +/- 21   3fold=195 (34%)   6129s      mean=0.499 LLR=-0.31 [CONTINUE]
 569 games  +158 =252 -159   -1 Elo +/- 21   3fold=195 (34%)   6142s      mean=0.499 LLR=-0.31 [CONTINUE]
 570 games  +158 =253 -159   -1 Elo +/- 21   3fold=196 (34%)   6153s      mean=0.499 LLR=-0.31 [CONTINUE]
 571 games  +158 =254 -159   -1 Elo +/- 21   3fold=197 (35%)   6159s      mean=0.499 LLR=-0.31 [CONTINUE]
 572 games  +158 =255 -159   -1 Elo +/- 21   3fold=198 (35%)   6172s      mean=0.499 LLR=-0.32 [CONTINUE]
 573 games  +158 =255 -160   -1 Elo +/- 21   3fold=198 (35%)   6186s      mean=0.498 LLR=-0.36 [CONTINUE]
 574 games  +159 =255 -160   -1 Elo +/- 21   3fold=198 (34%)   6189s      mean=0.499 LLR=-0.32 [CONTINUE]
 575 games  +159 =255 -161   -1 Elo +/- 21   3fold=198 (34%)   6200s      mean=0.498 LLR=-0.36 [CONTINUE]
 576 games  +159 =256 -161   -1 Elo +/- 21   3fold=199 (35%)   6217s      mean=0.498 LLR=-0.36 [CONTINUE]
 577 games  +160 =256 -161   -1 Elo +/- 21   3fold=199 (34%)   6222s      mean=0.499 LLR=-0.32 [CONTINUE]
 578 games  +160 =257 -161   -1 Elo +/- 21   3fold=200 (35%)   6228s      mean=0.499 LLR=-0.32 [CONTINUE]
 579 games  +160 =258 -161   -1 Elo +/- 21   3fold=201 (35%)   6252s      mean=0.499 LLR=-0.32 [CONTINUE]
 580 games  +160 =259 -161   -1 Elo +/- 21   3fold=202 (35%)   6258s      mean=0.499 LLR=-0.32 [CONTINUE]
 581 games  +160 =260 -161   -1 Elo +/- 21   3fold=203 (35%)   6268s      mean=0.499 LLR=-0.32 [CONTINUE]
 582 games  +160 =261 -161   -1 Elo +/- 21   3fold=204 (35%)   6279s      mean=0.499 LLR=-0.32 [CONTINUE]
 583 games  +161 =261 -161   -0 Elo +/- 21   3fold=204 (35%)   6288s      mean=0.500 LLR=-0.28 [CONTINUE]
 584 games  +161 =261 -162   -1 Elo +/- 21   3fold=204 (35%)   6296s      mean=0.499 LLR=-0.32 [CONTINUE]
 585 games  +162 =261 -162   -0 Elo +/- 21   3fold=204 (35%)   6313s      mean=0.500 LLR=-0.28 [CONTINUE]
 586 games  +163 =261 -162   +1 Elo +/- 21   3fold=204 (35%)   6317s      mean=0.501 LLR=-0.24 [CONTINUE]
 587 games  +163 =261 -163   -0 Elo +/- 21   3fold=204 (35%)   6329s      mean=0.500 LLR=-0.28 [CONTINUE]
 588 games  +163 =262 -163   -0 Elo +/- 21   3fold=205 (35%)   6340s      mean=0.500 LLR=-0.28 [CONTINUE]
 589 games  +164 =262 -163   +1 Elo +/- 21   3fold=205 (35%)   6341s      mean=0.501 LLR=-0.24 [CONTINUE]
 590 games  +164 =263 -163   +1 Elo +/- 21   3fold=205 (35%)   6363s      mean=0.501 LLR=-0.24 [CONTINUE]
 591 games  +164 =264 -163   +1 Elo +/- 21   3fold=206 (35%)   6376s      mean=0.501 LLR=-0.24 [CONTINUE]
 592 games  +164 =265 -163   +1 Elo +/- 21   3fold=206 (35%)   6386s      mean=0.501 LLR=-0.24 [CONTINUE]
 593 games  +164 =266 -163   +1 Elo +/- 21   3fold=207 (35%)   6399s      mean=0.501 LLR=-0.24 [CONTINUE]
 594 games  +165 =266 -163   +1 Elo +/- 21   3fold=207 (35%)   6400s      mean=0.502 LLR=-0.20 [CONTINUE]
 595 games  +165 =267 -163   +1 Elo +/- 21   3fold=208 (35%)   6427s      mean=0.502 LLR=-0.20 [CONTINUE]
 596 games  +165 =268 -163   +1 Elo +/- 21   3fold=209 (35%)   6427s      mean=0.502 LLR=-0.20 [CONTINUE]
 597 games  +165 =269 -163   +1 Elo +/- 21   3fold=209 (35%)   6437s      mean=0.502 LLR=-0.20 [CONTINUE]
 598 games  +165 =270 -163   +1 Elo +/- 21   3fold=210 (35%)   6463s      mean=0.502 LLR=-0.20 [CONTINUE]
 599 games  +165 =271 -163   +1 Elo +/- 21   3fold=211 (35%)   6464s      mean=0.502 LLR=-0.21 [CONTINUE]
 600 games  +165 =272 -163   +1 Elo +/- 21   3fold=212 (35%)   6475s      mean=0.502 LLR=-0.21 [CONTINUE]
 601 games  +165 =272 -164   +1 Elo +/- 21   3fold=212 (35%)   6491s      mean=0.501 LLR=-0.25 [CONTINUE]
 602 games  +165 =273 -164   +1 Elo +/- 21   3fold=213 (35%)   6498s      mean=0.501 LLR=-0.25 [CONTINUE]
 603 games  +166 =273 -164   +1 Elo +/- 21   3fold=213 (35%)   6512s      mean=0.502 LLR=-0.21 [CONTINUE]
 604 games  +166 =273 -165   +1 Elo +/- 21   3fold=213 (35%)   6520s      mean=0.501 LLR=-0.25 [CONTINUE]
 605 games  +166 =274 -165   +1 Elo +/- 21   3fold=214 (35%)   6530s      mean=0.501 LLR=-0.25 [CONTINUE]
 606 games  +166 =274 -166   -0 Elo +/- 20   3fold=214 (35%)   6540s      mean=0.500 LLR=-0.29 [CONTINUE]
 607 games  +166 =275 -166   -0 Elo +/- 20   3fold=215 (35%)   6556s      mean=0.500 LLR=-0.29 [CONTINUE]
 608 games  +166 =276 -166   -0 Elo +/- 20   3fold=215 (35%)   6561s      mean=0.500 LLR=-0.30 [CONTINUE]
 609 games  +166 =276 -167   -1 Elo +/- 20   3fold=215 (35%)   6587s      mean=0.499 LLR=-0.34 [CONTINUE]
 610 games  +166 =277 -167   -1 Elo +/- 20   3fold=215 (35%)   6590s      mean=0.499 LLR=-0.34 [CONTINUE]
 611 games  +166 =278 -167   -1 Elo +/- 20   3fold=215 (35%)   6591s      mean=0.499 LLR=-0.34 [CONTINUE]
 612 games  +166 =279 -167   -1 Elo +/- 20   3fold=216 (35%)   6612s      mean=0.499 LLR=-0.34 [CONTINUE]
 613 games  +166 =280 -167   -1 Elo +/- 20   3fold=217 (35%)   6619s      mean=0.499 LLR=-0.34 [CONTINUE]
 614 games  +166 =280 -168   -1 Elo +/- 20   3fold=217 (35%)   6625s      mean=0.498 LLR=-0.38 [CONTINUE]
 615 games  +166 =280 -169   -2 Elo +/- 20   3fold=217 (35%)   6645s      mean=0.498 LLR=-0.43 [CONTINUE]
 616 games  +167 =280 -169   -1 Elo +/- 20   3fold=217 (35%)   6657s      mean=0.498 LLR=-0.38 [CONTINUE]
 617 games  +168 =280 -169   -1 Elo +/- 20   3fold=217 (35%)   6664s      mean=0.499 LLR=-0.34 [CONTINUE]
 618 games  +169 =280 -169   -0 Elo +/- 20   3fold=217 (35%)   6672s      mean=0.500 LLR=-0.30 [CONTINUE]
 619 games  +169 =280 -170   -1 Elo +/- 20   3fold=217 (35%)   6688s      mean=0.499 LLR=-0.34 [CONTINUE]
 620 games  +169 =280 -171   -1 Elo +/- 20   3fold=217 (35%)   6695s      mean=0.498 LLR=-0.38 [CONTINUE]
 621 games  +170 =280 -171   -1 Elo +/- 20   3fold=217 (35%)   6703s      mean=0.499 LLR=-0.34 [CONTINUE]
 622 games  +171 =280 -171   -0 Elo +/- 20   3fold=217 (35%)   6721s      mean=0.500 LLR=-0.30 [CONTINUE]
 623 games  +171 =280 -172   -1 Elo +/- 20   3fold=217 (35%)   6725s      mean=0.499 LLR=-0.34 [CONTINUE]
 624 games  +172 =280 -172   -0 Elo +/- 20   3fold=217 (35%)   6733s      mean=0.500 LLR=-0.30 [CONTINUE]
 625 games  +172 =280 -173   -1 Elo +/- 20   3fold=217 (35%)   6750s      mean=0.499 LLR=-0.34 [CONTINUE]
 626 games  +172 =280 -174   -1 Elo +/- 20   3fold=217 (35%)   6761s      mean=0.498 LLR=-0.38 [CONTINUE]
 627 games  +172 =280 -175   -2 Elo +/- 20   3fold=217 (35%)   6765s      mean=0.498 LLR=-0.43 [CONTINUE]
 628 games  +172 =281 -175   -2 Elo +/- 20   3fold=217 (35%)   6780s      mean=0.498 LLR=-0.43 [CONTINUE]
 629 games  +173 =281 -175   -1 Elo +/- 20   3fold=217 (34%)   6794s      mean=0.498 LLR=-0.38 [CONTINUE]
 630 games  +174 =281 -175   -1 Elo +/- 20   3fold=217 (34%)   6804s      mean=0.499 LLR=-0.34 [CONTINUE]
 631 games  +174 =282 -175   -1 Elo +/- 20   3fold=218 (35%)   6806s      mean=0.499 LLR=-0.34 [CONTINUE]
 632 games  +175 =282 -175   -0 Elo +/- 20   3fold=218 (34%)   6830s      mean=0.500 LLR=-0.30 [CONTINUE]
 633 games  +175 =282 -176   -1 Elo +/- 20   3fold=218 (34%)   6836s      mean=0.499 LLR=-0.34 [CONTINUE]
 634 games  +175 =283 -176   -1 Elo +/- 20   3fold=219 (35%)   6838s      mean=0.499 LLR=-0.35 [CONTINUE]
 635 games  +176 =283 -176   -0 Elo +/- 20   3fold=219 (34%)   6861s      mean=0.500 LLR=-0.30 [CONTINUE]
 636 games  +176 =284 -176   -0 Elo +/- 20   3fold=220 (35%)   6861s      mean=0.500 LLR=-0.30 [CONTINUE]
 637 games  +176 =284 -177   -1 Elo +/- 20   3fold=220 (35%)   6867s      mean=0.499 LLR=-0.35 [CONTINUE]
 638 games  +176 =285 -177   -1 Elo +/- 20   3fold=220 (34%)   6888s      mean=0.499 LLR=-0.35 [CONTINUE]
 639 games  +176 =285 -178   -1 Elo +/- 20   3fold=220 (34%)   6894s      mean=0.498 LLR=-0.39 [CONTINUE]
 640 games  +177 =285 -178   -1 Elo +/- 20   3fold=220 (34%)   6895s      mean=0.499 LLR=-0.35 [CONTINUE]
 641 games  +177 =285 -179   -1 Elo +/- 20   3fold=220 (34%)   6922s      mean=0.498 LLR=-0.39 [CONTINUE]
 642 games  +177 =286 -179   -1 Elo +/- 20   3fold=221 (34%)   6923s      mean=0.498 LLR=-0.39 [CONTINUE]
 643 games  +178 =286 -179   -1 Elo +/- 20   3fold=221 (34%)   6926s      mean=0.499 LLR=-0.35 [CONTINUE]
 644 games  +179 =286 -179   -0 Elo +/- 20   3fold=221 (34%)   6953s      mean=0.500 LLR=-0.31 [CONTINUE]
 645 games  +180 =286 -179   +1 Elo +/- 20   3fold=221 (34%)   6954s      mean=0.501 LLR=-0.27 [CONTINUE]
 646 games  +181 =286 -179   +1 Elo +/- 20   3fold=221 (34%)   6956s      mean=0.502 LLR=-0.22 [CONTINUE]
 647 games  +181 =287 -179   +1 Elo +/- 20   3fold=222 (34%)   6979s      mean=0.502 LLR=-0.23 [CONTINUE]
 648 games  +181 =288 -179   +1 Elo +/- 20   3fold=223 (34%)   6982s      mean=0.502 LLR=-0.23 [CONTINUE]
 649 games  +181 =289 -179   +1 Elo +/- 20   3fold=224 (35%)   6987s      mean=0.502 LLR=-0.23 [CONTINUE]
 650 games  +182 =289 -179   +2 Elo +/- 20   3fold=224 (34%)   7014s      mean=0.502 LLR=-0.19 [CONTINUE]
 651 games  +182 =289 -180   +1 Elo +/- 20   3fold=224 (34%)   7015s      mean=0.502 LLR=-0.23 [CONTINUE]
 652 games  +182 =290 -180   +1 Elo +/- 20   3fold=224 (34%)   7018s      mean=0.502 LLR=-0.23 [CONTINUE]
 653 games  +182 =291 -180   +1 Elo +/- 20   3fold=225 (34%)   7039s      mean=0.502 LLR=-0.23 [CONTINUE]
 654 games  +183 =291 -180   +2 Elo +/- 20   3fold=225 (34%)   7049s      mean=0.502 LLR=-0.19 [CONTINUE]
 655 games  +184 =291 -180   +2 Elo +/- 20   3fold=225 (34%)   7050s      mean=0.503 LLR=-0.15 [CONTINUE]
 656 games  +184 =291 -181   +2 Elo +/- 20   3fold=225 (34%)   7074s      mean=0.502 LLR=-0.19 [CONTINUE]
 657 games  +184 =292 -181   +2 Elo +/- 20   3fold=226 (34%)   7081s      mean=0.502 LLR=-0.19 [CONTINUE]
 658 games  +184 =292 -182   +1 Elo +/- 20   3fold=226 (34%)   7082s      mean=0.502 LLR=-0.23 [CONTINUE]
 659 games  +185 =292 -182   +2 Elo +/- 20   3fold=226 (34%)   7108s      mean=0.502 LLR=-0.19 [CONTINUE]
 660 games  +185 =292 -183   +1 Elo +/- 20   3fold=226 (34%)   7110s      mean=0.502 LLR=-0.23 [CONTINUE]
 661 games  +186 =292 -183   +2 Elo +/- 20   3fold=226 (34%)   7114s      mean=0.502 LLR=-0.19 [CONTINUE]
 662 games  +187 =292 -183   +2 Elo +/- 20   3fold=226 (34%)   7139s      mean=0.503 LLR=-0.15 [CONTINUE]
 663 games  +187 =293 -183   +2 Elo +/- 20   3fold=227 (34%)   7141s      mean=0.503 LLR=-0.15 [CONTINUE]
 664 games  +187 =294 -183   +2 Elo +/- 20   3fold=227 (34%)   7147s      mean=0.503 LLR=-0.15 [CONTINUE]
 665 games  +187 =294 -184   +2 Elo +/- 20   3fold=227 (34%)   7171s      mean=0.502 LLR=-0.19 [CONTINUE]
 666 games  +187 =294 -185   +1 Elo +/- 20   3fold=227 (34%)   7173s      mean=0.502 LLR=-0.23 [CONTINUE]
 667 games  +187 =295 -185   +1 Elo +/- 20   3fold=227 (34%)   7181s      mean=0.501 LLR=-0.23 [CONTINUE]
 668 games  +187 =296 -185   +1 Elo +/- 20   3fold=228 (34%)   7198s      mean=0.501 LLR=-0.24 [CONTINUE]
 669 games  +187 =296 -186   +1 Elo +/- 20   3fold=228 (34%)   7202s      mean=0.501 LLR=-0.28 [CONTINUE]
 670 games  +187 =297 -186   +1 Elo +/- 20   3fold=228 (34%)   7214s      mean=0.501 LLR=-0.28 [CONTINUE]
 671 games  +187 =297 -187   -0 Elo +/- 20   3fold=228 (34%)   7230s      mean=0.500 LLR=-0.32 [CONTINUE]
 672 games  +187 =298 -187   -0 Elo +/- 20   3fold=228 (34%)   7231s      mean=0.500 LLR=-0.32 [CONTINUE]
 673 games  +188 =298 -187   +1 Elo +/- 20   3fold=228 (34%)   7246s      mean=0.501 LLR=-0.28 [CONTINUE]
 674 games  +188 =299 -187   +1 Elo +/- 20   3fold=229 (34%)   7259s      mean=0.501 LLR=-0.28 [CONTINUE]
 675 games  +188 =299 -188   -0 Elo +/- 20   3fold=229 (34%)   7263s      mean=0.500 LLR=-0.32 [CONTINUE]
 676 games  +188 =300 -188   -0 Elo +/- 20   3fold=230 (34%)   7279s      mean=0.500 LLR=-0.32 [CONTINUE]
 677 games  +189 =300 -188   +1 Elo +/- 20   3fold=230 (34%)   7291s      mean=0.501 LLR=-0.28 [CONTINUE]
 678 games  +189 =301 -188   +1 Elo +/- 20   3fold=231 (34%)   7292s      mean=0.501 LLR=-0.28 [CONTINUE]
 679 games  +189 =301 -189   -0 Elo +/- 20   3fold=231 (34%)   7315s      mean=0.500 LLR=-0.32 [CONTINUE]
 680 games  +189 =301 -190   -1 Elo +/- 20   3fold=231 (34%)   7321s      mean=0.499 LLR=-0.36 [CONTINUE]
 681 games  +189 =301 -191   -1 Elo +/- 20   3fold=231 (34%)   7323s      mean=0.499 LLR=-0.41 [CONTINUE]
 682 games  +189 =302 -191   -1 Elo +/- 19   3fold=232 (34%)   7342s      mean=0.499 LLR=-0.41 [CONTINUE]
 683 games  +189 =302 -192   -2 Elo +/- 19   3fold=232 (34%)   7344s      mean=0.498 LLR=-0.45 [CONTINUE]
 684 games  +190 =302 -192   -1 Elo +/- 19   3fold=232 (34%)   7351s      mean=0.499 LLR=-0.41 [CONTINUE]
 685 games  +190 =302 -193   -2 Elo +/- 19   3fold=232 (34%)   7376s      mean=0.498 LLR=-0.45 [CONTINUE]
 686 games  +190 =302 -194   -2 Elo +/- 19   3fold=232 (34%)   7379s      mean=0.497 LLR=-0.49 [CONTINUE]
 687 games  +190 =303 -194   -2 Elo +/- 19   3fold=232 (34%)   7393s      mean=0.497 LLR=-0.49 [CONTINUE]
 688 games  +190 =304 -194   -2 Elo +/- 19   3fold=233 (34%)   7402s      mean=0.497 LLR=-0.49 [CONTINUE]
 689 games  +190 =305 -194   -2 Elo +/- 19   3fold=233 (34%)   7411s      mean=0.497 LLR=-0.49 [CONTINUE]
 690 games  +190 =305 -195   -3 Elo +/- 19   3fold=233 (34%)   7425s      mean=0.496 LLR=-0.53 [CONTINUE]
 691 games  +191 =305 -195   -2 Elo +/- 19   3fold=233 (34%)   7438s      mean=0.497 LLR=-0.49 [CONTINUE]
 692 games  +191 =305 -196   -3 Elo +/- 19   3fold=233 (34%)   7441s      mean=0.496 LLR=-0.53 [CONTINUE]
 693 games  +192 =305 -196   -2 Elo +/- 19   3fold=233 (34%)   7457s      mean=0.497 LLR=-0.49 [CONTINUE]
 694 games  +193 =305 -196   -2 Elo +/- 19   3fold=233 (34%)   7470s      mean=0.498 LLR=-0.45 [CONTINUE]
 695 games  +194 =305 -196   -1 Elo +/- 19   3fold=233 (34%)   7476s      mean=0.499 LLR=-0.41 [CONTINUE]
 696 games  +194 =306 -196   -1 Elo +/- 19   3fold=234 (34%)   7483s      mean=0.499 LLR=-0.41 [CONTINUE]
 697 games  +195 =306 -196   -0 Elo +/- 19   3fold=234 (34%)   7497s      mean=0.499 LLR=-0.37 [CONTINUE]
 698 games  +195 =307 -196   -0 Elo +/- 19   3fold=234 (34%)   7513s      mean=0.499 LLR=-0.37 [CONTINUE]
 699 games  +195 =308 -196   -0 Elo +/- 19   3fold=235 (34%)   7514s      mean=0.499 LLR=-0.37 [CONTINUE]
 700 games  +196 =308 -196   -0 Elo +/- 19   3fold=235 (34%)   7527s      mean=0.500 LLR=-0.33 [CONTINUE]
 701 games  +197 =308 -196   +0 Elo +/- 19   3fold=235 (34%)   7546s      mean=0.501 LLR=-0.29 [CONTINUE]
 702 games  +198 =308 -196   +1 Elo +/- 19   3fold=235 (33%)   7548s      mean=0.501 LLR=-0.25 [CONTINUE]
 703 games  +199 =308 -196   +1 Elo +/- 19   3fold=235 (33%)   7556s      mean=0.502 LLR=-0.21 [CONTINUE]
 704 games  +199 =308 -197   +1 Elo +/- 19   3fold=235 (33%)   7580s      mean=0.501 LLR=-0.25 [CONTINUE]
 705 games  +199 =308 -198   +0 Elo +/- 19   3fold=235 (33%)   7580s      mean=0.501 LLR=-0.29 [CONTINUE]
 706 games  +199 =309 -198   +0 Elo +/- 19   3fold=236 (33%)   7583s      mean=0.501 LLR=-0.29 [CONTINUE]
 707 games  +199 =310 -198   +0 Elo +/- 19   3fold=237 (34%)   7606s      mean=0.501 LLR=-0.29 [CONTINUE]
 708 games  +199 =311 -198   +0 Elo +/- 19   3fold=238 (34%)   7612s      mean=0.501 LLR=-0.29 [CONTINUE]
 709 games  +199 =312 -198   +0 Elo +/- 19   3fold=238 (34%)   7625s      mean=0.501 LLR=-0.29 [CONTINUE]
 710 games  +199 =313 -198   +0 Elo +/- 19   3fold=239 (34%)   7636s      mean=0.501 LLR=-0.30 [CONTINUE]
 711 games  +200 =313 -198   +1 Elo +/- 19   3fold=239 (34%)   7644s      mean=0.501 LLR=-0.25 [CONTINUE]
 712 games  +200 =314 -198   +1 Elo +/- 19   3fold=240 (34%)   7652s      mean=0.501 LLR=-0.26 [CONTINUE]
 713 games  +201 =314 -198   +1 Elo +/- 19   3fold=240 (34%)   7666s      mean=0.502 LLR=-0.21 [CONTINUE]
 714 games  +201 =314 -199   +1 Elo +/- 19   3fold=240 (34%)   7676s      mean=0.501 LLR=-0.26 [CONTINUE]
 715 games  +201 =315 -199   +1 Elo +/- 19   3fold=241 (34%)   7682s      mean=0.501 LLR=-0.26 [CONTINUE]
 716 games  +201 =316 -199   +1 Elo +/- 19   3fold=241 (34%)   7695s      mean=0.501 LLR=-0.26 [CONTINUE]
 717 games  +201 =317 -199   +1 Elo +/- 19   3fold=242 (34%)   7708s      mean=0.501 LLR=-0.26 [CONTINUE]
 718 games  +202 =317 -199   +1 Elo +/- 19   3fold=242 (34%)   7714s      mean=0.502 LLR=-0.22 [CONTINUE]
 719 games  +202 =318 -199   +1 Elo +/- 19   3fold=243 (34%)   7720s      mean=0.502 LLR=-0.22 [CONTINUE]
 720 games  +203 =318 -199   +2 Elo +/- 19   3fold=243 (34%)   7746s      mean=0.503 LLR=-0.18 [CONTINUE]
 721 games  +203 =319 -199   +2 Elo +/- 19   3fold=243 (34%)   7748s      mean=0.503 LLR=-0.18 [CONTINUE]
 722 games  +203 =319 -200   +1 Elo +/- 19   3fold=243 (34%)   7751s      mean=0.502 LLR=-0.22 [CONTINUE]
 723 games  +204 =319 -200   +2 Elo +/- 19   3fold=243 (34%)   7781s      mean=0.503 LLR=-0.18 [CONTINUE]
 724 games  +205 =319 -200   +2 Elo +/- 19   3fold=243 (34%)   7782s      mean=0.503 LLR=-0.14 [CONTINUE]
 725 games  +205 =319 -201   +2 Elo +/- 19   3fold=243 (34%)   7787s      mean=0.503 LLR=-0.18 [CONTINUE]
 726 games  +206 =319 -201   +2 Elo +/- 19   3fold=243 (33%)   7810s      mean=0.503 LLR=-0.14 [CONTINUE]
 727 games  +206 =319 -202   +2 Elo +/- 19   3fold=243 (33%)   7814s      mean=0.503 LLR=-0.18 [CONTINUE]
 728 games  +206 =319 -203   +1 Elo +/- 19   3fold=243 (33%)   7816s      mean=0.502 LLR=-0.22 [CONTINUE]
 729 games  +206 =319 -204   +1 Elo +/- 19   3fold=243 (33%)   7842s      mean=0.501 LLR=-0.26 [CONTINUE]
 730 games  +206 =320 -204   +1 Elo +/- 19   3fold=244 (33%)   7843s      mean=0.501 LLR=-0.26 [CONTINUE]
 731 games  +206 =320 -205   +0 Elo +/- 19   3fold=244 (33%)   7853s      mean=0.501 LLR=-0.30 [CONTINUE]
 732 games  +207 =320 -205   +1 Elo +/- 19   3fold=244 (33%)   7869s      mean=0.501 LLR=-0.26 [CONTINUE]
 733 games  +207 =320 -206   +0 Elo +/- 19   3fold=244 (33%)   7875s      mean=0.501 LLR=-0.30 [CONTINUE]
 734 games  +208 =320 -206   +1 Elo +/- 19   3fold=244 (33%)   7885s      mean=0.501 LLR=-0.26 [CONTINUE]
 735 games  +209 =320 -206   +1 Elo +/- 19   3fold=244 (33%)   7902s      mean=0.502 LLR=-0.22 [CONTINUE]
 736 games  +210 =320 -206   +2 Elo +/- 19   3fold=244 (33%)   7906s      mean=0.503 LLR=-0.18 [CONTINUE]
 737 games  +210 =321 -206   +2 Elo +/- 19   3fold=245 (33%)   7909s      mean=0.503 LLR=-0.18 [CONTINUE]
 738 games  +210 =322 -206   +2 Elo +/- 19   3fold=246 (33%)   7933s      mean=0.503 LLR=-0.18 [CONTINUE]
 739 games  +211 =322 -206   +2 Elo +/- 19   3fold=246 (33%)   7934s      mean=0.503 LLR=-0.14 [CONTINUE]
 740 games  +211 =323 -206   +2 Elo +/- 19   3fold=247 (33%)   7935s      mean=0.503 LLR=-0.14 [CONTINUE]
 741 games  +212 =323 -206   +3 Elo +/- 19   3fold=247 (33%)   7963s      mean=0.504 LLR=-0.10 [CONTINUE]
 742 games  +212 =324 -206   +3 Elo +/- 19   3fold=248 (33%)   7964s      mean=0.504 LLR=-0.10 [CONTINUE]
 743 games  +212 =325 -206   +3 Elo +/- 19   3fold=248 (33%)   7966s      mean=0.504 LLR=-0.10 [CONTINUE]
 744 games  +212 =326 -206   +3 Elo +/- 19   3fold=249 (33%)   7993s      mean=0.504 LLR=-0.11 [CONTINUE]
 745 games  +213 =326 -206   +3 Elo +/- 19   3fold=249 (33%)   7994s      mean=0.505 LLR=-0.06 [CONTINUE]
 746 games  +214 =326 -206   +4 Elo +/- 19   3fold=249 (33%)   7996s      mean=0.505 LLR=-0.02 [CONTINUE]
 747 games  +214 =326 -207   +3 Elo +/- 19   3fold=249 (33%)   8019s      mean=0.505 LLR=-0.07 [CONTINUE]
 748 games  +215 =326 -207   +4 Elo +/- 19   3fold=249 (33%)   8024s      mean=0.505 LLR=-0.02 [CONTINUE]
 749 games  +215 =326 -208   +3 Elo +/- 19   3fold=249 (33%)   8030s      mean=0.505 LLR=-0.07 [CONTINUE]
 750 games  +216 =326 -208   +4 Elo +/- 19   3fold=249 (33%)   8054s      mean=0.505 LLR=-0.03 [CONTINUE]
 751 games  +216 =327 -208   +4 Elo +/- 19   3fold=250 (33%)   8061s      mean=0.505 LLR=-0.03 [CONTINUE]
 752 games  +216 =327 -209   +3 Elo +/- 19   3fold=250 (33%)   8062s      mean=0.505 LLR=-0.07 [CONTINUE]
 753 games  +217 =327 -209   +4 Elo +/- 19   3fold=250 (33%)   8079s      mean=0.505 LLR=-0.03 [CONTINUE]
 754 games  +217 =327 -210   +3 Elo +/- 19   3fold=250 (33%)   8099s      mean=0.505 LLR=-0.07 [CONTINUE]
 755 games  +217 =327 -211   +3 Elo +/- 19   3fold=250 (33%)   8108s      mean=0.504 LLR=-0.11 [CONTINUE]
 756 games  +217 =328 -211   +3 Elo +/- 19   3fold=251 (33%)   8110s      mean=0.504 LLR=-0.11 [CONTINUE]
 757 games  +217 =329 -211   +3 Elo +/- 19   3fold=252 (33%)   8121s      mean=0.504 LLR=-0.11 [CONTINUE]
 758 games  +217 =330 -211   +3 Elo +/- 19   3fold=253 (33%)   8138s      mean=0.504 LLR=-0.11 [CONTINUE]
 759 games  +217 =330 -212   +2 Elo +/- 19   3fold=253 (33%)   8142s      mean=0.503 LLR=-0.15 [CONTINUE]
 760 games  +217 =331 -212   +2 Elo +/- 19   3fold=254 (33%)   8151s      mean=0.503 LLR=-0.15 [CONTINUE]
 761 games  +218 =331 -212   +3 Elo +/- 19   3fold=254 (33%)   8171s      mean=0.504 LLR=-0.11 [CONTINUE]
 762 games  +219 =331 -212   +3 Elo +/- 19   3fold=254 (33%)   8174s      mean=0.505 LLR=-0.07 [CONTINUE]
 763 games  +219 =332 -212   +3 Elo +/- 19   3fold=255 (33%)   8176s      mean=0.505 LLR=-0.07 [CONTINUE]
 764 games  +219 =333 -212   +3 Elo +/- 19   3fold=256 (34%)   8200s      mean=0.505 LLR=-0.07 [CONTINUE]
 765 games  +220 =333 -212   +4 Elo +/- 19   3fold=256 (33%)   8204s      mean=0.505 LLR=-0.03 [CONTINUE]
 766 games  +221 =333 -212   +4 Elo +/- 19   3fold=256 (33%)   8208s      mean=0.506 LLR=+0.01 [CONTINUE]
 767 games  +221 =333 -213   +4 Elo +/- 19   3fold=256 (33%)   8231s      mean=0.505 LLR=-0.03 [CONTINUE]
 768 games  +221 =334 -213   +4 Elo +/- 18   3fold=257 (33%)   8231s      mean=0.505 LLR=-0.03 [CONTINUE]
 769 games  +221 =335 -213   +4 Elo +/- 18   3fold=257 (33%)   8241s      mean=0.505 LLR=-0.03 [CONTINUE]
 770 games  +221 =335 -214   +3 Elo +/- 18   3fold=257 (33%)   8259s      mean=0.505 LLR=-0.08 [CONTINUE]
 771 games  +222 =335 -214   +4 Elo +/- 18   3fold=257 (33%)   8261s      mean=0.505 LLR=-0.04 [CONTINUE]
 772 games  +222 =336 -214   +4 Elo +/- 18   3fold=258 (33%)   8272s      mean=0.505 LLR=-0.04 [CONTINUE]
 773 games  +222 =336 -215   +3 Elo +/- 18   3fold=258 (33%)   8289s      mean=0.505 LLR=-0.08 [CONTINUE]
 774 games  +222 =337 -215   +3 Elo +/- 18   3fold=258 (33%)   8293s      mean=0.505 LLR=-0.08 [CONTINUE]
 775 games  +222 =337 -216   +3 Elo +/- 18   3fold=258 (33%)   8315s      mean=0.504 LLR=-0.12 [CONTINUE]
 776 games  +222 =338 -216   +3 Elo +/- 18   3fold=259 (33%)   8318s      mean=0.504 LLR=-0.12 [CONTINUE]
 777 games  +222 =338 -217   +2 Elo +/- 18   3fold=259 (33%)   8322s      mean=0.503 LLR=-0.16 [CONTINUE]
 778 games  +222 =338 -218   +2 Elo +/- 18   3fold=259 (33%)   8348s      mean=0.503 LLR=-0.20 [CONTINUE]
 779 games  +222 =339 -218   +2 Elo +/- 18   3fold=260 (33%)   8349s      mean=0.503 LLR=-0.20 [CONTINUE]
 780 games  +222 =340 -218   +2 Elo +/- 18   3fold=261 (33%)   8351s      mean=0.503 LLR=-0.20 [CONTINUE]
 781 games  +222 =340 -219   +1 Elo +/- 18   3fold=261 (33%)   8380s      mean=0.502 LLR=-0.24 [CONTINUE]
 782 games  +223 =340 -219   +2 Elo +/- 18   3fold=261 (33%)   8382s      mean=0.503 LLR=-0.20 [CONTINUE]
 783 games  +223 =341 -219   +2 Elo +/- 18   3fold=261 (33%)   8391s      mean=0.503 LLR=-0.20 [CONTINUE]
 784 games  +223 =342 -219   +2 Elo +/- 18   3fold=262 (33%)   8413s      mean=0.503 LLR=-0.21 [CONTINUE]
 785 games  +224 =342 -219   +2 Elo +/- 18   3fold=262 (33%)   8416s      mean=0.503 LLR=-0.16 [CONTINUE]
 786 games  +224 =342 -220   +2 Elo +/- 18   3fold=262 (33%)   8419s      mean=0.503 LLR=-0.21 [CONTINUE]
 787 games  +225 =342 -220   +2 Elo +/- 18   3fold=262 (33%)   8440s      mean=0.503 LLR=-0.17 [CONTINUE]
 788 games  +225 =343 -220   +2 Elo +/- 18   3fold=263 (33%)   8446s      mean=0.503 LLR=-0.17 [CONTINUE]
 789 games  +225 =344 -220   +2 Elo +/- 18   3fold=264 (33%)   8454s      mean=0.503 LLR=-0.17 [CONTINUE]
 790 games  +226 =344 -220   +3 Elo +/- 18   3fold=264 (33%)   8470s      mean=0.504 LLR=-0.13 [CONTINUE]
 791 games  +227 =344 -220   +3 Elo +/- 18   3fold=264 (33%)   8478s      mean=0.504 LLR=-0.09 [CONTINUE]
 792 games  +227 =344 -221   +3 Elo +/- 18   3fold=264 (33%)   8486s      mean=0.504 LLR=-0.13 [CONTINUE]
 793 games  +227 =345 -221   +3 Elo +/- 18   3fold=265 (33%)   8497s      mean=0.504 LLR=-0.13 [CONTINUE]
 794 games  +227 =346 -221   +3 Elo +/- 18   3fold=266 (34%)   8521s      mean=0.504 LLR=-0.13 [CONTINUE]
 795 games  +228 =346 -221   +3 Elo +/- 18   3fold=266 (33%)   8524s      mean=0.504 LLR=-0.09 [CONTINUE]
 796 games  +228 =347 -221   +3 Elo +/- 18   3fold=267 (34%)   8525s      mean=0.504 LLR=-0.09 [CONTINUE]
 797 games  +229 =347 -221   +3 Elo +/- 18   3fold=267 (34%)   8556s      mean=0.505 LLR=-0.05 [CONTINUE]
 798 games  +230 =347 -221   +4 Elo +/- 18   3fold=267 (33%)   8561s      mean=0.506 LLR=-0.01 [CONTINUE]
 799 games  +230 =347 -222   +3 Elo +/- 18   3fold=267 (33%)   8561s      mean=0.505 LLR=-0.05 [CONTINUE]
 800 games  +231 =347 -222   +4 Elo +/- 18   3fold=267 (33%)   8584s      mean=0.506 LLR=-0.01 [CONTINUE]
 801 games  +231 =347 -223   +3 Elo +/- 18   3fold=267 (33%)   8594s      mean=0.505 LLR=-0.05 [CONTINUE]
 802 games  +232 =347 -223   +4 Elo +/- 18   3fold=267 (33%)   8594s      mean=0.506 LLR=-0.01 [CONTINUE]
 803 games  +233 =347 -223   +4 Elo +/- 18   3fold=267 (33%)   8615s      mean=0.506 LLR=+0.03 [CONTINUE]
 804 games  +233 =347 -224   +4 Elo +/- 18   3fold=267 (33%)   8626s      mean=0.506 LLR=-0.01 [CONTINUE]
 805 games  +233 =348 -224   +4 Elo +/- 18   3fold=267 (33%)   8626s      mean=0.506 LLR=-0.01 [CONTINUE]
 806 games  +233 =348 -225   +3 Elo +/- 18   3fold=267 (33%)   8648s      mean=0.505 LLR=-0.05 [CONTINUE]
 807 games  +233 =349 -225   +3 Elo +/- 18   3fold=268 (33%)   8657s      mean=0.505 LLR=-0.05 [CONTINUE]
 808 games  +234 =349 -225   +4 Elo +/- 18   3fold=268 (33%)   8659s      mean=0.506 LLR=-0.01 [CONTINUE]
 809 games  +234 =349 -226   +3 Elo +/- 18   3fold=268 (33%)   8683s      mean=0.505 LLR=-0.05 [CONTINUE]
 810 games  +234 =350 -226   +3 Elo +/- 18   3fold=269 (33%)   8693s      mean=0.505 LLR=-0.05 [CONTINUE]
 811 games  +234 =351 -226   +3 Elo +/- 18   3fold=270 (33%)   8694s      mean=0.505 LLR=-0.05 [CONTINUE]
 812 games  +235 =351 -226   +4 Elo +/- 18   3fold=270 (33%)   8715s      mean=0.506 LLR=-0.01 [CONTINUE]
 813 games  +235 =351 -227   +3 Elo +/- 18   3fold=270 (33%)   8721s      mean=0.505 LLR=-0.06 [CONTINUE]
 814 games  +236 =351 -227   +4 Elo +/- 18   3fold=270 (33%)   8729s      mean=0.506 LLR=-0.01 [CONTINUE]
 815 games  +236 =351 -228   +3 Elo +/- 18   3fold=270 (33%)   8747s      mean=0.505 LLR=-0.06 [CONTINUE]
 816 games  +236 =351 -229   +3 Elo +/- 18   3fold=270 (33%)   8756s      mean=0.504 LLR=-0.10 [CONTINUE]
 817 games  +237 =351 -229   +3 Elo +/- 18   3fold=270 (33%)   8761s      mean=0.505 LLR=-0.06 [CONTINUE]
 818 games  +238 =351 -229   +4 Elo +/- 18   3fold=270 (33%)   8781s      mean=0.506 LLR=-0.02 [CONTINUE]
 819 games  +238 =352 -229   +4 Elo +/- 18   3fold=270 (33%)   8788s      mean=0.505 LLR=-0.02 [CONTINUE]
 820 games  +238 =353 -229   +4 Elo +/- 18   3fold=271 (33%)   8795s      mean=0.505 LLR=-0.02 [CONTINUE]
 821 games  +239 =353 -229   +4 Elo +/- 18   3fold=271 (33%)   8812s      mean=0.506 LLR=+0.02 [CONTINUE]
 822 games  +240 =353 -229   +5 Elo +/- 18   3fold=271 (33%)   8820s      mean=0.507 LLR=+0.06 [CONTINUE]
 823 games  +240 =354 -229   +5 Elo +/- 18   3fold=272 (33%)   8827s      mean=0.507 LLR=+0.06 [CONTINUE]
 824 games  +240 =355 -229   +5 Elo +/- 18   3fold=273 (33%)   8847s      mean=0.507 LLR=+0.06 [CONTINUE]
 825 games  +241 =355 -229   +5 Elo +/- 18   3fold=273 (33%)   8852s      mean=0.507 LLR=+0.10 [CONTINUE]
 826 games  +242 =355 -229   +5 Elo +/- 18   3fold=273 (33%)   8862s      mean=0.508 LLR=+0.14 [CONTINUE]
 827 games  +242 =356 -229   +5 Elo +/- 18   3fold=274 (33%)   8872s      mean=0.508 LLR=+0.14 [CONTINUE]
 828 games  +243 =356 -229   +6 Elo +/- 18   3fold=274 (33%)   8877s      mean=0.508 LLR=+0.18 [CONTINUE]
 829 games  +244 =356 -229   +6 Elo +/- 18   3fold=274 (33%)   8894s      mean=0.509 LLR=+0.22 [CONTINUE]
 830 games  +244 =357 -229   +6 Elo +/- 18   3fold=275 (33%)   8906s      mean=0.509 LLR=+0.22 [CONTINUE]
 831 games  +244 =357 -230   +6 Elo +/- 18   3fold=275 (33%)   8908s      mean=0.508 LLR=+0.18 [CONTINUE]
 832 games  +244 =358 -230   +6 Elo +/- 18   3fold=276 (33%)   8920s      mean=0.508 LLR=+0.18 [CONTINUE]
 833 games  +245 =358 -230   +6 Elo +/- 18   3fold=276 (33%)   8939s      mean=0.509 LLR=+0.22 [CONTINUE]
 834 games  +245 =359 -230   +6 Elo +/- 18   3fold=277 (33%)   8943s      mean=0.509 LLR=+0.22 [CONTINUE]
 835 games  +245 =360 -230   +6 Elo +/- 18   3fold=278 (33%)   8950s      mean=0.509 LLR=+0.22 [CONTINUE]
 836 games  +245 =361 -230   +6 Elo +/- 18   3fold=279 (33%)   8971s      mean=0.509 LLR=+0.22 [CONTINUE]
 837 games  +245 =361 -231   +6 Elo +/- 18   3fold=279 (33%)   8977s      mean=0.508 LLR=+0.18 [CONTINUE]
 838 games  +245 =361 -232   +5 Elo +/- 18   3fold=279 (33%)   8992s      mean=0.508 LLR=+0.14 [CONTINUE]
 839 games  +245 =362 -232   +5 Elo +/- 18   3fold=280 (33%)   8999s      mean=0.508 LLR=+0.14 [CONTINUE]
 840 games  +245 =362 -233   +5 Elo +/- 18   3fold=280 (33%)   9014s      mean=0.507 LLR=+0.09 [CONTINUE]
 841 games  +246 =362 -233   +5 Elo +/- 18   3fold=280 (33%)   9020s      mean=0.508 LLR=+0.13 [CONTINUE]
 842 games  +247 =362 -233   +6 Elo +/- 18   3fold=280 (33%)   9035s      mean=0.508 LLR=+0.17 [CONTINUE]
 843 games  +247 =363 -233   +6 Elo +/- 18   3fold=281 (33%)   9051s      mean=0.508 LLR=+0.17 [CONTINUE]
 844 games  +247 =364 -233   +6 Elo +/- 18   3fold=282 (33%)   9056s      mean=0.508 LLR=+0.17 [CONTINUE]
 845 games  +248 =364 -233   +6 Elo +/- 18   3fold=282 (33%)   9068s      mean=0.509 LLR=+0.21 [CONTINUE]
 846 games  +248 =365 -233   +6 Elo +/- 18   3fold=283 (33%)   9081s      mean=0.509 LLR=+0.21 [CONTINUE]
 847 games  +248 =366 -233   +6 Elo +/- 18   3fold=284 (34%)   9083s      mean=0.509 LLR=+0.21 [CONTINUE]
 848 games  +248 =367 -233   +6 Elo +/- 18   3fold=285 (34%)   9101s      mean=0.509 LLR=+0.21 [CONTINUE]
 849 games  +248 =368 -233   +6 Elo +/- 18   3fold=285 (34%)   9117s      mean=0.509 LLR=+0.21 [CONTINUE]
 850 games  +248 =369 -233   +6 Elo +/- 18   3fold=286 (34%)   9120s      mean=0.509 LLR=+0.21 [CONTINUE]
 851 games  +248 =369 -234   +6 Elo +/- 18   3fold=286 (34%)   9131s      mean=0.508 LLR=+0.17 [CONTINUE]
 852 games  +249 =369 -234   +6 Elo +/- 18   3fold=286 (34%)   9145s      mean=0.509 LLR=+0.21 [CONTINUE]
 853 games  +249 =370 -234   +6 Elo +/- 18   3fold=286 (34%)   9153s      mean=0.509 LLR=+0.21 [CONTINUE]
 854 games  +249 =371 -234   +6 Elo +/- 18   3fold=287 (34%)   9167s      mean=0.509 LLR=+0.21 [CONTINUE]
 855 games  +250 =371 -234   +7 Elo +/- 18   3fold=287 (34%)   9175s      mean=0.509 LLR=+0.25 [CONTINUE]
 856 games  +250 =372 -234   +6 Elo +/- 18   3fold=288 (34%)   9181s      mean=0.509 LLR=+0.25 [CONTINUE]
 857 games  +250 =372 -235   +6 Elo +/- 18   3fold=288 (34%)   9195s      mean=0.509 LLR=+0.21 [CONTINUE]
 858 games  +251 =372 -235   +6 Elo +/- 18   3fold=288 (34%)   9208s      mean=0.509 LLR=+0.25 [CONTINUE]
 859 games  +251 =372 -236   +6 Elo +/- 18   3fold=288 (34%)   9212s      mean=0.509 LLR=+0.21 [CONTINUE]
 860 games  +251 =372 -237   +6 Elo +/- 18   3fold=288 (33%)   9228s      mean=0.508 LLR=+0.17 [CONTINUE]
 861 games  +251 =372 -238   +5 Elo +/- 18   3fold=288 (33%)   9242s      mean=0.508 LLR=+0.13 [CONTINUE]
 862 games  +251 =372 -239   +5 Elo +/- 18   3fold=288 (33%)   9243s      mean=0.507 LLR=+0.08 [CONTINUE]
 863 games  +251 =373 -239   +5 Elo +/- 17   3fold=289 (33%)   9265s      mean=0.507 LLR=+0.08 [CONTINUE]
 864 games  +251 =373 -240   +4 Elo +/- 17   3fold=289 (33%)   9267s      mean=0.506 LLR=+0.04 [CONTINUE]
 865 games  +251 =374 -240   +4 Elo +/- 17   3fold=289 (33%)   9286s      mean=0.506 LLR=+0.04 [CONTINUE]
 866 games  +251 =374 -241   +4 Elo +/- 17   3fold=289 (33%)   9296s      mean=0.506 LLR=+0.00 [CONTINUE]
 867 games  +252 =374 -241   +4 Elo +/- 17   3fold=289 (33%)   9297s      mean=0.506 LLR=+0.04 [CONTINUE]
 868 games  +252 =375 -241   +4 Elo +/- 17   3fold=290 (33%)   9313s      mean=0.506 LLR=+0.04 [CONTINUE]
 869 games  +252 =376 -241   +4 Elo +/- 17   3fold=291 (33%)   9326s      mean=0.506 LLR=+0.04 [CONTINUE]
 870 games  +252 =376 -242   +4 Elo +/- 17   3fold=291 (33%)   9327s      mean=0.506 LLR=-0.00 [CONTINUE]
 871 games  +252 =377 -242   +4 Elo +/- 17   3fold=292 (34%)   9353s      mean=0.506 LLR=-0.00 [CONTINUE]
 872 games  +252 =378 -242   +4 Elo +/- 17   3fold=293 (34%)   9358s      mean=0.506 LLR=-0.00 [CONTINUE]
 873 games  +252 =379 -242   +4 Elo +/- 17   3fold=294 (34%)   9361s      mean=0.506 LLR=-0.00 [CONTINUE]
 874 games  +252 =379 -243   +4 Elo +/- 17   3fold=294 (34%)   9386s      mean=0.505 LLR=-0.04 [CONTINUE]
 875 games  +252 =380 -243   +4 Elo +/- 17   3fold=295 (34%)   9388s      mean=0.505 LLR=-0.04 [CONTINUE]
 876 games  +253 =380 -243   +4 Elo +/- 17   3fold=295 (34%)   9392s      mean=0.506 LLR=-0.00 [CONTINUE]
 877 games  +253 =381 -243   +4 Elo +/- 17   3fold=296 (34%)   9415s      mean=0.506 LLR=-0.00 [CONTINUE]
 878 games  +253 =382 -243   +4 Elo +/- 17   3fold=296 (34%)   9419s      mean=0.506 LLR=-0.00 [CONTINUE]
 879 games  +253 =382 -244   +4 Elo +/- 17   3fold=296 (34%)   9424s      mean=0.505 LLR=-0.05 [CONTINUE]
*** ANOMALY ***  crash:agent died as white (0-1) -- caused by agent@engine
