gauntlet: agent@engine vs agent@checkpoints/repfix2 | SPRT elo0=0.0 elo1=8.0 alpha=0.025 beta=0.025 max_games=1500 | 10000ms+100ms | 3 workers
   1 games  +0 =1 -0   -0 Elo +/- 0   3fold=1 (100%)   132s      mean=0.500 LLR=+0.00 [CONTINUE]
   2 games  +0 =2 -0   -0 Elo +/- 0   3fold=2 (100%)   145s      mean=0.500 LLR=+0.00 [CONTINUE]
   3 games  +0 =3 -0   -0 Elo +/- 0   3fold=2 (67%)   156s      mean=0.500 LLR=+0.00 [CONTINUE]
   4 games  +0 =4 -0   -0 Elo +/- 0   3fold=2 (50%)   174s      mean=0.500 LLR=+0.00 [CONTINUE]
   5 games  +0 =4 -1   -70 Elo +/- 134   3fold=2 (40%)   174s      mean=0.400 LLR=-0.15 [CONTINUE]
   6 games  +1 =4 -1   -0 Elo +/- 174   3fold=2 (33%)   190s      mean=0.500 LLR=-0.00 [CONTINUE]
   7 games  +1 =4 -2   -50 Elo +/- 185   3fold=2 (29%)   204s      mean=0.429 LLR=-0.06 [CONTINUE]
   8 games  +2 =4 -2   -0 Elo +/- 186   3fold=2 (25%)   206s      mean=0.500 LLR=-0.00 [CONTINUE]
   9 games  +2 =4 -3   -39 Elo +/- 186   3fold=2 (22%)   220s      mean=0.444 LLR=-0.05 [CONTINUE]
  10 games  +2 =4 -4   -70 Elo +/- 186   3fold=2 (20%)   235s      mean=0.400 LLR=-0.09 [CONTINUE]
  11 games  +3 =4 -4   -32 Elo +/- 179   3fold=2 (18%)   235s      mean=0.455 LLR=-0.04 [CONTINUE]
  12 games  +4 =4 -4   -0 Elo +/- 174   3fold=2 (17%)   253s      mean=0.500 LLR=-0.00 [CONTINUE]
  13 games  +4 =5 -4   -0 Elo +/- 158   3fold=2 (15%)   266s      mean=0.500 LLR=-0.01 [CONTINUE]
  14 games  +4 =6 -4   -0 Elo +/- 146   3fold=2 (14%)   283s      mean=0.500 LLR=-0.01 [CONTINUE]
  15 games  +5 =6 -4   +23 Elo +/- 144   3fold=2 (13%)   287s      mean=0.533 LLR=+0.03 [CONTINUE]
  16 games  +5 =7 -4   +22 Elo +/- 134   3fold=3 (19%)   303s      mean=0.531 LLR=+0.03 [CONTINUE]
  17 games  +5 =7 -5   -0 Elo +/- 133   3fold=3 (18%)   318s      mean=0.500 LLR=-0.01 [CONTINUE]
  18 games  +5 =7 -6   -19 Elo +/- 132   3fold=3 (17%)   318s      mean=0.472 LLR=-0.05 [CONTINUE]
  19 games  +5 =8 -6   -18 Elo +/- 124   3fold=4 (21%)   332s      mean=0.474 LLR=-0.05 [CONTINUE]
  20 games  +6 =8 -6   -0 Elo +/- 123   3fold=4 (20%)   350s      mean=0.500 LLR=-0.01 [CONTINUE]
  21 games  +6 =8 -7   -17 Elo +/- 122   3fold=4 (19%)   353s      mean=0.476 LLR=-0.05 [CONTINUE]
  22 games  +6 =8 -8   -32 Elo +/- 121   3fold=4 (18%)   364s      mean=0.455 LLR=-0.08 [CONTINUE]
  23 games  +6 =9 -8   -30 Elo +/- 115   3fold=5 (22%)   384s      mean=0.457 LLR=-0.09 [CONTINUE]
  24 games  +6 =9 -9   -44 Elo +/- 114   3fold=5 (21%)   384s      mean=0.438 LLR=-0.12 [CONTINUE]
  25 games  +7 =9 -9   -28 Elo +/- 113   3fold=5 (20%)   395s      mean=0.460 LLR=-0.08 [CONTINUE]
  26 games  +7 =9 -10   -40 Elo +/- 112   3fold=5 (19%)   424s      mean=0.442 LLR=-0.12 [CONTINUE]
  27 games  +8 =9 -10   -26 Elo +/- 111   3fold=5 (19%)   425s      mean=0.463 LLR=-0.08 [CONTINUE]
  28 games  +8 =10 -10   -25 Elo +/- 107   3fold=5 (18%)   426s      mean=0.464 LLR=-0.08 [CONTINUE]
  29 games  +9 =10 -10   -12 Elo +/- 106   3fold=5 (17%)   453s      mean=0.483 LLR=-0.05 [CONTINUE]
  30 games  +10 =10 -10   -0 Elo +/- 105   3fold=5 (17%)   455s      mean=0.500 LLR=-0.01 [CONTINUE]
  31 games  +10 =10 -11   -11 Elo +/- 104   3fold=5 (16%)   457s      mean=0.484 LLR=-0.05 [CONTINUE]
  32 games  +10 =11 -11   -11 Elo +/- 100   3fold=6 (19%)   485s      mean=0.484 LLR=-0.05 [CONTINUE]
  33 games  +10 =11 -12   -21 Elo +/- 100   3fold=6 (18%)   485s      mean=0.470 LLR=-0.08 [CONTINUE]
  34 games  +10 =12 -12   -20 Elo +/- 96   3fold=6 (18%)   495s      mean=0.471 LLR=-0.09 [CONTINUE]
  35 games  +10 =13 -12   -20 Elo +/- 94   3fold=7 (20%)   512s      mean=0.471 LLR=-0.09 [CONTINUE]
  36 games  +10 =14 -12   -19 Elo +/- 91   3fold=8 (22%)   520s      mean=0.472 LLR=-0.09 [CONTINUE]
  37 games  +10 =15 -12   -19 Elo +/- 88   3fold=8 (22%)   528s      mean=0.473 LLR=-0.09 [CONTINUE]
  38 games  +10 =16 -12   -18 Elo +/- 86   3fold=8 (21%)   551s      mean=0.474 LLR=-0.10 [CONTINUE]
  39 games  +10 =16 -13   -27 Elo +/- 86   3fold=8 (21%)   555s      mean=0.462 LLR=-0.14 [CONTINUE]
  40 games  +10 =16 -14   -35 Elo +/- 85   3fold=8 (20%)   565s      mean=0.450 LLR=-0.17 [CONTINUE]
  41 games  +10 =17 -14   -34 Elo +/- 83   3fold=9 (22%)   587s      mean=0.451 LLR=-0.18 [CONTINUE]
  42 games  +10 =17 -15   -42 Elo +/- 83   3fold=9 (21%)   593s      mean=0.440 LLR=-0.22 [CONTINUE]
  43 games  +10 =17 -16   -49 Elo +/- 83   3fold=9 (21%)   593s      mean=0.430 LLR=-0.26 [CONTINUE]
  44 games  +11 =17 -16   -40 Elo +/- 82   3fold=9 (20%)   618s      mean=0.443 LLR=-0.21 [CONTINUE]
  45 games  +11 =17 -17   -47 Elo +/- 82   3fold=9 (20%)   622s      mean=0.433 LLR=-0.25 [CONTINUE]
  46 games  +11 =18 -17   -46 Elo +/- 80   3fold=9 (20%)   641s      mean=0.435 LLR=-0.25 [CONTINUE]
  47 games  +11 =19 -17   -45 Elo +/- 78   3fold=9 (19%)   658s      mean=0.436 LLR=-0.26 [CONTINUE]
  48 games  +11 =20 -17   -44 Elo +/- 77   3fold=9 (19%)   667s      mean=0.438 LLR=-0.27 [CONTINUE]
  49 games  +12 =20 -17   -36 Elo +/- 76   3fold=9 (18%)   675s      mean=0.449 LLR=-0.22 [CONTINUE]
  50 games  +12 =20 -18   -42 Elo +/- 76   3fold=9 (18%)   689s      mean=0.440 LLR=-0.26 [CONTINUE]
  51 games  +12 =20 -19   -48 Elo +/- 76   3fold=9 (18%)   697s      mean=0.431 LLR=-0.30 [CONTINUE]
  52 games  +13 =20 -19   -40 Elo +/- 75   3fold=9 (17%)   706s      mean=0.442 LLR=-0.25 [CONTINUE]
  53 games  +14 =20 -19   -33 Elo +/- 75   3fold=9 (17%)   721s      mean=0.453 LLR=-0.21 [CONTINUE]
  54 games  +14 =21 -19   -32 Elo +/- 74   3fold=9 (17%)   740s      mean=0.454 LLR=-0.21 [CONTINUE]
  55 games  +14 =21 -20   -38 Elo +/- 73   3fold=9 (16%)   753s      mean=0.445 LLR=-0.25 [CONTINUE]
  56 games  +14 =22 -20   -37 Elo +/- 72   3fold=10 (18%)   757s      mean=0.446 LLR=-0.26 [CONTINUE]
  57 games  +14 =22 -21   -43 Elo +/- 72   3fold=10 (18%)   768s      mean=0.439 LLR=-0.29 [CONTINUE]
  58 games  +15 =22 -21   -36 Elo +/- 72   3fold=10 (17%)   782s      mean=0.448 LLR=-0.25 [CONTINUE]
  59 games  +15 =23 -21   -35 Elo +/- 70   3fold=11 (19%)   796s      mean=0.449 LLR=-0.26 [CONTINUE]
  60 games  +15 =23 -22   -41 Elo +/- 70   3fold=11 (18%)   796s      mean=0.442 LLR=-0.29 [CONTINUE]
  61 games  +15 =23 -23   -46 Elo +/- 70   3fold=11 (18%)   815s      mean=0.434 LLR=-0.33 [CONTINUE]
  62 games  +16 =23 -23   -39 Elo +/- 70   3fold=11 (18%)   828s      mean=0.444 LLR=-0.29 [CONTINUE]
  63 games  +16 =24 -23   -39 Elo +/- 69   3fold=11 (17%)   829s      mean=0.444 LLR=-0.29 [CONTINUE]
  64 games  +16 =25 -23   -38 Elo +/- 67   3fold=11 (17%)   848s      mean=0.445 LLR=-0.30 [CONTINUE]
  65 games  +16 =26 -23   -38 Elo +/- 66   3fold=11 (17%)   859s      mean=0.446 LLR=-0.30 [CONTINUE]
  66 games  +16 =27 -23   -37 Elo +/- 65   3fold=11 (17%)   860s      mean=0.447 LLR=-0.31 [CONTINUE]
  67 games  +16 =27 -24   -42 Elo +/- 65   3fold=11 (16%)   876s      mean=0.440 LLR=-0.35 [CONTINUE]
  68 games  +16 =28 -24   -41 Elo +/- 64   3fold=12 (18%)   889s      mean=0.441 LLR=-0.35 [CONTINUE]
  69 games  +16 =28 -25   -46 Elo +/- 64   3fold=12 (17%)   891s      mean=0.435 LLR=-0.39 [CONTINUE]
  70 games  +16 =29 -25   -45 Elo +/- 63   3fold=13 (19%)   904s      mean=0.436 LLR=-0.40 [CONTINUE]
  71 games  +16 =29 -26   -49 Elo +/- 63   3fold=13 (18%)   921s      mean=0.430 LLR=-0.44 [CONTINUE]
  72 games  +16 =29 -27   -53 Elo +/- 63   3fold=13 (18%)   927s      mean=0.424 LLR=-0.47 [CONTINUE]
  73 games  +16 =30 -27   -53 Elo +/- 62   3fold=14 (19%)   931s      mean=0.425 LLR=-0.48 [CONTINUE]
  74 games  +16 =30 -28   -57 Elo +/- 62   3fold=14 (19%)   955s      mean=0.419 LLR=-0.52 [CONTINUE]
  75 games  +16 =31 -28   -56 Elo +/- 61   3fold=15 (20%)   958s      mean=0.420 LLR=-0.53 [CONTINUE]
  76 games  +16 =32 -28   -55 Elo +/- 60   3fold=15 (20%)   966s      mean=0.421 LLR=-0.54 [CONTINUE]
  77 games  +16 =32 -29   -59 Elo +/- 60   3fold=15 (19%)   987s      mean=0.416 LLR=-0.58 [CONTINUE]
  78 games  +16 =33 -29   -58 Elo +/- 59   3fold=16 (21%)   989s      mean=0.417 LLR=-0.58 [CONTINUE]
  79 games  +16 =33 -30   -62 Elo +/- 59   3fold=16 (20%)   993s      mean=0.411 LLR=-0.62 [CONTINUE]
  80 games  +17 =33 -30   -57 Elo +/- 59   3fold=16 (20%)   1014s      mean=0.419 LLR=-0.57 [CONTINUE]
  81 games  +17 =34 -30   -56 Elo +/- 58   3fold=16 (20%)   1019s      mean=0.420 LLR=-0.58 [CONTINUE]
  82 games  +17 =35 -30   -56 Elo +/- 58   3fold=16 (20%)   1043s      mean=0.421 LLR=-0.59 [CONTINUE]
  83 games  +18 =35 -30   -51 Elo +/- 58   3fold=16 (19%)   1046s      mean=0.428 LLR=-0.54 [CONTINUE]
  84 games  +18 =36 -30   -50 Elo +/- 57   3fold=16 (19%)   1051s      mean=0.429 LLR=-0.54 [CONTINUE]
  85 games  +18 =36 -31   -54 Elo +/- 57   3fold=16 (19%)   1076s      mean=0.424 LLR=-0.58 [CONTINUE]
  86 games  +19 =36 -31   -49 Elo +/- 57   3fold=16 (19%)   1085s      mean=0.430 LLR=-0.53 [CONTINUE]
  87 games  +19 =37 -31   -48 Elo +/- 56   3fold=16 (18%)   1086s      mean=0.431 LLR=-0.54 [CONTINUE]
  88 games  +19 =38 -31   -48 Elo +/- 55   3fold=17 (19%)   1117s      mean=0.432 LLR=-0.55 [CONTINUE]
  89 games  +19 =38 -32   -51 Elo +/- 55   3fold=17 (19%)   1123s      mean=0.427 LLR=-0.59 [CONTINUE]
  90 games  +19 =39 -32   -51 Elo +/- 55   3fold=18 (20%)   1125s      mean=0.428 LLR=-0.59 [CONTINUE]
  91 games  +19 =39 -33   -54 Elo +/- 55   3fold=18 (20%)   1149s      mean=0.423 LLR=-0.63 [CONTINUE]
  92 games  +19 =39 -34   -57 Elo +/- 55   3fold=18 (20%)   1153s      mean=0.418 LLR=-0.67 [CONTINUE]
  93 games  +19 =39 -35   -60 Elo +/- 54   3fold=18 (19%)   1155s      mean=0.414 LLR=-0.71 [CONTINUE]
  94 games  +19 =39 -36   -64 Elo +/- 54   3fold=18 (19%)   1177s      mean=0.410 LLR=-0.75 [CONTINUE]
  95 games  +20 =39 -36   -59 Elo +/- 54   3fold=18 (19%)   1188s      mean=0.416 LLR=-0.70 [CONTINUE]
  96 games  +20 =40 -36   -58 Elo +/- 54   3fold=18 (19%)   1189s      mean=0.417 LLR=-0.71 [CONTINUE]
  97 games  +21 =40 -36   -54 Elo +/- 54   3fold=18 (19%)   1217s      mean=0.423 LLR=-0.66 [CONTINUE]
  98 games  +21 =41 -36   -54 Elo +/- 53   3fold=18 (18%)   1218s      mean=0.423 LLR=-0.67 [CONTINUE]
  99 games  +21 =42 -36   -53 Elo +/- 53   3fold=19 (19%)   1234s      mean=0.424 LLR=-0.67 [CONTINUE]
 100 games  +22 =42 -36   -49 Elo +/- 52   3fold=19 (19%)   1247s      mean=0.430 LLR=-0.62 [CONTINUE]
 101 games  +23 =42 -36   -45 Elo +/- 52   3fold=19 (19%)   1252s      mean=0.436 LLR=-0.57 [CONTINUE]
 102 games  +24 =42 -36   -41 Elo +/- 52   3fold=19 (19%)   1269s      mean=0.441 LLR=-0.53 [CONTINUE]
 103 games  +24 =42 -37   -44 Elo +/- 52   3fold=19 (18%)   1276s      mean=0.437 LLR=-0.57 [CONTINUE]
 104 games  +24 =42 -38   -47 Elo +/- 52   3fold=19 (18%)   1286s      mean=0.433 LLR=-0.61 [CONTINUE]
 105 games  +25 =42 -38   -43 Elo +/- 52   3fold=19 (18%)   1296s      mean=0.438 LLR=-0.56 [CONTINUE]
 106 games  +25 =42 -39   -46 Elo +/- 52   3fold=19 (18%)   1309s      mean=0.434 LLR=-0.60 [CONTINUE]
 107 games  +25 =43 -39   -46 Elo +/- 51   3fold=20 (19%)   1324s      mean=0.435 LLR=-0.60 [CONTINUE]
 108 games  +25 =43 -40   -49 Elo +/- 51   3fold=20 (19%)   1330s      mean=0.431 LLR=-0.64 [CONTINUE]
 109 games  +25 =43 -41   -51 Elo +/- 51   3fold=20 (18%)   1337s      mean=0.427 LLR=-0.68 [CONTINUE]
 110 games  +26 =43 -41   -48 Elo +/- 51   3fold=20 (18%)   1360s      mean=0.432 LLR=-0.63 [CONTINUE]
 111 games  +27 =43 -41   -44 Elo +/- 51   3fold=20 (18%)   1367s      mean=0.437 LLR=-0.59 [CONTINUE]
 112 games  +27 =44 -41   -44 Elo +/- 51   3fold=21 (19%)   1377s      mean=0.438 LLR=-0.60 [CONTINUE]
 113 games  +27 =44 -42   -46 Elo +/- 51   3fold=21 (19%)   1390s      mean=0.434 LLR=-0.63 [CONTINUE]
 114 games  +27 =44 -43   -49 Elo +/- 51   3fold=21 (18%)   1394s      mean=0.430 LLR=-0.67 [CONTINUE]
 115 games  +27 =45 -43   -49 Elo +/- 50   3fold=21 (18%)   1418s      mean=0.430 LLR=-0.68 [CONTINUE]
 116 games  +27 =46 -43   -48 Elo +/- 50   3fold=22 (19%)   1428s      mean=0.431 LLR=-0.68 [CONTINUE]
 117 games  +27 =47 -43   -48 Elo +/- 49   3fold=23 (20%)   1431s      mean=0.432 LLR=-0.69 [CONTINUE]
 118 games  +28 =47 -43   -44 Elo +/- 49   3fold=23 (19%)   1450s      mean=0.436 LLR=-0.64 [CONTINUE]
 119 games  +28 =47 -44   -47 Elo +/- 49   3fold=23 (19%)   1464s      mean=0.433 LLR=-0.68 [CONTINUE]
 120 games  +28 =48 -44   -47 Elo +/- 49   3fold=23 (19%)   1465s      mean=0.433 LLR=-0.69 [CONTINUE]
 121 games  +29 =48 -44   -43 Elo +/- 49   3fold=23 (19%)   1475s      mean=0.438 LLR=-0.64 [CONTINUE]
 122 games  +29 =49 -44   -43 Elo +/- 48   3fold=24 (20%)   1493s      mean=0.439 LLR=-0.65 [CONTINUE]
 123 games  +30 =49 -44   -40 Elo +/- 48   3fold=24 (20%)   1496s      mean=0.443 LLR=-0.60 [CONTINUE]
 124 games  +30 =49 -45   -42 Elo +/- 48   3fold=24 (19%)   1503s      mean=0.440 LLR=-0.64 [CONTINUE]
 125 games  +30 =50 -45   -42 Elo +/- 48   3fold=24 (19%)   1524s      mean=0.440 LLR=-0.65 [CONTINUE]
 126 games  +31 =50 -45   -39 Elo +/- 48   3fold=24 (19%)   1528s      mean=0.444 LLR=-0.60 [CONTINUE]
 127 games  +31 =51 -45   -38 Elo +/- 47   3fold=24 (19%)   1538s      mean=0.445 LLR=-0.61 [CONTINUE]
 128 games  +32 =51 -45   -35 Elo +/- 47   3fold=24 (19%)   1555s      mean=0.449 LLR=-0.56 [CONTINUE]
 129 games  +33 =51 -45   -32 Elo +/- 47   3fold=24 (19%)   1566s      mean=0.453 LLR=-0.52 [CONTINUE]
 130 games  +33 =52 -45   -32 Elo +/- 47   3fold=24 (18%)   1571s      mean=0.454 LLR=-0.53 [CONTINUE]
 131 games  +33 =53 -45   -32 Elo +/- 46   3fold=24 (18%)   1595s      mean=0.454 LLR=-0.53 [CONTINUE]
 132 games  +34 =53 -45   -29 Elo +/- 46   3fold=24 (18%)   1598s      mean=0.458 LLR=-0.49 [CONTINUE]
 133 games  +34 =54 -45   -29 Elo +/- 46   3fold=24 (18%)   1602s      mean=0.459 LLR=-0.49 [CONTINUE]
 134 games  +34 =55 -45   -29 Elo +/- 45   3fold=25 (19%)   1628s      mean=0.459 LLR=-0.50 [CONTINUE]
 135 games  +34 =56 -45   -28 Elo +/- 45   3fold=26 (19%)   1643s      mean=0.459 LLR=-0.50 [CONTINUE]
 136 games  +34 =57 -45   -28 Elo +/- 45   3fold=26 (19%)   1647s      mean=0.460 LLR=-0.50 [CONTINUE]
 137 games  +34 =57 -46   -31 Elo +/- 45   3fold=26 (19%)   1659s      mean=0.456 LLR=-0.54 [CONTINUE]
 138 games  +35 =57 -46   -28 Elo +/- 45   3fold=26 (19%)   1675s      mean=0.460 LLR=-0.50 [CONTINUE]
 139 games  +35 =57 -47   -30 Elo +/- 45   3fold=26 (19%)   1682s      mean=0.457 LLR=-0.54 [CONTINUE]
 140 games  +35 =58 -47   -30 Elo +/- 44   3fold=26 (19%)   1701s      mean=0.457 LLR=-0.54 [CONTINUE]
 141 games  +36 =58 -47   -27 Elo +/- 44   3fold=26 (18%)   1709s      mean=0.461 LLR=-0.50 [CONTINUE]
 142 games  +36 =58 -48   -29 Elo +/- 44   3fold=26 (18%)   1715s      mean=0.458 LLR=-0.54 [CONTINUE]
 143 games  +36 =58 -49   -32 Elo +/- 44   3fold=26 (18%)   1738s      mean=0.455 LLR=-0.58 [CONTINUE]
 144 games  +36 =59 -49   -31 Elo +/- 44   3fold=26 (18%)   1746s      mean=0.455 LLR=-0.58 [CONTINUE]
 145 games  +36 =59 -50   -34 Elo +/- 44   3fold=26 (18%)   1746s      mean=0.452 LLR=-0.62 [CONTINUE]
 146 games  +37 =59 -50   -31 Elo +/- 44   3fold=26 (18%)   1768s      mean=0.455 LLR=-0.57 [CONTINUE]
 147 games  +38 =59 -50   -28 Elo +/- 44   3fold=26 (18%)   1779s      mean=0.459 LLR=-0.53 [CONTINUE]
 148 games  +38 =60 -50   -28 Elo +/- 43   3fold=26 (18%)   1780s      mean=0.459 LLR=-0.54 [CONTINUE]
 149 games  +39 =60 -50   -26 Elo +/- 43   3fold=26 (17%)   1798s      mean=0.463 LLR=-0.49 [CONTINUE]
 150 games  +39 =60 -51   -28 Elo +/- 43   3fold=26 (17%)   1811s      mean=0.460 LLR=-0.53 [CONTINUE]
 151 games  +39 =61 -51   -28 Elo +/- 43   3fold=27 (18%)   1814s      mean=0.460 LLR=-0.54 [CONTINUE]
 152 games  +39 =62 -51   -27 Elo +/- 43   3fold=28 (18%)   1832s      mean=0.461 LLR=-0.54 [CONTINUE]
 153 games  +40 =62 -51   -25 Elo +/- 43   3fold=28 (18%)   1836s      mean=0.464 LLR=-0.50 [CONTINUE]
 154 games  +40 =63 -51   -25 Elo +/- 42   3fold=28 (18%)   1846s      mean=0.464 LLR=-0.50 [CONTINUE]
 155 games  +41 =63 -51   -22 Elo +/- 42   3fold=28 (18%)   1867s      mean=0.468 LLR=-0.46 [CONTINUE]
 156 games  +41 =64 -51   -22 Elo +/- 42   3fold=28 (18%)   1873s      mean=0.468 LLR=-0.46 [CONTINUE]
 157 games  +41 =65 -51   -22 Elo +/- 42   3fold=29 (18%)   1887s      mean=0.468 LLR=-0.47 [CONTINUE]
 158 games  +41 =66 -51   -22 Elo +/- 42   3fold=29 (18%)   1905s      mean=0.468 LLR=-0.47 [CONTINUE]
 159 games  +41 =67 -51   -22 Elo +/- 41   3fold=29 (18%)   1912s      mean=0.469 LLR=-0.47 [CONTINUE]
 160 games  +42 =67 -51   -20 Elo +/- 41   3fold=29 (18%)   1922s      mean=0.472 LLR=-0.43 [CONTINUE]
 161 games  +42 =68 -51   -19 Elo +/- 41   3fold=29 (18%)   1941s      mean=0.472 LLR=-0.43 [CONTINUE]
 162 games  +42 =68 -52   -21 Elo +/- 41   3fold=29 (18%)   1947s      mean=0.469 LLR=-0.47 [CONTINUE]
 163 games  +42 =69 -52   -21 Elo +/- 41   3fold=29 (18%)   1954s      mean=0.469 LLR=-0.48 [CONTINUE]
 164 games  +42 =69 -53   -23 Elo +/- 41   3fold=29 (18%)   1975s      mean=0.466 LLR=-0.52 [CONTINUE]
 165 games  +42 =69 -54   -25 Elo +/- 41   3fold=29 (18%)   1983s      mean=0.464 LLR=-0.56 [CONTINUE]
 166 games  +43 =69 -54   -23 Elo +/- 41   3fold=29 (17%)   1988s      mean=0.467 LLR=-0.51 [CONTINUE]
 167 games  +43 =69 -55   -25 Elo +/- 41   3fold=29 (17%)   2009s      mean=0.464 LLR=-0.55 [CONTINUE]
 168 games  +44 =69 -55   -23 Elo +/- 41   3fold=29 (17%)   2015s      mean=0.467 LLR=-0.51 [CONTINUE]
 169 games  +44 =69 -56   -25 Elo +/- 41   3fold=29 (17%)   2016s      mean=0.464 LLR=-0.55 [CONTINUE]
 170 games  +45 =69 -56   -23 Elo +/- 40   3fold=29 (17%)   2049s      mean=0.468 LLR=-0.51 [CONTINUE]
 171 games  +45 =69 -57   -24 Elo +/- 40   3fold=29 (17%)   2049s      mean=0.465 LLR=-0.54 [CONTINUE]
 172 games  +45 =70 -57   -24 Elo +/- 40   3fold=29 (17%)   2053s      mean=0.465 LLR=-0.55 [CONTINUE]
 173 games  +45 =71 -57   -24 Elo +/- 40   3fold=29 (17%)   2078s      mean=0.465 LLR=-0.55 [CONTINUE]
 174 games  +45 =72 -57   -24 Elo +/- 40   3fold=30 (17%)   2085s      mean=0.466 LLR=-0.55 [CONTINUE]
 175 games  +46 =72 -57   -22 Elo +/- 40   3fold=30 (17%)   2087s      mean=0.469 LLR=-0.51 [CONTINUE]
 176 games  +47 =72 -57   -20 Elo +/- 40   3fold=30 (17%)   2114s      mean=0.472 LLR=-0.47 [CONTINUE]
 177 games  +47 =73 -57   -20 Elo +/- 39   3fold=30 (17%)   2117s      mean=0.472 LLR=-0.47 [CONTINUE]
 178 games  +47 =73 -58   -21 Elo +/- 39   3fold=30 (17%)   2118s      mean=0.469 LLR=-0.51 [CONTINUE]
 179 games  +47 =74 -58   -21 Elo +/- 39   3fold=30 (17%)   2147s      mean=0.469 LLR=-0.52 [CONTINUE]
 180 games  +47 =74 -59   -23 Elo +/- 39   3fold=30 (17%)   2147s      mean=0.467 LLR=-0.55 [CONTINUE]
 181 games  +47 =75 -59   -23 Elo +/- 39   3fold=30 (17%)   2157s      mean=0.467 LLR=-0.56 [CONTINUE]
 182 games  +48 =75 -59   -21 Elo +/- 39   3fold=30 (16%)   2177s      mean=0.470 LLR=-0.52 [CONTINUE]
 183 games  +49 =75 -59   -19 Elo +/- 39   3fold=30 (16%)   2180s      mean=0.473 LLR=-0.47 [CONTINUE]
 184 games  +49 =76 -59   -19 Elo +/- 39   3fold=31 (17%)   2192s      mean=0.473 LLR=-0.48 [CONTINUE]
 185 games  +49 =76 -60   -21 Elo +/- 39   3fold=31 (17%)   2211s      mean=0.470 LLR=-0.52 [CONTINUE]
 186 games  +49 =77 -60   -21 Elo +/- 38   3fold=31 (17%)   2212s      mean=0.470 LLR=-0.52 [CONTINUE]
 187 games  +49 =78 -60   -20 Elo +/- 38   3fold=32 (17%)   2217s      mean=0.471 LLR=-0.52 [CONTINUE]
 188 games  +49 =78 -61   -22 Elo +/- 38   3fold=32 (17%)   2245s      mean=0.468 LLR=-0.56 [CONTINUE]
 189 games  +50 =78 -61   -20 Elo +/- 38   3fold=32 (17%)   2251s      mean=0.471 LLR=-0.52 [CONTINUE]
 190 games  +50 =79 -61   -20 Elo +/- 38   3fold=33 (17%)   2257s      mean=0.471 LLR=-0.52 [CONTINUE]
 191 games  +50 =80 -61   -20 Elo +/- 38   3fold=34 (18%)   2281s      mean=0.471 LLR=-0.53 [CONTINUE]
 192 games  +51 =80 -61   -18 Elo +/- 38   3fold=34 (18%)   2289s      mean=0.474 LLR=-0.48 [CONTINUE]
 193 games  +51 =80 -62   -20 Elo +/- 38   3fold=34 (18%)   2291s      mean=0.472 LLR=-0.52 [CONTINUE]
 194 games  +51 =81 -62   -20 Elo +/- 37   3fold=34 (18%)   2316s      mean=0.472 LLR=-0.53 [CONTINUE]
 195 games  +51 =81 -63   -21 Elo +/- 37   3fold=34 (17%)   2321s      mean=0.469 LLR=-0.56 [CONTINUE]
 196 games  +52 =81 -63   -20 Elo +/- 37   3fold=34 (17%)   2321s      mean=0.472 LLR=-0.52 [CONTINUE]
 197 games  +52 =81 -64   -21 Elo +/- 37   3fold=34 (17%)   2344s      mean=0.470 LLR=-0.56 [CONTINUE]
 198 games  +52 =81 -65   -23 Elo +/- 37   3fold=34 (17%)   2348s      mean=0.467 LLR=-0.60 [CONTINUE]
 199 games  +52 =81 -66   -24 Elo +/- 37   3fold=34 (17%)   2355s      mean=0.465 LLR=-0.64 [CONTINUE]
 200 games  +52 =82 -66   -24 Elo +/- 37   3fold=35 (18%)   2373s      mean=0.465 LLR=-0.64 [CONTINUE]
 201 games  +52 =82 -67   -26 Elo +/- 37   3fold=35 (17%)   2375s      mean=0.463 LLR=-0.68 [CONTINUE]
 202 games  +52 =82 -68   -28 Elo +/- 37   3fold=35 (17%)   2386s      mean=0.460 LLR=-0.72 [CONTINUE]
 203 games  +52 =82 -69   -29 Elo +/- 37   3fold=35 (17%)   2401s      mean=0.458 LLR=-0.76 [CONTINUE]
 204 games  +52 =82 -70   -31 Elo +/- 37   3fold=35 (17%)   2407s      mean=0.456 LLR=-0.79 [CONTINUE]
 205 games  +53 =82 -70   -29 Elo +/- 37   3fold=35 (17%)   2415s      mean=0.459 LLR=-0.75 [CONTINUE]
 206 games  +53 =83 -70   -29 Elo +/- 37   3fold=36 (17%)   2440s      mean=0.459 LLR=-0.76 [CONTINUE]
 207 games  +54 =83 -70   -27 Elo +/- 37   3fold=36 (17%)   2446s      mean=0.461 LLR=-0.71 [CONTINUE]
 208 games  +54 =84 -70   -27 Elo +/- 37   3fold=36 (17%)   2448s      mean=0.462 LLR=-0.72 [CONTINUE]
 209 games  +54 =85 -70   -27 Elo +/- 36   3fold=36 (17%)   2475s      mean=0.462 LLR=-0.72 [CONTINUE]
 210 games  +55 =85 -70   -25 Elo +/- 36   3fold=36 (17%)   2482s      mean=0.464 LLR=-0.68 [CONTINUE]
 211 games  +55 =85 -71   -26 Elo +/- 36   3fold=36 (17%)   2485s      mean=0.462 LLR=-0.72 [CONTINUE]
 212 games  +55 =86 -71   -26 Elo +/- 36   3fold=36 (17%)   2514s      mean=0.462 LLR=-0.72 [CONTINUE]
 213 games  +55 =86 -72   -28 Elo +/- 36   3fold=36 (17%)   2516s      mean=0.460 LLR=-0.76 [CONTINUE]
 214 games  +55 =87 -72   -28 Elo +/- 36   3fold=36 (17%)   2522s      mean=0.460 LLR=-0.76 [CONTINUE]
 215 games  +56 =87 -72   -26 Elo +/- 36   3fold=36 (17%)   2547s      mean=0.463 LLR=-0.72 [CONTINUE]
 216 games  +56 =88 -72   -26 Elo +/- 36   3fold=37 (17%)   2549s      mean=0.463 LLR=-0.72 [CONTINUE]
 217 games  +56 =89 -72   -26 Elo +/- 36   3fold=38 (18%)   2550s      mean=0.463 LLR=-0.73 [CONTINUE]
 218 games  +56 =89 -73   -27 Elo +/- 36   3fold=38 (17%)   2582s      mean=0.461 LLR=-0.77 [CONTINUE]
 219 games  +56 =90 -73   -27 Elo +/- 35   3fold=39 (18%)   2582s      mean=0.461 LLR=-0.77 [CONTINUE]
 220 games  +56 =91 -73   -27 Elo +/- 35   3fold=39 (18%)   2584s      mean=0.461 LLR=-0.77 [CONTINUE]
 221 games  +56 =91 -74   -28 Elo +/- 35   3fold=39 (18%)   2611s      mean=0.459 LLR=-0.81 [CONTINUE]
 222 games  +57 =91 -74   -27 Elo +/- 35   3fold=39 (18%)   2613s      mean=0.462 LLR=-0.77 [CONTINUE]
 223 games  +58 =91 -74   -25 Elo +/- 35   3fold=39 (17%)   2617s      mean=0.464 LLR=-0.73 [CONTINUE]
 224 games  +58 =92 -74   -25 Elo +/- 35   3fold=40 (18%)   2635s      mean=0.464 LLR=-0.73 [CONTINUE]
 225 games  +58 =92 -75   -26 Elo +/- 35   3fold=40 (18%)   2645s      mean=0.462 LLR=-0.77 [CONTINUE]
 226 games  +58 =93 -75   -26 Elo +/- 35   3fold=40 (18%)   2646s      mean=0.462 LLR=-0.77 [CONTINUE]
 227 games  +58 =93 -76   -28 Elo +/- 35   3fold=40 (18%)   2667s      mean=0.460 LLR=-0.81 [CONTINUE]
 228 games  +58 =94 -76   -27 Elo +/- 35   3fold=40 (18%)   2676s      mean=0.461 LLR=-0.82 [CONTINUE]
 229 games  +58 =94 -77   -29 Elo +/- 35   3fold=40 (17%)   2682s      mean=0.459 LLR=-0.85 [CONTINUE]
 230 games  +58 =95 -77   -29 Elo +/- 35   3fold=41 (18%)   2697s      mean=0.459 LLR=-0.86 [CONTINUE]
 231 games  +59 =95 -77   -27 Elo +/- 35   3fold=41 (18%)   2705s      mean=0.461 LLR=-0.82 [CONTINUE]
 232 games  +59 =95 -78   -29 Elo +/- 35   3fold=41 (18%)   2717s      mean=0.459 LLR=-0.85 [CONTINUE]
 233 games  +59 =96 -78   -28 Elo +/- 34   3fold=42 (18%)   2721s      mean=0.459 LLR=-0.86 [CONTINUE]
 234 games  +59 =97 -78   -28 Elo +/- 34   3fold=43 (18%)   2738s      mean=0.459 LLR=-0.86 [CONTINUE]
 235 games  +59 =98 -78   -28 Elo +/- 34   3fold=43 (18%)   2755s      mean=0.460 LLR=-0.87 [CONTINUE]
 236 games  +59 =98 -79   -30 Elo +/- 34   3fold=43 (18%)   2759s      mean=0.458 LLR=-0.91 [CONTINUE]
 237 games  +59 =99 -79   -29 Elo +/- 34   3fold=44 (19%)   2765s      mean=0.458 LLR=-0.91 [CONTINUE]
 238 games  +60 =99 -79   -28 Elo +/- 34   3fold=44 (18%)   2792s      mean=0.460 LLR=-0.87 [CONTINUE]
 239 games  +60 =100 -79   -28 Elo +/- 34   3fold=44 (18%)   2793s      mean=0.460 LLR=-0.87 [CONTINUE]
 240 games  +60 =101 -79   -28 Elo +/- 34   3fold=45 (19%)   2796s      mean=0.460 LLR=-0.87 [CONTINUE]
 241 games  +60 =102 -79   -27 Elo +/- 33   3fold=45 (19%)   2822s      mean=0.461 LLR=-0.88 [CONTINUE]
 242 games  +60 =103 -79   -27 Elo +/- 33   3fold=45 (19%)   2825s      mean=0.461 LLR=-0.88 [CONTINUE]
 243 games  +60 =104 -79   -27 Elo +/- 33   3fold=45 (19%)   2838s      mean=0.461 LLR=-0.89 [CONTINUE]
 244 games  +60 =104 -80   -29 Elo +/- 33   3fold=45 (18%)   2856s      mean=0.459 LLR=-0.93 [CONTINUE]
 245 games  +60 =105 -80   -28 Elo +/- 33   3fold=45 (18%)   2863s      mean=0.459 LLR=-0.93 [CONTINUE]
 246 games  +60 =106 -80   -28 Elo +/- 33   3fold=46 (19%)   2863s      mean=0.459 LLR=-0.93 [CONTINUE]
 247 games  +60 =107 -80   -28 Elo +/- 33   3fold=47 (19%)   2886s      mean=0.460 LLR=-0.94 [CONTINUE]
 248 games  +60 =108 -80   -28 Elo +/- 33   3fold=48 (19%)   2892s      mean=0.460 LLR=-0.94 [CONTINUE]
 249 games  +60 =109 -80   -28 Elo +/- 32   3fold=48 (19%)   2895s      mean=0.460 LLR=-0.95 [CONTINUE]
 250 games  +60 =109 -81   -29 Elo +/- 32   3fold=48 (19%)   2919s      mean=0.458 LLR=-0.99 [CONTINUE]
 251 games  +60 =110 -81   -29 Elo +/- 32   3fold=49 (20%)   2930s      mean=0.458 LLR=-0.99 [CONTINUE]
 252 games  +60 =111 -81   -29 Elo +/- 32   3fold=49 (19%)   2936s      mean=0.458 LLR=-1.00 [CONTINUE]
 253 games  +61 =111 -81   -28 Elo +/- 32   3fold=49 (19%)   2948s      mean=0.460 LLR=-0.95 [CONTINUE]
 254 games  +61 =112 -81   -27 Elo +/- 32   3fold=50 (20%)   2962s      mean=0.461 LLR=-0.95 [CONTINUE]
 255 games  +62 =112 -81   -26 Elo +/- 32   3fold=50 (20%)   2971s      mean=0.463 LLR=-0.91 [CONTINUE]
 256 games  +62 =113 -81   -26 Elo +/- 32   3fold=50 (20%)   2988s      mean=0.463 LLR=-0.91 [CONTINUE]
 257 games  +62 =113 -82   -27 Elo +/- 32   3fold=50 (19%)   2991s      mean=0.461 LLR=-0.95 [CONTINUE]
 258 games  +62 =113 -83   -28 Elo +/- 32   3fold=50 (19%)   3002s      mean=0.459 LLR=-0.99 [CONTINUE]
 259 games  +62 =114 -83   -28 Elo +/- 32   3fold=50 (19%)   3020s      mean=0.459 LLR=-1.00 [CONTINUE]
 260 games  +63 =114 -83   -27 Elo +/- 32   3fold=50 (19%)   3021s      mean=0.462 LLR=-0.95 [CONTINUE]
 261 games  +63 =114 -84   -28 Elo +/- 32   3fold=50 (19%)   3032s      mean=0.460 LLR=-0.99 [CONTINUE]
 262 games  +63 =114 -85   -29 Elo +/- 32   3fold=50 (19%)   3044s      mean=0.458 LLR=-1.03 [CONTINUE]
 263 games  +63 =115 -85   -29 Elo +/- 32   3fold=51 (19%)   3051s      mean=0.458 LLR=-1.04 [CONTINUE]
 264 games  +63 =116 -85   -29 Elo +/- 31   3fold=51 (19%)   3072s      mean=0.458 LLR=-1.04 [CONTINUE]
 265 games  +63 =116 -86   -30 Elo +/- 31   3fold=51 (19%)   3077s      mean=0.457 LLR=-1.08 [CONTINUE]
 266 games  +64 =116 -86   -29 Elo +/- 31   3fold=51 (19%)   3081s      mean=0.459 LLR=-1.04 [CONTINUE]
 267 games  +64 =117 -86   -29 Elo +/- 31   3fold=52 (19%)   3101s      mean=0.459 LLR=-1.04 [CONTINUE]
 268 games  +64 =118 -86   -29 Elo +/- 31   3fold=52 (19%)   3109s      mean=0.459 LLR=-1.04 [CONTINUE]
 269 games  +64 =118 -87   -30 Elo +/- 31   3fold=52 (19%)   3117s      mean=0.457 LLR=-1.08 [CONTINUE]
 270 games  +65 =118 -87   -28 Elo +/- 31   3fold=52 (19%)   3130s      mean=0.459 LLR=-1.04 [CONTINUE]
 271 games  +66 =118 -87   -27 Elo +/- 31   3fold=52 (19%)   3135s      mean=0.461 LLR=-0.99 [CONTINUE]
 272 games  +66 =119 -87   -27 Elo +/- 31   3fold=53 (19%)   3149s      mean=0.461 LLR=-1.00 [CONTINUE]
 273 games  +67 =119 -87   -25 Elo +/- 31   3fold=53 (19%)   3166s      mean=0.463 LLR=-0.95 [CONTINUE]
 274 games  +67 =119 -88   -27 Elo +/- 31   3fold=53 (19%)   3169s      mean=0.462 LLR=-0.99 [CONTINUE]
 275 games  +67 =120 -88   -27 Elo +/- 31   3fold=53 (19%)   3190s      mean=0.462 LLR=-1.00 [CONTINUE]
 276 games  +68 =120 -88   -25 Elo +/- 31   3fold=53 (19%)   3198s      mean=0.464 LLR=-0.95 [CONTINUE]
 277 games  +68 =121 -88   -25 Elo +/- 31   3fold=53 (19%)   3199s      mean=0.464 LLR=-0.96 [CONTINUE]
 278 games  +68 =122 -88   -25 Elo +/- 31   3fold=54 (19%)   3218s      mean=0.464 LLR=-0.96 [CONTINUE]
 279 games  +68 =122 -89   -26 Elo +/- 31   3fold=54 (19%)   3229s      mean=0.462 LLR=-1.00 [CONTINUE]
 280 games  +68 =122 -90   -27 Elo +/- 31   3fold=54 (19%)   3229s      mean=0.461 LLR=-1.04 [CONTINUE]
 281 games  +69 =122 -90   -26 Elo +/- 31   3fold=54 (19%)   3247s      mean=0.463 LLR=-1.00 [CONTINUE]
 282 games  +69 =122 -91   -27 Elo +/- 31   3fold=54 (19%)   3252s      mean=0.461 LLR=-1.04 [CONTINUE]
 283 games  +69 =123 -91   -27 Elo +/- 31   3fold=54 (19%)   3260s      mean=0.461 LLR=-1.04 [CONTINUE]
 284 games  +69 =124 -91   -27 Elo +/- 30   3fold=54 (19%)   3282s      mean=0.461 LLR=-1.04 [CONTINUE]
 285 games  +70 =124 -91   -26 Elo +/- 30   3fold=54 (19%)   3283s      mean=0.463 LLR=-1.00 [CONTINUE]
 286 games  +70 =125 -91   -26 Elo +/- 30   3fold=55 (19%)   3285s      mean=0.463 LLR=-1.00 [CONTINUE]
 287 games  +71 =125 -91   -24 Elo +/- 30   3fold=55 (19%)   3309s      mean=0.465 LLR=-0.96 [CONTINUE]
 288 games  +72 =125 -91   -23 Elo +/- 30   3fold=55 (19%)   3320s      mean=0.467 LLR=-0.91 [CONTINUE]
 289 games  +72 =126 -91   -23 Elo +/- 30   3fold=55 (19%)   3329s      mean=0.467 LLR=-0.92 [CONTINUE]
 290 games  +72 =126 -92   -24 Elo +/- 30   3fold=55 (19%)   3339s      mean=0.466 LLR=-0.96 [CONTINUE]
 291 games  +73 =126 -92   -23 Elo +/- 30   3fold=55 (19%)   3352s      mean=0.467 LLR=-0.91 [CONTINUE]
 292 games  +73 =127 -92   -23 Elo +/- 30   3fold=55 (19%)   3363s      mean=0.467 LLR=-0.92 [CONTINUE]
 293 games  +73 =127 -93   -24 Elo +/- 30   3fold=55 (19%)   3372s      mean=0.466 LLR=-0.96 [CONTINUE]
 294 games  +74 =127 -93   -22 Elo +/- 30   3fold=55 (19%)   3381s      mean=0.468 LLR=-0.91 [CONTINUE]
 295 games  +74 =127 -94   -24 Elo +/- 30   3fold=55 (19%)   3395s      mean=0.466 LLR=-0.95 [CONTINUE]
 296 games  +75 =127 -94   -22 Elo +/- 30   3fold=55 (19%)   3411s      mean=0.468 LLR=-0.91 [CONTINUE]
 297 games  +75 =127 -95   -23 Elo +/- 30   3fold=55 (19%)   3413s      mean=0.466 LLR=-0.95 [CONTINUE]
 298 games  +75 =128 -95   -23 Elo +/- 30   3fold=56 (19%)   3430s      mean=0.466 LLR=-0.95 [CONTINUE]
 299 games  +75 =128 -96   -24 Elo +/- 30   3fold=56 (19%)   3447s      mean=0.465 LLR=-0.99 [CONTINUE]
 300 games  +76 =128 -96   -23 Elo +/- 30   3fold=56 (19%)   3449s      mean=0.467 LLR=-0.95 [CONTINUE]
 301 games  +76 =129 -96   -23 Elo +/- 30   3fold=57 (19%)   3469s      mean=0.467 LLR=-0.95 [CONTINUE]
 302 games  +76 =130 -96   -23 Elo +/- 30   3fold=58 (19%)   3480s      mean=0.467 LLR=-0.96 [CONTINUE]
 303 games  +76 =131 -96   -23 Elo +/- 30   3fold=59 (19%)   3484s      mean=0.467 LLR=-0.96 [CONTINUE]
 304 games  +76 =132 -96   -23 Elo +/- 29   3fold=59 (19%)   3502s      mean=0.467 LLR=-0.96 [CONTINUE]
 305 games  +76 =133 -96   -23 Elo +/- 29   3fold=60 (20%)   3510s      mean=0.467 LLR=-0.97 [CONTINUE]
 306 games  +76 =134 -96   -23 Elo +/- 29   3fold=60 (20%)   3514s      mean=0.467 LLR=-0.97 [CONTINUE]
 307 games  +77 =134 -96   -22 Elo +/- 29   3fold=60 (20%)   3532s      mean=0.469 LLR=-0.93 [CONTINUE]
 308 games  +78 =134 -96   -20 Elo +/- 29   3fold=60 (19%)   3541s      mean=0.471 LLR=-0.88 [CONTINUE]
 309 games  +78 =134 -97   -21 Elo +/- 29   3fold=60 (19%)   3547s      mean=0.469 LLR=-0.92 [CONTINUE]
 310 games  +79 =134 -97   -20 Elo +/- 29   3fold=60 (19%)   3575s      mean=0.471 LLR=-0.88 [CONTINUE]
 311 games  +79 =134 -98   -21 Elo +/- 29   3fold=60 (19%)   3576s      mean=0.469 LLR=-0.92 [CONTINUE]
 312 games  +79 =135 -98   -21 Elo +/- 29   3fold=60 (19%)   3583s      mean=0.470 LLR=-0.92 [CONTINUE]
 313 games  +79 =136 -98   -21 Elo +/- 29   3fold=61 (19%)   3603s      mean=0.470 LLR=-0.93 [CONTINUE]
 314 games  +79 =137 -98   -21 Elo +/- 29   3fold=61 (19%)   3615s      mean=0.470 LLR=-0.93 [CONTINUE]
 315 games  +80 =137 -98   -20 Elo +/- 29   3fold=61 (19%)   3616s      mean=0.471 LLR=-0.89 [CONTINUE]
 316 games  +81 =137 -98   -19 Elo +/- 29   3fold=61 (19%)   3644s      mean=0.473 LLR=-0.84 [CONTINUE]
 317 games  +81 =138 -98   -19 Elo +/- 29   3fold=61 (19%)   3645s      mean=0.473 LLR=-0.85 [CONTINUE]
 318 games  +82 =138 -98   -17 Elo +/- 29   3fold=61 (19%)   3646s      mean=0.475 LLR=-0.80 [CONTINUE]
 319 games  +82 =138 -99   -19 Elo +/- 29   3fold=61 (19%)   3677s      mean=0.473 LLR=-0.84 [CONTINUE]
 320 games  +82 =138 -100   -20 Elo +/- 29   3fold=61 (19%)   3678s      mean=0.472 LLR=-0.88 [CONTINUE]
 321 games  +82 =138 -101   -21 Elo +/- 29   3fold=61 (19%)   3680s      mean=0.470 LLR=-0.92 [CONTINUE]
 322 games  +82 =139 -101   -21 Elo +/- 29   3fold=62 (19%)   3707s      mean=0.470 LLR=-0.93 [CONTINUE]
 323 games  +83 =139 -101   -19 Elo +/- 29   3fold=62 (19%)   3708s      mean=0.472 LLR=-0.88 [CONTINUE]
 324 games  +83 =140 -101   -19 Elo +/- 29   3fold=62 (19%)   3721s      mean=0.472 LLR=-0.89 [CONTINUE]
 325 games  +83 =141 -101   -19 Elo +/- 28   3fold=63 (19%)   3737s      mean=0.472 LLR=-0.89 [CONTINUE]
 326 games  +83 =141 -102   -20 Elo +/- 28   3fold=63 (19%)   3741s      mean=0.471 LLR=-0.93 [CONTINUE]
 327 games  +83 =141 -103   -21 Elo +/- 28   3fold=63 (19%)   3758s      mean=0.469 LLR=-0.97 [CONTINUE]
 328 games  +84 =141 -103   -20 Elo +/- 28   3fold=63 (19%)   3771s      mean=0.471 LLR=-0.93 [CONTINUE]
 329 games  +84 =141 -104   -21 Elo +/- 28   3fold=63 (19%)   3775s      mean=0.470 LLR=-0.96 [CONTINUE]
 330 games  +84 =141 -105   -22 Elo +/- 28   3fold=63 (19%)   3788s      mean=0.468 LLR=-1.00 [CONTINUE]
 331 games  +84 =141 -106   -23 Elo +/- 28   3fold=63 (19%)   3799s      mean=0.467 LLR=-1.04 [CONTINUE]
 332 games  +85 =141 -106   -22 Elo +/- 28   3fold=63 (19%)   3807s      mean=0.468 LLR=-1.00 [CONTINUE]
 333 games  +86 =141 -106   -21 Elo +/- 28   3fold=63 (19%)   3825s      mean=0.470 LLR=-0.96 [CONTINUE]
 334 games  +86 =142 -106   -21 Elo +/- 28   3fold=63 (19%)   3838s      mean=0.470 LLR=-0.96 [CONTINUE]
 335 games  +87 =142 -106   -20 Elo +/- 28   3fold=63 (19%)   3851s      mean=0.472 LLR=-0.92 [CONTINUE]
 336 games  +87 =143 -106   -20 Elo +/- 28   3fold=63 (19%)   3854s      mean=0.472 LLR=-0.92 [CONTINUE]
 337 games  +87 =144 -106   -20 Elo +/- 28   3fold=64 (19%)   3868s      mean=0.472 LLR=-0.92 [CONTINUE]
 338 games  +87 =145 -106   -20 Elo +/- 28   3fold=64 (19%)   3879s      mean=0.472 LLR=-0.93 [CONTINUE]
 339 games  +88 =145 -106   -18 Elo +/- 28   3fold=64 (19%)   3883s      mean=0.473 LLR=-0.89 [CONTINUE]
 340 games  +89 =145 -106   -17 Elo +/- 28   3fold=64 (19%)   3898s      mean=0.475 LLR=-0.84 [CONTINUE]
 341 games  +90 =145 -106   -16 Elo +/- 28   3fold=64 (19%)   3912s      mean=0.477 LLR=-0.80 [CONTINUE]
 342 games  +90 =145 -107   -17 Elo +/- 28   3fold=64 (19%)   3915s      mean=0.475 LLR=-0.84 [CONTINUE]
 343 games  +91 =145 -107   -16 Elo +/- 28   3fold=64 (19%)   3931s      mean=0.477 LLR=-0.80 [CONTINUE]
 344 games  +91 =146 -107   -16 Elo +/- 28   3fold=65 (19%)   3938s      mean=0.477 LLR=-0.80 [CONTINUE]
 345 games  +91 =146 -108   -17 Elo +/- 28   3fold=65 (19%)   3947s      mean=0.475 LLR=-0.84 [CONTINUE]
 346 games  +91 =147 -108   -17 Elo +/- 28   3fold=66 (19%)   3958s      mean=0.475 LLR=-0.84 [CONTINUE]
 347 games  +92 =147 -108   -16 Elo +/- 28   3fold=66 (19%)   3974s      mean=0.477 LLR=-0.80 [CONTINUE]
 348 games  +92 =147 -109   -17 Elo +/- 28   3fold=66 (19%)   3975s      mean=0.476 LLR=-0.84 [CONTINUE]
 349 games  +92 =148 -109   -17 Elo +/- 28   3fold=67 (19%)   3986s      mean=0.476 LLR=-0.84 [CONTINUE]
 350 games  +92 =149 -109   -17 Elo +/- 28   3fold=68 (19%)   4006s      mean=0.476 LLR=-0.85 [CONTINUE]
 351 games  +92 =150 -109   -17 Elo +/- 28   3fold=68 (19%)   4011s      mean=0.476 LLR=-0.85 [CONTINUE]
 352 games  +92 =151 -109   -17 Elo +/- 27   3fold=69 (20%)   4022s      mean=0.476 LLR=-0.85 [CONTINUE]
 353 games  +93 =151 -109   -16 Elo +/- 27   3fold=69 (20%)   4040s      mean=0.477 LLR=-0.81 [CONTINUE]
 354 games  +93 =152 -109   -16 Elo +/- 27   3fold=69 (19%)   4044s      mean=0.477 LLR=-0.81 [CONTINUE]
 355 games  +93 =152 -110   -17 Elo +/- 27   3fold=69 (19%)   4054s      mean=0.476 LLR=-0.85 [CONTINUE]
 356 games  +93 =153 -110   -17 Elo +/- 27   3fold=70 (20%)   4065s      mean=0.476 LLR=-0.86 [CONTINUE]
 357 games  +93 =154 -110   -17 Elo +/- 27   3fold=71 (20%)   4075s      mean=0.476 LLR=-0.86 [CONTINUE]
 358 games  +93 =155 -110   -17 Elo +/- 27   3fold=71 (20%)   4086s      mean=0.476 LLR=-0.86 [CONTINUE]
 359 games  +93 =155 -111   -17 Elo +/- 27   3fold=71 (20%)   4099s      mean=0.475 LLR=-0.90 [CONTINUE]
 360 games  +93 =155 -112   -18 Elo +/- 27   3fold=71 (20%)   4111s      mean=0.474 LLR=-0.94 [CONTINUE]
 361 games  +93 =156 -112   -18 Elo +/- 27   3fold=71 (20%)   4117s      mean=0.474 LLR=-0.94 [CONTINUE]
 362 games  +93 =156 -113   -19 Elo +/- 27   3fold=71 (20%)   4132s      mean=0.472 LLR=-0.98 [CONTINUE]
 363 games  +94 =156 -113   -18 Elo +/- 27   3fold=71 (20%)   4144s      mean=0.474 LLR=-0.94 [CONTINUE]
 364 games  +94 =156 -114   -19 Elo +/- 27   3fold=71 (20%)   4149s      mean=0.473 LLR=-0.98 [CONTINUE]
 365 games  +94 =157 -114   -19 Elo +/- 27   3fold=72 (20%)   4160s      mean=0.473 LLR=-0.98 [CONTINUE]
 366 games  +94 =157 -115   -20 Elo +/- 27   3fold=72 (20%)   4177s      mean=0.471 LLR=-1.02 [CONTINUE]
 367 games  +94 =157 -116   -21 Elo +/- 27   3fold=72 (20%)   4188s      mean=0.470 LLR=-1.06 [CONTINUE]
 368 games  +94 =158 -116   -21 Elo +/- 27   3fold=73 (20%)   4196s      mean=0.470 LLR=-1.07 [CONTINUE]
 369 games  +94 =159 -116   -21 Elo +/- 27   3fold=74 (20%)   4207s      mean=0.470 LLR=-1.07 [CONTINUE]
 370 games  +95 =159 -116   -20 Elo +/- 27   3fold=74 (20%)   4218s      mean=0.472 LLR=-1.03 [CONTINUE]
 371 games  +95 =159 -117   -21 Elo +/- 27   3fold=74 (20%)   4233s      mean=0.470 LLR=-1.06 [CONTINUE]
 372 games  +95 =160 -117   -21 Elo +/- 27   3fold=74 (20%)   4244s      mean=0.470 LLR=-1.07 [CONTINUE]
 373 games  +95 =160 -118   -21 Elo +/- 27   3fold=74 (20%)   4248s      mean=0.469 LLR=-1.11 [CONTINUE]
 374 games  +95 =161 -118   -21 Elo +/- 27   3fold=74 (20%)   4264s      mean=0.469 LLR=-1.11 [CONTINUE]
 375 games  +95 =162 -118   -21 Elo +/- 27   3fold=74 (20%)   4277s      mean=0.469 LLR=-1.11 [CONTINUE]
 376 games  +95 =163 -118   -21 Elo +/- 26   3fold=74 (20%)   4281s      mean=0.469 LLR=-1.12 [CONTINUE]
 377 games  +96 =163 -118   -20 Elo +/- 26   3fold=74 (20%)   4300s      mean=0.471 LLR=-1.07 [CONTINUE]
 378 games  +96 =164 -118   -20 Elo +/- 26   3fold=75 (20%)   4305s      mean=0.471 LLR=-1.08 [CONTINUE]
 379 games  +96 =164 -119   -21 Elo +/- 26   3fold=75 (20%)   4305s      mean=0.470 LLR=-1.12 [CONTINUE]
 380 games  +96 =165 -119   -21 Elo +/- 26   3fold=76 (20%)   4331s      mean=0.470 LLR=-1.12 [CONTINUE]
 381 games  +97 =165 -119   -20 Elo +/- 26   3fold=76 (20%)   4333s      mean=0.471 LLR=-1.08 [CONTINUE]
 382 games  +98 =165 -119   -19 Elo +/- 26   3fold=76 (20%)   4337s      mean=0.473 LLR=-1.03 [CONTINUE]
 383 games  +98 =165 -120   -20 Elo +/- 26   3fold=76 (20%)   4362s      mean=0.471 LLR=-1.07 [CONTINUE]
 384 games  +98 =165 -121   -21 Elo +/- 26   3fold=76 (20%)   4363s      mean=0.470 LLR=-1.11 [CONTINUE]
 385 games  +99 =165 -121   -20 Elo +/- 26   3fold=76 (20%)   4369s      mean=0.471 LLR=-1.07 [CONTINUE]
 386 games  +100 =165 -121   -19 Elo +/- 26   3fold=76 (20%)   4404s      mean=0.473 LLR=-1.03 [CONTINUE]
 387 games  +101 =165 -121   -18 Elo +/- 26   3fold=76 (20%)   4404s      mean=0.474 LLR=-0.99 [CONTINUE]
 388 games  +101 =166 -121   -18 Elo +/- 26   3fold=76 (20%)   4407s      mean=0.474 LLR=-0.99 [CONTINUE]
 389 games  +101 =166 -122   -19 Elo +/- 26   3fold=76 (20%)   4430s      mean=0.473 LLR=-1.03 [CONTINUE]
 390 games  +101 =166 -123   -20 Elo +/- 26   3fold=76 (19%)   4433s      mean=0.472 LLR=-1.07 [CONTINUE]
 391 games  +101 =167 -123   -20 Elo +/- 26   3fold=76 (19%)   4444s      mean=0.472 LLR=-1.07 [CONTINUE]
 392 games  +101 =168 -123   -20 Elo +/- 26   3fold=77 (20%)   4462s      mean=0.472 LLR=-1.07 [CONTINUE]
 393 games  +101 =168 -124   -20 Elo +/- 26   3fold=77 (20%)   4464s      mean=0.471 LLR=-1.11 [CONTINUE]
 394 games  +101 =169 -124   -20 Elo +/- 26   3fold=77 (20%)   4485s      mean=0.471 LLR=-1.12 [CONTINUE]
 395 games  +101 =169 -125   -21 Elo +/- 26   3fold=77 (19%)   4493s      mean=0.470 LLR=-1.16 [CONTINUE]
 396 games  +101 =170 -125   -21 Elo +/- 26   3fold=77 (19%)   4500s      mean=0.470 LLR=-1.16 [CONTINUE]
 397 games  +101 =170 -126   -22 Elo +/- 26   3fold=77 (19%)   4524s      mean=0.469 LLR=-1.20 [CONTINUE]
 398 games  +102 =170 -126   -21 Elo +/- 26   3fold=77 (19%)   4525s      mean=0.470 LLR=-1.16 [CONTINUE]
 399 games  +103 =170 -126   -20 Elo +/- 26   3fold=77 (19%)   4528s      mean=0.471 LLR=-1.11 [CONTINUE]
 400 games  +104 =170 -126   -19 Elo +/- 26   3fold=77 (19%)   4555s      mean=0.472 LLR=-1.07 [CONTINUE]
 401 games  +104 =171 -126   -19 Elo +/- 26   3fold=77 (19%)   4556s      mean=0.473 LLR=-1.07 [CONTINUE]
 402 games  +104 =171 -127   -20 Elo +/- 26   3fold=77 (19%)   4558s      mean=0.471 LLR=-1.11 [CONTINUE]
 403 games  +104 =171 -128   -21 Elo +/- 26   3fold=77 (19%)   4590s      mean=0.470 LLR=-1.15 [CONTINUE]
 404 games  +104 =172 -128   -21 Elo +/- 26   3fold=78 (19%)   4591s      mean=0.470 LLR=-1.16 [CONTINUE]
 405 games  +105 =172 -128   -20 Elo +/- 26   3fold=78 (19%)   4591s      mean=0.472 LLR=-1.11 [CONTINUE]
 406 games  +106 =172 -128   -19 Elo +/- 26   3fold=78 (19%)   4620s      mean=0.473 LLR=-1.07 [CONTINUE]
 407 games  +107 =172 -128   -18 Elo +/- 26   3fold=78 (19%)   4621s      mean=0.474 LLR=-1.03 [CONTINUE]
 408 games  +108 =172 -128   -17 Elo +/- 26   3fold=78 (19%)   4625s      mean=0.475 LLR=-0.99 [CONTINUE]
 409 games  +108 =172 -129   -18 Elo +/- 26   3fold=78 (19%)   4648s      mean=0.474 LLR=-1.03 [CONTINUE]
 410 games  +108 =173 -129   -18 Elo +/- 26   3fold=78 (19%)   4655s      mean=0.474 LLR=-1.03 [CONTINUE]
 411 games  +108 =173 -130   -19 Elo +/- 26   3fold=78 (19%)   4655s      mean=0.473 LLR=-1.07 [CONTINUE]
 412 games  +108 =174 -130   -19 Elo +/- 26   3fold=78 (19%)   4685s      mean=0.473 LLR=-1.07 [CONTINUE]
 413 games  +108 =174 -131   -19 Elo +/- 26   3fold=78 (19%)   4688s      mean=0.472 LLR=-1.11 [CONTINUE]
 414 games  +109 =174 -131   -18 Elo +/- 26   3fold=78 (19%)   4692s      mean=0.473 LLR=-1.07 [CONTINUE]
 415 games  +109 =174 -132   -19 Elo +/- 26   3fold=78 (19%)   4715s      mean=0.472 LLR=-1.11 [CONTINUE]
 416 games  +110 =174 -132   -18 Elo +/- 26   3fold=78 (19%)   4717s      mean=0.474 LLR=-1.07 [CONTINUE]
 417 games  +110 =175 -132   -18 Elo +/- 25   3fold=79 (19%)   4721s      mean=0.474 LLR=-1.07 [CONTINUE]
 418 games  +110 =175 -133   -19 Elo +/- 25   3fold=79 (19%)   4747s      mean=0.472 LLR=-1.11 [CONTINUE]
 419 games  +110 =175 -134   -20 Elo +/- 25   3fold=79 (19%)   4754s      mean=0.471 LLR=-1.15 [CONTINUE]
 420 games  +110 =176 -134   -20 Elo +/- 25   3fold=79 (19%)   4764s      mean=0.471 LLR=-1.15 [CONTINUE]
 421 games  +110 =176 -135   -21 Elo +/- 25   3fold=79 (19%)   4775s      mean=0.470 LLR=-1.19 [CONTINUE]
 422 games  +111 =176 -135   -20 Elo +/- 25   3fold=79 (19%)   4784s      mean=0.472 LLR=-1.15 [CONTINUE]
 423 games  +111 =176 -136   -21 Elo +/- 25   3fold=79 (19%)   4788s      mean=0.470 LLR=-1.18 [CONTINUE]
 424 games  +111 =176 -137   -21 Elo +/- 25   3fold=79 (19%)   4804s      mean=0.469 LLR=-1.22 [CONTINUE]
 425 games  +112 =176 -137   -20 Elo +/- 25   3fold=79 (19%)   4812s      mean=0.471 LLR=-1.18 [CONTINUE]
 426 games  +112 =177 -137   -20 Elo +/- 25   3fold=80 (19%)   4815s      mean=0.471 LLR=-1.18 [CONTINUE]
 427 games  +112 =177 -138   -21 Elo +/- 25   3fold=80 (19%)   4836s      mean=0.470 LLR=-1.22 [CONTINUE]
 428 games  +112 =178 -138   -21 Elo +/- 25   3fold=81 (19%)   4843s      mean=0.470 LLR=-1.23 [CONTINUE]
 429 games  +112 =179 -138   -21 Elo +/- 25   3fold=81 (19%)   4857s      mean=0.470 LLR=-1.23 [CONTINUE]
 430 games  +113 =179 -138   -20 Elo +/- 25   3fold=81 (19%)   4867s      mean=0.471 LLR=-1.19 [CONTINUE]
 431 games  +113 =180 -138   -20 Elo +/- 25   3fold=82 (19%)   4876s      mean=0.471 LLR=-1.19 [CONTINUE]
 432 games  +113 =181 -138   -20 Elo +/- 25   3fold=83 (19%)   4889s      mean=0.471 LLR=-1.19 [CONTINUE]
 433 games  +113 =181 -139   -21 Elo +/- 25   3fold=83 (19%)   4906s      mean=0.470 LLR=-1.23 [CONTINUE]
 434 games  +113 =182 -139   -21 Elo +/- 25   3fold=83 (19%)   4914s      mean=0.470 LLR=-1.24 [CONTINUE]
 435 games  +113 =183 -139   -21 Elo +/- 25   3fold=83 (19%)   4920s      mean=0.470 LLR=-1.24 [CONTINUE]
 436 games  +113 =184 -139   -21 Elo +/- 25   3fold=83 (19%)   4939s      mean=0.470 LLR=-1.24 [CONTINUE]
 437 games  +113 =185 -139   -21 Elo +/- 25   3fold=84 (19%)   4946s      mean=0.470 LLR=-1.25 [CONTINUE]
 438 games  +114 =185 -139   -20 Elo +/- 25   3fold=84 (19%)   4949s      mean=0.471 LLR=-1.20 [CONTINUE]
 439 games  +115 =185 -139   -19 Elo +/- 25   3fold=84 (19%)   4966s      mean=0.473 LLR=-1.16 [CONTINUE]
 440 games  +115 =186 -139   -19 Elo +/- 25   3fold=85 (19%)   4970s      mean=0.473 LLR=-1.17 [CONTINUE]
 441 games  +115 =187 -139   -19 Elo +/- 25   3fold=85 (19%)   4976s      mean=0.473 LLR=-1.17 [CONTINUE]
 442 games  +115 =188 -139   -19 Elo +/- 25   3fold=86 (19%)   5000s      mean=0.473 LLR=-1.17 [CONTINUE]
 443 games  +115 =189 -139   -19 Elo +/- 25   3fold=87 (20%)   5001s      mean=0.473 LLR=-1.17 [CONTINUE]
 444 games  +115 =190 -139   -19 Elo +/- 24   3fold=87 (20%)   5008s      mean=0.473 LLR=-1.18 [CONTINUE]
 445 games  +115 =191 -139   -19 Elo +/- 24   3fold=87 (20%)   5032s      mean=0.473 LLR=-1.18 [CONTINUE]
 446 games  +115 =192 -139   -19 Elo +/- 24   3fold=88 (20%)   5035s      mean=0.473 LLR=-1.18 [CONTINUE]
 447 games  +115 =192 -140   -19 Elo +/- 24   3fold=88 (20%)   5044s      mean=0.472 LLR=-1.22 [CONTINUE]
 448 games  +115 =193 -140   -19 Elo +/- 24   3fold=89 (20%)   5057s      mean=0.472 LLR=-1.23 [CONTINUE]
 449 games  +115 =193 -141   -20 Elo +/- 24   3fold=89 (20%)   5065s      mean=0.471 LLR=-1.27 [CONTINUE]
 450 games  +115 =193 -142   -21 Elo +/- 24   3fold=89 (20%)   5077s      mean=0.470 LLR=-1.31 [CONTINUE]
 451 games  +115 =194 -142   -21 Elo +/- 24   3fold=90 (20%)   5095s      mean=0.470 LLR=-1.31 [CONTINUE]
 452 games  +115 =195 -142   -21 Elo +/- 24   3fold=91 (20%)   5098s      mean=0.470 LLR=-1.31 [CONTINUE]
 453 games  +115 =196 -142   -21 Elo +/- 24   3fold=92 (20%)   5103s      mean=0.470 LLR=-1.32 [CONTINUE]
 454 games  +116 =196 -142   -20 Elo +/- 24   3fold=92 (20%)   5126s      mean=0.471 LLR=-1.27 [CONTINUE]
 455 games  +116 =197 -142   -20 Elo +/- 24   3fold=92 (20%)   5144s      mean=0.471 LLR=-1.28 [CONTINUE]
 456 games  +116 =198 -142   -20 Elo +/- 24   3fold=92 (20%)   5144s      mean=0.471 LLR=-1.28 [CONTINUE]
 457 games  +116 =199 -142   -20 Elo +/- 24   3fold=92 (20%)   5167s      mean=0.472 LLR=-1.28 [CONTINUE]
 458 games  +116 =200 -142   -20 Elo +/- 24   3fold=93 (20%)   5171s      mean=0.472 LLR=-1.29 [CONTINUE]
 459 games  +116 =201 -142   -20 Elo +/- 24   3fold=94 (20%)   5183s      mean=0.472 LLR=-1.29 [CONTINUE]
 460 games  +116 =201 -143   -20 Elo +/- 24   3fold=94 (20%)   5199s      mean=0.471 LLR=-1.33 [CONTINUE]
 461 games  +116 =202 -143   -20 Elo +/- 24   3fold=94 (20%)   5209s      mean=0.471 LLR=-1.33 [CONTINUE]
 462 games  +116 =203 -143   -20 Elo +/- 24   3fold=95 (21%)   5214s      mean=0.471 LLR=-1.34 [CONTINUE]
 463 games  +116 =203 -144   -21 Elo +/- 24   3fold=95 (21%)   5230s      mean=0.470 LLR=-1.38 [CONTINUE]
 464 games  +116 =203 -145   -22 Elo +/- 24   3fold=95 (20%)   5240s      mean=0.469 LLR=-1.42 [CONTINUE]
 465 games  +116 =204 -145   -22 Elo +/- 24   3fold=96 (21%)   5244s      mean=0.469 LLR=-1.42 [CONTINUE]
 466 games  +116 =205 -145   -22 Elo +/- 24   3fold=96 (21%)   5260s      mean=0.469 LLR=-1.42 [CONTINUE]
 467 games  +117 =205 -145   -21 Elo +/- 24   3fold=96 (21%)   5269s      mean=0.470 LLR=-1.38 [CONTINUE]
 468 games  +118 =205 -145   -20 Elo +/- 24   3fold=96 (21%)   5277s      mean=0.471 LLR=-1.33 [CONTINUE]
 469 games  +118 =205 -146   -21 Elo +/- 24   3fold=96 (20%)   5300s      mean=0.470 LLR=-1.37 [CONTINUE]
 470 games  +118 =206 -146   -21 Elo +/- 24   3fold=97 (21%)   5301s      mean=0.470 LLR=-1.38 [CONTINUE]
 471 games  +118 =206 -147   -21 Elo +/- 24   3fold=97 (21%)   5306s      mean=0.469 LLR=-1.42 [CONTINUE]
 472 games  +119 =206 -147   -21 Elo +/- 24   3fold=97 (21%)   5331s      mean=0.470 LLR=-1.37 [CONTINUE]
 473 games  +120 =206 -147   -20 Elo +/- 24   3fold=97 (21%)   5333s      mean=0.471 LLR=-1.33 [CONTINUE]
 474 games  +120 =207 -147   -20 Elo +/- 24   3fold=97 (20%)   5347s      mean=0.472 LLR=-1.33 [CONTINUE]
 475 games  +120 =208 -147   -20 Elo +/- 23   3fold=98 (21%)   5367s      mean=0.472 LLR=-1.34 [CONTINUE]
 476 games  +120 =209 -147   -20 Elo +/- 23   3fold=98 (21%)   5374s      mean=0.472 LLR=-1.34 [CONTINUE]
 477 games  +121 =209 -147   -19 Elo +/- 23   3fold=98 (21%)   5379s      mean=0.473 LLR=-1.30 [CONTINUE]
 478 games  +122 =209 -147   -18 Elo +/- 23   3fold=98 (21%)   5395s      mean=0.474 LLR=-1.25 [CONTINUE]
 479 games  +122 =210 -147   -18 Elo +/- 23   3fold=99 (21%)   5401s      mean=0.474 LLR=-1.26 [CONTINUE]
 480 games  +123 =210 -147   -17 Elo +/- 23   3fold=99 (21%)   5414s      mean=0.475 LLR=-1.21 [CONTINUE]
 481 games  +124 =210 -147   -17 Elo +/- 23   3fold=99 (21%)   5426s      mean=0.476 LLR=-1.17 [CONTINUE]
 482 games  +124 =211 -147   -17 Elo +/- 23   3fold=100 (21%)   5442s      mean=0.476 LLR=-1.17 [CONTINUE]
 483 games  +125 =211 -147   -16 Elo +/- 23   3fold=100 (21%)   5442s      mean=0.477 LLR=-1.13 [CONTINUE]
 484 games  +125 =211 -148   -17 Elo +/- 23   3fold=100 (21%)   5461s      mean=0.476 LLR=-1.17 [CONTINUE]
 485 games  +126 =211 -148   -16 Elo +/- 23   3fold=100 (21%)   5471s      mean=0.477 LLR=-1.13 [CONTINUE]
 486 games  +126 =211 -149   -16 Elo +/- 23   3fold=100 (21%)   5499s      mean=0.476 LLR=-1.17 [CONTINUE]
 487 games  +126 =212 -149   -16 Elo +/- 23   3fold=100 (21%)   5501s      mean=0.476 LLR=-1.17 [CONTINUE]
 488 games  +126 =213 -149   -16 Elo +/- 23   3fold=100 (20%)   5508s      mean=0.476 LLR=-1.17 [CONTINUE]
 489 games  +126 =213 -150   -17 Elo +/- 23   3fold=100 (20%)   5532s      mean=0.475 LLR=-1.21 [CONTINUE]
 490 games  +126 =213 -151   -18 Elo +/- 23   3fold=100 (20%)   5535s      mean=0.474 LLR=-1.25 [CONTINUE]
 491 games  +126 =214 -151   -18 Elo +/- 23   3fold=101 (21%)   5539s      mean=0.475 LLR=-1.26 [CONTINUE]
 492 games  +126 =215 -151   -18 Elo +/- 23   3fold=102 (21%)   5561s      mean=0.475 LLR=-1.26 [CONTINUE]
 493 games  +126 =216 -151   -18 Elo +/- 23   3fold=102 (21%)   5565s      mean=0.475 LLR=-1.26 [CONTINUE]
 494 games  +126 =217 -151   -18 Elo +/- 23   3fold=102 (21%)   5582s      mean=0.475 LLR=-1.27 [CONTINUE]
 495 games  +126 =217 -152   -18 Elo +/- 23   3fold=102 (21%)   5592s      mean=0.474 LLR=-1.31 [CONTINUE]
 496 games  +126 =218 -152   -18 Elo +/- 23   3fold=102 (21%)   5600s      mean=0.474 LLR=-1.31 [CONTINUE]
 497 games  +126 =218 -153   -19 Elo +/- 23   3fold=102 (21%)   5614s      mean=0.473 LLR=-1.35 [CONTINUE]
 498 games  +126 =218 -154   -20 Elo +/- 23   3fold=102 (20%)   5628s      mean=0.472 LLR=-1.39 [CONTINUE]
 499 games  +126 =218 -155   -20 Elo +/- 23   3fold=102 (20%)   5636s      mean=0.471 LLR=-1.43 [CONTINUE]
 500 games  +126 =218 -156   -21 Elo +/- 23   3fold=102 (20%)   5644s      mean=0.470 LLR=-1.47 [CONTINUE]
 501 games  +126 =218 -157   -22 Elo +/- 23   3fold=102 (20%)   5660s      mean=0.469 LLR=-1.51 [CONTINUE]
 502 games  +126 =219 -157   -21 Elo +/- 23   3fold=103 (21%)   5671s      mean=0.469 LLR=-1.51 [CONTINUE]
 503 games  +127 =219 -157   -21 Elo +/- 23   3fold=103 (20%)   5684s      mean=0.470 LLR=-1.47 [CONTINUE]
 504 games  +127 =220 -157   -21 Elo +/- 23   3fold=103 (20%)   5703s      mean=0.470 LLR=-1.47 [CONTINUE]
 505 games  +127 =221 -157   -21 Elo +/- 23   3fold=103 (20%)   5714s      mean=0.470 LLR=-1.48 [CONTINUE]
 506 games  +128 =221 -157   -20 Elo +/- 23   3fold=103 (20%)   5715s      mean=0.471 LLR=-1.43 [CONTINUE]
 507 games  +128 =221 -158   -21 Elo +/- 23   3fold=103 (20%)   5736s      mean=0.470 LLR=-1.47 [CONTINUE]
 508 games  +128 =222 -158   -21 Elo +/- 23   3fold=103 (20%)   5752s      mean=0.470 LLR=-1.48 [CONTINUE]
 509 games  +128 =223 -158   -21 Elo +/- 23   3fold=103 (20%)   5758s      mean=0.471 LLR=-1.48 [CONTINUE]
 510 games  +128 =224 -158   -20 Elo +/- 23   3fold=104 (20%)   5782s      mean=0.471 LLR=-1.48 [CONTINUE]
 511 games  +128 =225 -158   -20 Elo +/- 23   3fold=104 (20%)   5789s      mean=0.471 LLR=-1.49 [CONTINUE]
 512 games  +128 =226 -158   -20 Elo +/- 23   3fold=104 (20%)   5801s      mean=0.471 LLR=-1.49 [CONTINUE]
 513 games  +128 =227 -158   -20 Elo +/- 22   3fold=105 (20%)   5811s      mean=0.471 LLR=-1.49 [CONTINUE]
 514 games  +128 =227 -159   -21 Elo +/- 22   3fold=105 (20%)   5822s      mean=0.470 LLR=-1.53 [CONTINUE]
 515 games  +128 =227 -160   -22 Elo +/- 22   3fold=105 (20%)   5833s      mean=0.469 LLR=-1.57 [CONTINUE]
 516 games  +128 =228 -160   -22 Elo +/- 22   3fold=106 (21%)   5842s      mean=0.469 LLR=-1.58 [CONTINUE]
 517 games  +128 =229 -160   -22 Elo +/- 22   3fold=107 (21%)   5851s      mean=0.469 LLR=-1.58 [CONTINUE]
 518 games  +129 =229 -160   -21 Elo +/- 22   3fold=107 (21%)   5875s      mean=0.470 LLR=-1.54 [CONTINUE]
 519 games  +129 =230 -160   -21 Elo +/- 22   3fold=108 (21%)   5877s      mean=0.470 LLR=-1.54 [CONTINUE]
 520 games  +129 =231 -160   -21 Elo +/- 22   3fold=108 (21%)   5877s      mean=0.470 LLR=-1.54 [CONTINUE]
 521 games  +129 =231 -161   -21 Elo +/- 22   3fold=108 (21%)   5907s      mean=0.469 LLR=-1.58 [CONTINUE]
 522 games  +129 =231 -162   -22 Elo +/- 22   3fold=108 (21%)   5909s      mean=0.468 LLR=-1.62 [CONTINUE]
 523 games  +130 =231 -162   -21 Elo +/- 22   3fold=108 (21%)   5914s      mean=0.469 LLR=-1.58 [CONTINUE]
 524 games  +130 =231 -163   -22 Elo +/- 22   3fold=108 (21%)   5936s      mean=0.469 LLR=-1.62 [CONTINUE]
 525 games  +131 =231 -163   -21 Elo +/- 22   3fold=108 (21%)   5940s      mean=0.470 LLR=-1.57 [CONTINUE]
 526 games  +131 =232 -163   -21 Elo +/- 22   3fold=108 (21%)   5958s      mean=0.470 LLR=-1.58 [CONTINUE]
 527 games  +131 =233 -163   -21 Elo +/- 22   3fold=109 (21%)   5967s      mean=0.470 LLR=-1.58 [CONTINUE]
 528 games  +132 =233 -163   -20 Elo +/- 22   3fold=109 (21%)   5985s      mean=0.471 LLR=-1.54 [CONTINUE]
 529 games  +132 =234 -163   -20 Elo +/- 22   3fold=109 (21%)   5992s      mean=0.471 LLR=-1.54 [CONTINUE]
 530 games  +132 =235 -163   -20 Elo +/- 22   3fold=109 (21%)   6007s      mean=0.471 LLR=-1.54 [CONTINUE]
 531 games  +133 =235 -163   -20 Elo +/- 22   3fold=109 (21%)   6017s      mean=0.472 LLR=-1.50 [CONTINUE]
 532 games  +133 =235 -164   -20 Elo +/- 22   3fold=109 (20%)   6025s      mean=0.471 LLR=-1.54 [CONTINUE]
 533 games  +133 =235 -165   -21 Elo +/- 22   3fold=109 (20%)   6034s      mean=0.470 LLR=-1.58 [CONTINUE]
