gauntlet: agent@engine vs agent@engine_moves28 | 12 pairs (24 games) | 10000ms+100ms | 4 workers
   1 games  +0 =1 -0   -0 Elo +/- 0   141s   
   2 games  +0 =2 -0   -0 Elo +/- 0   143s   
   3 games  +0 =3 -0   -0 Elo +/- 0   146s   
   4 games  +1 =3 -0   +89 Elo +/- 173   157s   
   5 games  +1 =4 -0   +70 Elo +/- 134   172s   
   6 games  +1 =4 -1   -0 Elo +/- 174   173s   
   7 games  +1 =5 -1   -0 Elo +/- 146   173s   
   8 games  +1 =5 -2   -44 Elo +/- 157   190s   
   9 games  +1 =6 -2   -39 Elo +/- 137   198s   
  10 games  +1 =7 -2   -35 Elo +/- 122   199s   
  11 games  +1 =8 -2   -32 Elo +/- 110   204s   
  12 games  +1 =8 -3   -58 Elo +/- 116   218s   
  13 games  +1 =9 -3   -54 Elo +/- 107   223s   
  14 games  +1 =10 -3   -50 Elo +/- 98   224s   
  15 games  +1 =11 -3   -47 Elo +/- 91   230s   
  16 games  +1 =12 -3   -44 Elo +/- 85   249s   
  17 games  +2 =12 -3   -20 Elo +/- 91   251s   
  18 games  +2 =13 -3   -19 Elo +/- 86   252s   
  19 games  +3 =13 -3   -0 Elo +/- 90   263s   
  20 games  +3 =14 -3   -0 Elo +/- 85   276s   
  21 games  +3 =15 -3   -0 Elo +/- 81   277s   
  22 games  +4 =15 -3   +16 Elo +/- 83   279s   
  23 games  +5 =15 -3   +30 Elo +/- 85   290s   
  24 games  +5 =16 -3   +29 Elo +/- 81   302s   

=== FINAL ===
+5 =16 -3  out of 24   score 54.2%   +29 Elo +/- 81
no crashes, illegal moves, or flags
