gauntlet: agent@engine vs agent@checkpoints/repfix2 | SPRT elo0=0.0 elo1=8.0 alpha=0.025 beta=0.025 max_games=1500 | 10000ms+100ms | 3 workers
   1 games  +0 =1 -0   -0 Elo +/- 0   3fold=1 (100%)   141s      mean=0.500 LLR=+0.00 [CONTINUE]
   2 games  +0 =2 -0   -0 Elo +/- 0   3fold=2 (100%)   141s      mean=0.500 LLR=+0.00 [CONTINUE]
   3 games  +0 =3 -0   -0 Elo +/- 0   3fold=3 (100%)   143s      mean=0.500 LLR=+0.00 [CONTINUE]
   4 games  +0 =4 -0   -0 Elo +/- 0   3fold=4 (100%)   167s      mean=0.500 LLR=+0.00 [CONTINUE]
   5 games  +1 =4 -0   +70 Elo +/- 134   3fold=4 (80%)   174s      mean=0.600 LLR=+0.14 [CONTINUE]
   6 games  +2 =4 -0   +120 Elo +/- 162   3fold=4 (67%)   174s      mean=0.667 LLR=+0.20 [CONTINUE]
   7 games  +3 =4 -0   +159 Elo +/- 178   3fold=4 (57%)   196s      mean=0.714 LLR=+0.27 [CONTINUE]
   8 games  +3 =5 -0   +137 Elo +/- 147   3fold=5 (62%)   201s      mean=0.688 LLR=+0.29 [CONTINUE]
   9 games  +3 =6 -0   +120 Elo +/- 128   3fold=6 (67%)   202s      mean=0.667 LLR=+0.30 [CONTINUE]
  10 games  +4 =6 -0   +147 Elo +/- 135   3fold=6 (60%)   228s      mean=0.700 LLR=+0.37 [CONTINUE]
  11 games  +4 =6 -1   +97 Elo +/- 147   3fold=6 (55%)   233s      mean=0.636 LLR=+0.17 [CONTINUE]
  12 games  +4 =7 -1   +89 Elo +/- 132   3fold=6 (50%)   236s      mean=0.625 LLR=+0.19 [CONTINUE]
  13 games  +5 =7 -1   +110 Elo +/- 135   3fold=6 (46%)   255s      mean=0.654 LLR=+0.24 [CONTINUE]
  14 games  +5 =8 -1   +102 Elo +/- 123   3fold=7 (50%)   263s      mean=0.643 LLR=+0.25 [CONTINUE]
  15 games  +6 =8 -1   +120 Elo +/- 125   3fold=7 (47%)   267s      mean=0.667 LLR=+0.31 [CONTINUE]
  16 games  +6 =8 -2   +89 Elo +/- 126   3fold=7 (44%)   285s      mean=0.625 LLR=+0.20 [CONTINUE]
  17 games  +7 =8 -2   +105 Elo +/- 127   3fold=7 (41%)   295s      mean=0.647 LLR=+0.25 [CONTINUE]
  18 games  +7 =8 -3   +79 Elo +/- 126   3fold=7 (39%)   298s      mean=0.611 LLR=+0.17 [CONTINUE]
  19 games  +8 =8 -3   +94 Elo +/- 126   3fold=7 (37%)   317s      mean=0.632 LLR=+0.22 [CONTINUE]
  20 games  +8 =8 -4   +70 Elo +/- 124   3fold=7 (35%)   326s      mean=0.600 LLR=+0.15 [CONTINUE]
  21 games  +8 =9 -4   +67 Elo +/- 118   3fold=8 (38%)   332s      mean=0.595 LLR=+0.16 [CONTINUE]
  22 games  +8 =10 -4   +64 Elo +/- 112   3fold=9 (41%)   353s      mean=0.591 LLR=+0.17 [CONTINUE]
  23 games  +8 =10 -5   +46 Elo +/- 111   3fold=9 (39%)   357s      mean=0.565 LLR=+0.11 [CONTINUE]
  24 games  +8 =10 -6   +29 Elo +/- 110   3fold=9 (38%)   361s      mean=0.542 LLR=+0.07 [CONTINUE]
  25 games  +8 =10 -7   +14 Elo +/- 109   3fold=9 (36%)   387s      mean=0.520 LLR=+0.03 [CONTINUE]
  26 games  +8 =11 -7   +13 Elo +/- 105   3fold=10 (38%)   392s      mean=0.519 LLR=+0.03 [CONTINUE]
  27 games  +9 =11 -7   +26 Elo +/- 104   3fold=10 (37%)   393s      mean=0.537 LLR=+0.07 [CONTINUE]
  28 games  +10 =11 -7   +37 Elo +/- 104   3fold=10 (36%)   418s      mean=0.554 LLR=+0.10 [CONTINUE]
  29 games  +11 =11 -7   +48 Elo +/- 103   3fold=10 (34%)   430s      mean=0.569 LLR=+0.14 [CONTINUE]
  30 games  +11 =12 -7   +47 Elo +/- 99   3fold=11 (37%)   433s      mean=0.567 LLR=+0.14 [CONTINUE]
  31 games  +11 =12 -8   +34 Elo +/- 99   3fold=11 (35%)   452s      mean=0.548 LLR=+0.10 [CONTINUE]
  32 games  +12 =12 -8   +44 Elo +/- 98   3fold=11 (34%)   465s      mean=0.562 LLR=+0.14 [CONTINUE]
  33 games  +12 =13 -8   +42 Elo +/- 95   3fold=11 (33%)   480s      mean=0.561 LLR=+0.14 [CONTINUE]
  34 games  +12 =13 -9   +31 Elo +/- 94   3fold=11 (32%)   483s      mean=0.544 LLR=+0.10 [CONTINUE]
  35 games  +12 =14 -9   +30 Elo +/- 91   3fold=11 (31%)   502s      mean=0.543 LLR=+0.10 [CONTINUE]
  36 games  +12 =15 -9   +29 Elo +/- 89   3fold=12 (33%)   518s      mean=0.542 LLR=+0.10 [CONTINUE]
  37 games  +13 =15 -9   +38 Elo +/- 88   3fold=12 (32%)   521s      mean=0.554 LLR=+0.14 [CONTINUE]
  38 games  +13 =16 -9   +37 Elo +/- 86   3fold=13 (34%)   539s      mean=0.553 LLR=+0.14 [CONTINUE]
  39 games  +14 =16 -9   +45 Elo +/- 86   3fold=13 (33%)   551s      mean=0.564 LLR=+0.18 [CONTINUE]
  40 games  +14 =17 -9   +44 Elo +/- 83   3fold=14 (35%)   553s      mean=0.562 LLR=+0.19 [CONTINUE]
  41 games  +14 =18 -9   +43 Elo +/- 81   3fold=15 (37%)   571s      mean=0.561 LLR=+0.19 [CONTINUE]
  42 games  +14 =19 -9   +42 Elo +/- 79   3fold=16 (38%)   578s      mean=0.560 LLR=+0.19 [CONTINUE]
  43 games  +14 =19 -10   +32 Elo +/- 79   3fold=16 (37%)   585s      mean=0.547 LLR=+0.15 [CONTINUE]
  44 games  +14 =20 -10   +32 Elo +/- 77   3fold=17 (39%)   603s      mean=0.545 LLR=+0.15 [CONTINUE]
  45 games  +15 =20 -10   +39 Elo +/- 77   3fold=17 (38%)   610s      mean=0.556 LLR=+0.19 [CONTINUE]
  46 games  +15 =20 -11   +30 Elo +/- 77   3fold=17 (37%)   617s      mean=0.543 LLR=+0.14 [CONTINUE]
  47 games  +15 =21 -11   +30 Elo +/- 75   3fold=18 (38%)   631s      mean=0.543 LLR=+0.15 [CONTINUE]
  48 games  +15 =22 -11   +29 Elo +/- 73   3fold=19 (40%)   642s      mean=0.542 LLR=+0.15 [CONTINUE]
  49 games  +15 =23 -11   +28 Elo +/- 72   3fold=20 (41%)   659s      mean=0.541 LLR=+0.15 [CONTINUE]
  50 games  +15 =24 -11   +28 Elo +/- 70   3fold=20 (40%)   663s      mean=0.540 LLR=+0.15 [CONTINUE]
  51 games  +15 =24 -12   +20 Elo +/- 70   3fold=20 (39%)   672s      mean=0.529 LLR=+0.11 [CONTINUE]
  52 games  +15 =25 -12   +20 Elo +/- 69   3fold=21 (40%)   694s      mean=0.529 LLR=+0.11 [CONTINUE]
  53 games  +15 =25 -13   +13 Elo +/- 69   3fold=21 (40%)   696s      mean=0.519 LLR=+0.06 [CONTINUE]
  54 games  +15 =25 -14   +6 Elo +/- 69   3fold=21 (39%)   701s      mean=0.509 LLR=+0.02 [CONTINUE]
  55 games  +16 =25 -14   +13 Elo +/- 69   3fold=21 (38%)   725s      mean=0.518 LLR=+0.06 [CONTINUE]
  56 games  +16 =26 -14   +12 Elo +/- 67   3fold=22 (39%)   728s      mean=0.518 LLR=+0.06 [CONTINUE]
  57 games  +17 =26 -14   +18 Elo +/- 67   3fold=22 (39%)   731s      mean=0.526 LLR=+0.10 [CONTINUE]
  58 games  +17 =27 -14   +18 Elo +/- 66   3fold=23 (40%)   757s      mean=0.526 LLR=+0.10 [CONTINUE]
  59 games  +17 =28 -14   +18 Elo +/- 65   3fold=24 (41%)   757s      mean=0.525 LLR=+0.10 [CONTINUE]
  60 games  +18 =28 -14   +23 Elo +/- 65   3fold=24 (40%)   759s      mean=0.533 LLR=+0.14 [CONTINUE]
  61 games  +18 =29 -14   +23 Elo +/- 64   3fold=25 (41%)   784s      mean=0.533 LLR=+0.15 [CONTINUE]
  62 games  +19 =29 -14   +28 Elo +/- 64   3fold=25 (40%)   791s      mean=0.540 LLR=+0.19 [CONTINUE]
  63 games  +20 =29 -14   +33 Elo +/- 64   3fold=25 (40%)   791s      mean=0.548 LLR=+0.23 [CONTINUE]
  64 games  +20 =29 -15   +27 Elo +/- 64   3fold=25 (39%)   813s      mean=0.539 LLR=+0.18 [CONTINUE]
  65 games  +20 =30 -15   +27 Elo +/- 63   3fold=26 (40%)   827s      mean=0.538 LLR=+0.18 [CONTINUE]
  66 games  +20 =31 -15   +26 Elo +/- 62   3fold=27 (41%)   828s      mean=0.538 LLR=+0.19 [CONTINUE]
  67 games  +21 =31 -15   +31 Elo +/- 62   3fold=27 (40%)   842s      mean=0.545 LLR=+0.23 [CONTINUE]
  68 games  +22 =31 -15   +36 Elo +/- 62   3fold=27 (40%)   861s      mean=0.551 LLR=+0.27 [CONTINUE]
  69 games  +23 =31 -15   +40 Elo +/- 62   3fold=27 (39%)   861s      mean=0.558 LLR=+0.31 [CONTINUE]
  70 games  +23 =31 -16   +35 Elo +/- 61   3fold=27 (39%)   874s      mean=0.550 LLR=+0.26 [CONTINUE]
  71 games  +23 =31 -17   +29 Elo +/- 61   3fold=27 (38%)   887s      mean=0.542 LLR=+0.21 [CONTINUE]
  72 games  +23 =31 -18   +24 Elo +/- 61   3fold=27 (38%)   892s      mean=0.535 LLR=+0.17 [CONTINUE]
  73 games  +24 =31 -18   +29 Elo +/- 61   3fold=27 (37%)   903s      mean=0.541 LLR=+0.21 [CONTINUE]
  74 games  +24 =31 -19   +24 Elo +/- 61   3fold=27 (36%)   921s      mean=0.534 LLR=+0.17 [CONTINUE]
  75 games  +24 =32 -19   +23 Elo +/- 60   3fold=28 (37%)   923s      mean=0.533 LLR=+0.17 [CONTINUE]
  76 games  +25 =32 -19   +27 Elo +/- 60   3fold=28 (37%)   936s      mean=0.539 LLR=+0.21 [CONTINUE]
  77 games  +25 =33 -19   +27 Elo +/- 59   3fold=28 (36%)   956s      mean=0.539 LLR=+0.21 [CONTINUE]
  78 games  +25 =34 -19   +27 Elo +/- 59   3fold=28 (36%)   957s      mean=0.538 LLR=+0.21 [CONTINUE]
  79 games  +25 =34 -20   +22 Elo +/- 58   3fold=28 (35%)   967s      mean=0.532 LLR=+0.17 [CONTINUE]
  80 games  +26 =34 -20   +26 Elo +/- 58   3fold=28 (35%)   990s      mean=0.537 LLR=+0.21 [CONTINUE]
  81 games  +26 =35 -20   +26 Elo +/- 58   3fold=28 (35%)   996s      mean=0.537 LLR=+0.21 [CONTINUE]
  82 games  +26 =35 -21   +21 Elo +/- 57   3fold=28 (34%)   999s      mean=0.530 LLR=+0.16 [CONTINUE]
  83 games  +26 =36 -21   +21 Elo +/- 57   3fold=29 (35%)   1016s      mean=0.530 LLR=+0.17 [CONTINUE]
  84 games  +27 =36 -21   +25 Elo +/- 57   3fold=29 (35%)   1028s      mean=0.536 LLR=+0.20 [CONTINUE]
  85 games  +27 =37 -21   +25 Elo +/- 56   3fold=30 (35%)   1029s      mean=0.535 LLR=+0.21 [CONTINUE]
  86 games  +27 =38 -21   +24 Elo +/- 55   3fold=31 (36%)   1045s      mean=0.535 LLR=+0.21 [CONTINUE]
  87 games  +27 =38 -22   +20 Elo +/- 55   3fold=31 (36%)   1056s      mean=0.529 LLR=+0.16 [CONTINUE]
  88 games  +27 =39 -22   +20 Elo +/- 55   3fold=32 (36%)   1068s      mean=0.528 LLR=+0.17 [CONTINUE]
  89 games  +27 =40 -22   +20 Elo +/- 54   3fold=32 (36%)   1082s      mean=0.528 LLR=+0.17 [CONTINUE]
  90 games  +27 =40 -23   +15 Elo +/- 54   3fold=32 (36%)   1089s      mean=0.522 LLR=+0.12 [CONTINUE]
  91 games  +27 =41 -23   +15 Elo +/- 53   3fold=33 (36%)   1111s      mean=0.522 LLR=+0.12 [CONTINUE]
  92 games  +27 =42 -23   +15 Elo +/- 53   3fold=34 (37%)   1111s      mean=0.522 LLR=+0.13 [CONTINUE]
  93 games  +27 =42 -24   +11 Elo +/- 53   3fold=34 (37%)   1124s      mean=0.516 LLR=+0.08 [CONTINUE]
  94 games  +28 =42 -24   +15 Elo +/- 53   3fold=34 (36%)   1143s      mean=0.521 LLR=+0.12 [CONTINUE]
  95 games  +28 =43 -24   +15 Elo +/- 52   3fold=35 (37%)   1148s      mean=0.521 LLR=+0.12 [CONTINUE]
  96 games  +29 =43 -24   +18 Elo +/- 52   3fold=35 (36%)   1155s      mean=0.526 LLR=+0.16 [CONTINUE]
  97 games  +29 =44 -24   +18 Elo +/- 51   3fold=36 (37%)   1175s      mean=0.526 LLR=+0.16 [CONTINUE]
  98 games  +29 =45 -24   +18 Elo +/- 51   3fold=37 (38%)   1179s      mean=0.526 LLR=+0.17 [CONTINUE]
  99 games  +30 =45 -24   +21 Elo +/- 51   3fold=37 (37%)   1188s      mean=0.530 LLR=+0.21 [CONTINUE]
 100 games  +30 =45 -25   +17 Elo +/- 51   3fold=37 (37%)   1201s      mean=0.525 LLR=+0.16 [CONTINUE]
 101 games  +30 =45 -26   +14 Elo +/- 51   3fold=37 (37%)   1210s      mean=0.520 LLR=+0.12 [CONTINUE]
 102 games  +31 =45 -26   +17 Elo +/- 51   3fold=37 (36%)   1217s      mean=0.525 LLR=+0.16 [CONTINUE]
 103 games  +31 =46 -26   +17 Elo +/- 50   3fold=37 (36%)   1232s      mean=0.524 LLR=+0.16 [CONTINUE]
 104 games  +31 =46 -27   +13 Elo +/- 50   3fold=37 (36%)   1239s      mean=0.519 LLR=+0.12 [CONTINUE]
 105 games  +32 =46 -27   +17 Elo +/- 50   3fold=37 (35%)   1245s      mean=0.524 LLR=+0.16 [CONTINUE]
 106 games  +32 =47 -27   +16 Elo +/- 50   3fold=37 (35%)   1271s      mean=0.524 LLR=+0.16 [CONTINUE]
 107 games  +32 =47 -28   +13 Elo +/- 50   3fold=37 (35%)   1272s      mean=0.519 LLR=+0.11 [CONTINUE]
 108 games  +32 =48 -28   +13 Elo +/- 49   3fold=38 (35%)   1283s      mean=0.519 LLR=+0.11 [CONTINUE]
 109 games  +33 =48 -28   +16 Elo +/- 49   3fold=38 (35%)   1306s      mean=0.523 LLR=+0.15 [CONTINUE]
 110 games  +34 =48 -28   +19 Elo +/- 49   3fold=38 (35%)   1312s      mean=0.527 LLR=+0.19 [CONTINUE]
 111 games  +34 =49 -28   +19 Elo +/- 49   3fold=38 (34%)   1315s      mean=0.527 LLR=+0.20 [CONTINUE]
 112 games  +34 =49 -29   +16 Elo +/- 49   3fold=38 (34%)   1338s      mean=0.522 LLR=+0.15 [CONTINUE]
 113 games  +35 =49 -29   +18 Elo +/- 49   3fold=38 (34%)   1341s      mean=0.527 LLR=+0.19 [CONTINUE]
 114 games  +35 =49 -30   +15 Elo +/- 48   3fold=38 (33%)   1343s      mean=0.522 LLR=+0.15 [CONTINUE]
 115 games  +35 =50 -30   +15 Elo +/- 48   3fold=39 (34%)   1364s      mean=0.522 LLR=+0.15 [CONTINUE]
 116 games  +36 =50 -30   +18 Elo +/- 48   3fold=39 (34%)   1372s      mean=0.526 LLR=+0.19 [CONTINUE]
 117 games  +37 =50 -30   +21 Elo +/- 48   3fold=39 (33%)   1372s      mean=0.530 LLR=+0.23 [CONTINUE]
 118 games  +37 =50 -31   +18 Elo +/- 48   3fold=39 (33%)   1394s      mean=0.525 LLR=+0.19 [CONTINUE]
 119 games  +37 =51 -31   +18 Elo +/- 47   3fold=40 (34%)   1405s      mean=0.525 LLR=+0.19 [CONTINUE]
 120 games  +37 =52 -31   +17 Elo +/- 47   3fold=41 (34%)   1407s      mean=0.525 LLR=+0.19 [CONTINUE]
 121 games  +37 =53 -31   +17 Elo +/- 47   3fold=41 (34%)   1432s      mean=0.525 LLR=+0.19 [CONTINUE]
 122 games  +37 =54 -31   +17 Elo +/- 46   3fold=42 (34%)   1433s      mean=0.525 LLR=+0.19 [CONTINUE]
 123 games  +37 =55 -31   +17 Elo +/- 46   3fold=43 (35%)   1435s      mean=0.524 LLR=+0.19 [CONTINUE]
 124 games  +37 =56 -31   +17 Elo +/- 46   3fold=44 (35%)   1461s      mean=0.524 LLR=+0.19 [CONTINUE]
 125 games  +37 =56 -32   +14 Elo +/- 46   3fold=44 (35%)   1464s      mean=0.520 LLR=+0.15 [CONTINUE]
 126 games  +37 =57 -32   +14 Elo +/- 45   3fold=45 (36%)   1465s      mean=0.520 LLR=+0.15 [CONTINUE]
 127 games  +38 =57 -32   +16 Elo +/- 45   3fold=45 (35%)   1492s      mean=0.524 LLR=+0.19 [CONTINUE]
 128 games  +39 =57 -32   +19 Elo +/- 45   3fold=45 (35%)   1493s      mean=0.527 LLR=+0.23 [CONTINUE]
 129 games  +40 =57 -32   +22 Elo +/- 45   3fold=45 (35%)   1496s      mean=0.531 LLR=+0.27 [CONTINUE]
 130 games  +41 =57 -32   +24 Elo +/- 45   3fold=45 (35%)   1522s      mean=0.535 LLR=+0.31 [CONTINUE]
 131 games  +41 =58 -32   +24 Elo +/- 45   3fold=46 (35%)   1524s      mean=0.534 LLR=+0.31 [CONTINUE]
 132 games  +42 =58 -32   +26 Elo +/- 45   3fold=46 (35%)   1525s      mean=0.538 LLR=+0.35 [CONTINUE]
 133 games  +42 =59 -32   +26 Elo +/- 44   3fold=47 (35%)   1554s      mean=0.538 LLR=+0.35 [CONTINUE]
 134 games  +43 =59 -32   +29 Elo +/- 44   3fold=47 (35%)   1554s      mean=0.541 LLR=+0.39 [CONTINUE]
 135 games  +44 =59 -32   +31 Elo +/- 44   3fold=47 (35%)   1557s      mean=0.544 LLR=+0.43 [CONTINUE]
 136 games  +44 =60 -32   +31 Elo +/- 44   3fold=48 (35%)   1585s      mean=0.544 LLR=+0.44 [CONTINUE]
 137 games  +45 =60 -32   +33 Elo +/- 44   3fold=48 (35%)   1586s      mean=0.547 LLR=+0.48 [CONTINUE]
 138 games  +45 =61 -32   +33 Elo +/- 44   3fold=49 (36%)   1596s      mean=0.547 LLR=+0.48 [CONTINUE]
 139 games  +45 =62 -32   +33 Elo +/- 43   3fold=50 (36%)   1613s      mean=0.547 LLR=+0.48 [CONTINUE]
 140 games  +45 =62 -33   +30 Elo +/- 43   3fold=50 (36%)   1614s      mean=0.543 LLR=+0.43 [CONTINUE]
 141 games  +45 =63 -33   +30 Elo +/- 43   3fold=51 (36%)   1628s      mean=0.543 LLR=+0.44 [CONTINUE]
 142 games  +46 =63 -33   +32 Elo +/- 43   3fold=51 (36%)   1642s      mean=0.546 LLR=+0.48 [CONTINUE]
 143 games  +47 =63 -33   +34 Elo +/- 43   3fold=51 (36%)   1646s      mean=0.549 LLR=+0.52 [CONTINUE]
 144 games  +47 =64 -33   +34 Elo +/- 43   3fold=51 (35%)   1660s      mean=0.549 LLR=+0.52 [CONTINUE]
 145 games  +47 =65 -33   +34 Elo +/- 42   3fold=52 (36%)   1676s      mean=0.548 LLR=+0.52 [CONTINUE]
 146 games  +47 =65 -34   +31 Elo +/- 42   3fold=52 (36%)   1677s      mean=0.545 LLR=+0.48 [CONTINUE]
 147 games  +47 =66 -34   +31 Elo +/- 42   3fold=53 (36%)   1689s      mean=0.544 LLR=+0.48 [CONTINUE]
 148 games  +47 =67 -34   +31 Elo +/- 42   3fold=54 (36%)   1704s      mean=0.544 LLR=+0.48 [CONTINUE]
 149 games  +48 =67 -34   +33 Elo +/- 42   3fold=54 (36%)   1720s      mean=0.547 LLR=+0.52 [CONTINUE]
 150 games  +49 =67 -34   +35 Elo +/- 42   3fold=54 (36%)   1723s      mean=0.550 LLR=+0.56 [CONTINUE]
 151 games  +49 =68 -34   +35 Elo +/- 41   3fold=55 (36%)   1731s      mean=0.550 LLR=+0.57 [CONTINUE]
 152 games  +49 =68 -35   +32 Elo +/- 41   3fold=55 (36%)   1749s      mean=0.546 LLR=+0.52 [CONTINUE]
 153 games  +49 =68 -36   +30 Elo +/- 41   3fold=55 (36%)   1750s      mean=0.542 LLR=+0.47 [CONTINUE]
 154 games  +49 =69 -36   +29 Elo +/- 41   3fold=56 (36%)   1770s      mean=0.542 LLR=+0.47 [CONTINUE]
 155 games  +49 =70 -36   +29 Elo +/- 41   3fold=57 (37%)   1778s      mean=0.542 LLR=+0.48 [CONTINUE]
 156 games  +49 =70 -37   +27 Elo +/- 41   3fold=57 (37%)   1785s      mean=0.538 LLR=+0.43 [CONTINUE]
 157 games  +50 =70 -37   +29 Elo +/- 41   3fold=57 (36%)   1800s      mean=0.541 LLR=+0.47 [CONTINUE]
 158 games  +51 =70 -37   +31 Elo +/- 41   3fold=57 (36%)   1811s      mean=0.544 LLR=+0.51 [CONTINUE]
 159 games  +52 =70 -37   +33 Elo +/- 41   3fold=57 (36%)   1814s      mean=0.547 LLR=+0.55 [CONTINUE]
 160 games  +52 =71 -37   +33 Elo +/- 40   3fold=58 (36%)   1825s      mean=0.547 LLR=+0.55 [CONTINUE]
 161 games  +53 =71 -37   +35 Elo +/- 40   3fold=58 (36%)   1844s      mean=0.550 LLR=+0.59 [CONTINUE]
 162 games  +54 =71 -37   +37 Elo +/- 40   3fold=58 (36%)   1847s      mean=0.552 LLR=+0.63 [CONTINUE]
 163 games  +54 =71 -38   +34 Elo +/- 40   3fold=58 (36%)   1850s      mean=0.549 LLR=+0.59 [CONTINUE]
 164 games  +54 =72 -38   +34 Elo +/- 40   3fold=59 (36%)   1876s      mean=0.549 LLR=+0.59 [CONTINUE]
 165 games  +54 =73 -38   +34 Elo +/- 40   3fold=60 (36%)   1889s      mean=0.548 LLR=+0.59 [CONTINUE]
 166 games  +54 =74 -38   +34 Elo +/- 40   3fold=60 (36%)   1897s      mean=0.548 LLR=+0.60 [CONTINUE]
 167 games  +55 =74 -38   +35 Elo +/- 40   3fold=60 (36%)   1910s      mean=0.551 LLR=+0.64 [CONTINUE]
 168 games  +55 =75 -38   +35 Elo +/- 39   3fold=61 (36%)   1918s      mean=0.551 LLR=+0.64 [CONTINUE]
 169 games  +55 =75 -39   +33 Elo +/- 39   3fold=61 (36%)   1927s      mean=0.547 LLR=+0.59 [CONTINUE]
 170 games  +55 =76 -39   +33 Elo +/- 39   3fold=62 (36%)   1940s      mean=0.547 LLR=+0.59 [CONTINUE]
 171 games  +55 =77 -39   +33 Elo +/- 39   3fold=63 (37%)   1941s      mean=0.547 LLR=+0.60 [CONTINUE]
 172 games  +56 =77 -39   +34 Elo +/- 39   3fold=63 (37%)   1961s      mean=0.549 LLR=+0.64 [CONTINUE]
 173 games  +56 =78 -39   +34 Elo +/- 39   3fold=64 (37%)   1963s      mean=0.549 LLR=+0.64 [CONTINUE]
 174 games  +56 =79 -39   +34 Elo +/- 38   3fold=65 (37%)   1979s      mean=0.549 LLR=+0.64 [CONTINUE]
 175 games  +56 =80 -39   +34 Elo +/- 38   3fold=65 (37%)   1995s      mean=0.549 LLR=+0.65 [CONTINUE]
 176 games  +56 =80 -40   +32 Elo +/- 38   3fold=65 (37%)   2000s      mean=0.545 LLR=+0.60 [CONTINUE]
 177 games  +57 =80 -40   +33 Elo +/- 38   3fold=65 (37%)   2011s      mean=0.548 LLR=+0.64 [CONTINUE]
 178 games  +57 =81 -40   +33 Elo +/- 38   3fold=66 (37%)   2025s      mean=0.548 LLR=+0.64 [CONTINUE]
 179 games  +57 =82 -40   +33 Elo +/- 38   3fold=66 (37%)   2033s      mean=0.547 LLR=+0.65 [CONTINUE]
 180 games  +58 =82 -40   +35 Elo +/- 38   3fold=66 (37%)   2039s      mean=0.550 LLR=+0.69 [CONTINUE]
 181 games  +58 =83 -40   +35 Elo +/- 37   3fold=67 (37%)   2054s      mean=0.550 LLR=+0.69 [CONTINUE]
 182 games  +58 =84 -40   +34 Elo +/- 37   3fold=68 (37%)   2062s      mean=0.549 LLR=+0.69 [CONTINUE]
 183 games  +59 =84 -40   +36 Elo +/- 37   3fold=68 (37%)   2074s      mean=0.552 LLR=+0.73 [CONTINUE]
 184 games  +59 =85 -40   +36 Elo +/- 37   3fold=69 (38%)   2078s      mean=0.552 LLR=+0.74 [CONTINUE]
 185 games  +59 =85 -41   +34 Elo +/- 37   3fold=69 (37%)   2091s      mean=0.549 LLR=+0.69 [CONTINUE]
 186 games  +59 =86 -41   +34 Elo +/- 37   3fold=70 (38%)   2102s      mean=0.548 LLR=+0.69 [CONTINUE]
 187 games  +60 =86 -41   +35 Elo +/- 37   3fold=70 (37%)   2109s      mean=0.551 LLR=+0.73 [CONTINUE]
 188 games  +60 =87 -41   +35 Elo +/- 37   3fold=71 (38%)   2123s      mean=0.551 LLR=+0.74 [CONTINUE]
 189 games  +60 =87 -42   +33 Elo +/- 37   3fold=71 (38%)   2130s      mean=0.548 LLR=+0.69 [CONTINUE]
 190 games  +60 =88 -42   +33 Elo +/- 36   3fold=72 (38%)   2137s      mean=0.547 LLR=+0.69 [CONTINUE]
 191 games  +60 =89 -42   +33 Elo +/- 36   3fold=73 (38%)   2151s      mean=0.547 LLR=+0.69 [CONTINUE]
 192 games  +60 =89 -43   +31 Elo +/- 36   3fold=73 (38%)   2166s      mean=0.544 LLR=+0.64 [CONTINUE]
 193 games  +61 =89 -43   +32 Elo +/- 36   3fold=73 (38%)   2168s      mean=0.547 LLR=+0.69 [CONTINUE]
 194 games  +61 =89 -44   +31 Elo +/- 36   3fold=73 (38%)   2186s      mean=0.544 LLR=+0.64 [CONTINUE]
 195 games  +61 =90 -44   +30 Elo +/- 36   3fold=73 (37%)   2198s      mean=0.544 LLR=+0.64 [CONTINUE]
 196 games  +61 =91 -44   +30 Elo +/- 36   3fold=74 (38%)   2199s      mean=0.543 LLR=+0.64 [CONTINUE]
 197 games  +62 =91 -44   +32 Elo +/- 36   3fold=74 (38%)   2218s      mean=0.546 LLR=+0.68 [CONTINUE]
 198 games  +62 =92 -44   +32 Elo +/- 36   3fold=75 (38%)   2224s      mean=0.545 LLR=+0.69 [CONTINUE]
 199 games  +62 =93 -44   +32 Elo +/- 35   3fold=76 (38%)   2231s      mean=0.545 LLR=+0.69 [CONTINUE]
 200 games  +62 =93 -45   +30 Elo +/- 35   3fold=76 (38%)   2246s      mean=0.542 LLR=+0.64 [CONTINUE]
 201 games  +63 =93 -45   +31 Elo +/- 35   3fold=76 (38%)   2256s      mean=0.545 LLR=+0.68 [CONTINUE]
 202 games  +63 =93 -46   +29 Elo +/- 35   3fold=76 (38%)   2265s      mean=0.542 LLR=+0.63 [CONTINUE]
 203 games  +63 =94 -46   +29 Elo +/- 35   3fold=77 (38%)   2280s      mean=0.542 LLR=+0.64 [CONTINUE]
 204 games  +63 =95 -46   +29 Elo +/- 35   3fold=77 (38%)   2291s      mean=0.542 LLR=+0.64 [CONTINUE]
 205 games  +63 =96 -46   +29 Elo +/- 35   3fold=78 (38%)   2296s      mean=0.541 LLR=+0.64 [CONTINUE]
 206 games  +64 =96 -46   +30 Elo +/- 35   3fold=78 (38%)   2311s      mean=0.544 LLR=+0.68 [CONTINUE]
 207 games  +65 =96 -46   +32 Elo +/- 35   3fold=78 (38%)   2323s      mean=0.546 LLR=+0.72 [CONTINUE]
 208 games  +65 =96 -47   +30 Elo +/- 35   3fold=78 (38%)   2324s      mean=0.543 LLR=+0.68 [CONTINUE]
 209 games  +65 =97 -47   +30 Elo +/- 35   3fold=79 (38%)   2342s      mean=0.543 LLR=+0.68 [CONTINUE]
 210 games  +66 =97 -47   +32 Elo +/- 35   3fold=79 (38%)   2351s      mean=0.545 LLR=+0.72 [CONTINUE]
 211 games  +66 =98 -47   +31 Elo +/- 34   3fold=79 (37%)   2363s      mean=0.545 LLR=+0.72 [CONTINUE]
 212 games  +66 =99 -47   +31 Elo +/- 34   3fold=80 (38%)   2363s      mean=0.545 LLR=+0.73 [CONTINUE]
 213 games  +66 =100 -47   +31 Elo +/- 34   3fold=81 (38%)   2375s      mean=0.545 LLR=+0.73 [CONTINUE]
 214 games  +66 =100 -48   +29 Elo +/- 34   3fold=81 (38%)   2395s      mean=0.542 LLR=+0.68 [CONTINUE]
 215 games  +67 =100 -48   +31 Elo +/- 34   3fold=81 (38%)   2403s      mean=0.544 LLR=+0.72 [CONTINUE]
 216 games  +67 =101 -48   +31 Elo +/- 34   3fold=82 (38%)   2409s      mean=0.544 LLR=+0.72 [CONTINUE]
 217 games  +67 =102 -48   +30 Elo +/- 34   3fold=83 (38%)   2420s      mean=0.544 LLR=+0.73 [CONTINUE]
 218 games  +67 =103 -48   +30 Elo +/- 34   3fold=84 (39%)   2428s      mean=0.544 LLR=+0.73 [CONTINUE]
 219 games  +67 =104 -48   +30 Elo +/- 33   3fold=85 (39%)   2441s      mean=0.543 LLR=+0.73 [CONTINUE]
 220 games  +67 =104 -49   +28 Elo +/- 33   3fold=85 (39%)   2450s      mean=0.541 LLR=+0.68 [CONTINUE]
 221 games  +67 =105 -49   +28 Elo +/- 33   3fold=86 (39%)   2452s      mean=0.541 LLR=+0.69 [CONTINUE]
 222 games  +68 =105 -49   +30 Elo +/- 33   3fold=86 (39%)   2471s      mean=0.543 LLR=+0.73 [CONTINUE]
 223 games  +69 =105 -49   +31 Elo +/- 33   3fold=86 (39%)   2479s      mean=0.545 LLR=+0.77 [CONTINUE]
 224 games  +69 =106 -49   +31 Elo +/- 33   3fold=87 (39%)   2490s      mean=0.545 LLR=+0.77 [CONTINUE]
 225 games  +69 =106 -50   +29 Elo +/- 33   3fold=87 (39%)   2500s      mean=0.542 LLR=+0.72 [CONTINUE]
 226 games  +70 =106 -50   +31 Elo +/- 33   3fold=87 (38%)   2512s      mean=0.544 LLR=+0.77 [CONTINUE]
 227 games  +71 =106 -50   +32 Elo +/- 33   3fold=87 (38%)   2528s      mean=0.546 LLR=+0.81 [CONTINUE]
 228 games  +72 =106 -50   +34 Elo +/- 33   3fold=87 (38%)   2531s      mean=0.548 LLR=+0.85 [CONTINUE]
 229 games  +73 =106 -50   +35 Elo +/- 33   3fold=87 (38%)   2536s      mean=0.550 LLR=+0.89 [CONTINUE]
 230 games  +73 =106 -51   +33 Elo +/- 33   3fold=87 (38%)   2560s      mean=0.548 LLR=+0.84 [CONTINUE]
 231 games  +73 =107 -51   +33 Elo +/- 33   3fold=87 (38%)   2568s      mean=0.548 LLR=+0.84 [CONTINUE]
 232 games  +73 =107 -52   +32 Elo +/- 33   3fold=87 (38%)   2571s      mean=0.545 LLR=+0.80 [CONTINUE]
 233 games  +74 =107 -52   +33 Elo +/- 33   3fold=87 (37%)   2588s      mean=0.547 LLR=+0.84 [CONTINUE]
 234 games  +74 =108 -52   +33 Elo +/- 33   3fold=88 (38%)   2596s      mean=0.547 LLR=+0.84 [CONTINUE]
 235 games  +74 =108 -53   +31 Elo +/- 33   3fold=88 (37%)   2603s      mean=0.545 LLR=+0.79 [CONTINUE]
 236 games  +74 =108 -54   +30 Elo +/- 33   3fold=88 (37%)   2624s      mean=0.542 LLR=+0.74 [CONTINUE]
 237 games  +74 =109 -54   +29 Elo +/- 33   3fold=88 (37%)   2625s      mean=0.542 LLR=+0.75 [CONTINUE]
 238 games  +74 =109 -55   +28 Elo +/- 33   3fold=88 (37%)   2631s      mean=0.540 LLR=+0.70 [CONTINUE]
 239 games  +74 =110 -55   +28 Elo +/- 32   3fold=88 (37%)   2655s      mean=0.540 LLR=+0.70 [CONTINUE]
 240 games  +74 =111 -55   +28 Elo +/- 32   3fold=88 (37%)   2657s      mean=0.540 LLR=+0.70 [CONTINUE]
 241 games  +74 =112 -55   +27 Elo +/- 32   3fold=89 (37%)   2661s      mean=0.539 LLR=+0.71 [CONTINUE]
 242 games  +74 =113 -55   +27 Elo +/- 32   3fold=90 (37%)   2683s      mean=0.539 LLR=+0.71 [CONTINUE]
 243 games  +74 =113 -56   +26 Elo +/- 32   3fold=90 (37%)   2684s      mean=0.537 LLR=+0.66 [CONTINUE]
 244 games  +74 =113 -57   +24 Elo +/- 32   3fold=90 (37%)   2696s      mean=0.535 LLR=+0.61 [CONTINUE]
 245 games  +75 =113 -57   +26 Elo +/- 32   3fold=90 (37%)   2715s      mean=0.537 LLR=+0.66 [CONTINUE]
 246 games  +75 =114 -57   +25 Elo +/- 32   3fold=91 (37%)   2719s      mean=0.537 LLR=+0.66 [CONTINUE]
 247 games  +76 =114 -57   +27 Elo +/- 32   3fold=91 (37%)   2728s      mean=0.538 LLR=+0.70 [CONTINUE]
 248 games  +76 =114 -58   +25 Elo +/- 32   3fold=91 (37%)   2746s      mean=0.536 LLR=+0.65 [CONTINUE]
 249 games  +77 =114 -58   +27 Elo +/- 32   3fold=91 (37%)   2747s      mean=0.538 LLR=+0.69 [CONTINUE]
 250 games  +78 =114 -58   +28 Elo +/- 32   3fold=91 (36%)   2761s      mean=0.540 LLR=+0.73 [CONTINUE]
 251 games  +78 =115 -58   +28 Elo +/- 32   3fold=92 (37%)   2768s      mean=0.540 LLR=+0.74 [CONTINUE]
 252 games  +78 =115 -59   +26 Elo +/- 32   3fold=92 (37%)   2777s      mean=0.538 LLR=+0.69 [CONTINUE]
 253 games  +79 =115 -59   +28 Elo +/- 32   3fold=92 (36%)   2798s      mean=0.540 LLR=+0.73 [CONTINUE]
 254 games  +79 =116 -59   +27 Elo +/- 32   3fold=92 (36%)   2799s      mean=0.539 LLR=+0.73 [CONTINUE]
 255 games  +79 =116 -60   +26 Elo +/- 32   3fold=92 (36%)   2808s      mean=0.537 LLR=+0.69 [CONTINUE]
 256 games  +79 =117 -60   +26 Elo +/- 31   3fold=92 (36%)   2830s      mean=0.537 LLR=+0.69 [CONTINUE]
 257 games  +79 =117 -61   +24 Elo +/- 31   3fold=92 (36%)   2831s      mean=0.535 LLR=+0.64 [CONTINUE]
 258 games  +79 =117 -62   +23 Elo +/- 31   3fold=92 (36%)   2842s      mean=0.533 LLR=+0.60 [CONTINUE]
 259 games  +79 =118 -62   +23 Elo +/- 31   3fold=93 (36%)   2858s      mean=0.533 LLR=+0.60 [CONTINUE]
 260 games  +80 =118 -62   +24 Elo +/- 31   3fold=93 (36%)   2858s      mean=0.535 LLR=+0.64 [CONTINUE]
 261 games  +80 =119 -62   +24 Elo +/- 31   3fold=94 (36%)   2879s      mean=0.534 LLR=+0.64 [CONTINUE]
 262 games  +81 =119 -62   +25 Elo +/- 31   3fold=94 (36%)   2889s      mean=0.536 LLR=+0.68 [CONTINUE]
 263 games  +81 =119 -63   +24 Elo +/- 31   3fold=94 (36%)   2891s      mean=0.534 LLR=+0.63 [CONTINUE]
 264 games  +81 =119 -64   +22 Elo +/- 31   3fold=94 (36%)   2910s      mean=0.532 LLR=+0.59 [CONTINUE]
 265 games  +81 =120 -64   +22 Elo +/- 31   3fold=95 (36%)   2921s      mean=0.532 LLR=+0.59 [CONTINUE]
 266 games  +81 =121 -64   +22 Elo +/- 31   3fold=96 (36%)   2930s      mean=0.532 LLR=+0.59 [CONTINUE]
 267 games  +81 =122 -64   +22 Elo +/- 31   3fold=97 (36%)   2934s      mean=0.532 LLR=+0.59 [CONTINUE]
 268 games  +82 =122 -64   +23 Elo +/- 31   3fold=97 (36%)   2951s      mean=0.534 LLR=+0.64 [CONTINUE]
 269 games  +82 =122 -65   +22 Elo +/- 31   3fold=97 (36%)   2965s      mean=0.532 LLR=+0.59 [CONTINUE]
 270 games  +82 =123 -65   +22 Elo +/- 31   3fold=97 (36%)   2967s      mean=0.531 LLR=+0.59 [CONTINUE]
 271 games  +83 =123 -65   +23 Elo +/- 31   3fold=97 (36%)   2982s      mean=0.533 LLR=+0.63 [CONTINUE]
 272 games  +83 =124 -65   +23 Elo +/- 31   3fold=98 (36%)   2992s      mean=0.533 LLR=+0.63 [CONTINUE]
 273 games  +84 =124 -65   +24 Elo +/- 31   3fold=98 (36%)   2998s      mean=0.535 LLR=+0.67 [CONTINUE]
 274 games  +84 =125 -65   +24 Elo +/- 30   3fold=99 (36%)   3014s      mean=0.535 LLR=+0.68 [CONTINUE]
 275 games  +84 =126 -65   +24 Elo +/- 30   3fold=100 (36%)   3015s      mean=0.535 LLR=+0.68 [CONTINUE]
 276 games  +84 =126 -66   +23 Elo +/- 30   3fold=100 (36%)   3028s      mean=0.533 LLR=+0.63 [CONTINUE]
 277 games  +84 =127 -66   +23 Elo +/- 30   3fold=101 (36%)   3038s      mean=0.532 LLR=+0.63 [CONTINUE]
 278 games  +84 =128 -66   +23 Elo +/- 30   3fold=102 (37%)   3044s      mean=0.532 LLR=+0.64 [CONTINUE]
 279 games  +85 =128 -66   +24 Elo +/- 30   3fold=102 (37%)   3062s      mean=0.534 LLR=+0.68 [CONTINUE]
 280 games  +85 =129 -66   +24 Elo +/- 30   3fold=103 (37%)   3062s      mean=0.534 LLR=+0.68 [CONTINUE]
 281 games  +85 =130 -66   +24 Elo +/- 30   3fold=104 (37%)   3083s      mean=0.534 LLR=+0.68 [CONTINUE]
 282 games  +86 =130 -66   +25 Elo +/- 30   3fold=104 (37%)   3092s      mean=0.535 LLR=+0.72 [CONTINUE]
 283 games  +86 =131 -66   +25 Elo +/- 30   3fold=105 (37%)   3098s      mean=0.535 LLR=+0.72 [CONTINUE]
 284 games  +87 =131 -66   +26 Elo +/- 30   3fold=105 (37%)   3114s      mean=0.537 LLR=+0.77 [CONTINUE]
 285 games  +87 =132 -66   +26 Elo +/- 30   3fold=106 (37%)   3123s      mean=0.537 LLR=+0.77 [CONTINUE]
 286 games  +87 =132 -67   +24 Elo +/- 30   3fold=106 (37%)   3137s      mean=0.535 LLR=+0.72 [CONTINUE]
 287 games  +87 =132 -68   +23 Elo +/- 30   3fold=106 (37%)   3148s      mean=0.533 LLR=+0.67 [CONTINUE]
 288 games  +87 =132 -69   +22 Elo +/- 30   3fold=106 (37%)   3153s      mean=0.531 LLR=+0.63 [CONTINUE]
 289 games  +87 =133 -69   +22 Elo +/- 30   3fold=107 (37%)   3163s      mean=0.531 LLR=+0.63 [CONTINUE]
 290 games  +87 =134 -69   +22 Elo +/- 29   3fold=108 (37%)   3176s      mean=0.531 LLR=+0.63 [CONTINUE]
 291 games  +87 =134 -70   +20 Elo +/- 29   3fold=108 (37%)   3185s      mean=0.529 LLR=+0.59 [CONTINUE]
 292 games  +87 =135 -70   +20 Elo +/- 29   3fold=109 (37%)   3188s      mean=0.529 LLR=+0.59 [CONTINUE]
 293 games  +87 =136 -70   +20 Elo +/- 29   3fold=110 (38%)   3202s      mean=0.529 LLR=+0.59 [CONTINUE]
 294 games  +87 =137 -70   +20 Elo +/- 29   3fold=111 (38%)   3213s      mean=0.529 LLR=+0.59 [CONTINUE]
 295 games  +87 =137 -71   +19 Elo +/- 29   3fold=111 (38%)   3223s      mean=0.527 LLR=+0.54 [CONTINUE]
 296 games  +87 =138 -71   +19 Elo +/- 29   3fold=112 (38%)   3232s      mean=0.527 LLR=+0.55 [CONTINUE]
 297 games  +88 =138 -71   +20 Elo +/- 29   3fold=112 (38%)   3243s      mean=0.529 LLR=+0.59 [CONTINUE]
 298 games  +89 =138 -71   +21 Elo +/- 29   3fold=112 (38%)   3255s      mean=0.530 LLR=+0.63 [CONTINUE]
 299 games  +89 =139 -71   +21 Elo +/- 29   3fold=113 (38%)   3258s      mean=0.530 LLR=+0.63 [CONTINUE]
 300 games  +89 =140 -71   +21 Elo +/- 29   3fold=114 (38%)   3269s      mean=0.530 LLR=+0.63 [CONTINUE]
 301 games  +89 =140 -72   +20 Elo +/- 29   3fold=114 (38%)   3289s      mean=0.528 LLR=+0.59 [CONTINUE]
 302 games  +89 =141 -72   +20 Elo +/- 29   3fold=114 (38%)   3290s      mean=0.528 LLR=+0.59 [CONTINUE]
 303 games  +89 =142 -72   +20 Elo +/- 29   3fold=115 (38%)   3296s      mean=0.528 LLR=+0.59 [CONTINUE]
 304 games  +89 =143 -72   +19 Elo +/- 28   3fold=116 (38%)   3322s      mean=0.528 LLR=+0.59 [CONTINUE]
 305 games  +89 =144 -72   +19 Elo +/- 28   3fold=116 (38%)   3325s      mean=0.528 LLR=+0.59 [CONTINUE]
 306 games  +89 =144 -73   +18 Elo +/- 28   3fold=116 (38%)   3329s      mean=0.526 LLR=+0.55 [CONTINUE]
 307 games  +89 =145 -73   +18 Elo +/- 28   3fold=117 (38%)   3352s      mean=0.526 LLR=+0.55 [CONTINUE]
 308 games  +89 =145 -74   +17 Elo +/- 28   3fold=117 (38%)   3360s      mean=0.524 LLR=+0.50 [CONTINUE]
 309 games  +89 =146 -74   +17 Elo +/- 28   3fold=117 (38%)   3366s      mean=0.524 LLR=+0.50 [CONTINUE]
 310 games  +90 =146 -74   +18 Elo +/- 28   3fold=117 (38%)   3383s      mean=0.526 LLR=+0.54 [CONTINUE]
 311 games  +91 =146 -74   +19 Elo +/- 28   3fold=117 (38%)   3395s      mean=0.527 LLR=+0.59 [CONTINUE]
 312 games  +91 =146 -75   +18 Elo +/- 28   3fold=117 (38%)   3396s      mean=0.526 LLR=+0.54 [CONTINUE]
 313 games  +91 =146 -76   +17 Elo +/- 28   3fold=117 (37%)   3415s      mean=0.524 LLR=+0.49 [CONTINUE]
 314 games  +92 =146 -76   +18 Elo +/- 28   3fold=117 (37%)   3422s      mean=0.525 LLR=+0.54 [CONTINUE]
 315 games  +92 =146 -77   +17 Elo +/- 28   3fold=117 (37%)   3428s      mean=0.524 LLR=+0.49 [CONTINUE]
 316 games  +93 =146 -77   +18 Elo +/- 28   3fold=117 (37%)   3444s      mean=0.525 LLR=+0.53 [CONTINUE]
 317 games  +93 =147 -77   +18 Elo +/- 28   3fold=118 (37%)   3453s      mean=0.525 LLR=+0.53 [CONTINUE]
 318 games  +93 =147 -78   +16 Elo +/- 28   3fold=118 (37%)   3453s      mean=0.524 LLR=+0.49 [CONTINUE]
 319 games  +94 =147 -78   +17 Elo +/- 28   3fold=118 (37%)   3473s      mean=0.525 LLR=+0.53 [CONTINUE]
 320 games  +94 =148 -78   +17 Elo +/- 28   3fold=119 (37%)   3481s      mean=0.525 LLR=+0.53 [CONTINUE]
 321 games  +95 =148 -78   +18 Elo +/- 28   3fold=119 (37%)   3483s      mean=0.526 LLR=+0.57 [CONTINUE]
 322 games  +96 =148 -78   +19 Elo +/- 28   3fold=119 (37%)   3505s      mean=0.528 LLR=+0.61 [CONTINUE]
 323 games  +96 =149 -78   +19 Elo +/- 28   3fold=120 (37%)   3513s      mean=0.528 LLR=+0.61 [CONTINUE]
 324 games  +97 =149 -78   +20 Elo +/- 28   3fold=120 (37%)   3516s      mean=0.529 LLR=+0.66 [CONTINUE]
 325 games  +97 =149 -79   +19 Elo +/- 28   3fold=120 (37%)   3535s      mean=0.528 LLR=+0.61 [CONTINUE]
 326 games  +97 =150 -79   +19 Elo +/- 28   3fold=121 (37%)   3542s      mean=0.528 LLR=+0.61 [CONTINUE]
 327 games  +97 =151 -79   +19 Elo +/- 28   3fold=121 (37%)   3546s      mean=0.528 LLR=+0.61 [CONTINUE]
 328 games  +97 =152 -79   +19 Elo +/- 28   3fold=122 (37%)   3568s      mean=0.527 LLR=+0.61 [CONTINUE]
 329 games  +98 =152 -79   +20 Elo +/- 28   3fold=122 (37%)   3573s      mean=0.529 LLR=+0.66 [CONTINUE]
 330 games  +98 =153 -79   +20 Elo +/- 28   3fold=122 (37%)   3590s      mean=0.529 LLR=+0.66 [CONTINUE]
 331 games  +98 =153 -80   +19 Elo +/- 28   3fold=122 (37%)   3597s      mean=0.527 LLR=+0.61 [CONTINUE]
 332 games  +99 =153 -80   +20 Elo +/- 28   3fold=122 (37%)   3605s      mean=0.529 LLR=+0.65 [CONTINUE]
 333 games  +100 =153 -80   +21 Elo +/- 28   3fold=122 (37%)   3619s      mean=0.530 LLR=+0.69 [CONTINUE]
 334 games  +100 =153 -81   +20 Elo +/- 27   3fold=122 (37%)   3626s      mean=0.528 LLR=+0.65 [CONTINUE]
 335 games  +101 =153 -81   +21 Elo +/- 27   3fold=122 (36%)   3636s      mean=0.530 LLR=+0.69 [CONTINUE]
 336 games  +102 =153 -81   +22 Elo +/- 27   3fold=122 (36%)   3653s      mean=0.531 LLR=+0.73 [CONTINUE]
 337 games  +102 =154 -81   +22 Elo +/- 27   3fold=123 (36%)   3658s      mean=0.531 LLR=+0.73 [CONTINUE]
 338 games  +102 =154 -82   +21 Elo +/- 27   3fold=123 (36%)   3668s      mean=0.530 LLR=+0.69 [CONTINUE]
 339 games  +102 =154 -83   +19 Elo +/- 27   3fold=123 (36%)   3683s      mean=0.528 LLR=+0.64 [CONTINUE]
 340 games  +102 =155 -83   +19 Elo +/- 27   3fold=123 (36%)   3689s      mean=0.528 LLR=+0.64 [CONTINUE]
 341 games  +102 =156 -83   +19 Elo +/- 27   3fold=124 (36%)   3692s      mean=0.528 LLR=+0.64 [CONTINUE]
 342 games  +102 =156 -84   +18 Elo +/- 27   3fold=124 (36%)   3715s      mean=0.526 LLR=+0.60 [CONTINUE]
 343 games  +103 =156 -84   +19 Elo +/- 27   3fold=124 (36%)   3724s      mean=0.528 LLR=+0.64 [CONTINUE]
 344 games  +103 =156 -85   +18 Elo +/- 27   3fold=124 (36%)   3729s      mean=0.526 LLR=+0.59 [CONTINUE]
 345 games  +104 =156 -85   +19 Elo +/- 27   3fold=124 (36%)   3749s      mean=0.528 LLR=+0.64 [CONTINUE]
 346 games  +104 =156 -86   +18 Elo +/- 27   3fold=124 (36%)   3756s      mean=0.526 LLR=+0.59 [CONTINUE]
 347 games  +105 =156 -86   +19 Elo +/- 27   3fold=124 (36%)   3767s      mean=0.527 LLR=+0.63 [CONTINUE]
 348 games  +106 =156 -86   +20 Elo +/- 27   3fold=124 (36%)   3789s      mean=0.529 LLR=+0.67 [CONTINUE]
 349 games  +106 =157 -86   +20 Elo +/- 27   3fold=124 (36%)   3793s      mean=0.529 LLR=+0.67 [CONTINUE]
 350 games  +106 =158 -86   +20 Elo +/- 27   3fold=125 (36%)   3801s      mean=0.529 LLR=+0.67 [CONTINUE]
 351 games  +107 =158 -86   +21 Elo +/- 27   3fold=125 (36%)   3822s      mean=0.530 LLR=+0.71 [CONTINUE]
 352 games  +107 =159 -86   +21 Elo +/- 27   3fold=126 (36%)   3829s      mean=0.530 LLR=+0.72 [CONTINUE]
 353 games  +107 =160 -86   +21 Elo +/- 27   3fold=127 (36%)   3838s      mean=0.530 LLR=+0.72 [CONTINUE]
 354 games  +108 =160 -86   +22 Elo +/- 27   3fold=127 (36%)   3853s      mean=0.531 LLR=+0.76 [CONTINUE]
 355 games  +108 =161 -86   +22 Elo +/- 27   3fold=128 (36%)   3857s      mean=0.531 LLR=+0.76 [CONTINUE]
 356 games  +108 =162 -86   +21 Elo +/- 27   3fold=129 (36%)   3858s      mean=0.531 LLR=+0.76 [CONTINUE]
 357 games  +108 =163 -86   +21 Elo +/- 27   3fold=130 (36%)   3879s      mean=0.531 LLR=+0.76 [CONTINUE]
 358 games  +109 =163 -86   +22 Elo +/- 27   3fold=130 (36%)   3888s      mean=0.532 LLR=+0.80 [CONTINUE]
 359 games  +109 =164 -86   +22 Elo +/- 27   3fold=131 (36%)   3888s      mean=0.532 LLR=+0.81 [CONTINUE]
 360 games  +110 =164 -86   +23 Elo +/- 27   3fold=131 (36%)   3911s      mean=0.533 LLR=+0.85 [CONTINUE]
 361 games  +111 =164 -86   +24 Elo +/- 27   3fold=131 (36%)   3919s      mean=0.535 LLR=+0.89 [CONTINUE]
 362 games  +111 =165 -86   +24 Elo +/- 26   3fold=131 (36%)   3919s      mean=0.535 LLR=+0.89 [CONTINUE]
 363 games  +111 =166 -86   +24 Elo +/- 26   3fold=132 (36%)   3936s      mean=0.534 LLR=+0.89 [CONTINUE]
 364 games  +111 =167 -86   +24 Elo +/- 26   3fold=132 (36%)   3951s      mean=0.534 LLR=+0.89 [CONTINUE]
 365 games  +111 =168 -86   +24 Elo +/- 26   3fold=132 (36%)   3952s      mean=0.534 LLR=+0.89 [CONTINUE]
 366 games  +112 =168 -86   +25 Elo +/- 26   3fold=132 (36%)   3970s      mean=0.536 LLR=+0.94 [CONTINUE]
 367 games  +113 =168 -86   +26 Elo +/- 26   3fold=132 (36%)   3981s      mean=0.537 LLR=+0.98 [CONTINUE]
 368 games  +113 =169 -86   +26 Elo +/- 26   3fold=133 (36%)   3981s      mean=0.537 LLR=+0.98 [CONTINUE]
 369 games  +113 =169 -87   +25 Elo +/- 26   3fold=133 (36%)   4006s      mean=0.535 LLR=+0.93 [CONTINUE]
 370 games  +113 =169 -88   +24 Elo +/- 26   3fold=133 (36%)   4012s      mean=0.534 LLR=+0.89 [CONTINUE]
 371 games  +114 =169 -88   +24 Elo +/- 26   3fold=133 (36%)   4014s      mean=0.535 LLR=+0.93 [CONTINUE]
 372 games  +114 =169 -89   +23 Elo +/- 26   3fold=133 (36%)   4034s      mean=0.534 LLR=+0.88 [CONTINUE]
 373 games  +115 =169 -89   +24 Elo +/- 26   3fold=133 (36%)   4045s      mean=0.535 LLR=+0.92 [CONTINUE]
 374 games  +115 =170 -89   +24 Elo +/- 26   3fold=133 (36%)   4055s      mean=0.535 LLR=+0.92 [CONTINUE]
 375 games  +115 =170 -90   +23 Elo +/- 26   3fold=133 (35%)   4065s      mean=0.533 LLR=+0.88 [CONTINUE]
 376 games  +115 =170 -91   +22 Elo +/- 26   3fold=133 (35%)   4077s      mean=0.532 LLR=+0.83 [CONTINUE]
 377 games  +116 =170 -91   +23 Elo +/- 26   3fold=133 (35%)   4083s      mean=0.533 LLR=+0.87 [CONTINUE]
 378 games  +116 =171 -91   +23 Elo +/- 26   3fold=134 (35%)   4098s      mean=0.533 LLR=+0.88 [CONTINUE]
 379 games  +116 =172 -91   +23 Elo +/- 26   3fold=135 (36%)   4109s      mean=0.533 LLR=+0.88 [CONTINUE]
 380 games  +116 =172 -92   +22 Elo +/- 26   3fold=135 (36%)   4117s      mean=0.532 LLR=+0.83 [CONTINUE]
 381 games  +116 =172 -93   +21 Elo +/- 26   3fold=135 (35%)   4127s      mean=0.530 LLR=+0.79 [CONTINUE]
 382 games  +116 =173 -93   +21 Elo +/- 26   3fold=136 (36%)   4148s      mean=0.530 LLR=+0.79 [CONTINUE]
 383 games  +116 =173 -94   +20 Elo +/- 26   3fold=136 (36%)   4155s      mean=0.529 LLR=+0.74 [CONTINUE]
 384 games  +117 =173 -94   +21 Elo +/- 26   3fold=136 (35%)   4156s      mean=0.530 LLR=+0.78 [CONTINUE]
 385 games  +117 =174 -94   +21 Elo +/- 26   3fold=137 (36%)   4182s      mean=0.530 LLR=+0.79 [CONTINUE]
 386 games  +118 =174 -94   +22 Elo +/- 26   3fold=137 (35%)   4191s      mean=0.531 LLR=+0.83 [CONTINUE]
 387 games  +118 =175 -94   +22 Elo +/- 26   3fold=137 (35%)   4197s      mean=0.531 LLR=+0.83 [CONTINUE]
 388 games  +118 =175 -95   +21 Elo +/- 26   3fold=137 (35%)   4212s      mean=0.530 LLR=+0.78 [CONTINUE]
 389 games  +119 =175 -95   +21 Elo +/- 26   3fold=137 (35%)   4221s      mean=0.531 LLR=+0.82 [CONTINUE]
 390 games  +119 =176 -95   +21 Elo +/- 26   3fold=138 (35%)   4226s      mean=0.531 LLR=+0.82 [CONTINUE]
 391 games  +120 =176 -95   +22 Elo +/- 26   3fold=138 (35%)   4244s      mean=0.532 LLR=+0.86 [CONTINUE]
 392 games  +121 =176 -95   +23 Elo +/- 26   3fold=138 (35%)   4248s      mean=0.533 LLR=+0.90 [CONTINUE]
 393 games  +121 =176 -96   +22 Elo +/- 26   3fold=138 (35%)   4258s      mean=0.532 LLR=+0.86 [CONTINUE]
 394 games  +121 =176 -97   +21 Elo +/- 26   3fold=138 (35%)   4277s      mean=0.530 LLR=+0.82 [CONTINUE]
 395 games  +121 =177 -97   +21 Elo +/- 26   3fold=138 (35%)   4280s      mean=0.530 LLR=+0.82 [CONTINUE]
 396 games  +121 =178 -97   +21 Elo +/- 25   3fold=139 (35%)   4289s      mean=0.530 LLR=+0.82 [CONTINUE]
 397 games  +121 =179 -97   +21 Elo +/- 25   3fold=140 (35%)   4302s      mean=0.530 LLR=+0.82 [CONTINUE]
 398 games  +121 =180 -97   +21 Elo +/- 25   3fold=140 (35%)   4309s      mean=0.530 LLR=+0.82 [CONTINUE]
 399 games  +121 =180 -98   +20 Elo +/- 25   3fold=140 (35%)   4318s      mean=0.529 LLR=+0.78 [CONTINUE]
 400 games  +122 =180 -98   +21 Elo +/- 25   3fold=140 (35%)   4331s      mean=0.530 LLR=+0.82 [CONTINUE]
 401 games  +122 =181 -98   +21 Elo +/- 25   3fold=141 (35%)   4346s      mean=0.530 LLR=+0.82 [CONTINUE]
 402 games  +123 =181 -98   +22 Elo +/- 25   3fold=141 (35%)   4348s      mean=0.531 LLR=+0.86 [CONTINUE]
 403 games  +123 =181 -99   +21 Elo +/- 25   3fold=141 (35%)   4360s      mean=0.530 LLR=+0.81 [CONTINUE]
 404 games  +124 =181 -99   +22 Elo +/- 25   3fold=141 (35%)   4376s      mean=0.531 LLR=+0.85 [CONTINUE]
 405 games  +124 =181 -100   +21 Elo +/- 25   3fold=141 (35%)   4380s      mean=0.530 LLR=+0.81 [CONTINUE]
 406 games  +124 =182 -100   +21 Elo +/- 25   3fold=142 (35%)   4384s      mean=0.530 LLR=+0.81 [CONTINUE]
 407 games  +124 =183 -100   +21 Elo +/- 25   3fold=143 (35%)   4410s      mean=0.529 LLR=+0.81 [CONTINUE]
 408 games  +124 =183 -101   +20 Elo +/- 25   3fold=143 (35%)   4415s      mean=0.528 LLR=+0.77 [CONTINUE]
 409 games  +124 =184 -101   +20 Elo +/- 25   3fold=143 (35%)   4415s      mean=0.528 LLR=+0.77 [CONTINUE]
 410 games  +124 =185 -101   +20 Elo +/- 25   3fold=143 (35%)   4440s      mean=0.528 LLR=+0.77 [CONTINUE]
 411 games  +124 =185 -102   +19 Elo +/- 25   3fold=143 (35%)   4443s      mean=0.527 LLR=+0.73 [CONTINUE]
 412 games  +124 =185 -103   +18 Elo +/- 25   3fold=143 (35%)   4446s      mean=0.525 LLR=+0.68 [CONTINUE]
 413 games  +125 =185 -103   +19 Elo +/- 25   3fold=143 (35%)   4481s      mean=0.527 LLR=+0.72 [CONTINUE]
 414 games  +126 =185 -103   +19 Elo +/- 25   3fold=143 (35%)   4481s      mean=0.528 LLR=+0.76 [CONTINUE]
 415 games  +127 =185 -103   +20 Elo +/- 25   3fold=143 (34%)   4495s      mean=0.529 LLR=+0.80 [CONTINUE]
 416 games  +127 =185 -104   +19 Elo +/- 25   3fold=143 (34%)   4510s      mean=0.528 LLR=+0.76 [CONTINUE]
 417 games  +127 =186 -104   +19 Elo +/- 25   3fold=144 (35%)   4514s      mean=0.528 LLR=+0.76 [CONTINUE]
 418 games  +127 =187 -104   +19 Elo +/- 25   3fold=145 (35%)   4524s      mean=0.528 LLR=+0.76 [CONTINUE]
 419 games  +127 =187 -105   +18 Elo +/- 25   3fold=145 (35%)   4545s      mean=0.526 LLR=+0.72 [CONTINUE]
 420 games  +127 =188 -105   +18 Elo +/- 25   3fold=146 (35%)   4551s      mean=0.526 LLR=+0.72 [CONTINUE]
 421 games  +128 =188 -105   +19 Elo +/- 25   3fold=146 (35%)   4556s      mean=0.527 LLR=+0.76 [CONTINUE]
 422 games  +128 =189 -105   +19 Elo +/- 25   3fold=147 (35%)   4571s      mean=0.527 LLR=+0.76 [CONTINUE]
 423 games  +128 =190 -105   +19 Elo +/- 25   3fold=148 (35%)   4584s      mean=0.527 LLR=+0.76 [CONTINUE]
 424 games  +128 =191 -105   +19 Elo +/- 25   3fold=149 (35%)   4592s      mean=0.527 LLR=+0.76 [CONTINUE]
 425 games  +128 =191 -106   +18 Elo +/- 25   3fold=149 (35%)   4603s      mean=0.526 LLR=+0.72 [CONTINUE]
 426 games  +129 =191 -106   +19 Elo +/- 25   3fold=149 (35%)   4618s      mean=0.527 LLR=+0.76 [CONTINUE]
 427 games  +129 =191 -107   +18 Elo +/- 25   3fold=149 (35%)   4623s      mean=0.526 LLR=+0.72 [CONTINUE]
 428 games  +129 =191 -108   +17 Elo +/- 25   3fold=149 (35%)   4635s      mean=0.525 LLR=+0.67 [CONTINUE]
 429 games  +129 =192 -108   +17 Elo +/- 24   3fold=150 (35%)   4643s      mean=0.524 LLR=+0.67 [CONTINUE]
 430 games  +129 =193 -108   +17 Elo +/- 24   3fold=151 (35%)   4656s      mean=0.524 LLR=+0.67 [CONTINUE]
 431 games  +129 =194 -108   +17 Elo +/- 24   3fold=151 (35%)   4663s      mean=0.524 LLR=+0.67 [CONTINUE]
 432 games  +129 =195 -108   +17 Elo +/- 24   3fold=152 (35%)   4675s      mean=0.524 LLR=+0.68 [CONTINUE]
 433 games  +130 =195 -108   +18 Elo +/- 24   3fold=152 (35%)   4686s      mean=0.525 LLR=+0.72 [CONTINUE]
 434 games  +130 =196 -108   +18 Elo +/- 24   3fold=153 (35%)   4687s      mean=0.525 LLR=+0.72 [CONTINUE]
 435 games  +130 =196 -109   +17 Elo +/- 24   3fold=153 (35%)   4704s      mean=0.524 LLR=+0.67 [CONTINUE]
 436 games  +130 =197 -109   +17 Elo +/- 24   3fold=154 (35%)   4712s      mean=0.524 LLR=+0.67 [CONTINUE]
 437 games  +130 =197 -110   +16 Elo +/- 24   3fold=154 (35%)   4719s      mean=0.523 LLR=+0.63 [CONTINUE]
 438 games  +130 =197 -111   +15 Elo +/- 24   3fold=154 (35%)   4736s      mean=0.522 LLR=+0.59 [CONTINUE]
 439 games  +130 =198 -111   +15 Elo +/- 24   3fold=155 (35%)   4749s      mean=0.522 LLR=+0.59 [CONTINUE]
 440 games  +130 =198 -112   +14 Elo +/- 24   3fold=155 (35%)   4755s      mean=0.520 LLR=+0.54 [CONTINUE]
 441 games  +131 =198 -112   +15 Elo +/- 24   3fold=155 (35%)   4769s      mean=0.522 LLR=+0.58 [CONTINUE]
 442 games  +132 =198 -112   +16 Elo +/- 24   3fold=155 (35%)   4782s      mean=0.523 LLR=+0.62 [CONTINUE]
 443 games  +132 =199 -112   +16 Elo +/- 24   3fold=155 (35%)   4797s      mean=0.523 LLR=+0.63 [CONTINUE]
 444 games  +132 =200 -112   +16 Elo +/- 24   3fold=156 (35%)   4798s      mean=0.523 LLR=+0.63 [CONTINUE]
 445 games  +132 =201 -112   +16 Elo +/- 24   3fold=157 (35%)   4807s      mean=0.522 LLR=+0.63 [CONTINUE]
 446 games  +133 =201 -112   +16 Elo +/- 24   3fold=157 (35%)   4823s      mean=0.524 LLR=+0.67 [CONTINUE]
 447 games  +134 =201 -112   +17 Elo +/- 24   3fold=157 (35%)   4835s      mean=0.525 LLR=+0.71 [CONTINUE]
 448 games  +134 =202 -112   +17 Elo +/- 24   3fold=157 (35%)   4838s      mean=0.525 LLR=+0.71 [CONTINUE]
 449 games  +134 =203 -112   +17 Elo +/- 24   3fold=158 (35%)   4849s      mean=0.524 LLR=+0.71 [CONTINUE]
 450 games  +134 =204 -112   +17 Elo +/- 24   3fold=159 (35%)   4863s      mean=0.524 LLR=+0.71 [CONTINUE]
 451 games  +135 =204 -112   +18 Elo +/- 24   3fold=159 (35%)   4869s      mean=0.525 LLR=+0.75 [CONTINUE]
 452 games  +135 =205 -112   +18 Elo +/- 24   3fold=160 (35%)   4877s      mean=0.525 LLR=+0.75 [CONTINUE]
 453 games  +135 =206 -112   +18 Elo +/- 24   3fold=161 (36%)   4892s      mean=0.525 LLR=+0.75 [CONTINUE]
 454 games  +135 =206 -113   +17 Elo +/- 24   3fold=161 (35%)   4894s      mean=0.524 LLR=+0.71 [CONTINUE]
 455 games  +135 =207 -113   +17 Elo +/- 24   3fold=162 (36%)   4901s      mean=0.524 LLR=+0.71 [CONTINUE]
 456 games  +135 =208 -113   +17 Elo +/- 24   3fold=163 (36%)   4921s      mean=0.524 LLR=+0.71 [CONTINUE]
 457 games  +135 =208 -114   +16 Elo +/- 24   3fold=163 (36%)   4924s      mean=0.523 LLR=+0.67 [CONTINUE]
 458 games  +135 =209 -114   +16 Elo +/- 24   3fold=164 (36%)   4932s      mean=0.523 LLR=+0.67 [CONTINUE]
 459 games  +135 =209 -115   +15 Elo +/- 23   3fold=164 (36%)   4952s      mean=0.522 LLR=+0.62 [CONTINUE]
 460 games  +135 =210 -115   +15 Elo +/- 23   3fold=165 (36%)   4960s      mean=0.522 LLR=+0.63 [CONTINUE]
 461 games  +135 =211 -115   +15 Elo +/- 23   3fold=165 (36%)   4965s      mean=0.522 LLR=+0.63 [CONTINUE]
 462 games  +135 =211 -116   +14 Elo +/- 23   3fold=165 (36%)   4983s      mean=0.521 LLR=+0.58 [CONTINUE]
 463 games  +135 =212 -116   +14 Elo +/- 23   3fold=166 (36%)   4990s      mean=0.521 LLR=+0.58 [CONTINUE]
 464 games  +135 =212 -117   +13 Elo +/- 23   3fold=166 (36%)   4995s      mean=0.519 LLR=+0.54 [CONTINUE]
 465 games  +136 =212 -117   +14 Elo +/- 23   3fold=166 (36%)   5014s      mean=0.520 LLR=+0.58 [CONTINUE]
 466 games  +137 =212 -117   +15 Elo +/- 23   3fold=166 (36%)   5023s      mean=0.521 LLR=+0.62 [CONTINUE]
 467 games  +137 =212 -118   +14 Elo +/- 23   3fold=166 (36%)   5027s      mean=0.520 LLR=+0.58 [CONTINUE]
 468 games  +137 =213 -118   +14 Elo +/- 23   3fold=167 (36%)   5045s      mean=0.520 LLR=+0.58 [CONTINUE]
 469 games  +137 =214 -118   +14 Elo +/- 23   3fold=168 (36%)   5049s      mean=0.520 LLR=+0.58 [CONTINUE]
 470 games  +138 =214 -118   +15 Elo +/- 23   3fold=168 (36%)   5054s      mean=0.521 LLR=+0.62 [CONTINUE]
 471 games  +138 =215 -118   +15 Elo +/- 23   3fold=169 (36%)   5071s      mean=0.521 LLR=+0.62 [CONTINUE]
 472 games  +138 =216 -118   +15 Elo +/- 23   3fold=170 (36%)   5081s      mean=0.521 LLR=+0.62 [CONTINUE]
 473 games  +138 =216 -119   +14 Elo +/- 23   3fold=170 (36%)   5082s      mean=0.520 LLR=+0.58 [CONTINUE]
 474 games  +138 =217 -119   +14 Elo +/- 23   3fold=171 (36%)   5097s      mean=0.520 LLR=+0.58 [CONTINUE]
 475 games  +138 =218 -119   +14 Elo +/- 23   3fold=172 (36%)   5111s      mean=0.520 LLR=+0.58 [CONTINUE]
 476 games  +138 =218 -120   +13 Elo +/- 23   3fold=172 (36%)   5112s      mean=0.519 LLR=+0.53 [CONTINUE]
 477 games  +138 =218 -121   +12 Elo +/- 23   3fold=172 (36%)   5127s      mean=0.518 LLR=+0.49 [CONTINUE]
 478 games  +138 =219 -121   +12 Elo +/- 23   3fold=173 (36%)   5137s      mean=0.518 LLR=+0.49 [CONTINUE]
 479 games  +139 =219 -121   +13 Elo +/- 23   3fold=173 (36%)   5141s      mean=0.519 LLR=+0.53 [CONTINUE]
 480 games  +140 =219 -121   +14 Elo +/- 23   3fold=173 (36%)   5157s      mean=0.520 LLR=+0.57 [CONTINUE]
 481 games  +141 =219 -121   +14 Elo +/- 23   3fold=173 (36%)   5163s      mean=0.521 LLR=+0.61 [CONTINUE]
 482 games  +141 =220 -121   +14 Elo +/- 23   3fold=174 (36%)   5176s      mean=0.521 LLR=+0.61 [CONTINUE]
 483 games  +141 =220 -122   +14 Elo +/- 23   3fold=174 (36%)   5187s      mean=0.520 LLR=+0.57 [CONTINUE]
 484 games  +142 =220 -122   +14 Elo +/- 23   3fold=174 (36%)   5190s      mean=0.521 LLR=+0.61 [CONTINUE]
 485 games  +142 =221 -122   +14 Elo +/- 23   3fold=175 (36%)   5201s      mean=0.521 LLR=+0.61 [CONTINUE]
 486 games  +142 =222 -122   +14 Elo +/- 23   3fold=176 (36%)   5216s      mean=0.521 LLR=+0.61 [CONTINUE]
 487 games  +142 =222 -123   +14 Elo +/- 23   3fold=176 (36%)   5222s      mean=0.520 LLR=+0.57 [CONTINUE]
 488 games  +142 =222 -124   +13 Elo +/- 23   3fold=176 (36%)   5231s      mean=0.518 LLR=+0.52 [CONTINUE]
 489 games  +142 =223 -124   +13 Elo +/- 23   3fold=177 (36%)   5240s      mean=0.518 LLR=+0.52 [CONTINUE]
 490 games  +142 =224 -124   +13 Elo +/- 23   3fold=178 (36%)   5255s      mean=0.518 LLR=+0.53 [CONTINUE]
 491 games  +143 =224 -124   +13 Elo +/- 23   3fold=178 (36%)   5269s      mean=0.519 LLR=+0.57 [CONTINUE]
 492 games  +143 =225 -124   +13 Elo +/- 23   3fold=178 (36%)   5271s      mean=0.519 LLR=+0.57 [CONTINUE]
 493 games  +143 =225 -125   +13 Elo +/- 23   3fold=178 (36%)   5290s      mean=0.518 LLR=+0.52 [CONTINUE]
 494 games  +144 =225 -125   +13 Elo +/- 23   3fold=178 (36%)   5299s      mean=0.519 LLR=+0.56 [CONTINUE]
 495 games  +145 =225 -125   +14 Elo +/- 23   3fold=178 (36%)   5303s      mean=0.520 LLR=+0.61 [CONTINUE]
 496 games  +145 =226 -125   +14 Elo +/- 23   3fold=179 (36%)   5317s      mean=0.520 LLR=+0.61 [CONTINUE]
 497 games  +146 =226 -125   +15 Elo +/- 23   3fold=179 (36%)   5333s      mean=0.521 LLR=+0.65 [CONTINUE]
 498 games  +147 =226 -125   +15 Elo +/- 23   3fold=179 (36%)   5335s      mean=0.522 LLR=+0.69 [CONTINUE]
 499 games  +148 =226 -125   +16 Elo +/- 23   3fold=179 (36%)   5349s      mean=0.523 LLR=+0.73 [CONTINUE]
 500 games  +148 =227 -125   +16 Elo +/- 23   3fold=180 (36%)   5362s      mean=0.523 LLR=+0.73 [CONTINUE]
 501 games  +148 =228 -125   +16 Elo +/- 22   3fold=181 (36%)   5367s      mean=0.523 LLR=+0.73 [CONTINUE]
 502 games  +148 =229 -125   +16 Elo +/- 22   3fold=182 (36%)   5372s      mean=0.523 LLR=+0.73 [CONTINUE]
 503 games  +148 =229 -126   +15 Elo +/- 22   3fold=182 (36%)   5395s      mean=0.522 LLR=+0.69 [CONTINUE]
 504 games  +148 =229 -127   +14 Elo +/- 22   3fold=182 (36%)   5397s      mean=0.521 LLR=+0.64 [CONTINUE]
 505 games  +148 =229 -128   +14 Elo +/- 22   3fold=182 (36%)   5405s      mean=0.520 LLR=+0.60 [CONTINUE]
 506 games  +148 =230 -128   +14 Elo +/- 22   3fold=183 (36%)   5427s      mean=0.520 LLR=+0.60 [CONTINUE]
 507 games  +148 =230 -129   +13 Elo +/- 22   3fold=183 (36%)   5429s      mean=0.519 LLR=+0.56 [CONTINUE]
 508 games  +148 =230 -130   +12 Elo +/- 22   3fold=183 (36%)   5429s      mean=0.518 LLR=+0.51 [CONTINUE]
 509 games  +149 =230 -130   +13 Elo +/- 22   3fold=183 (36%)   5459s      mean=0.519 LLR=+0.55 [CONTINUE]
 510 games  +150 =230 -130   +14 Elo +/- 22   3fold=183 (36%)   5465s      mean=0.520 LLR=+0.59 [CONTINUE]
 511 games  +150 =231 -130   +14 Elo +/- 22   3fold=183 (36%)   5469s      mean=0.520 LLR=+0.59 [CONTINUE]
 512 games  +150 =232 -130   +14 Elo +/- 22   3fold=184 (36%)   5493s      mean=0.520 LLR=+0.60 [CONTINUE]
 513 games  +151 =232 -130   +14 Elo +/- 22   3fold=184 (36%)   5494s      mean=0.520 LLR=+0.64 [CONTINUE]
 514 games  +151 =233 -130   +14 Elo +/- 22   3fold=185 (36%)   5497s      mean=0.520 LLR=+0.64 [CONTINUE]
 515 games  +152 =233 -130   +15 Elo +/- 22   3fold=185 (36%)   5529s      mean=0.521 LLR=+0.68 [CONTINUE]
 516 games  +152 =233 -131   +14 Elo +/- 22   3fold=185 (36%)   5530s      mean=0.520 LLR=+0.63 [CONTINUE]
 517 games  +152 =234 -131   +14 Elo +/- 22   3fold=186 (36%)   5532s      mean=0.520 LLR=+0.63 [CONTINUE]
 518 games  +152 =235 -131   +14 Elo +/- 22   3fold=187 (36%)   5556s      mean=0.520 LLR=+0.64 [CONTINUE]
 519 games  +153 =235 -131   +15 Elo +/- 22   3fold=187 (36%)   5557s      mean=0.521 LLR=+0.68 [CONTINUE]
 520 games  +154 =235 -131   +15 Elo +/- 22   3fold=187 (36%)   5561s      mean=0.522 LLR=+0.72 [CONTINUE]
 521 games  +154 =235 -132   +15 Elo +/- 22   3fold=187 (36%)   5587s      mean=0.521 LLR=+0.67 [CONTINUE]
 522 games  +154 =236 -132   +15 Elo +/- 22   3fold=188 (36%)   5589s      mean=0.521 LLR=+0.67 [CONTINUE]
 523 games  +154 =236 -133   +14 Elo +/- 22   3fold=188 (36%)   5590s      mean=0.520 LLR=+0.63 [CONTINUE]
 524 games  +155 =236 -133   +15 Elo +/- 22   3fold=188 (36%)   5619s      mean=0.521 LLR=+0.67 [CONTINUE]
 525 games  +156 =236 -133   +15 Elo +/- 22   3fold=188 (36%)   5626s      mean=0.522 LLR=+0.71 [CONTINUE]
 526 games  +156 =237 -133   +15 Elo +/- 22   3fold=189 (36%)   5628s      mean=0.522 LLR=+0.71 [CONTINUE]
 527 games  +156 =238 -133   +15 Elo +/- 22   3fold=189 (36%)   5657s      mean=0.522 LLR=+0.71 [CONTINUE]
 528 games  +156 =238 -134   +14 Elo +/- 22   3fold=189 (36%)   5664s      mean=0.521 LLR=+0.67 [CONTINUE]
 529 games  +157 =238 -134   +15 Elo +/- 22   3fold=189 (36%)   5668s      mean=0.522 LLR=+0.71 [CONTINUE]
 530 games  +157 =238 -135   +14 Elo +/- 22   3fold=189 (36%)   5687s      mean=0.521 LLR=+0.67 [CONTINUE]
 531 games  +157 =239 -135   +14 Elo +/- 22   3fold=190 (36%)   5694s      mean=0.521 LLR=+0.67 [CONTINUE]
 532 games  +157 =239 -136   +14 Elo +/- 22   3fold=190 (36%)   5697s      mean=0.520 LLR=+0.62 [CONTINUE]
 533 games  +157 =240 -136   +14 Elo +/- 22   3fold=191 (36%)   5724s      mean=0.520 LLR=+0.62 [CONTINUE]
 534 games  +157 =241 -136   +14 Elo +/- 22   3fold=192 (36%)   5726s      mean=0.520 LLR=+0.62 [CONTINUE]
 535 games  +157 =242 -136   +14 Elo +/- 22   3fold=193 (36%)   5727s      mean=0.520 LLR=+0.63 [CONTINUE]
 536 games  +157 =242 -137   +13 Elo +/- 22   3fold=193 (36%)   5753s      mean=0.519 LLR=+0.58 [CONTINUE]
 537 games  +157 =242 -138   +12 Elo +/- 22   3fold=193 (36%)   5760s      mean=0.518 LLR=+0.54 [CONTINUE]
 538 games  +157 =243 -138   +12 Elo +/- 22   3fold=193 (36%)   5766s      mean=0.518 LLR=+0.54 [CONTINUE]
 539 games  +157 =244 -138   +12 Elo +/- 22   3fold=194 (36%)   5783s      mean=0.518 LLR=+0.54 [CONTINUE]
 540 games  +157 =245 -138   +12 Elo +/- 22   3fold=194 (36%)   5794s      mean=0.518 LLR=+0.54 [CONTINUE]
 541 games  +158 =245 -138   +13 Elo +/- 22   3fold=194 (36%)   5806s      mean=0.518 LLR=+0.58 [CONTINUE]
 542 games  +158 =246 -138   +13 Elo +/- 22   3fold=195 (36%)   5810s      mean=0.518 LLR=+0.58 [CONTINUE]
 543 games  +158 =247 -138   +13 Elo +/- 22   3fold=195 (36%)   5827s      mean=0.518 LLR=+0.58 [CONTINUE]
 544 games  +158 =247 -139   +12 Elo +/- 22   3fold=195 (36%)   5835s      mean=0.517 LLR=+0.54 [CONTINUE]
 545 games  +158 =248 -139   +12 Elo +/- 22   3fold=196 (36%)   5838s      mean=0.517 LLR=+0.54 [CONTINUE]
 546 games  +158 =249 -139   +12 Elo +/- 22   3fold=197 (36%)   5856s      mean=0.517 LLR=+0.54 [CONTINUE]
 547 games  +158 =249 -140   +11 Elo +/- 22   3fold=197 (36%)   5865s      mean=0.516 LLR=+0.50 [CONTINUE]
 548 games  +158 =249 -141   +11 Elo +/- 22   3fold=197 (36%)   5867s      mean=0.516 LLR=+0.45 [CONTINUE]
 549 games  +159 =249 -141   +11 Elo +/- 22   3fold=197 (36%)   5891s      mean=0.516 LLR=+0.49 [CONTINUE]
 550 games  +160 =249 -141   +12 Elo +/- 22   3fold=197 (36%)   5892s      mean=0.517 LLR=+0.53 [CONTINUE]
 551 games  +160 =249 -142   +11 Elo +/- 22   3fold=197 (36%)   5902s      mean=0.516 LLR=+0.49 [CONTINUE]
 552 games  +160 =250 -142   +11 Elo +/- 21   3fold=198 (36%)   5925s      mean=0.516 LLR=+0.49 [CONTINUE]
 553 games  +160 =251 -142   +11 Elo +/- 21   3fold=199 (36%)   5928s      mean=0.516 LLR=+0.49 [CONTINUE]
 554 games  +160 =252 -142   +11 Elo +/- 21   3fold=200 (36%)   5930s      mean=0.516 LLR=+0.49 [CONTINUE]
 555 games  +160 =252 -143   +11 Elo +/- 21   3fold=200 (36%)   5955s      mean=0.515 LLR=+0.45 [CONTINUE]
 556 games  +161 =252 -143   +11 Elo +/- 21   3fold=200 (36%)   5958s      mean=0.516 LLR=+0.49 [CONTINUE]
 557 games  +161 =252 -144   +11 Elo +/- 21   3fold=200 (36%)   5962s      mean=0.515 LLR=+0.45 [CONTINUE]
 558 games  +162 =252 -144   +11 Elo +/- 21   3fold=200 (36%)   5985s      mean=0.516 LLR=+0.49 [CONTINUE]
 559 games  +162 =253 -144   +11 Elo +/- 21   3fold=201 (36%)   5991s      mean=0.516 LLR=+0.49 [CONTINUE]
 560 games  +162 =254 -144   +11 Elo +/- 21   3fold=201 (36%)   6003s      mean=0.516 LLR=+0.49 [CONTINUE]
 561 games  +162 =254 -145   +11 Elo +/- 21   3fold=201 (36%)   6012s      mean=0.515 LLR=+0.44 [CONTINUE]
 562 games  +162 =255 -145   +11 Elo +/- 21   3fold=201 (36%)   6022s      mean=0.515 LLR=+0.44 [CONTINUE]
 563 games  +162 =256 -145   +10 Elo +/- 21   3fold=202 (36%)   6032s      mean=0.515 LLR=+0.44 [CONTINUE]
 564 games  +163 =256 -145   +11 Elo +/- 21   3fold=202 (36%)   6044s      mean=0.516 LLR=+0.49 [CONTINUE]
 565 games  +163 =256 -146   +10 Elo +/- 21   3fold=202 (36%)   6051s      mean=0.515 LLR=+0.44 [CONTINUE]
 566 games  +163 =256 -147   +10 Elo +/- 21   3fold=202 (36%)   6067s      mean=0.514 LLR=+0.40 [CONTINUE]
 567 games  +164 =256 -147   +10 Elo +/- 21   3fold=202 (36%)   6073s      mean=0.515 LLR=+0.44 [CONTINUE]
 568 games  +164 =256 -148   +10 Elo +/- 21   3fold=202 (36%)   6082s      mean=0.514 LLR=+0.40 [CONTINUE]
 569 games  +165 =256 -148   +10 Elo +/- 21   3fold=202 (36%)   6096s      mean=0.515 LLR=+0.44 [CONTINUE]
 570 games  +165 =256 -149   +10 Elo +/- 21   3fold=202 (35%)   6103s      mean=0.514 LLR=+0.40 [CONTINUE]
 571 games  +166 =256 -149   +10 Elo +/- 21   3fold=202 (35%)   6114s      mean=0.515 LLR=+0.44 [CONTINUE]
 572 games  +166 =257 -149   +10 Elo +/- 21   3fold=203 (35%)   6119s      mean=0.515 LLR=+0.44 [CONTINUE]
 573 games  +167 =257 -149   +11 Elo +/- 21   3fold=203 (35%)   6131s      mean=0.516 LLR=+0.48 [CONTINUE]
 574 games  +167 =258 -149   +11 Elo +/- 21   3fold=204 (36%)   6144s      mean=0.516 LLR=+0.48 [CONTINUE]
 575 games  +167 =258 -150   +10 Elo +/- 21   3fold=204 (35%)   6144s      mean=0.515 LLR=+0.43 [CONTINUE]
 576 games  +167 =258 -151   +10 Elo +/- 21   3fold=204 (35%)   6155s      mean=0.514 LLR=+0.39 [CONTINUE]
 577 games  +168 =258 -151   +10 Elo +/- 21   3fold=204 (35%)   6174s      mean=0.515 LLR=+0.43 [CONTINUE]
 578 games  +169 =258 -151   +11 Elo +/- 21   3fold=204 (35%)   6175s      mean=0.516 LLR=+0.47 [CONTINUE]
 579 games  +169 =259 -151   +11 Elo +/- 21   3fold=205 (35%)   6185s      mean=0.516 LLR=+0.47 [CONTINUE]
 580 games  +169 =259 -152   +10 Elo +/- 21   3fold=205 (35%)   6205s      mean=0.515 LLR=+0.43 [CONTINUE]
 581 games  +169 =259 -153   +10 Elo +/- 21   3fold=205 (35%)   6207s      mean=0.514 LLR=+0.39 [CONTINUE]
 582 games  +170 =259 -153   +10 Elo +/- 21   3fold=205 (35%)   6220s      mean=0.515 LLR=+0.43 [CONTINUE]
 583 games  +170 =260 -153   +10 Elo +/- 21   3fold=206 (35%)   6228s      mean=0.515 LLR=+0.43 [CONTINUE]
 584 games  +171 =260 -153   +11 Elo +/- 21   3fold=206 (35%)   6241s      mean=0.515 LLR=+0.47 [CONTINUE]
 585 games  +171 =261 -153   +11 Elo +/- 21   3fold=207 (35%)   6251s      mean=0.515 LLR=+0.47 [CONTINUE]
 586 games  +171 =262 -153   +11 Elo +/- 21   3fold=208 (35%)   6260s      mean=0.515 LLR=+0.47 [CONTINUE]
 587 games  +171 =262 -154   +10 Elo +/- 21   3fold=208 (35%)   6276s      mean=0.514 LLR=+0.43 [CONTINUE]
 588 games  +172 =262 -154   +11 Elo +/- 21   3fold=208 (35%)   6284s      mean=0.515 LLR=+0.47 [CONTINUE]
 589 games  +173 =262 -154   +11 Elo +/- 21   3fold=208 (35%)   6290s      mean=0.516 LLR=+0.51 [CONTINUE]
 590 games  +173 =263 -154   +11 Elo +/- 21   3fold=209 (35%)   6303s      mean=0.516 LLR=+0.51 [CONTINUE]
 591 games  +174 =263 -154   +12 Elo +/- 21   3fold=209 (35%)   6317s      mean=0.517 LLR=+0.55 [CONTINUE]
 592 games  +174 =263 -155   +11 Elo +/- 21   3fold=209 (35%)   6326s      mean=0.516 LLR=+0.51 [CONTINUE]
 593 games  +174 =264 -155   +11 Elo +/- 21   3fold=210 (35%)   6329s      mean=0.516 LLR=+0.51 [CONTINUE]
 594 games  +175 =264 -155   +12 Elo +/- 21   3fold=210 (35%)   6347s      mean=0.517 LLR=+0.55 [CONTINUE]
 595 games  +176 =264 -155   +12 Elo +/- 21   3fold=210 (35%)   6357s      mean=0.518 LLR=+0.59 [CONTINUE]
 596 games  +176 =264 -156   +12 Elo +/- 21   3fold=210 (35%)   6360s      mean=0.517 LLR=+0.54 [CONTINUE]
 597 games  +176 =264 -157   +11 Elo +/- 21   3fold=210 (35%)   6386s      mean=0.516 LLR=+0.50 [CONTINUE]
 598 games  +177 =264 -157   +12 Elo +/- 21   3fold=210 (35%)   6389s      mean=0.517 LLR=+0.54 [CONTINUE]
 599 games  +177 =265 -157   +12 Elo +/- 21   3fold=210 (35%)   6405s      mean=0.517 LLR=+0.54 [CONTINUE]
 600 games  +177 =266 -157   +12 Elo +/- 21   3fold=211 (35%)   6412s      mean=0.517 LLR=+0.54 [CONTINUE]
 601 games  +177 =267 -157   +12 Elo +/- 21   3fold=211 (35%)   6426s      mean=0.517 LLR=+0.54 [CONTINUE]
 602 games  +177 =268 -157   +12 Elo +/- 21   3fold=211 (35%)   6437s      mean=0.517 LLR=+0.54 [CONTINUE]
 603 games  +178 =268 -157   +12 Elo +/- 21   3fold=211 (35%)   6442s      mean=0.517 LLR=+0.58 [CONTINUE]
 604 games  +178 =268 -158   +12 Elo +/- 21   3fold=211 (35%)   6463s      mean=0.517 LLR=+0.54 [CONTINUE]
 605 games  +178 =268 -159   +11 Elo +/- 21   3fold=211 (35%)   6467s      mean=0.516 LLR=+0.50 [CONTINUE]
 606 games  +178 =269 -159   +11 Elo +/- 21   3fold=212 (35%)   6475s      mean=0.516 LLR=+0.50 [CONTINUE]
 607 games  +179 =269 -159   +11 Elo +/- 21   3fold=212 (35%)   6492s      mean=0.516 LLR=+0.54 [CONTINUE]
 608 games  +180 =269 -159   +12 Elo +/- 21   3fold=212 (35%)   6502s      mean=0.517 LLR=+0.58 [CONTINUE]
 609 games  +180 =269 -160   +11 Elo +/- 21   3fold=212 (35%)   6508s      mean=0.516 LLR=+0.54 [CONTINUE]
 610 games  +181 =269 -160   +12 Elo +/- 21   3fold=212 (35%)   6522s      mean=0.517 LLR=+0.58 [CONTINUE]
 611 games  +181 =270 -160   +12 Elo +/- 21   3fold=213 (35%)   6534s      mean=0.517 LLR=+0.58 [CONTINUE]
 612 games  +182 =270 -160   +12 Elo +/- 21   3fold=213 (35%)   6535s      mean=0.518 LLR=+0.62 [CONTINUE]
 613 games  +182 =271 -160   +12 Elo +/- 21   3fold=214 (35%)   6548s      mean=0.518 LLR=+0.62 [CONTINUE]
 614 games  +183 =271 -160   +13 Elo +/- 21   3fold=214 (35%)   6560s      mean=0.519 LLR=+0.66 [CONTINUE]
 615 games  +184 =271 -160   +14 Elo +/- 21   3fold=214 (35%)   6563s      mean=0.520 LLR=+0.70 [CONTINUE]
 616 games  +184 =271 -161   +13 Elo +/- 21   3fold=214 (35%)   6583s      mean=0.519 LLR=+0.66 [CONTINUE]
 617 games  +184 =272 -161   +13 Elo +/- 21   3fold=215 (35%)   6591s      mean=0.519 LLR=+0.66 [CONTINUE]
 618 games  +184 =272 -162   +12 Elo +/- 21   3fold=215 (35%)   6597s      mean=0.518 LLR=+0.61 [CONTINUE]
 619 games  +185 =272 -162   +13 Elo +/- 21   3fold=215 (35%)   6614s      mean=0.519 LLR=+0.65 [CONTINUE]
 620 games  +185 =273 -162   +13 Elo +/- 20   3fold=216 (35%)   6622s      mean=0.519 LLR=+0.65 [CONTINUE]
 621 games  +186 =273 -162   +13 Elo +/- 20   3fold=216 (35%)   6630s      mean=0.519 LLR=+0.69 [CONTINUE]
 622 games  +186 =273 -163   +13 Elo +/- 20   3fold=216 (35%)   6641s      mean=0.518 LLR=+0.65 [CONTINUE]
 623 games  +187 =273 -163   +13 Elo +/- 20   3fold=216 (35%)   6654s      mean=0.519 LLR=+0.69 [CONTINUE]
 624 games  +187 =273 -164   +13 Elo +/- 20   3fold=216 (35%)   6662s      mean=0.518 LLR=+0.65 [CONTINUE]
 625 games  +187 =274 -164   +13 Elo +/- 20   3fold=217 (35%)   6672s      mean=0.518 LLR=+0.65 [CONTINUE]
 626 games  +187 =275 -164   +13 Elo +/- 20   3fold=218 (35%)   6681s      mean=0.518 LLR=+0.65 [CONTINUE]
 627 games  +187 =276 -164   +13 Elo +/- 20   3fold=218 (35%)   6694s      mean=0.518 LLR=+0.65 [CONTINUE]
 628 games  +187 =277 -164   +13 Elo +/- 20   3fold=218 (35%)   6703s      mean=0.518 LLR=+0.65 [CONTINUE]
 629 games  +187 =278 -164   +13 Elo +/- 20   3fold=219 (35%)   6710s      mean=0.518 LLR=+0.65 [CONTINUE]
 630 games  +187 =278 -165   +12 Elo +/- 20   3fold=219 (35%)   6723s      mean=0.517 LLR=+0.61 [CONTINUE]
 631 games  +188 =278 -165   +13 Elo +/- 20   3fold=219 (35%)   6737s      mean=0.518 LLR=+0.65 [CONTINUE]
 632 games  +188 =279 -165   +13 Elo +/- 20   3fold=220 (35%)   6741s      mean=0.518 LLR=+0.65 [CONTINUE]
 633 games  +188 =280 -165   +13 Elo +/- 20   3fold=221 (35%)   6757s      mean=0.518 LLR=+0.65 [CONTINUE]
 634 games  +189 =280 -165   +13 Elo +/- 20   3fold=221 (35%)   6767s      mean=0.519 LLR=+0.69 [CONTINUE]
 635 games  +190 =280 -165   +14 Elo +/- 20   3fold=221 (35%)   6775s      mean=0.520 LLR=+0.73 [CONTINUE]
 636 games  +190 =281 -165   +14 Elo +/- 20   3fold=222 (35%)   6799s      mean=0.520 LLR=+0.73 [CONTINUE]
 637 games  +190 =281 -166   +13 Elo +/- 20   3fold=222 (35%)   6801s      mean=0.519 LLR=+0.69 [CONTINUE]
 638 games  +191 =281 -166   +14 Elo +/- 20   3fold=222 (35%)   6806s      mean=0.520 LLR=+0.73 [CONTINUE]
 639 games  +191 =282 -166   +14 Elo +/- 20   3fold=223 (35%)   6826s      mean=0.520 LLR=+0.73 [CONTINUE]
 640 games  +191 =282 -167   +13 Elo +/- 20   3fold=223 (35%)   6834s      mean=0.519 LLR=+0.69 [CONTINUE]
 641 games  +192 =282 -167   +14 Elo +/- 20   3fold=223 (35%)   6836s      mean=0.520 LLR=+0.73 [CONTINUE]
 642 games  +192 =282 -168   +13 Elo +/- 20   3fold=223 (35%)   6853s      mean=0.519 LLR=+0.68 [CONTINUE]
 643 games  +192 =283 -168   +13 Elo +/- 20   3fold=224 (35%)   6858s      mean=0.519 LLR=+0.68 [CONTINUE]
 644 games  +193 =283 -168   +13 Elo +/- 20   3fold=224 (35%)   6877s      mean=0.519 LLR=+0.72 [CONTINUE]
 645 games  +193 =283 -169   +13 Elo +/- 20   3fold=224 (35%)   6885s      mean=0.519 LLR=+0.68 [CONTINUE]
 646 games  +193 =283 -170   +12 Elo +/- 20   3fold=224 (35%)   6887s      mean=0.518 LLR=+0.64 [CONTINUE]
 647 games  +194 =283 -170   +13 Elo +/- 20   3fold=224 (35%)   6906s      mean=0.519 LLR=+0.68 [CONTINUE]
 648 games  +194 =283 -171   +12 Elo +/- 20   3fold=224 (35%)   6917s      mean=0.518 LLR=+0.64 [CONTINUE]
 649 games  +195 =283 -171   +13 Elo +/- 20   3fold=224 (35%)   6921s      mean=0.518 LLR=+0.68 [CONTINUE]
 650 games  +195 =283 -172   +12 Elo +/- 20   3fold=224 (34%)   6936s      mean=0.518 LLR=+0.63 [CONTINUE]
 651 games  +196 =283 -172   +13 Elo +/- 20   3fold=224 (34%)   6945s      mean=0.518 LLR=+0.67 [CONTINUE]
 652 games  +196 =283 -173   +12 Elo +/- 20   3fold=224 (34%)   6955s      mean=0.518 LLR=+0.63 [CONTINUE]
 653 games  +197 =283 -173   +13 Elo +/- 20   3fold=224 (34%)   6962s      mean=0.518 LLR=+0.67 [CONTINUE]
 654 games  +197 =284 -173   +13 Elo +/- 20   3fold=225 (34%)   6981s      mean=0.518 LLR=+0.67 [CONTINUE]
 655 games  +197 =285 -173   +13 Elo +/- 20   3fold=226 (35%)   6991s      mean=0.518 LLR=+0.67 [CONTINUE]
 656 games  +198 =285 -173   +13 Elo +/- 20   3fold=226 (34%)   6994s      mean=0.519 LLR=+0.71 [CONTINUE]
 657 games  +198 =285 -174   +13 Elo +/- 20   3fold=226 (34%)   7012s      mean=0.518 LLR=+0.67 [CONTINUE]
 658 games  +198 =286 -174   +13 Elo +/- 20   3fold=227 (34%)   7019s      mean=0.518 LLR=+0.67 [CONTINUE]
 659 games  +199 =286 -174   +13 Elo +/- 20   3fold=227 (34%)   7027s      mean=0.519 LLR=+0.71 [CONTINUE]
 660 games  +200 =286 -174   +14 Elo +/- 20   3fold=227 (34%)   7045s      mean=0.520 LLR=+0.75 [CONTINUE]
 661 games  +200 =286 -175   +13 Elo +/- 20   3fold=227 (34%)   7052s      mean=0.519 LLR=+0.71 [CONTINUE]
 662 games  +200 =286 -176   +13 Elo +/- 20   3fold=227 (34%)   7057s      mean=0.518 LLR=+0.67 [CONTINUE]
 663 games  +201 =286 -176   +13 Elo +/- 20   3fold=227 (34%)   7079s      mean=0.519 LLR=+0.70 [CONTINUE]
 664 games  +202 =286 -176   +14 Elo +/- 20   3fold=227 (34%)   7089s      mean=0.520 LLR=+0.74 [CONTINUE]
 665 games  +202 =287 -176   +14 Elo +/- 20   3fold=227 (34%)   7093s      mean=0.520 LLR=+0.75 [CONTINUE]
 666 games  +202 =288 -176   +14 Elo +/- 20   3fold=228 (34%)   7104s      mean=0.520 LLR=+0.75 [CONTINUE]
 667 games  +203 =288 -176   +14 Elo +/- 20   3fold=228 (34%)   7119s      mean=0.520 LLR=+0.79 [CONTINUE]
 668 games  +204 =288 -176   +15 Elo +/- 20   3fold=228 (34%)   7123s      mean=0.521 LLR=+0.82 [CONTINUE]
 669 games  +204 =289 -176   +15 Elo +/- 20   3fold=229 (34%)   7136s      mean=0.521 LLR=+0.83 [CONTINUE]
 670 games  +204 =290 -176   +15 Elo +/- 20   3fold=230 (34%)   7148s      mean=0.521 LLR=+0.83 [CONTINUE]
 671 games  +204 =291 -176   +15 Elo +/- 20   3fold=231 (34%)   7152s      mean=0.521 LLR=+0.83 [CONTINUE]
 672 games  +204 =291 -177   +14 Elo +/- 20   3fold=231 (34%)   7170s      mean=0.520 LLR=+0.78 [CONTINUE]
 673 games  +205 =291 -177   +14 Elo +/- 20   3fold=231 (34%)   7183s      mean=0.521 LLR=+0.82 [CONTINUE]
 674 games  +205 =292 -177   +14 Elo +/- 20   3fold=232 (34%)   7186s      mean=0.521 LLR=+0.82 [CONTINUE]
 675 games  +206 =292 -177   +15 Elo +/- 20   3fold=232 (34%)   7200s      mean=0.521 LLR=+0.86 [CONTINUE]
 676 games  +206 =292 -178   +14 Elo +/- 20   3fold=232 (34%)   7215s      mean=0.521 LLR=+0.82 [CONTINUE]
 677 games  +206 =292 -179   +14 Elo +/- 20   3fold=232 (34%)   7221s      mean=0.520 LLR=+0.78 [CONTINUE]
 678 games  +207 =292 -179   +14 Elo +/- 20   3fold=232 (34%)   7231s      mean=0.521 LLR=+0.82 [CONTINUE]
 679 games  +207 =293 -179   +14 Elo +/- 20   3fold=233 (34%)   7250s      mean=0.521 LLR=+0.82 [CONTINUE]
 680 games  +207 =294 -179   +14 Elo +/- 20   3fold=234 (34%)   7255s      mean=0.521 LLR=+0.82 [CONTINUE]
 681 games  +208 =294 -179   +15 Elo +/- 20   3fold=234 (34%)   7262s      mean=0.521 LLR=+0.86 [CONTINUE]
 682 games  +208 =295 -179   +15 Elo +/- 20   3fold=234 (34%)   7286s      mean=0.521 LLR=+0.86 [CONTINUE]
 683 games  +209 =295 -179   +15 Elo +/- 20   3fold=234 (34%)   7288s      mean=0.522 LLR=+0.90 [CONTINUE]
 684 games  +209 =295 -180   +15 Elo +/- 20   3fold=234 (34%)   7292s      mean=0.521 LLR=+0.86 [CONTINUE]
 685 games  +209 =296 -180   +15 Elo +/- 20   3fold=235 (34%)   7313s      mean=0.521 LLR=+0.86 [CONTINUE]
 686 games  +210 =296 -180   +15 Elo +/- 20   3fold=235 (34%)   7322s      mean=0.522 LLR=+0.90 [CONTINUE]
 687 games  +210 =297 -180   +15 Elo +/- 20   3fold=236 (34%)   7323s      mean=0.522 LLR=+0.90 [CONTINUE]
 688 games  +211 =297 -180   +16 Elo +/- 20   3fold=236 (34%)   7341s      mean=0.523 LLR=+0.94 [CONTINUE]
 689 games  +212 =297 -180   +16 Elo +/- 20   3fold=236 (34%)   7346s      mean=0.523 LLR=+0.98 [CONTINUE]
 690 games  +213 =297 -180   +17 Elo +/- 20   3fold=236 (34%)   7352s      mean=0.524 LLR=+1.02 [CONTINUE]
 691 games  +214 =297 -180   +17 Elo +/- 20   3fold=236 (34%)   7378s      mean=0.525 LLR=+1.06 [CONTINUE]
 692 games  +214 =298 -180   +17 Elo +/- 20   3fold=237 (34%)   7381s      mean=0.525 LLR=+1.06 [CONTINUE]
 693 games  +214 =298 -181   +17 Elo +/- 20   3fold=237 (34%)   7390s      mean=0.524 LLR=+1.01 [CONTINUE]
 694 games  +214 =299 -181   +17 Elo +/- 20   3fold=238 (34%)   7409s      mean=0.524 LLR=+1.02 [CONTINUE]
 695 games  +214 =299 -182   +16 Elo +/- 20   3fold=238 (34%)   7411s      mean=0.523 LLR=+0.97 [CONTINUE]
 696 games  +214 =300 -182   +16 Elo +/- 19   3fold=239 (34%)   7420s      mean=0.523 LLR=+0.97 [CONTINUE]
 697 games  +215 =300 -182   +16 Elo +/- 19   3fold=239 (34%)   7441s      mean=0.524 LLR=+1.01 [CONTINUE]
 698 games  +215 =301 -182   +16 Elo +/- 19   3fold=240 (34%)   7447s      mean=0.524 LLR=+1.01 [CONTINUE]
 699 games  +215 =302 -182   +16 Elo +/- 19   3fold=240 (34%)   7450s      mean=0.524 LLR=+1.02 [CONTINUE]
 700 games  +215 =303 -182   +16 Elo +/- 19   3fold=241 (34%)   7464s      mean=0.524 LLR=+1.02 [CONTINUE]
 701 games  +216 =303 -182   +17 Elo +/- 19   3fold=241 (34%)   7478s      mean=0.524 LLR=+1.06 [CONTINUE]
 702 games  +216 =303 -183   +16 Elo +/- 19   3fold=241 (34%)   7485s      mean=0.524 LLR=+1.01 [CONTINUE]
 703 games  +216 =303 -184   +16 Elo +/- 19   3fold=241 (34%)   7498s      mean=0.523 LLR=+0.97 [CONTINUE]
 704 games  +217 =303 -184   +16 Elo +/- 19   3fold=241 (34%)   7506s      mean=0.523 LLR=+1.01 [CONTINUE]
 705 games  +218 =303 -184   +17 Elo +/- 19   3fold=241 (34%)   7515s      mean=0.524 LLR=+1.05 [CONTINUE]
 706 games  +218 =304 -184   +17 Elo +/- 19   3fold=242 (34%)   7525s      mean=0.524 LLR=+1.05 [CONTINUE]
 707 games  +218 =305 -184   +17 Elo +/- 19   3fold=242 (34%)   7538s      mean=0.524 LLR=+1.05 [CONTINUE]
 708 games  +218 =305 -185   +16 Elo +/- 19   3fold=242 (34%)   7552s      mean=0.523 LLR=+1.01 [CONTINUE]
 709 games  +218 =306 -185   +16 Elo +/- 19   3fold=243 (34%)   7553s      mean=0.523 LLR=+1.01 [CONTINUE]
 710 games  +219 =306 -185   +17 Elo +/- 19   3fold=243 (34%)   7565s      mean=0.524 LLR=+1.05 [CONTINUE]
 711 games  +220 =306 -185   +17 Elo +/- 19   3fold=243 (34%)   7582s      mean=0.525 LLR=+1.09 [CONTINUE]
 712 games  +221 =306 -185   +18 Elo +/- 19   3fold=243 (34%)   7590s      mean=0.525 LLR=+1.13 [CONTINUE]
 713 games  +221 =306 -186   +17 Elo +/- 19   3fold=243 (34%)   7599s      mean=0.525 LLR=+1.09 [CONTINUE]
 714 games  +221 =307 -186   +17 Elo +/- 19   3fold=244 (34%)   7615s      mean=0.525 LLR=+1.09 [CONTINUE]
 715 games  +222 =307 -186   +18 Elo +/- 19   3fold=244 (34%)   7622s      mean=0.525 LLR=+1.13 [CONTINUE]
 716 games  +222 =308 -186   +17 Elo +/- 19   3fold=245 (34%)   7635s      mean=0.525 LLR=+1.13 [CONTINUE]
 717 games  +222 =309 -186   +17 Elo +/- 19   3fold=246 (34%)   7648s      mean=0.525 LLR=+1.13 [CONTINUE]
 718 games  +223 =309 -186   +18 Elo +/- 19   3fold=246 (34%)   7651s      mean=0.526 LLR=+1.17 [CONTINUE]
 719 games  +223 =309 -187   +17 Elo +/- 19   3fold=246 (34%)   7666s      mean=0.525 LLR=+1.12 [CONTINUE]
 720 games  +223 =310 -187   +17 Elo +/- 19   3fold=246 (34%)   7685s      mean=0.525 LLR=+1.13 [CONTINUE]
 721 games  +223 =310 -188   +17 Elo +/- 19   3fold=246 (34%)   7689s      mean=0.524 LLR=+1.08 [CONTINUE]
 722 games  +223 =310 -189   +16 Elo +/- 19   3fold=246 (34%)   7698s      mean=0.524 LLR=+1.04 [CONTINUE]
 723 games  +223 =310 -190   +16 Elo +/- 19   3fold=246 (34%)   7716s      mean=0.523 LLR=+1.00 [CONTINUE]
 724 games  +223 =310 -191   +15 Elo +/- 19   3fold=246 (34%)   7721s      mean=0.522 LLR=+0.96 [CONTINUE]
 725 games  +223 =311 -191   +15 Elo +/- 19   3fold=247 (34%)   7727s      mean=0.522 LLR=+0.96 [CONTINUE]
 726 games  +223 =312 -191   +15 Elo +/- 19   3fold=248 (34%)   7744s      mean=0.522 LLR=+0.96 [CONTINUE]
 727 games  +224 =312 -191   +16 Elo +/- 19   3fold=248 (34%)   7747s      mean=0.523 LLR=+1.00 [CONTINUE]
 728 games  +225 =312 -191   +16 Elo +/- 19   3fold=248 (34%)   7750s      mean=0.523 LLR=+1.04 [CONTINUE]
 729 games  +226 =312 -191   +17 Elo +/- 19   3fold=248 (34%)   7775s      mean=0.524 LLR=+1.08 [CONTINUE]
 730 games  +226 =312 -192   +16 Elo +/- 19   3fold=248 (34%)   7775s      mean=0.523 LLR=+1.03 [CONTINUE]
 731 games  +226 =313 -192   +16 Elo +/- 19   3fold=248 (34%)   7791s      mean=0.523 LLR=+1.03 [CONTINUE]
 732 games  +227 =313 -192   +17 Elo +/- 19   3fold=248 (34%)   7804s      mean=0.524 LLR=+1.07 [CONTINUE]
 733 games  +227 =313 -193   +16 Elo +/- 19   3fold=248 (34%)   7804s      mean=0.523 LLR=+1.03 [CONTINUE]
 734 games  +227 =314 -193   +16 Elo +/- 19   3fold=249 (34%)   7821s      mean=0.523 LLR=+1.03 [CONTINUE]
 735 games  +228 =314 -193   +17 Elo +/- 19   3fold=249 (34%)   7831s      mean=0.524 LLR=+1.07 [CONTINUE]
 736 games  +229 =314 -193   +17 Elo +/- 19   3fold=249 (34%)   7835s      mean=0.524 LLR=+1.11 [CONTINUE]
 737 games  +229 =314 -194   +17 Elo +/- 19   3fold=249 (34%)   7849s      mean=0.524 LLR=+1.07 [CONTINUE]
 738 games  +229 =315 -194   +16 Elo +/- 19   3fold=250 (34%)   7861s      mean=0.524 LLR=+1.07 [CONTINUE]
 739 games  +229 =316 -194   +16 Elo +/- 19   3fold=250 (34%)   7865s      mean=0.524 LLR=+1.07 [CONTINUE]
 740 games  +230 =316 -194   +17 Elo +/- 19   3fold=250 (34%)   7880s      mean=0.524 LLR=+1.11 [CONTINUE]
 741 games  +231 =316 -194   +17 Elo +/- 19   3fold=250 (34%)   7895s      mean=0.525 LLR=+1.15 [CONTINUE]
 742 games  +231 =316 -195   +17 Elo +/- 19   3fold=250 (34%)   7898s      mean=0.524 LLR=+1.11 [CONTINUE]
 743 games  +231 =316 -196   +16 Elo +/- 19   3fold=250 (34%)   7911s      mean=0.524 LLR=+1.06 [CONTINUE]
 744 games  +231 =317 -196   +16 Elo +/- 19   3fold=251 (34%)   7923s      mean=0.524 LLR=+1.06 [CONTINUE]
 745 games  +231 =317 -197   +16 Elo +/- 19   3fold=251 (34%)   7927s      mean=0.523 LLR=+1.02 [CONTINUE]
 746 games  +232 =317 -197   +16 Elo +/- 19   3fold=251 (34%)   7943s      mean=0.523 LLR=+1.06 [CONTINUE]
 747 games  +232 =317 -198   +16 Elo +/- 19   3fold=251 (34%)   7955s      mean=0.523 LLR=+1.02 [CONTINUE]
 748 games  +233 =317 -198   +16 Elo +/- 19   3fold=251 (34%)   7962s      mean=0.523 LLR=+1.06 [CONTINUE]
 749 games  +233 =318 -198   +16 Elo +/- 19   3fold=252 (34%)   7967s      mean=0.523 LLR=+1.06 [CONTINUE]
 750 games  +233 =318 -199   +16 Elo +/- 19   3fold=252 (34%)   7991s      mean=0.523 LLR=+1.02 [CONTINUE]
 751 games  +233 =318 -200   +15 Elo +/- 19   3fold=252 (34%)   7993s      mean=0.522 LLR=+0.98 [CONTINUE]
 752 games  +234 =318 -200   +16 Elo +/- 19   3fold=252 (34%)   7998s      mean=0.523 LLR=+1.01 [CONTINUE]
 753 games  +235 =318 -200   +16 Elo +/- 19   3fold=252 (33%)   8021s      mean=0.523 LLR=+1.05 [CONTINUE]
 754 games  +235 =319 -200   +16 Elo +/- 19   3fold=253 (34%)   8022s      mean=0.523 LLR=+1.05 [CONTINUE]
 755 games  +235 =320 -200   +16 Elo +/- 19   3fold=253 (34%)   8029s      mean=0.523 LLR=+1.06 [CONTINUE]
 756 games  +235 =321 -200   +16 Elo +/- 19   3fold=254 (34%)   8046s      mean=0.523 LLR=+1.06 [CONTINUE]
 757 games  +235 =322 -200   +16 Elo +/- 19   3fold=255 (34%)   8057s      mean=0.523 LLR=+1.06 [CONTINUE]
 758 games  +235 =322 -201   +16 Elo +/- 19   3fold=255 (34%)   8058s      mean=0.522 LLR=+1.02 [CONTINUE]
 759 games  +235 =323 -201   +16 Elo +/- 19   3fold=256 (34%)   8076s      mean=0.522 LLR=+1.02 [CONTINUE]
 760 games  +235 =324 -201   +16 Elo +/- 19   3fold=257 (34%)   8080s      mean=0.522 LLR=+1.02 [CONTINUE]
 761 games  +235 =325 -201   +16 Elo +/- 19   3fold=257 (34%)   8102s      mean=0.522 LLR=+1.02 [CONTINUE]
 762 games  +235 =325 -202   +15 Elo +/- 19   3fold=257 (34%)   8112s      mean=0.522 LLR=+0.98 [CONTINUE]
 763 games  +236 =325 -202   +15 Elo +/- 19   3fold=257 (34%)   8113s      mean=0.522 LLR=+1.01 [CONTINUE]
 764 games  +236 =326 -202   +15 Elo +/- 19   3fold=258 (34%)   8130s      mean=0.522 LLR=+1.02 [CONTINUE]
 765 games  +236 =327 -202   +15 Elo +/- 19   3fold=259 (34%)   8144s      mean=0.522 LLR=+1.02 [CONTINUE]
 766 games  +236 =327 -203   +15 Elo +/- 19   3fold=259 (34%)   8145s      mean=0.522 LLR=+0.97 [CONTINUE]
 767 games  +236 =328 -203   +15 Elo +/- 19   3fold=260 (34%)   8156s      mean=0.522 LLR=+0.98 [CONTINUE]
 768 games  +237 =328 -203   +15 Elo +/- 19   3fold=260 (34%)   8174s      mean=0.522 LLR=+1.01 [CONTINUE]
 769 games  +237 =329 -203   +15 Elo +/- 19   3fold=261 (34%)   8176s      mean=0.522 LLR=+1.02 [CONTINUE]
 770 games  +237 =330 -203   +15 Elo +/- 19   3fold=261 (34%)   8193s      mean=0.522 LLR=+1.02 [CONTINUE]
 771 games  +238 =330 -203   +16 Elo +/- 19   3fold=261 (34%)   8205s      mean=0.523 LLR=+1.06 [CONTINUE]
 772 games  +239 =330 -203   +16 Elo +/- 19   3fold=261 (34%)   8210s      mean=0.523 LLR=+1.09 [CONTINUE]
 773 games  +239 =331 -203   +16 Elo +/- 19   3fold=262 (34%)   8232s      mean=0.523 LLR=+1.10 [CONTINUE]
 774 games  +239 =332 -203   +16 Elo +/- 19   3fold=263 (34%)   8233s      mean=0.523 LLR=+1.10 [CONTINUE]
 775 games  +239 =333 -203   +16 Elo +/- 18   3fold=263 (34%)   8242s      mean=0.523 LLR=+1.10 [CONTINUE]
 776 games  +239 =334 -203   +16 Elo +/- 18   3fold=264 (34%)   8260s      mean=0.523 LLR=+1.10 [CONTINUE]
 777 games  +239 =335 -203   +16 Elo +/- 18   3fold=265 (34%)   8260s      mean=0.523 LLR=+1.10 [CONTINUE]
 778 games  +240 =335 -203   +17 Elo +/- 18   3fold=265 (34%)   8269s      mean=0.524 LLR=+1.14 [CONTINUE]
 779 games  +240 =336 -203   +17 Elo +/- 18   3fold=266 (34%)   8290s      mean=0.524 LLR=+1.14 [CONTINUE]
 780 games  +241 =336 -203   +17 Elo +/- 18   3fold=266 (34%)   8292s      mean=0.524 LLR=+1.18 [CONTINUE]
 781 games  +242 =336 -203   +17 Elo +/- 18   3fold=266 (34%)   8302s      mean=0.525 LLR=+1.22 [CONTINUE]
 782 games  +243 =336 -203   +18 Elo +/- 18   3fold=266 (34%)   8325s      mean=0.526 LLR=+1.26 [CONTINUE]
 783 games  +243 =337 -203   +18 Elo +/- 18   3fold=267 (34%)   8328s      mean=0.526 LLR=+1.26 [CONTINUE]
 784 games  +244 =337 -203   +18 Elo +/- 18   3fold=267 (34%)   8336s      mean=0.526 LLR=+1.30 [CONTINUE]
 785 games  +244 =337 -204   +18 Elo +/- 18   3fold=267 (34%)   8358s      mean=0.525 LLR=+1.25 [CONTINUE]
 786 games  +244 =338 -204   +18 Elo +/- 18   3fold=268 (34%)   8362s      mean=0.525 LLR=+1.26 [CONTINUE]
 787 games  +244 =338 -205   +17 Elo +/- 18   3fold=268 (34%)   8366s      mean=0.525 LLR=+1.21 [CONTINUE]
 788 games  +244 =338 -206   +17 Elo +/- 18   3fold=268 (34%)   8385s      mean=0.524 LLR=+1.17 [CONTINUE]
 789 games  +244 =339 -206   +17 Elo +/- 18   3fold=269 (34%)   8390s      mean=0.524 LLR=+1.17 [CONTINUE]
 790 games  +244 =339 -207   +16 Elo +/- 18   3fold=269 (34%)   8397s      mean=0.523 LLR=+1.13 [CONTINUE]
 791 games  +244 =340 -207   +16 Elo +/- 18   3fold=270 (34%)   8413s      mean=0.523 LLR=+1.13 [CONTINUE]
 792 games  +244 =340 -208   +16 Elo +/- 18   3fold=270 (34%)   8424s      mean=0.523 LLR=+1.09 [CONTINUE]
 793 games  +245 =340 -208   +16 Elo +/- 18   3fold=270 (34%)   8434s      mean=0.523 LLR=+1.13 [CONTINUE]
 794 games  +245 =340 -209   +16 Elo +/- 18   3fold=270 (34%)   8443s      mean=0.523 LLR=+1.09 [CONTINUE]
 795 games  +246 =340 -209   +16 Elo +/- 18   3fold=270 (34%)   8457s      mean=0.523 LLR=+1.12 [CONTINUE]
 796 games  +246 =341 -209   +16 Elo +/- 18   3fold=271 (34%)   8476s      mean=0.523 LLR=+1.13 [CONTINUE]
 797 games  +246 =342 -209   +16 Elo +/- 18   3fold=272 (34%)   8478s      mean=0.523 LLR=+1.13 [CONTINUE]
 798 games  +246 =342 -210   +16 Elo +/- 18   3fold=272 (34%)   8492s      mean=0.523 LLR=+1.08 [CONTINUE]
 799 games  +246 =343 -210   +16 Elo +/- 18   3fold=272 (34%)   8506s      mean=0.523 LLR=+1.09 [CONTINUE]
 800 games  +247 =343 -210   +16 Elo +/- 18   3fold=272 (34%)   8507s      mean=0.523 LLR=+1.12 [CONTINUE]
 801 games  +247 =344 -210   +16 Elo +/- 18   3fold=273 (34%)   8517s      mean=0.523 LLR=+1.13 [CONTINUE]
 802 games  +248 =344 -210   +16 Elo +/- 18   3fold=273 (34%)   8537s      mean=0.524 LLR=+1.16 [CONTINUE]
 803 games  +248 =344 -211   +16 Elo +/- 18   3fold=273 (34%)   8537s      mean=0.523 LLR=+1.12 [CONTINUE]
 804 games  +249 =344 -211   +16 Elo +/- 18   3fold=273 (34%)   8548s      mean=0.524 LLR=+1.16 [CONTINUE]
 805 games  +249 =345 -211   +16 Elo +/- 18   3fold=274 (34%)   8560s      mean=0.524 LLR=+1.16 [CONTINUE]
 806 games  +249 =345 -212   +16 Elo +/- 18   3fold=274 (34%)   8572s      mean=0.523 LLR=+1.12 [CONTINUE]
 807 games  +249 =346 -212   +16 Elo +/- 18   3fold=275 (34%)   8575s      mean=0.523 LLR=+1.12 [CONTINUE]
 808 games  +249 =347 -212   +16 Elo +/- 18   3fold=275 (34%)   8591s      mean=0.523 LLR=+1.12 [CONTINUE]
 809 games  +249 =348 -212   +16 Elo +/- 18   3fold=276 (34%)   8599s      mean=0.523 LLR=+1.12 [CONTINUE]
 810 games  +250 =348 -212   +16 Elo +/- 18   3fold=276 (34%)   8612s      mean=0.523 LLR=+1.16 [CONTINUE]
 811 games  +250 =349 -212   +16 Elo +/- 18   3fold=277 (34%)   8628s      mean=0.523 LLR=+1.16 [CONTINUE]
 812 games  +251 =349 -212   +17 Elo +/- 18   3fold=277 (34%)   8628s      mean=0.524 LLR=+1.20 [CONTINUE]
 813 games  +251 =350 -212   +17 Elo +/- 18   3fold=278 (34%)   8652s      mean=0.524 LLR=+1.20 [CONTINUE]
 814 games  +251 =351 -212   +17 Elo +/- 18   3fold=279 (34%)   8658s      mean=0.524 LLR=+1.20 [CONTINUE]
 815 games  +251 =351 -213   +16 Elo +/- 18   3fold=279 (34%)   8659s      mean=0.523 LLR=+1.16 [CONTINUE]
 816 games  +252 =351 -213   +17 Elo +/- 18   3fold=279 (34%)   8679s      mean=0.524 LLR=+1.20 [CONTINUE]
 817 games  +253 =351 -213   +17 Elo +/- 18   3fold=279 (34%)   8687s      mean=0.524 LLR=+1.24 [CONTINUE]
 818 games  +254 =351 -213   +17 Elo +/- 18   3fold=279 (34%)   8703s      mean=0.525 LLR=+1.28 [CONTINUE]
 819 games  +255 =351 -213   +18 Elo +/- 18   3fold=279 (34%)   8710s      mean=0.526 LLR=+1.32 [CONTINUE]
 820 games  +255 =352 -213   +18 Elo +/- 18   3fold=280 (34%)   8713s      mean=0.526 LLR=+1.32 [CONTINUE]
 821 games  +255 =353 -213   +18 Elo +/- 18   3fold=281 (34%)   8734s      mean=0.526 LLR=+1.32 [CONTINUE]
 822 games  +255 =354 -213   +18 Elo +/- 18   3fold=282 (34%)   8735s      mean=0.526 LLR=+1.32 [CONTINUE]
 823 games  +255 =355 -213   +18 Elo +/- 18   3fold=283 (34%)   8739s      mean=0.526 LLR=+1.32 [CONTINUE]
 824 games  +255 =356 -213   +18 Elo +/- 18   3fold=283 (34%)   8765s      mean=0.525 LLR=+1.32 [CONTINUE]
 825 games  +255 =357 -213   +18 Elo +/- 18   3fold=284 (34%)   8770s      mean=0.525 LLR=+1.33 [CONTINUE]
 826 games  +256 =357 -213   +18 Elo +/- 18   3fold=284 (34%)   8772s      mean=0.526 LLR=+1.36 [CONTINUE]
 827 games  +257 =357 -213   +19 Elo +/- 18   3fold=284 (34%)   8801s      mean=0.527 LLR=+1.40 [CONTINUE]
 828 games  +257 =358 -213   +18 Elo +/- 18   3fold=285 (34%)   8803s      mean=0.527 LLR=+1.40 [CONTINUE]
 829 games  +257 =358 -214   +18 Elo +/- 18   3fold=285 (34%)   8811s      mean=0.526 LLR=+1.36 [CONTINUE]
 830 games  +257 =359 -214   +18 Elo +/- 18   3fold=286 (34%)   8825s      mean=0.526 LLR=+1.36 [CONTINUE]
 831 games  +257 =360 -214   +18 Elo +/- 18   3fold=286 (34%)   8840s      mean=0.526 LLR=+1.36 [CONTINUE]
 832 games  +257 =361 -214   +18 Elo +/- 18   3fold=286 (34%)   8845s      mean=0.526 LLR=+1.37 [CONTINUE]
 833 games  +258 =361 -214   +18 Elo +/- 18   3fold=286 (34%)   8850s      mean=0.526 LLR=+1.41 [CONTINUE]
 834 games  +258 =361 -215   +18 Elo +/- 18   3fold=286 (34%)   8873s      mean=0.526 LLR=+1.36 [CONTINUE]
 835 games  +259 =361 -215   +18 Elo +/- 18   3fold=286 (34%)   8876s      mean=0.526 LLR=+1.40 [CONTINUE]
 836 games  +260 =361 -215   +19 Elo +/- 18   3fold=286 (34%)   8885s      mean=0.527 LLR=+1.44 [CONTINUE]
 837 games  +260 =362 -215   +19 Elo +/- 18   3fold=287 (34%)   8903s      mean=0.527 LLR=+1.44 [CONTINUE]
 838 games  +260 =362 -216   +18 Elo +/- 18   3fold=287 (34%)   8908s      mean=0.526 LLR=+1.40 [CONTINUE]
 839 games  +260 =362 -217   +18 Elo +/- 18   3fold=287 (34%)   8914s      mean=0.526 LLR=+1.36 [CONTINUE]
 840 games  +260 =363 -217   +18 Elo +/- 18   3fold=288 (34%)   8933s      mean=0.526 LLR=+1.36 [CONTINUE]
 841 games  +260 =364 -217   +18 Elo +/- 18   3fold=289 (34%)   8941s      mean=0.526 LLR=+1.36 [CONTINUE]
 842 games  +260 =365 -217   +18 Elo +/- 18   3fold=289 (34%)   8956s      mean=0.526 LLR=+1.36 [CONTINUE]
 843 games  +261 =365 -217   +18 Elo +/- 18   3fold=289 (34%)   8972s      mean=0.526 LLR=+1.40 [CONTINUE]
 844 games  +261 =366 -217   +18 Elo +/- 18   3fold=290 (34%)   8975s      mean=0.526 LLR=+1.40 [CONTINUE]
 845 games  +261 =367 -217   +18 Elo +/- 18   3fold=291 (34%)   8992s      mean=0.526 LLR=+1.40 [CONTINUE]
 846 games  +262 =367 -217   +18 Elo +/- 18   3fold=291 (34%)   9002s      mean=0.527 LLR=+1.44 [CONTINUE]
 847 games  +262 =368 -217   +18 Elo +/- 18   3fold=292 (34%)   9003s      mean=0.527 LLR=+1.44 [CONTINUE]
 848 games  +262 =368 -218   +18 Elo +/- 18   3fold=292 (34%)   9029s      mean=0.526 LLR=+1.40 [CONTINUE]
 849 games  +263 =368 -218   +18 Elo +/- 18   3fold=292 (34%)   9032s      mean=0.527 LLR=+1.44 [CONTINUE]
 850 games  +263 =369 -218   +18 Elo +/- 18   3fold=293 (34%)   9033s      mean=0.526 LLR=+1.44 [CONTINUE]
 851 games  +263 =370 -218   +18 Elo +/- 18   3fold=294 (35%)   9056s      mean=0.526 LLR=+1.44 [CONTINUE]
 852 games  +263 =370 -219   +18 Elo +/- 18   3fold=294 (35%)   9061s      mean=0.526 LLR=+1.40 [CONTINUE]
 853 games  +263 =371 -219   +18 Elo +/- 18   3fold=294 (34%)   9067s      mean=0.526 LLR=+1.40 [CONTINUE]
*** ANOMALY ***  crash:agent died as black (1-0) -- caused by agent@engine
 854 games  +263 =371 -220   +18 Elo +/- 18   3fold=294 (34%)   9076s   ANOMALIES: 1   mean=0.525 LLR=+1.36 [CONTINUE]
*** ANOMALY ***  crash:agent died as white (0-1) -- caused by agent@engine
 855 games  +263 =371 -221   +17 Elo +/- 18   3fold=294 (34%)   9076s   ANOMALIES: 2   mean=0.525 LLR=+1.31 [CONTINUE]
