gauntlet: agent@engine vs agent@checkpoints/v1 | SPRT elo0=0.0 elo1=8.0 alpha=0.025 beta=0.025 max_games=1500 | 10000ms+100ms | 3 workers
   1 games  +0 =1 -0   -0 Elo +/- 0   126s      mean=0.500 LLR=+0.00 [CONTINUE]
   2 games  +0 =2 -0   -0 Elo +/- 0   131s      mean=0.500 LLR=+0.00 [CONTINUE]
   3 games  +0 =2 -1   -120 Elo +/- 265   137s      mean=0.333 LLR=-0.11 [CONTINUE]
   4 games  +0 =3 -1   -89 Elo +/- 173   151s      mean=0.375 LLR=-0.13 [CONTINUE]
   5 games  +0 =4 -1   -70 Elo +/- 134   155s      mean=0.400 LLR=-0.15 [CONTINUE]
   6 games  +0 =5 -1   -58 Elo +/- 110   162s      mean=0.417 LLR=-0.18 [CONTINUE]
   7 games  +0 =6 -1   -50 Elo +/- 94   176s      mean=0.429 LLR=-0.20 [CONTINUE]
   8 games  +1 =6 -1   -0 Elo +/- 126   184s      mean=0.500 LLR=-0.01 [CONTINUE]
   9 games  +2 =6 -1   +39 Elo +/- 137   189s      mean=0.556 LLR=+0.06 [CONTINUE]
  10 games  +2 =7 -1   +35 Elo +/- 122   204s      mean=0.550 LLR=+0.07 [CONTINUE]
  11 games  +2 =8 -1   +32 Elo +/- 110   215s      mean=0.545 LLR=+0.08 [CONTINUE]
  12 games  +3 =8 -1   +58 Elo +/- 116   217s      mean=0.583 LLR=+0.14 [CONTINUE]
  13 games  +3 =9 -1   +54 Elo +/- 107   229s      mean=0.577 LLR=+0.15 [CONTINUE]
  14 games  +3 =10 -1   +50 Elo +/- 98   239s      mean=0.571 LLR=+0.16 [CONTINUE]
  15 games  +3 =10 -2   +23 Elo +/- 104   250s      mean=0.533 LLR=+0.06 [CONTINUE]
  16 games  +3 =11 -2   +22 Elo +/- 97   253s      mean=0.531 LLR=+0.06 [CONTINUE]
  17 games  +3 =12 -2   +20 Elo +/- 91   261s      mean=0.529 LLR=+0.06 [CONTINUE]
  18 games  +3 =13 -2   +19 Elo +/- 86   276s      mean=0.528 LLR=+0.07 [CONTINUE]
  19 games  +3 =14 -2   +18 Elo +/- 81   281s      mean=0.526 LLR=+0.07 [CONTINUE]
  20 games  +3 =15 -2   +17 Elo +/- 77   287s      mean=0.525 LLR=+0.07 [CONTINUE]
  21 games  +3 =16 -2   +17 Elo +/- 73   301s      mean=0.524 LLR=+0.07 [CONTINUE]
  22 games  +4 =16 -2   +32 Elo +/- 77   311s      mean=0.545 LLR=+0.15 [CONTINUE]
  23 games  +4 =17 -2   +30 Elo +/- 73   315s      mean=0.543 LLR=+0.16 [CONTINUE]
  24 games  +4 =18 -2   +29 Elo +/- 70   327s      mean=0.542 LLR=+0.16 [CONTINUE]
  25 games  +4 =19 -2   +28 Elo +/- 67   337s      mean=0.540 LLR=+0.17 [CONTINUE]
  26 games  +4 =20 -2   +27 Elo +/- 64   347s      mean=0.538 LLR=+0.17 [CONTINUE]
  27 games  +4 =20 -3   +13 Elo +/- 67   359s      mean=0.519 LLR=+0.06 [CONTINUE]
  28 games  +4 =21 -3   +12 Elo +/- 65   364s      mean=0.518 LLR=+0.06 [CONTINUE]
  29 games  +4 =22 -3   +12 Elo +/- 63   374s      mean=0.517 LLR=+0.06 [CONTINUE]
  30 games  +4 =23 -3   +12 Elo +/- 61   389s      mean=0.517 LLR=+0.06 [CONTINUE]
  31 games  +4 =24 -3   +11 Elo +/- 59   390s      mean=0.516 LLR=+0.07 [CONTINUE]
  32 games  +4 =25 -3   +11 Elo +/- 57   399s      mean=0.516 LLR=+0.07 [CONTINUE]
  33 games  +4 =26 -3   +11 Elo +/- 55   413s      mean=0.515 LLR=+0.07 [CONTINUE]
  34 games  +4 =27 -3   +10 Elo +/- 53   417s      mean=0.515 LLR=+0.07 [CONTINUE]
  35 games  +4 =27 -4   -0 Elo +/- 55   430s      mean=0.500 LLR=-0.04 [CONTINUE]
  36 games  +5 =27 -4   +10 Elo +/- 57   441s      mean=0.514 LLR=+0.05 [CONTINUE]
  37 games  +6 =27 -4   +19 Elo +/- 59   448s      mean=0.527 LLR=+0.14 [CONTINUE]
  38 games  +6 =28 -4   +18 Elo +/- 57   454s      mean=0.526 LLR=+0.14 [CONTINUE]
  39 games  +6 =29 -4   +18 Elo +/- 56   463s      mean=0.526 LLR=+0.14 [CONTINUE]
  40 games  +6 =30 -4   +17 Elo +/- 54   474s      mean=0.525 LLR=+0.14 [CONTINUE]
  41 games  +6 =31 -4   +17 Elo +/- 53   476s      mean=0.524 LLR=+0.15 [CONTINUE]
  42 games  +6 =32 -4   +17 Elo +/- 52   490s      mean=0.524 LLR=+0.15 [CONTINUE]
  43 games  +6 =33 -4   +16 Elo +/- 50   501s      mean=0.523 LLR=+0.15 [CONTINUE]
  44 games  +7 =33 -4   +24 Elo +/- 51   506s      mean=0.534 LLR=+0.23 [CONTINUE]
  45 games  +7 =34 -4   +23 Elo +/- 50   515s      mean=0.533 LLR=+0.24 [CONTINUE]
  46 games  +7 =35 -4   +23 Elo +/- 49   522s      mean=0.533 LLR=+0.24 [CONTINUE]
  47 games  +7 =36 -4   +22 Elo +/- 48   529s      mean=0.532 LLR=+0.25 [CONTINUE]
  48 games  +7 =37 -4   +22 Elo +/- 47   546s      mean=0.531 LLR=+0.25 [CONTINUE]
  49 games  +7 =38 -4   +21 Elo +/- 46   551s      mean=0.531 LLR=+0.25 [CONTINUE]
  50 games  +7 =39 -4   +21 Elo +/- 45   557s      mean=0.530 LLR=+0.26 [CONTINUE]
  51 games  +8 =39 -4   +27 Elo +/- 46   577s      mean=0.539 LLR=+0.34 [CONTINUE]
  52 games  +8 =40 -4   +27 Elo +/- 45   581s      mean=0.538 LLR=+0.35 [CONTINUE]
  53 games  +8 =41 -4   +26 Elo +/- 44   582s      mean=0.538 LLR=+0.35 [CONTINUE]
  54 games  +8 =42 -4   +26 Elo +/- 44   606s      mean=0.537 LLR=+0.36 [CONTINUE]
  55 games  +8 =43 -4   +25 Elo +/- 43   607s      mean=0.536 LLR=+0.36 [CONTINUE]
  56 games  +8 =44 -4   +25 Elo +/- 42   608s      mean=0.536 LLR=+0.37 [CONTINUE]
  57 games  +8 =45 -4   +24 Elo +/- 41   633s      mean=0.535 LLR=+0.37 [CONTINUE]
  58 games  +8 =46 -4   +24 Elo +/- 41   634s      mean=0.534 LLR=+0.38 [CONTINUE]
  59 games  +8 =46 -5   +18 Elo +/- 42   638s      mean=0.525 LLR=+0.25 [CONTINUE]
  60 games  +8 =47 -5   +17 Elo +/- 41   658s      mean=0.525 LLR=+0.25 [CONTINUE]
  61 games  +8 =48 -5   +17 Elo +/- 40   659s      mean=0.525 LLR=+0.25 [CONTINUE]
  62 games  +8 =49 -5   +17 Elo +/- 40   663s      mean=0.524 LLR=+0.25 [CONTINUE]
  63 games  +8 =50 -5   +17 Elo +/- 39   685s      mean=0.524 LLR=+0.26 [CONTINUE]
  64 games  +8 =51 -5   +16 Elo +/- 38   686s      mean=0.523 LLR=+0.26 [CONTINUE]
  65 games  +9 =51 -5   +21 Elo +/- 39   690s      mean=0.531 LLR=+0.35 [CONTINUE]
  66 games  +9 =52 -5   +21 Elo +/- 39   712s      mean=0.530 LLR=+0.36 [CONTINUE]
  67 games  +9 =53 -5   +21 Elo +/- 38   713s      mean=0.530 LLR=+0.36 [CONTINUE]
  68 games  +9 =54 -5   +20 Elo +/- 37   720s      mean=0.529 LLR=+0.37 [CONTINUE]
  69 games  +9 =55 -5   +20 Elo +/- 37   738s      mean=0.529 LLR=+0.37 [CONTINUE]
  70 games  +9 =56 -5   +20 Elo +/- 36   741s      mean=0.529 LLR=+0.37 [CONTINUE]
  71 games  +9 =57 -5   +20 Elo +/- 36   742s      mean=0.528 LLR=+0.38 [CONTINUE]
  72 games  +9 =58 -5   +19 Elo +/- 35   764s      mean=0.528 LLR=+0.38 [CONTINUE]
  73 games  +9 =59 -5   +19 Elo +/- 35   770s      mean=0.527 LLR=+0.39 [CONTINUE]
  74 games  +9 =60 -5   +19 Elo +/- 34   771s      mean=0.527 LLR=+0.39 [CONTINUE]
  75 games  +9 =61 -5   +19 Elo +/- 34   790s      mean=0.527 LLR=+0.39 [CONTINUE]
  76 games  +9 =62 -5   +18 Elo +/- 33   794s      mean=0.526 LLR=+0.40 [CONTINUE]
  77 games  +9 =63 -5   +18 Elo +/- 33   796s      mean=0.526 LLR=+0.40 [CONTINUE]
  78 games  +9 =64 -5   +18 Elo +/- 33   819s      mean=0.526 LLR=+0.40 [CONTINUE]
  79 games  +9 =65 -5   +18 Elo +/- 32   821s      mean=0.525 LLR=+0.41 [CONTINUE]
  80 games  +10 =65 -5   +22 Elo +/- 33   821s      mean=0.531 LLR=+0.51 [CONTINUE]
  81 games  +10 =66 -5   +21 Elo +/- 32   843s      mean=0.531 LLR=+0.52 [CONTINUE]
  82 games  +10 =67 -5   +21 Elo +/- 32   847s      mean=0.530 LLR=+0.52 [CONTINUE]
  83 games  +10 =68 -5   +21 Elo +/- 32   847s      mean=0.530 LLR=+0.53 [CONTINUE]
  84 games  +10 =69 -5   +21 Elo +/- 31   871s      mean=0.530 LLR=+0.53 [CONTINUE]
  85 games  +10 =70 -5   +20 Elo +/- 31   874s      mean=0.529 LLR=+0.54 [CONTINUE]
  86 games  +10 =71 -5   +20 Elo +/- 31   876s      mean=0.529 LLR=+0.54 [CONTINUE]
  87 games  +10 =72 -5   +20 Elo +/- 30   896s      mean=0.529 LLR=+0.54 [CONTINUE]
  88 games  +10 =73 -5   +20 Elo +/- 30   900s      mean=0.528 LLR=+0.55 [CONTINUE]
  89 games  +10 =74 -5   +20 Elo +/- 30   900s      mean=0.528 LLR=+0.55 [CONTINUE]
  90 games  +10 =75 -5   +19 Elo +/- 29   921s      mean=0.528 LLR=+0.56 [CONTINUE]
  91 games  +10 =76 -5   +19 Elo +/- 29   925s      mean=0.527 LLR=+0.56 [CONTINUE]
  92 games  +10 =77 -5   +19 Elo +/- 29   930s      mean=0.527 LLR=+0.57 [CONTINUE]
  93 games  +10 =77 -6   +15 Elo +/- 29   949s      mean=0.522 LLR=+0.40 [CONTINUE]
  94 games  +10 =78 -6   +15 Elo +/- 29   953s      mean=0.521 LLR=+0.40 [CONTINUE]
  95 games  +10 =79 -6   +15 Elo +/- 29   954s      mean=0.521 LLR=+0.40 [CONTINUE]
  96 games  +10 =80 -6   +14 Elo +/- 28   979s      mean=0.521 LLR=+0.40 [CONTINUE]
  97 games  +10 =80 -7   +11 Elo +/- 29   980s      mean=0.515 LLR=+0.25 [CONTINUE]
  98 games  +10 =80 -8   +7 Elo +/- 30   985s      mean=0.510 LLR=+0.11 [CONTINUE]
  99 games  +10 =81 -8   +7 Elo +/- 29   1005s      mean=0.510 LLR=+0.11 [CONTINUE]
 100 games  +10 =82 -8   +7 Elo +/- 29   1007s      mean=0.510 LLR=+0.11 [CONTINUE]
 101 games  +10 =83 -8   +7 Elo +/- 29   1016s      mean=0.510 LLR=+0.11 [CONTINUE]
 102 games  +10 =84 -8   +7 Elo +/- 28   1037s      mean=0.510 LLR=+0.11 [CONTINUE]
 103 games  +10 =85 -8   +7 Elo +/- 28   1038s      mean=0.510 LLR=+0.11 [CONTINUE]
 104 games  +10 =86 -8   +7 Elo +/- 28   1043s      mean=0.510 LLR=+0.11 [CONTINUE]
 105 games  +10 =87 -8   +7 Elo +/- 28   1066s      mean=0.510 LLR=+0.11 [CONTINUE]
 106 games  +10 =87 -9   +3 Elo +/- 28   1069s      mean=0.505 LLR=-0.03 [CONTINUE]
 107 games  +10 =88 -9   +3 Elo +/- 28   1075s      mean=0.505 LLR=-0.03 [CONTINUE]
 108 games  +11 =88 -9   +6 Elo +/- 28   1092s      mean=0.509 LLR=+0.09 [CONTINUE]
 109 games  +11 =89 -9   +6 Elo +/- 28   1098s      mean=0.509 LLR=+0.09 [CONTINUE]
 110 games  +11 =90 -9   +6 Elo +/- 28   1100s      mean=0.509 LLR=+0.09 [CONTINUE]
 111 games  +11 =91 -9   +6 Elo +/- 27   1115s      mean=0.509 LLR=+0.09 [CONTINUE]
 112 games  +11 =92 -9   +6 Elo +/- 27   1123s      mean=0.509 LLR=+0.09 [CONTINUE]
 113 games  +11 =93 -9   +6 Elo +/- 27   1128s      mean=0.509 LLR=+0.09 [CONTINUE]
 114 games  +11 =94 -9   +6 Elo +/- 27   1145s      mean=0.509 LLR=+0.09 [CONTINUE]
 115 games  +11 =95 -9   +6 Elo +/- 27   1151s      mean=0.509 LLR=+0.09 [CONTINUE]
 116 games  +11 =96 -9   +6 Elo +/- 26   1151s      mean=0.509 LLR=+0.09 [CONTINUE]
 117 games  +11 =97 -9   +6 Elo +/- 26   1174s      mean=0.509 LLR=+0.09 [CONTINUE]
 118 games  +11 =98 -9   +6 Elo +/- 26   1178s      mean=0.508 LLR=+0.09 [CONTINUE]
 119 games  +11 =99 -9   +6 Elo +/- 26   1179s      mean=0.508 LLR=+0.09 [CONTINUE]
 120 games  +11 =100 -9   +6 Elo +/- 25   1198s      mean=0.508 LLR=+0.09 [CONTINUE]
 121 games  +11 =101 -9   +6 Elo +/- 25   1203s      mean=0.508 LLR=+0.08 [CONTINUE]
 122 games  +11 =102 -9   +6 Elo +/- 25   1209s      mean=0.508 LLR=+0.08 [CONTINUE]
 123 games  +11 =103 -9   +6 Elo +/- 25   1224s      mean=0.508 LLR=+0.08 [CONTINUE]
 124 games  +11 =104 -9   +6 Elo +/- 25   1226s      mean=0.508 LLR=+0.08 [CONTINUE]
 125 games  +11 =104 -10   +3 Elo +/- 25   1239s      mean=0.504 LLR=-0.06 [CONTINUE]
 126 games  +11 =105 -10   +3 Elo +/- 25   1253s      mean=0.504 LLR=-0.06 [CONTINUE]
 127 games  +11 =106 -10   +3 Elo +/- 25   1255s      mean=0.504 LLR=-0.06 [CONTINUE]
 128 games  +11 =107 -10   +3 Elo +/- 24   1265s      mean=0.504 LLR=-0.07 [CONTINUE]
 129 games  +11 =108 -10   +3 Elo +/- 24   1278s      mean=0.504 LLR=-0.07 [CONTINUE]
 130 games  +11 =109 -10   +3 Elo +/- 24   1279s      mean=0.504 LLR=-0.07 [CONTINUE]
 131 games  +11 =109 -11   -0 Elo +/- 24   1295s      mean=0.500 LLR=-0.21 [CONTINUE]
 132 games  +11 =110 -11   -0 Elo +/- 24   1302s      mean=0.500 LLR=-0.21 [CONTINUE]
 133 games  +11 =111 -11   -0 Elo +/- 24   1303s      mean=0.500 LLR=-0.21 [CONTINUE]
 134 games  +11 =112 -11   -0 Elo +/- 24   1326s      mean=0.500 LLR=-0.22 [CONTINUE]
 135 games  +11 =112 -12   -3 Elo +/- 24   1332s      mean=0.496 LLR=-0.35 [CONTINUE]
 136 games  +11 =113 -12   -3 Elo +/- 24   1332s      mean=0.496 LLR=-0.35 [CONTINUE]
 137 games  +12 =113 -12   -0 Elo +/- 24   1354s      mean=0.500 LLR=-0.21 [CONTINUE]
 138 games  +12 =114 -12   -0 Elo +/- 24   1358s      mean=0.500 LLR=-0.21 [CONTINUE]
 139 games  +12 =115 -12   -0 Elo +/- 24   1359s      mean=0.500 LLR=-0.21 [CONTINUE]
 140 games  +12 =116 -12   -0 Elo +/- 24   1383s      mean=0.500 LLR=-0.22 [CONTINUE]
 141 games  +12 =117 -12   -0 Elo +/- 24   1384s      mean=0.500 LLR=-0.22 [CONTINUE]
 142 games  +12 =118 -12   -0 Elo +/- 24   1392s      mean=0.500 LLR=-0.22 [CONTINUE]
 143 games  +12 =119 -12   -0 Elo +/- 23   1407s      mean=0.500 LLR=-0.23 [CONTINUE]
 144 games  +12 =120 -12   -0 Elo +/- 23   1414s      mean=0.500 LLR=-0.23 [CONTINUE]
 145 games  +12 =121 -12   -0 Elo +/- 23   1420s      mean=0.500 LLR=-0.23 [CONTINUE]
 146 games  +12 =122 -12   -0 Elo +/- 23   1431s      mean=0.500 LLR=-0.24 [CONTINUE]
 147 games  +12 =123 -12   -0 Elo +/- 23   1438s      mean=0.500 LLR=-0.24 [CONTINUE]
 148 games  +12 =124 -12   -0 Elo +/- 23   1449s      mean=0.500 LLR=-0.24 [CONTINUE]
 149 games  +12 =125 -12   -0 Elo +/- 22   1451s      mean=0.500 LLR=-0.25 [CONTINUE]
 150 games  +12 =126 -12   -0 Elo +/- 22   1468s      mean=0.500 LLR=-0.25 [CONTINUE]
 151 games  +12 =127 -12   -0 Elo +/- 22   1476s      mean=0.500 LLR=-0.25 [CONTINUE]
 152 games  +12 =128 -12   -0 Elo +/- 22   1476s      mean=0.500 LLR=-0.26 [CONTINUE]
 153 games  +12 =129 -12   -0 Elo +/- 22   1497s      mean=0.500 LLR=-0.26 [CONTINUE]
 154 games  +12 =129 -13   -2 Elo +/- 22   1505s      mean=0.497 LLR=-0.39 [CONTINUE]
 155 games  +12 =129 -14   -4 Elo +/- 22   1505s      mean=0.494 LLR=-0.52 [CONTINUE]
 156 games  +12 =130 -14   -4 Elo +/- 22   1523s      mean=0.494 LLR=-0.52 [CONTINUE]
 157 games  +12 =131 -14   -4 Elo +/- 22   1531s      mean=0.494 LLR=-0.53 [CONTINUE]
 158 games  +12 =132 -14   -4 Elo +/- 22   1534s      mean=0.494 LLR=-0.53 [CONTINUE]
 159 games  +13 =132 -14   -2 Elo +/- 22   1554s      mean=0.497 LLR=-0.38 [CONTINUE]
 160 games  +13 =133 -14   -2 Elo +/- 22   1557s      mean=0.497 LLR=-0.39 [CONTINUE]
 161 games  +13 =133 -15   -4 Elo +/- 22   1559s      mean=0.494 LLR=-0.51 [CONTINUE]
 162 games  +14 =133 -15   -2 Elo +/- 23   1581s      mean=0.497 LLR=-0.37 [CONTINUE]
 163 games  +14 =134 -15   -2 Elo +/- 23   1585s      mean=0.497 LLR=-0.37 [CONTINUE]
 164 games  +14 =135 -15   -2 Elo +/- 22   1589s      mean=0.497 LLR=-0.38 [CONTINUE]
 165 games  +14 =136 -15   -2 Elo +/- 22   1607s      mean=0.497 LLR=-0.38 [CONTINUE]
 166 games  +14 =137 -15   -2 Elo +/- 22   1611s      mean=0.497 LLR=-0.38 [CONTINUE]
 167 games  +14 =138 -15   -2 Elo +/- 22   1615s      mean=0.497 LLR=-0.39 [CONTINUE]
 168 games  +14 =139 -15   -2 Elo +/- 22   1632s      mean=0.497 LLR=-0.39 [CONTINUE]
 169 games  +14 =140 -15   -2 Elo +/- 22   1634s      mean=0.497 LLR=-0.40 [CONTINUE]
 170 games  +14 =141 -15   -2 Elo +/- 22   1639s      mean=0.497 LLR=-0.40 [CONTINUE]
 171 games  +14 =142 -15   -2 Elo +/- 21   1663s      mean=0.497 LLR=-0.40 [CONTINUE]
 172 games  +14 =143 -15   -2 Elo +/- 21   1664s      mean=0.497 LLR=-0.41 [CONTINUE]
 173 games  +14 =144 -15   -2 Elo +/- 21   1667s      mean=0.497 LLR=-0.41 [CONTINUE]
 174 games  +15 =144 -15   -0 Elo +/- 21   1695s      mean=0.500 LLR=-0.27 [CONTINUE]
 175 games  +16 =144 -15   +2 Elo +/- 22   1695s      mean=0.503 LLR=-0.13 [CONTINUE]
 176 games  +17 =144 -15   +4 Elo +/- 22   1696s      mean=0.506 LLR=-0.00 [CONTINUE]
 177 games  +18 =144 -15   +6 Elo +/- 22   1723s      mean=0.508 LLR=+0.12 [CONTINUE]
 178 games  +18 =145 -15   +6 Elo +/- 22   1723s      mean=0.508 LLR=+0.12 [CONTINUE]
 179 games  +18 =146 -15   +6 Elo +/- 22   1724s      mean=0.508 LLR=+0.12 [CONTINUE]
 180 games  +18 =147 -15   +6 Elo +/- 22   1743s      mean=0.508 LLR=+0.12 [CONTINUE]
 181 games  +18 =148 -15   +6 Elo +/- 22   1750s      mean=0.508 LLR=+0.12 [CONTINUE]
 182 games  +18 =149 -15   +6 Elo +/- 22   1751s      mean=0.508 LLR=+0.12 [CONTINUE]
 183 games  +18 =150 -15   +6 Elo +/- 21   1771s      mean=0.508 LLR=+0.11 [CONTINUE]
 184 games  +18 =151 -15   +6 Elo +/- 21   1776s      mean=0.508 LLR=+0.11 [CONTINUE]
 185 games  +18 =152 -15   +6 Elo +/- 21   1780s      mean=0.508 LLR=+0.11 [CONTINUE]
 186 games  +18 =153 -15   +6 Elo +/- 21   1803s      mean=0.508 LLR=+0.11 [CONTINUE]
 187 games  +18 =154 -15   +6 Elo +/- 21   1805s      mean=0.508 LLR=+0.11 [CONTINUE]
 188 games  +18 =155 -15   +6 Elo +/- 21   1811s      mean=0.508 LLR=+0.11 [CONTINUE]
 189 games  +19 =155 -15   +7 Elo +/- 21   1831s      mean=0.511 LLR=+0.23 [CONTINUE]
 190 games  +19 =156 -15   +7 Elo +/- 21   1834s      mean=0.511 LLR=+0.23 [CONTINUE]
 191 games  +19 =157 -15   +7 Elo +/- 21   1839s      mean=0.510 LLR=+0.23 [CONTINUE]
 192 games  +19 =158 -15   +7 Elo +/- 21   1859s      mean=0.510 LLR=+0.23 [CONTINUE]
 193 games  +19 =159 -15   +7 Elo +/- 21   1866s      mean=0.510 LLR=+0.23 [CONTINUE]
 194 games  +19 =160 -15   +7 Elo +/- 20   1866s      mean=0.510 LLR=+0.23 [CONTINUE]
 195 games  +19 =161 -15   +7 Elo +/- 20   1889s      mean=0.510 LLR=+0.23 [CONTINUE]
 196 games  +19 =161 -16   +5 Elo +/- 21   1895s      mean=0.508 LLR=+0.10 [CONTINUE]
 197 games  +20 =161 -16   +7 Elo +/- 21   1896s      mean=0.510 LLR=+0.22 [CONTINUE]
 198 games  +20 =162 -16   +7 Elo +/- 21   1918s      mean=0.510 LLR=+0.22 [CONTINUE]
 199 games  +20 =162 -17   +5 Elo +/- 21   1921s      mean=0.508 LLR=+0.09 [CONTINUE]
 200 games  +20 =162 -18   +3 Elo +/- 21   1928s      mean=0.505 LLR=-0.04 [CONTINUE]
 201 games  +20 =163 -18   +3 Elo +/- 21   1948s      mean=0.505 LLR=-0.04 [CONTINUE]
 202 games  +21 =163 -18   +5 Elo +/- 21   1948s      mean=0.507 LLR=+0.08 [CONTINUE]
 203 games  +21 =164 -18   +5 Elo +/- 21   1958s      mean=0.507 LLR=+0.08 [CONTINUE]
 204 games  +21 =165 -18   +5 Elo +/- 21   1973s      mean=0.507 LLR=+0.08 [CONTINUE]
 205 games  +21 =166 -18   +5 Elo +/- 21   1979s      mean=0.507 LLR=+0.08 [CONTINUE]
 206 games  +21 =167 -18   +5 Elo +/- 21   1985s      mean=0.507 LLR=+0.08 [CONTINUE]
 207 games  +21 =168 -18   +5 Elo +/- 21   1998s      mean=0.507 LLR=+0.08 [CONTINUE]
 208 games  +21 =168 -19   +3 Elo +/- 21   2008s      mean=0.505 LLR=-0.05 [CONTINUE]
 209 games  +21 =169 -19   +3 Elo +/- 21   2013s      mean=0.505 LLR=-0.05 [CONTINUE]
 210 games  +21 =170 -19   +3 Elo +/- 21   2024s      mean=0.505 LLR=-0.05 [CONTINUE]
 211 games  +21 =171 -19   +3 Elo +/- 20   2033s      mean=0.505 LLR=-0.05 [CONTINUE]
 212 games  +22 =171 -19   +5 Elo +/- 21   2042s      mean=0.507 LLR=+0.07 [CONTINUE]
 213 games  +22 =172 -19   +5 Elo +/- 20   2052s      mean=0.507 LLR=+0.07 [CONTINUE]
 214 games  +22 =173 -19   +5 Elo +/- 20   2059s      mean=0.507 LLR=+0.06 [CONTINUE]
 215 games  +22 =174 -19   +5 Elo +/- 20   2067s      mean=0.507 LLR=+0.06 [CONTINUE]
 216 games  +22 =175 -19   +5 Elo +/- 20   2084s      mean=0.507 LLR=+0.06 [CONTINUE]
 217 games  +22 =176 -19   +5 Elo +/- 20   2089s      mean=0.507 LLR=+0.06 [CONTINUE]
 218 games  +22 =176 -20   +3 Elo +/- 20   2098s      mean=0.505 LLR=-0.06 [CONTINUE]
 219 games  +22 =177 -20   +3 Elo +/- 20   2107s      mean=0.505 LLR=-0.06 [CONTINUE]
 220 games  +22 =177 -21   +2 Elo +/- 20   2117s      mean=0.502 LLR=-0.18 [CONTINUE]
 221 games  +22 =178 -21   +2 Elo +/- 20   2125s      mean=0.502 LLR=-0.18 [CONTINUE]
 222 games  +22 =179 -21   +2 Elo +/- 20   2130s      mean=0.502 LLR=-0.18 [CONTINUE]
 223 games  +22 =180 -21   +2 Elo +/- 20   2144s      mean=0.502 LLR=-0.19 [CONTINUE]
 224 games  +22 =181 -21   +2 Elo +/- 20   2155s      mean=0.502 LLR=-0.19 [CONTINUE]
 225 games  +22 =181 -22   -0 Elo +/- 20   2155s      mean=0.500 LLR=-0.30 [CONTINUE]
 226 games  +22 =181 -23   -2 Elo +/- 20   2174s      mean=0.498 LLR=-0.42 [CONTINUE]
 227 games  +22 =182 -23   -2 Elo +/- 20   2181s      mean=0.498 LLR=-0.42 [CONTINUE]
 228 games  +22 =183 -23   -2 Elo +/- 20   2186s      mean=0.498 LLR=-0.42 [CONTINUE]
 229 games  +22 =184 -23   -2 Elo +/- 20   2204s      mean=0.498 LLR=-0.43 [CONTINUE]
 230 games  +22 =185 -23   -2 Elo +/- 20   2208s      mean=0.498 LLR=-0.43 [CONTINUE]
 231 games  +22 =186 -23   -2 Elo +/- 20   2211s      mean=0.498 LLR=-0.43 [CONTINUE]
 232 games  +22 =187 -23   -1 Elo +/- 20   2235s      mean=0.498 LLR=-0.44 [CONTINUE]
 233 games  +22 =188 -23   -1 Elo +/- 20   2237s      mean=0.498 LLR=-0.44 [CONTINUE]
 234 games  +23 =188 -23   -0 Elo +/- 20   2240s      mean=0.500 LLR=-0.32 [CONTINUE]
 235 games  +23 =189 -23   -0 Elo +/- 20   2264s      mean=0.500 LLR=-0.32 [CONTINUE]
 236 games  +23 =190 -23   -0 Elo +/- 20   2264s      mean=0.500 LLR=-0.32 [CONTINUE]
 237 games  +23 =191 -23   -0 Elo +/- 20   2269s      mean=0.500 LLR=-0.32 [CONTINUE]
 238 games  +23 =192 -23   -0 Elo +/- 19   2291s      mean=0.500 LLR=-0.33 [CONTINUE]
 239 games  +23 =192 -24   -1 Elo +/- 20   2293s      mean=0.498 LLR=-0.44 [CONTINUE]
 240 games  +24 =192 -24   -0 Elo +/- 20   2295s      mean=0.500 LLR=-0.32 [CONTINUE]
 241 games  +24 =193 -24   -0 Elo +/- 20   2317s      mean=0.500 LLR=-0.32 [CONTINUE]
 242 games  +24 =194 -24   -0 Elo +/- 20   2320s      mean=0.500 LLR=-0.32 [CONTINUE]
 243 games  +24 =194 -25   -1 Elo +/- 20   2330s      mean=0.498 LLR=-0.43 [CONTINUE]
 244 games  +24 =195 -25   -1 Elo +/- 20   2342s      mean=0.498 LLR=-0.44 [CONTINUE]
 245 games  +24 =196 -25   -1 Elo +/- 19   2349s      mean=0.498 LLR=-0.44 [CONTINUE]
 246 games  +24 =196 -26   -3 Elo +/- 20   2359s      mean=0.496 LLR=-0.55 [CONTINUE]
 247 games  +24 =197 -26   -3 Elo +/- 20   2364s      mean=0.496 LLR=-0.55 [CONTINUE]
 248 games  +24 =198 -26   -3 Elo +/- 19   2373s      mean=0.496 LLR=-0.55 [CONTINUE]
 249 games  +24 =199 -26   -3 Elo +/- 19   2391s      mean=0.496 LLR=-0.56 [CONTINUE]
 250 games  +24 =200 -26   -3 Elo +/- 19   2394s      mean=0.496 LLR=-0.56 [CONTINUE]
 251 games  +24 =201 -26   -3 Elo +/- 19   2398s      mean=0.496 LLR=-0.57 [CONTINUE]
 252 games  +24 =202 -26   -3 Elo +/- 19   2421s      mean=0.496 LLR=-0.57 [CONTINUE]
 253 games  +25 =202 -26   -1 Elo +/- 19   2428s      mean=0.498 LLR=-0.45 [CONTINUE]
 254 games  +25 =202 -27   -3 Elo +/- 19   2429s      mean=0.496 LLR=-0.55 [CONTINUE]
 255 games  +25 =203 -27   -3 Elo +/- 19   2447s      mean=0.496 LLR=-0.56 [CONTINUE]
 256 games  +25 =204 -27   -3 Elo +/- 19   2451s      mean=0.496 LLR=-0.56 [CONTINUE]
 257 games  +25 =205 -27   -3 Elo +/- 19   2457s      mean=0.496 LLR=-0.56 [CONTINUE]
 258 games  +25 =206 -27   -3 Elo +/- 19   2473s      mean=0.496 LLR=-0.57 [CONTINUE]
 259 games  +25 =207 -27   -3 Elo +/- 19   2474s      mean=0.496 LLR=-0.57 [CONTINUE]
 260 games  +25 =208 -27   -3 Elo +/- 19   2484s      mean=0.496 LLR=-0.57 [CONTINUE]
 261 games  +25 =209 -27   -3 Elo +/- 19   2500s      mean=0.496 LLR=-0.58 [CONTINUE]
 262 games  +25 =210 -27   -3 Elo +/- 19   2501s      mean=0.496 LLR=-0.58 [CONTINUE]
 263 games  +25 =211 -27   -3 Elo +/- 19   2510s      mean=0.496 LLR=-0.59 [CONTINUE]
 264 games  +25 =212 -27   -3 Elo +/- 19   2527s      mean=0.496 LLR=-0.59 [CONTINUE]
 265 games  +25 =213 -27   -3 Elo +/- 19   2531s      mean=0.496 LLR=-0.59 [CONTINUE]
 266 games  +25 =214 -27   -3 Elo +/- 18   2536s      mean=0.496 LLR=-0.60 [CONTINUE]
 267 games  +25 =215 -27   -3 Elo +/- 18   2552s      mean=0.496 LLR=-0.60 [CONTINUE]
 268 games  +25 =216 -27   -3 Elo +/- 18   2560s      mean=0.496 LLR=-0.60 [CONTINUE]
 269 games  +26 =216 -27   -1 Elo +/- 18   2566s      mean=0.498 LLR=-0.48 [CONTINUE]
 270 games  +26 =217 -27   -1 Elo +/- 18   2575s      mean=0.498 LLR=-0.48 [CONTINUE]
 271 games  +26 =217 -28   -3 Elo +/- 18   2589s      mean=0.496 LLR=-0.59 [CONTINUE]
 272 games  +26 =218 -28   -3 Elo +/- 18   2592s      mean=0.496 LLR=-0.60 [CONTINUE]
 273 games  +27 =218 -28   -1 Elo +/- 19   2605s      mean=0.498 LLR=-0.47 [CONTINUE]
 274 games  +27 =219 -28   -1 Elo +/- 18   2615s      mean=0.498 LLR=-0.48 [CONTINUE]
 275 games  +27 =220 -28   -1 Elo +/- 18   2617s      mean=0.498 LLR=-0.48 [CONTINUE]
 276 games  +27 =221 -28   -1 Elo +/- 18   2629s      mean=0.498 LLR=-0.48 [CONTINUE]
 277 games  +27 =222 -28   -1 Elo +/- 18   2640s      mean=0.498 LLR=-0.49 [CONTINUE]
 278 games  +28 =222 -28   -0 Elo +/- 18   2649s      mean=0.500 LLR=-0.37 [CONTINUE]
 279 games  +28 =223 -28   -0 Elo +/- 18   2655s      mean=0.500 LLR=-0.37 [CONTINUE]
 280 games  +28 =224 -28   -0 Elo +/- 18   2667s      mean=0.500 LLR=-0.37 [CONTINUE]
 281 games  +28 =225 -28   -0 Elo +/- 18   2680s      mean=0.500 LLR=-0.37 [CONTINUE]
 282 games  +28 =225 -29   -1 Elo +/- 18   2684s      mean=0.498 LLR=-0.48 [CONTINUE]
 283 games  +28 =226 -29   -1 Elo +/- 18   2694s      mean=0.498 LLR=-0.49 [CONTINUE]
 284 games  +28 =227 -29   -1 Elo +/- 18   2709s      mean=0.498 LLR=-0.49 [CONTINUE]
 285 games  +28 =228 -29   -1 Elo +/- 18   2709s      mean=0.498 LLR=-0.49 [CONTINUE]
 286 games  +29 =228 -29   -0 Elo +/- 18   2723s      mean=0.500 LLR=-0.37 [CONTINUE]
 287 games  +29 =229 -29   -0 Elo +/- 18   2734s      mean=0.500 LLR=-0.38 [CONTINUE]
 288 games  +29 =230 -29   -0 Elo +/- 18   2734s      mean=0.500 LLR=-0.38 [CONTINUE]
 289 games  +29 =231 -29   -0 Elo +/- 18   2746s      mean=0.500 LLR=-0.38 [CONTINUE]
 290 games  +29 =232 -29   -0 Elo +/- 18   2762s      mean=0.500 LLR=-0.38 [CONTINUE]
 291 games  +29 =232 -30   -1 Elo +/- 18   2763s      mean=0.498 LLR=-0.49 [CONTINUE]
 292 games  +29 =233 -30   -1 Elo +/- 18   2774s      mean=0.498 LLR=-0.50 [CONTINUE]
 293 games  +29 =234 -30   -1 Elo +/- 18   2785s      mean=0.498 LLR=-0.50 [CONTINUE]
 294 games  +29 =235 -30   -1 Elo +/- 18   2796s      mean=0.498 LLR=-0.50 [CONTINUE]
 295 games  +29 =236 -30   -1 Elo +/- 18   2800s      mean=0.498 LLR=-0.51 [CONTINUE]
 296 games  +29 =237 -30   -1 Elo +/- 18   2812s      mean=0.498 LLR=-0.51 [CONTINUE]
 297 games  +29 =238 -30   -1 Elo +/- 18   2823s      mean=0.498 LLR=-0.51 [CONTINUE]
 298 games  +30 =238 -30   -0 Elo +/- 18   2833s      mean=0.500 LLR=-0.39 [CONTINUE]
 299 games  +31 =238 -30   +1 Elo +/- 18   2837s      mean=0.502 LLR=-0.28 [CONTINUE]
 300 games  +31 =238 -31   -0 Elo +/- 18   2852s      mean=0.500 LLR=-0.38 [CONTINUE]
 301 games  +31 =239 -31   -0 Elo +/- 18   2860s      mean=0.500 LLR=-0.39 [CONTINUE]
 302 games  +31 =239 -32   -1 Elo +/- 18   2861s      mean=0.498 LLR=-0.49 [CONTINUE]
 303 games  +31 =239 -33   -2 Elo +/- 18   2882s      mean=0.497 LLR=-0.60 [CONTINUE]
 304 games  +31 =240 -33   -2 Elo +/- 18   2885s      mean=0.497 LLR=-0.60 [CONTINUE]
 305 games  +31 =241 -33   -2 Elo +/- 18   2890s      mean=0.497 LLR=-0.60 [CONTINUE]
 306 games  +31 =242 -33   -2 Elo +/- 18   2912s      mean=0.497 LLR=-0.61 [CONTINUE]
 307 games  +32 =242 -33   -1 Elo +/- 18   2913s      mean=0.498 LLR=-0.49 [CONTINUE]
 308 games  +33 =242 -33   -0 Elo +/- 18   2921s      mean=0.500 LLR=-0.38 [CONTINUE]
 309 games  +33 =243 -33   -0 Elo +/- 18   2940s      mean=0.500 LLR=-0.38 [CONTINUE]
 310 games  +34 =243 -33   +1 Elo +/- 18   2941s      mean=0.502 LLR=-0.27 [CONTINUE]
 311 games  +34 =244 -33   +1 Elo +/- 18   2945s      mean=0.502 LLR=-0.28 [CONTINUE]
 312 games  +34 =245 -33   +1 Elo +/- 18   2965s      mean=0.502 LLR=-0.28 [CONTINUE]
 313 games  +34 =246 -33   +1 Elo +/- 18   2969s      mean=0.502 LLR=-0.28 [CONTINUE]
 314 games  +35 =246 -33   +2 Elo +/- 18   2974s      mean=0.503 LLR=-0.17 [CONTINUE]
 315 games  +35 =246 -34   +1 Elo +/- 18   2995s      mean=0.502 LLR=-0.28 [CONTINUE]
 316 games  +35 =246 -35   -0 Elo +/- 18   2999s      mean=0.500 LLR=-0.38 [CONTINUE]
 317 games  +36 =246 -35   +1 Elo +/- 18   3007s      mean=0.502 LLR=-0.27 [CONTINUE]
 318 games  +36 =246 -36   -0 Elo +/- 18   3027s      mean=0.500 LLR=-0.37 [CONTINUE]
 319 games  +37 =246 -36   +1 Elo +/- 18   3029s      mean=0.502 LLR=-0.27 [CONTINUE]
 320 games  +38 =246 -36   +2 Elo +/- 18   3038s      mean=0.503 LLR=-0.17 [CONTINUE]
 321 games  +38 =246 -37   +1 Elo +/- 18   3055s      mean=0.502 LLR=-0.27 [CONTINUE]
 322 games  +38 =247 -37   +1 Elo +/- 18   3058s      mean=0.502 LLR=-0.27 [CONTINUE]
 323 games  +38 =248 -37   +1 Elo +/- 18   3067s      mean=0.502 LLR=-0.27 [CONTINUE]
 324 games  +38 =249 -37   +1 Elo +/- 18   3082s      mean=0.502 LLR=-0.27 [CONTINUE]
 325 games  +38 =249 -38   -0 Elo +/- 18   3087s      mean=0.500 LLR=-0.37 [CONTINUE]
 326 games  +38 =250 -38   -0 Elo +/- 18   3092s      mean=0.500 LLR=-0.37 [CONTINUE]
 327 games  +38 =251 -38   -0 Elo +/- 18   3110s      mean=0.500 LLR=-0.37 [CONTINUE]
 328 games  +38 =252 -38   -0 Elo +/- 18   3116s      mean=0.500 LLR=-0.38 [CONTINUE]
 329 games  +38 =252 -39   -1 Elo +/- 18   3123s      mean=0.498 LLR=-0.47 [CONTINUE]
 330 games  +38 =252 -40   -2 Elo +/- 18   3139s      mean=0.497 LLR=-0.56 [CONTINUE]
 331 games  +38 =253 -40   -2 Elo +/- 18   3140s      mean=0.497 LLR=-0.57 [CONTINUE]
 332 games  +38 =253 -41   -3 Elo +/- 18   3155s      mean=0.495 LLR=-0.66 [CONTINUE]
 333 games  +38 =253 -42   -4 Elo +/- 18   3171s      mean=0.494 LLR=-0.75 [CONTINUE]
 334 games  +38 =253 -43   -5 Elo +/- 18   3172s      mean=0.493 LLR=-0.84 [CONTINUE]
 335 games  +38 =254 -43   -5 Elo +/- 18   3186s      mean=0.493 LLR=-0.84 [CONTINUE]
 336 games  +38 =255 -43   -5 Elo +/- 18   3198s      mean=0.493 LLR=-0.85 [CONTINUE]
 337 games  +38 =256 -43   -5 Elo +/- 18   3198s      mean=0.493 LLR=-0.85 [CONTINUE]
 338 games  +38 =257 -43   -5 Elo +/- 18   3208s      mean=0.493 LLR=-0.85 [CONTINUE]
 339 games  +38 =258 -43   -5 Elo +/- 18   3223s      mean=0.493 LLR=-0.86 [CONTINUE]
 340 games  +38 =259 -43   -5 Elo +/- 18   3226s      mean=0.493 LLR=-0.86 [CONTINUE]
 341 games  +38 =260 -43   -5 Elo +/- 18   3234s      mean=0.493 LLR=-0.87 [CONTINUE]
 342 games  +38 =261 -43   -5 Elo +/- 18   3252s      mean=0.493 LLR=-0.87 [CONTINUE]
 343 games  +38 =261 -44   -6 Elo +/- 18   3253s      mean=0.491 LLR=-0.96 [CONTINUE]
 344 games  +38 =262 -44   -6 Elo +/- 18   3263s      mean=0.491 LLR=-0.96 [CONTINUE]
 345 games  +38 =263 -44   -6 Elo +/- 18   3280s      mean=0.491 LLR=-0.97 [CONTINUE]
 346 games  +39 =263 -44   -5 Elo +/- 18   3283s      mean=0.493 LLR=-0.86 [CONTINUE]
 347 games  +39 =264 -44   -5 Elo +/- 18   3289s      mean=0.493 LLR=-0.87 [CONTINUE]
 348 games  +39 =265 -44   -5 Elo +/- 18   3308s      mean=0.493 LLR=-0.87 [CONTINUE]
 349 games  +40 =265 -44   -4 Elo +/- 18   3311s      mean=0.494 LLR=-0.77 [CONTINUE]
 350 games  +40 =265 -45   -5 Elo +/- 18   3320s      mean=0.493 LLR=-0.86 [CONTINUE]
 351 games  +40 =266 -45   -5 Elo +/- 18   3335s      mean=0.493 LLR=-0.86 [CONTINUE]
 352 games  +41 =266 -45   -4 Elo +/- 18   3336s      mean=0.494 LLR=-0.76 [CONTINUE]
 353 games  +41 =267 -45   -4 Elo +/- 18   3349s      mean=0.494 LLR=-0.76 [CONTINUE]
 354 games  +41 =268 -45   -4 Elo +/- 18   3361s      mean=0.494 LLR=-0.77 [CONTINUE]
 355 games  +41 =269 -45   -4 Elo +/- 18   3362s      mean=0.494 LLR=-0.77 [CONTINUE]
 356 games  +41 =270 -45   -4 Elo +/- 18   3376s      mean=0.494 LLR=-0.77 [CONTINUE]
 357 games  +41 =271 -45   -4 Elo +/- 18   3391s      mean=0.494 LLR=-0.78 [CONTINUE]
 358 games  +41 =272 -45   -4 Elo +/- 18   3392s      mean=0.494 LLR=-0.78 [CONTINUE]
 359 games  +41 =273 -45   -4 Elo +/- 18   3409s      mean=0.494 LLR=-0.78 [CONTINUE]
 360 games  +41 =274 -45   -4 Elo +/- 18   3415s      mean=0.494 LLR=-0.79 [CONTINUE]
 361 games  +41 =275 -45   -4 Elo +/- 18   3422s      mean=0.494 LLR=-0.79 [CONTINUE]
 362 games  +41 =275 -46   -5 Elo +/- 18   3437s      mean=0.493 LLR=-0.88 [CONTINUE]
 363 games  +42 =275 -46   -4 Elo +/- 18   3444s      mean=0.494 LLR=-0.78 [CONTINUE]
 364 games  +42 =276 -46   -4 Elo +/- 18   3453s      mean=0.495 LLR=-0.78 [CONTINUE]
 365 games  +42 =277 -46   -4 Elo +/- 18   3465s      mean=0.495 LLR=-0.78 [CONTINUE]
 366 games  +43 =277 -46   -3 Elo +/- 18   3476s      mean=0.496 LLR=-0.68 [CONTINUE]
 367 games  +43 =278 -46   -3 Elo +/- 18   3480s      mean=0.496 LLR=-0.69 [CONTINUE]
 368 games  +43 =279 -46   -3 Elo +/- 17   3491s      mean=0.496 LLR=-0.69 [CONTINUE]
 369 games  +44 =279 -46   -2 Elo +/- 18   3505s      mean=0.497 LLR=-0.59 [CONTINUE]
 370 games  +45 =279 -46   -1 Elo +/- 18   3513s      mean=0.499 LLR=-0.49 [CONTINUE]
 371 games  +45 =280 -46   -1 Elo +/- 18   3520s      mean=0.499 LLR=-0.49 [CONTINUE]
 372 games  +45 =281 -46   -1 Elo +/- 17   3532s      mean=0.499 LLR=-0.50 [CONTINUE]
 373 games  +45 =282 -46   -1 Elo +/- 17   3537s      mean=0.499 LLR=-0.50 [CONTINUE]
 374 games  +45 =282 -47   -2 Elo +/- 17   3552s      mean=0.497 LLR=-0.59 [CONTINUE]
 375 games  +45 =283 -47   -2 Elo +/- 17   3559s      mean=0.497 LLR=-0.59 [CONTINUE]
 376 games  +45 =284 -47   -2 Elo +/- 17   3561s      mean=0.497 LLR=-0.60 [CONTINUE]
 377 games  +45 =285 -47   -2 Elo +/- 17   3578s      mean=0.497 LLR=-0.60 [CONTINUE]
 378 games  +45 =286 -47   -2 Elo +/- 17   3587s      mean=0.497 LLR=-0.60 [CONTINUE]
 379 games  +45 =287 -47   -2 Elo +/- 17   3596s      mean=0.497 LLR=-0.60 [CONTINUE]
 380 games  +45 =287 -48   -3 Elo +/- 17   3612s      mean=0.496 LLR=-0.69 [CONTINUE]
 381 games  +45 =287 -49   -4 Elo +/- 17   3621s      mean=0.495 LLR=-0.78 [CONTINUE]
 382 games  +45 =288 -49   -4 Elo +/- 17   3622s      mean=0.495 LLR=-0.79 [CONTINUE]
 383 games  +46 =288 -49   -3 Elo +/- 17   3644s      mean=0.496 LLR=-0.69 [CONTINUE]
 384 games  +46 =289 -49   -3 Elo +/- 17   3651s      mean=0.496 LLR=-0.69 [CONTINUE]
 385 games  +46 =289 -50   -4 Elo +/- 17   3653s      mean=0.495 LLR=-0.78 [CONTINUE]
 386 games  +46 =290 -50   -4 Elo +/- 17   3670s      mean=0.495 LLR=-0.78 [CONTINUE]
 387 games  +46 =291 -50   -4 Elo +/- 17   3682s      mean=0.495 LLR=-0.78 [CONTINUE]
 388 games  +47 =291 -50   -3 Elo +/- 17   3682s      mean=0.496 LLR=-0.69 [CONTINUE]
 389 games  +47 =292 -50   -3 Elo +/- 17   3692s      mean=0.496 LLR=-0.69 [CONTINUE]
 390 games  +47 =293 -50   -3 Elo +/- 17   3705s      mean=0.496 LLR=-0.69 [CONTINUE]
 391 games  +47 =294 -50   -3 Elo +/- 17   3711s      mean=0.496 LLR=-0.70 [CONTINUE]
 392 games  +47 =295 -50   -3 Elo +/- 17   3721s      mean=0.496 LLR=-0.70 [CONTINUE]
 393 games  +47 =296 -50   -3 Elo +/- 17   3732s      mean=0.496 LLR=-0.70 [CONTINUE]
 394 games  +47 =297 -50   -3 Elo +/- 17   3734s      mean=0.496 LLR=-0.70 [CONTINUE]
 395 games  +48 =297 -50   -2 Elo +/- 17   3750s      mean=0.497 LLR=-0.61 [CONTINUE]
 396 games  +48 =298 -50   -2 Elo +/- 17   3763s      mean=0.497 LLR=-0.61 [CONTINUE]
 397 games  +48 =299 -50   -2 Elo +/- 17   3765s      mean=0.497 LLR=-0.61 [CONTINUE]
 398 games  +48 =300 -50   -2 Elo +/- 17   3778s      mean=0.497 LLR=-0.62 [CONTINUE]
 399 games  +48 =300 -51   -3 Elo +/- 17   3789s      mean=0.496 LLR=-0.70 [CONTINUE]
 400 games  +48 =301 -51   -3 Elo +/- 17   3794s      mean=0.496 LLR=-0.71 [CONTINUE]
 401 games  +48 =302 -51   -3 Elo +/- 17   3801s      mean=0.496 LLR=-0.71 [CONTINUE]
 402 games  +48 =303 -51   -3 Elo +/- 17   3810s      mean=0.496 LLR=-0.71 [CONTINUE]
 403 games  +49 =303 -51   -2 Elo +/- 17   3820s      mean=0.498 LLR=-0.62 [CONTINUE]
 404 games  +49 =304 -51   -2 Elo +/- 17   3831s      mean=0.498 LLR=-0.62 [CONTINUE]
 405 games  +49 =304 -52   -3 Elo +/- 17   3834s      mean=0.496 LLR=-0.71 [CONTINUE]
 406 games  +49 =305 -52   -3 Elo +/- 17   3846s      mean=0.496 LLR=-0.71 [CONTINUE]
 407 games  +49 =306 -52   -3 Elo +/- 17   3856s      mean=0.496 LLR=-0.71 [CONTINUE]
 408 games  +49 =306 -53   -3 Elo +/- 17   3863s      mean=0.495 LLR=-0.80 [CONTINUE]
 409 games  +49 =307 -53   -3 Elo +/- 17   3873s      mean=0.495 LLR=-0.80 [CONTINUE]
 410 games  +49 =308 -53   -3 Elo +/- 17   3882s      mean=0.495 LLR=-0.81 [CONTINUE]
 411 games  +49 =309 -53   -3 Elo +/- 17   3893s      mean=0.495 LLR=-0.81 [CONTINUE]
 412 games  +49 =310 -53   -3 Elo +/- 17   3903s      mean=0.495 LLR=-0.81 [CONTINUE]
 413 games  +49 =311 -53   -3 Elo +/- 17   3911s      mean=0.495 LLR=-0.82 [CONTINUE]
 414 games  +50 =311 -53   -3 Elo +/- 17   3917s      mean=0.496 LLR=-0.72 [CONTINUE]
 415 games  +50 =312 -53   -3 Elo +/- 17   3928s      mean=0.496 LLR=-0.72 [CONTINUE]
 416 games  +50 =313 -53   -3 Elo +/- 17   3941s      mean=0.496 LLR=-0.72 [CONTINUE]
 417 games  +50 =314 -53   -2 Elo +/- 17   3941s      mean=0.496 LLR=-0.73 [CONTINUE]
 418 games  +50 =315 -53   -2 Elo +/- 17   3952s      mean=0.496 LLR=-0.73 [CONTINUE]
 419 games  +50 =316 -53   -2 Elo +/- 17   3966s      mean=0.496 LLR=-0.73 [CONTINUE]
 420 games  +50 =317 -53   -2 Elo +/- 16   3971s      mean=0.496 LLR=-0.74 [CONTINUE]
 421 games  +50 =318 -53   -2 Elo +/- 16   3980s      mean=0.496 LLR=-0.74 [CONTINUE]
 422 games  +50 =319 -53   -2 Elo +/- 16   3988s      mean=0.496 LLR=-0.74 [CONTINUE]
 423 games  +50 =320 -53   -2 Elo +/- 16   3999s      mean=0.496 LLR=-0.74 [CONTINUE]
 424 games  +51 =320 -53   -2 Elo +/- 16   4004s      mean=0.498 LLR=-0.65 [CONTINUE]
 425 games  +51 =321 -53   -2 Elo +/- 16   4013s      mean=0.498 LLR=-0.65 [CONTINUE]
 426 games  +52 =321 -53   -1 Elo +/- 16   4028s      mean=0.499 LLR=-0.55 [CONTINUE]
 427 games  +52 =322 -53   -1 Elo +/- 16   4032s      mean=0.499 LLR=-0.55 [CONTINUE]
 428 games  +52 =323 -53   -1 Elo +/- 16   4040s      mean=0.499 LLR=-0.56 [CONTINUE]
 429 games  +52 =324 -53   -1 Elo +/- 16   4054s      mean=0.499 LLR=-0.56 [CONTINUE]
 430 games  +52 =324 -54   -2 Elo +/- 16   4065s      mean=0.498 LLR=-0.65 [CONTINUE]
 431 games  +52 =325 -54   -2 Elo +/- 16   4066s      mean=0.498 LLR=-0.65 [CONTINUE]
 432 games  +52 =326 -54   -2 Elo +/- 16   4079s      mean=0.498 LLR=-0.65 [CONTINUE]
 433 games  +52 =327 -54   -2 Elo +/- 16   4089s      mean=0.498 LLR=-0.66 [CONTINUE]
 434 games  +52 =327 -55   -2 Elo +/- 16   4092s      mean=0.497 LLR=-0.75 [CONTINUE]
 435 games  +53 =327 -55   -2 Elo +/- 16   4109s      mean=0.498 LLR=-0.65 [CONTINUE]
 436 games  +53 =327 -56   -2 Elo +/- 16   4121s      mean=0.497 LLR=-0.74 [CONTINUE]
 437 games  +53 =328 -56   -2 Elo +/- 16   4122s      mean=0.497 LLR=-0.74 [CONTINUE]
 438 games  +53 =329 -56   -2 Elo +/- 16   4138s      mean=0.497 LLR=-0.74 [CONTINUE]
 439 games  +53 =330 -56   -2 Elo +/- 16   4146s      mean=0.497 LLR=-0.75 [CONTINUE]
 440 games  +53 =331 -56   -2 Elo +/- 16   4153s      mean=0.497 LLR=-0.75 [CONTINUE]
 441 games  +53 =332 -56   -2 Elo +/- 16   4164s      mean=0.497 LLR=-0.75 [CONTINUE]
 442 games  +54 =332 -56   -2 Elo +/- 16   4176s      mean=0.498 LLR=-0.66 [CONTINUE]
 443 games  +54 =332 -57   -2 Elo +/- 16   4185s      mean=0.497 LLR=-0.74 [CONTINUE]
 444 games  +54 =333 -57   -2 Elo +/- 16   4193s      mean=0.497 LLR=-0.75 [CONTINUE]
 445 games  +54 =334 -57   -2 Elo +/- 16   4202s      mean=0.497 LLR=-0.75 [CONTINUE]
 446 games  +54 =335 -57   -2 Elo +/- 16   4215s      mean=0.497 LLR=-0.75 [CONTINUE]
 447 games  +55 =335 -57   -2 Elo +/- 16   4219s      mean=0.498 LLR=-0.66 [CONTINUE]
 448 games  +55 =336 -57   -2 Elo +/- 16   4228s      mean=0.498 LLR=-0.66 [CONTINUE]
 449 games  +55 =337 -57   -2 Elo +/- 16   4243s      mean=0.498 LLR=-0.66 [CONTINUE]
 450 games  +55 =338 -57   -2 Elo +/- 16   4248s      mean=0.498 LLR=-0.66 [CONTINUE]
 451 games  +55 =339 -57   -2 Elo +/- 16   4255s      mean=0.498 LLR=-0.67 [CONTINUE]
 452 games  +55 =340 -57   -2 Elo +/- 16   4273s      mean=0.498 LLR=-0.67 [CONTINUE]
 453 games  +56 =340 -57   -1 Elo +/- 16   4275s      mean=0.499 LLR=-0.57 [CONTINUE]
 454 games  +57 =340 -57   -0 Elo +/- 16   4288s      mean=0.500 LLR=-0.48 [CONTINUE]
 455 games  +57 =341 -57   -0 Elo +/- 16   4302s      mean=0.500 LLR=-0.48 [CONTINUE]
 456 games  +57 =342 -57   -0 Elo +/- 16   4305s      mean=0.500 LLR=-0.48 [CONTINUE]
 457 games  +57 =343 -57   -0 Elo +/- 16   4313s      mean=0.500 LLR=-0.49 [CONTINUE]
 458 games  +57 =344 -57   -0 Elo +/- 16   4332s      mean=0.500 LLR=-0.49 [CONTINUE]
 459 games  +57 =344 -58   -1 Elo +/- 16   4334s      mean=0.499 LLR=-0.58 [CONTINUE]
 460 games  +57 =345 -58   -1 Elo +/- 16   4342s      mean=0.499 LLR=-0.58 [CONTINUE]
 461 games  +57 =346 -58   -1 Elo +/- 16   4358s      mean=0.499 LLR=-0.58 [CONTINUE]
 462 games  +57 =346 -59   -2 Elo +/- 16   4365s      mean=0.498 LLR=-0.67 [CONTINUE]
 463 games  +57 =347 -59   -2 Elo +/- 16   4367s      mean=0.498 LLR=-0.67 [CONTINUE]
 464 games  +57 =348 -59   -1 Elo +/- 16   4390s      mean=0.498 LLR=-0.68 [CONTINUE]
 465 games  +57 =349 -59   -1 Elo +/- 16   4391s      mean=0.498 LLR=-0.68 [CONTINUE]
 466 games  +57 =350 -59   -1 Elo +/- 16   4398s      mean=0.498 LLR=-0.68 [CONTINUE]
 467 games  +57 =351 -59   -1 Elo +/- 16   4416s      mean=0.498 LLR=-0.68 [CONTINUE]
 468 games  +57 =352 -59   -1 Elo +/- 16   4418s      mean=0.498 LLR=-0.69 [CONTINUE]
 469 games  +57 =352 -60   -2 Elo +/- 16   4419s      mean=0.497 LLR=-0.78 [CONTINUE]
 470 games  +57 =352 -61   -3 Elo +/- 16   4443s      mean=0.496 LLR=-0.86 [CONTINUE]
 471 games  +57 =353 -61   -3 Elo +/- 16   4445s      mean=0.496 LLR=-0.87 [CONTINUE]
 472 games  +57 =354 -61   -3 Elo +/- 16   4446s      mean=0.496 LLR=-0.87 [CONTINUE]
 473 games  +57 =355 -61   -3 Elo +/- 16   4471s      mean=0.496 LLR=-0.87 [CONTINUE]
 474 games  +57 =356 -61   -3 Elo +/- 16   4474s      mean=0.496 LLR=-0.87 [CONTINUE]
 475 games  +58 =356 -61   -2 Elo +/- 16   4479s      mean=0.497 LLR=-0.78 [CONTINUE]
 476 games  +58 =357 -61   -2 Elo +/- 16   4497s      mean=0.497 LLR=-0.78 [CONTINUE]
 477 games  +58 =358 -61   -2 Elo +/- 16   4500s      mean=0.497 LLR=-0.78 [CONTINUE]
 478 games  +58 =359 -61   -2 Elo +/- 16   4506s      mean=0.497 LLR=-0.79 [CONTINUE]
 479 games  +58 =360 -61   -2 Elo +/- 16   4526s      mean=0.497 LLR=-0.79 [CONTINUE]
 480 games  +58 =361 -61   -2 Elo +/- 15   4526s      mean=0.497 LLR=-0.79 [CONTINUE]
 481 games  +58 =362 -61   -2 Elo +/- 15   4532s      mean=0.497 LLR=-0.79 [CONTINUE]
 482 games  +58 =363 -61   -2 Elo +/- 15   4553s      mean=0.497 LLR=-0.80 [CONTINUE]
 483 games  +58 =364 -61   -2 Elo +/- 15   4556s      mean=0.497 LLR=-0.80 [CONTINUE]
 484 games  +58 =365 -61   -2 Elo +/- 15   4559s      mean=0.497 LLR=-0.80 [CONTINUE]
 485 games  +58 =366 -61   -2 Elo +/- 15   4578s      mean=0.497 LLR=-0.81 [CONTINUE]
 486 games  +58 =367 -61   -2 Elo +/- 15   4579s      mean=0.497 LLR=-0.81 [CONTINUE]
 487 games  +58 =368 -61   -2 Elo +/- 15   4586s      mean=0.497 LLR=-0.81 [CONTINUE]
 488 games  +58 =369 -61   -2 Elo +/- 15   4609s      mean=0.497 LLR=-0.81 [CONTINUE]
 489 games  +58 =369 -62   -3 Elo +/- 15   4611s      mean=0.496 LLR=-0.90 [CONTINUE]
 490 games  +58 =370 -62   -3 Elo +/- 15   4613s      mean=0.496 LLR=-0.91 [CONTINUE]
 491 games  +58 =371 -62   -3 Elo +/- 15   4634s      mean=0.496 LLR=-0.91 [CONTINUE]
 492 games  +58 =372 -62   -3 Elo +/- 15   4640s      mean=0.496 LLR=-0.91 [CONTINUE]
 493 games  +59 =372 -62   -2 Elo +/- 15   4643s      mean=0.497 LLR=-0.81 [CONTINUE]
 494 games  +59 =373 -62   -2 Elo +/- 15   4661s      mean=0.497 LLR=-0.82 [CONTINUE]
 495 games  +59 =374 -62   -2 Elo +/- 15   4663s      mean=0.497 LLR=-0.82 [CONTINUE]
 496 games  +59 =374 -63   -3 Elo +/- 15   4671s      mean=0.496 LLR=-0.91 [CONTINUE]
 497 games  +59 =375 -63   -3 Elo +/- 15   4687s      mean=0.496 LLR=-0.91 [CONTINUE]
 498 games  +59 =376 -63   -3 Elo +/- 15   4688s      mean=0.496 LLR=-0.91 [CONTINUE]
 499 games  +59 =377 -63   -3 Elo +/- 15   4697s      mean=0.496 LLR=-0.92 [CONTINUE]
 500 games  +59 =378 -63   -3 Elo +/- 15   4714s      mean=0.496 LLR=-0.92 [CONTINUE]
 501 games  +59 =378 -64   -3 Elo +/- 15   4719s      mean=0.495 LLR=-1.01 [CONTINUE]
 502 games  +59 =379 -64   -3 Elo +/- 15   4729s      mean=0.495 LLR=-1.01 [CONTINUE]
 503 games  +59 =380 -64   -3 Elo +/- 15   4741s      mean=0.495 LLR=-1.02 [CONTINUE]
 504 games  +59 =381 -64   -3 Elo +/- 15   4743s      mean=0.495 LLR=-1.02 [CONTINUE]
 505 games  +59 =382 -64   -3 Elo +/- 15   4755s      mean=0.495 LLR=-1.02 [CONTINUE]
 506 games  +59 =383 -64   -3 Elo +/- 15   4765s      mean=0.495 LLR=-1.03 [CONTINUE]
 507 games  +59 =384 -64   -3 Elo +/- 15   4768s      mean=0.495 LLR=-1.03 [CONTINUE]
 508 games  +59 =385 -64   -3 Elo +/- 15   4778s      mean=0.495 LLR=-1.03 [CONTINUE]
 509 games  +59 =386 -64   -3 Elo +/- 15   4791s      mean=0.495 LLR=-1.03 [CONTINUE]
 510 games  +59 =387 -64   -3 Elo +/- 15   4794s      mean=0.495 LLR=-1.04 [CONTINUE]
 511 games  +59 =388 -64   -3 Elo +/- 15   4805s      mean=0.495 LLR=-1.04 [CONTINUE]
 512 games  +59 =388 -65   -4 Elo +/- 15   4819s      mean=0.494 LLR=-1.13 [CONTINUE]
 513 games  +60 =388 -65   -3 Elo +/- 15   4825s      mean=0.495 LLR=-1.03 [CONTINUE]
 514 games  +60 =389 -65   -3 Elo +/- 15   4834s      mean=0.495 LLR=-1.03 [CONTINUE]
 515 games  +60 =390 -65   -3 Elo +/- 15   4846s      mean=0.495 LLR=-1.04 [CONTINUE]
 516 games  +60 =391 -65   -3 Elo +/- 15   4848s      mean=0.495 LLR=-1.04 [CONTINUE]
 517 games  +60 =392 -65   -3 Elo +/- 15   4859s      mean=0.495 LLR=-1.04 [CONTINUE]
 518 games  +60 =393 -65   -3 Elo +/- 15   4873s      mean=0.495 LLR=-1.05 [CONTINUE]
 519 games  +60 =394 -65   -3 Elo +/- 15   4874s      mean=0.495 LLR=-1.05 [CONTINUE]
 520 games  +61 =394 -65   -3 Elo +/- 15   4887s      mean=0.496 LLR=-0.95 [CONTINUE]
 521 games  +61 =395 -65   -3 Elo +/- 15   4896s      mean=0.496 LLR=-0.95 [CONTINUE]
 522 games  +61 =396 -65   -3 Elo +/- 15   4900s      mean=0.496 LLR=-0.95 [CONTINUE]
 523 games  +61 =397 -65   -3 Elo +/- 15   4910s      mean=0.496 LLR=-0.96 [CONTINUE]
 524 games  +61 =398 -65   -3 Elo +/- 15   4919s      mean=0.496 LLR=-0.96 [CONTINUE]
 525 games  +61 =399 -65   -3 Elo +/- 15   4924s      mean=0.496 LLR=-0.96 [CONTINUE]
 526 games  +61 =400 -65   -3 Elo +/- 15   4937s      mean=0.496 LLR=-0.97 [CONTINUE]
 527 games  +61 =401 -65   -3 Elo +/- 15   4946s      mean=0.496 LLR=-0.97 [CONTINUE]
 528 games  +61 =402 -65   -3 Elo +/- 14   4952s      mean=0.496 LLR=-0.97 [CONTINUE]
 529 games  +61 =403 -65   -3 Elo +/- 14   4959s      mean=0.496 LLR=-0.98 [CONTINUE]
 530 games  +61 =404 -65   -3 Elo +/- 14   4969s      mean=0.496 LLR=-0.98 [CONTINUE]
 531 games  +61 =405 -65   -3 Elo +/- 14   4977s      mean=0.496 LLR=-0.98 [CONTINUE]
 532 games  +61 =405 -66   -3 Elo +/- 14   4988s      mean=0.495 LLR=-1.07 [CONTINUE]
 533 games  +61 =406 -66   -3 Elo +/- 14   4995s      mean=0.495 LLR=-1.08 [CONTINUE]
 534 games  +61 =407 -66   -3 Elo +/- 14   5001s      mean=0.495 LLR=-1.08 [CONTINUE]
 535 games  +61 =408 -66   -3 Elo +/- 14   5017s      mean=0.495 LLR=-1.08 [CONTINUE]
 536 games  +61 =409 -66   -3 Elo +/- 14   5021s      mean=0.495 LLR=-1.09 [CONTINUE]
 537 games  +62 =409 -66   -3 Elo +/- 14   5034s      mean=0.496 LLR=-0.98 [CONTINUE]
 538 games  +62 =410 -66   -3 Elo +/- 14   5048s      mean=0.496 LLR=-0.99 [CONTINUE]
 539 games  +62 =411 -66   -3 Elo +/- 14   5055s      mean=0.496 LLR=-0.99 [CONTINUE]
 540 games  +62 =412 -66   -3 Elo +/- 14   5062s      mean=0.496 LLR=-0.99 [CONTINUE]
 541 games  +62 =413 -66   -3 Elo +/- 14   5078s      mean=0.496 LLR=-1.00 [CONTINUE]
 542 games  +62 =414 -66   -3 Elo +/- 14   5081s      mean=0.496 LLR=-1.00 [CONTINUE]
 543 games  +62 =415 -66   -3 Elo +/- 14   5085s      mean=0.496 LLR=-1.00 [CONTINUE]
 544 games  +62 =416 -66   -3 Elo +/- 14   5104s      mean=0.496 LLR=-1.00 [CONTINUE]
 545 games  +62 =417 -66   -3 Elo +/- 14   5105s      mean=0.496 LLR=-1.01 [CONTINUE]
 546 games  +63 =417 -66   -2 Elo +/- 14   5117s      mean=0.497 LLR=-0.90 [CONTINUE]
 547 games  +63 =418 -66   -2 Elo +/- 14   5134s      mean=0.497 LLR=-0.91 [CONTINUE]
 548 games  +63 =419 -66   -2 Elo +/- 14   5136s      mean=0.497 LLR=-0.91 [CONTINUE]
 549 games  +63 =420 -66   -2 Elo +/- 14   5145s      mean=0.497 LLR=-0.91 [CONTINUE]
 550 games  +63 =421 -66   -2 Elo +/- 14   5163s      mean=0.497 LLR=-0.92 [CONTINUE]
 551 games  +63 =422 -66   -2 Elo +/- 14   5166s      mean=0.497 LLR=-0.92 [CONTINUE]
 552 games  +63 =423 -66   -2 Elo +/- 14   5168s      mean=0.497 LLR=-0.92 [CONTINUE]
 553 games  +63 =424 -66   -2 Elo +/- 14   5187s      mean=0.497 LLR=-0.92 [CONTINUE]
 554 games  +63 =425 -66   -2 Elo +/- 14   5200s      mean=0.497 LLR=-0.93 [CONTINUE]
 555 games  +63 =425 -67   -3 Elo +/- 14   5200s      mean=0.496 LLR=-1.02 [CONTINUE]
 556 games  +63 =426 -67   -2 Elo +/- 14   5213s      mean=0.496 LLR=-1.02 [CONTINUE]
 557 games  +63 =427 -67   -2 Elo +/- 14   5222s      mean=0.496 LLR=-1.03 [CONTINUE]
 558 games  +63 =428 -67   -2 Elo +/- 14   5227s      mean=0.496 LLR=-1.03 [CONTINUE]
 559 games  +63 =429 -67   -2 Elo +/- 14   5239s      mean=0.496 LLR=-1.03 [CONTINUE]
 560 games  +63 =430 -67   -2 Elo +/- 14   5250s      mean=0.496 LLR=-1.04 [CONTINUE]
 561 games  +63 =431 -67   -2 Elo +/- 14   5252s      mean=0.496 LLR=-1.04 [CONTINUE]
 562 games  +63 =432 -67   -2 Elo +/- 14   5265s      mean=0.496 LLR=-1.04 [CONTINUE]
 563 games  +64 =432 -67   -2 Elo +/- 14   5280s      mean=0.497 LLR=-0.94 [CONTINUE]
 564 games  +64 =432 -68   -2 Elo +/- 14   5285s      mean=0.496 LLR=-1.03 [CONTINUE]
 565 games  +64 =433 -68   -2 Elo +/- 14   5290s      mean=0.496 LLR=-1.04 [CONTINUE]
 566 games  +64 =434 -68   -2 Elo +/- 14   5305s      mean=0.496 LLR=-1.04 [CONTINUE]
 567 games  +64 =435 -68   -2 Elo +/- 14   5307s      mean=0.496 LLR=-1.04 [CONTINUE]
 568 games  +64 =436 -68   -2 Elo +/- 14   5313s      mean=0.496 LLR=-1.04 [CONTINUE]
 569 games  +64 =437 -68   -2 Elo +/- 14   5331s      mean=0.496 LLR=-1.05 [CONTINUE]
 570 games  +64 =438 -68   -2 Elo +/- 14   5332s      mean=0.496 LLR=-1.05 [CONTINUE]
 571 games  +64 =439 -68   -2 Elo +/- 14   5340s      mean=0.496 LLR=-1.05 [CONTINUE]
 572 games  +64 =440 -68   -2 Elo +/- 14   5358s      mean=0.497 LLR=-1.06 [CONTINUE]
 573 games  +64 =440 -69   -3 Elo +/- 14   5361s      mean=0.496 LLR=-1.15 [CONTINUE]
 574 games  +64 =441 -69   -3 Elo +/- 14   5366s      mean=0.496 LLR=-1.15 [CONTINUE]
 575 games  +64 =442 -69   -3 Elo +/- 14   5384s      mean=0.496 LLR=-1.16 [CONTINUE]
 576 games  +64 =443 -69   -3 Elo +/- 14   5394s      mean=0.496 LLR=-1.16 [CONTINUE]
 577 games  +64 =444 -69   -3 Elo +/- 14   5395s      mean=0.496 LLR=-1.16 [CONTINUE]
 578 games  +64 =445 -69   -3 Elo +/- 14   5413s      mean=0.496 LLR=-1.17 [CONTINUE]
 579 games  +64 =446 -69   -3 Elo +/- 14   5423s      mean=0.496 LLR=-1.17 [CONTINUE]
 580 games  +64 =447 -69   -3 Elo +/- 14   5424s      mean=0.496 LLR=-1.17 [CONTINUE]
 581 games  +64 =448 -69   -3 Elo +/- 14   5439s      mean=0.496 LLR=-1.18 [CONTINUE]
 582 games  +64 =449 -69   -3 Elo +/- 13   5447s      mean=0.496 LLR=-1.18 [CONTINUE]
 583 games  +64 =450 -69   -3 Elo +/- 13   5450s      mean=0.496 LLR=-1.18 [CONTINUE]
 584 games  +64 =451 -69   -3 Elo +/- 13   5465s      mean=0.496 LLR=-1.19 [CONTINUE]
 585 games  +64 =451 -70   -4 Elo +/- 13   5479s      mean=0.495 LLR=-1.28 [CONTINUE]
 586 games  +65 =451 -70   -3 Elo +/- 14   5479s      mean=0.496 LLR=-1.17 [CONTINUE]
 587 games  +65 =452 -70   -3 Elo +/- 13   5497s      mean=0.496 LLR=-1.18 [CONTINUE]
 588 games  +65 =453 -70   -3 Elo +/- 13   5508s      mean=0.496 LLR=-1.18 [CONTINUE]
 589 games  +66 =453 -70   -2 Elo +/- 13   5508s      mean=0.497 LLR=-1.08 [CONTINUE]
 590 games  +66 =454 -70   -2 Elo +/- 13   5520s      mean=0.497 LLR=-1.08 [CONTINUE]
 591 games  +66 =455 -70   -2 Elo +/- 13   5532s      mean=0.497 LLR=-1.08 [CONTINUE]
 592 games  +66 =456 -70   -2 Elo +/- 13   5536s      mean=0.497 LLR=-1.08 [CONTINUE]
 593 games  +66 =457 -70   -2 Elo +/- 13   5546s      mean=0.497 LLR=-1.09 [CONTINUE]
 594 games  +67 =457 -70   -2 Elo +/- 13   5560s      mean=0.497 LLR=-0.98 [CONTINUE]
 595 games  +67 =458 -70   -2 Elo +/- 13   5564s      mean=0.497 LLR=-0.98 [CONTINUE]
 596 games  +67 =459 -70   -2 Elo +/- 13   5570s      mean=0.497 LLR=-0.99 [CONTINUE]
 597 games  +67 =460 -70   -2 Elo +/- 13   5591s      mean=0.497 LLR=-0.99 [CONTINUE]
 598 games  +68 =460 -70   -1 Elo +/- 13   5596s      mean=0.498 LLR=-0.89 [CONTINUE]
 599 games  +68 =461 -70   -1 Elo +/- 13   5597s      mean=0.498 LLR=-0.89 [CONTINUE]
 600 games  +68 =462 -70   -1 Elo +/- 13   5618s      mean=0.498 LLR=-0.89 [CONTINUE]
 601 games  +68 =463 -70   -1 Elo +/- 13   5627s      mean=0.498 LLR=-0.89 [CONTINUE]
 602 games  +68 =463 -71   -2 Elo +/- 13   5628s      mean=0.498 LLR=-0.99 [CONTINUE]
 603 games  +68 =464 -71   -2 Elo +/- 13   5647s      mean=0.498 LLR=-0.99 [CONTINUE]
 604 games  +68 =465 -71   -2 Elo +/- 13   5653s      mean=0.498 LLR=-1.00 [CONTINUE]
 605 games  +68 =466 -71   -2 Elo +/- 13   5656s      mean=0.498 LLR=-1.00 [CONTINUE]
 606 games  +68 =467 -71   -2 Elo +/- 13   5675s      mean=0.498 LLR=-1.00 [CONTINUE]
 607 games  +68 =468 -71   -2 Elo +/- 13   5682s      mean=0.498 LLR=-1.00 [CONTINUE]
 608 games  +68 =469 -71   -2 Elo +/- 13   5682s      mean=0.498 LLR=-1.01 [CONTINUE]
 609 games  +69 =469 -71   -1 Elo +/- 13   5705s      mean=0.498 LLR=-0.90 [CONTINUE]
 610 games  +69 =470 -71   -1 Elo +/- 13   5707s      mean=0.498 LLR=-0.90 [CONTINUE]
 611 games  +70 =470 -71   -1 Elo +/- 13   5714s      mean=0.499 LLR=-0.80 [CONTINUE]
 612 games  +70 =471 -71   -1 Elo +/- 13   5730s      mean=0.499 LLR=-0.80 [CONTINUE]
 613 games  +71 =471 -71   -0 Elo +/- 13   5736s      mean=0.500 LLR=-0.70 [CONTINUE]
 614 games  +71 =472 -71   -0 Elo +/- 13   5738s      mean=0.500 LLR=-0.70 [CONTINUE]
 615 games  +71 =473 -71   -0 Elo +/- 13   5757s      mean=0.500 LLR=-0.71 [CONTINUE]
 616 games  +71 =474 -71   -0 Elo +/- 13   5762s      mean=0.500 LLR=-0.71 [CONTINUE]
 617 games  +71 =475 -71   -0 Elo +/- 13   5769s      mean=0.500 LLR=-0.71 [CONTINUE]
 618 games  +71 =476 -71   -0 Elo +/- 13   5784s      mean=0.500 LLR=-0.71 [CONTINUE]
 619 games  +71 =477 -71   -0 Elo +/- 13   5786s      mean=0.500 LLR=-0.72 [CONTINUE]
 620 games  +72 =477 -71   +1 Elo +/- 13   5797s      mean=0.501 LLR=-0.61 [CONTINUE]
 621 games  +72 =478 -71   +1 Elo +/- 13   5811s      mean=0.501 LLR=-0.61 [CONTINUE]
 622 games  +73 =478 -71   +1 Elo +/- 13   5811s      mean=0.502 LLR=-0.51 [CONTINUE]
 623 games  +73 =479 -71   +1 Elo +/- 13   5826s      mean=0.502 LLR=-0.52 [CONTINUE]
 624 games  +73 =480 -71   +1 Elo +/- 13   5837s      mean=0.502 LLR=-0.52 [CONTINUE]
 625 games  +73 =480 -72   +1 Elo +/- 13   5842s      mean=0.501 LLR=-0.61 [CONTINUE]
 626 games  +73 =481 -72   +1 Elo +/- 13   5848s      mean=0.501 LLR=-0.62 [CONTINUE]
 627 games  +74 =481 -72   +1 Elo +/- 13   5868s      mean=0.502 LLR=-0.52 [CONTINUE]
 628 games  +74 =481 -73   +1 Elo +/- 13   5870s      mean=0.501 LLR=-0.61 [CONTINUE]
 629 games  +74 =482 -73   +1 Elo +/- 13   5870s      mean=0.501 LLR=-0.61 [CONTINUE]
 630 games  +74 =483 -73   +1 Elo +/- 13   5899s      mean=0.501 LLR=-0.62 [CONTINUE]
 631 games  +74 =484 -73   +1 Elo +/- 13   5902s      mean=0.501 LLR=-0.62 [CONTINUE]
 632 games  +74 =485 -73   +1 Elo +/- 13   5904s      mean=0.501 LLR=-0.62 [CONTINUE]
 633 games  +74 =486 -73   +1 Elo +/- 13   5922s      mean=0.501 LLR=-0.62 [CONTINUE]
 634 games  +74 =486 -74   -0 Elo +/- 13   5926s      mean=0.500 LLR=-0.72 [CONTINUE]
 635 games  +74 =487 -74   -0 Elo +/- 13   5935s      mean=0.500 LLR=-0.72 [CONTINUE]
 636 games  +74 =488 -74   -0 Elo +/- 13   5948s      mean=0.500 LLR=-0.72 [CONTINUE]
 637 games  +74 =489 -74   -0 Elo +/- 13   5959s      mean=0.500 LLR=-0.73 [CONTINUE]
 638 games  +74 =490 -74   -0 Elo +/- 13   5965s      mean=0.500 LLR=-0.73 [CONTINUE]
 639 games  +74 =490 -75   -1 Elo +/- 13   5975s      mean=0.499 LLR=-0.82 [CONTINUE]
 640 games  +75 =490 -75   -0 Elo +/- 13   5985s      mean=0.500 LLR=-0.72 [CONTINUE]
