gauntlet: agent@engine vs agent@checkpoints/v1 | SPRT elo0=0.0 elo1=8.0 alpha=0.025 beta=0.025 max_games=1500 | 10000ms+100ms | 3 workers
   1 games  +0 =1 -0   -0 Elo +/- 0   128s      mean=0.500 LLR=+0.00 [CONTINUE]
   2 games  +1 =1 -0   +191 Elo +/- 834   129s      mean=0.750 LLR=+0.09 [CONTINUE]
   3 games  +1 =2 -0   +120 Elo +/- 265   130s      mean=0.667 LLR=+0.10 [CONTINUE]
   4 games  +1 =3 -0   +89 Elo +/- 173   151s      mean=0.625 LLR=+0.12 [CONTINUE]
   5 games  +1 =4 -0   +70 Elo +/- 134   158s      mean=0.600 LLR=+0.14 [CONTINUE]
   6 games  +2 =4 -0   +120 Elo +/- 162   161s      mean=0.667 LLR=+0.20 [CONTINUE]
   7 games  +3 =4 -0   +159 Elo +/- 178   186s      mean=0.714 LLR=+0.27 [CONTINUE]
   8 games  +3 =5 -0   +137 Elo +/- 147   188s      mean=0.688 LLR=+0.29 [CONTINUE]
   9 games  +4 =5 -0   +166 Elo +/- 156   188s      mean=0.722 LLR=+0.36 [CONTINUE]
  10 games  +4 =6 -0   +147 Elo +/- 135   211s      mean=0.700 LLR=+0.37 [CONTINUE]
  11 games  +4 =7 -0   +132 Elo +/- 120   212s      mean=0.682 LLR=+0.39 [CONTINUE]
  12 games  +4 =8 -0   +120 Elo +/- 109   213s      mean=0.667 LLR=+0.40 [CONTINUE]
  13 games  +4 =9 -0   +110 Elo +/- 100   236s      mean=0.654 LLR=+0.42 [CONTINUE]
  14 games  +4 =10 -0   +102 Elo +/- 92   243s      mean=0.643 LLR=+0.43 [CONTINUE]
  15 games  +4 =11 -0   +95 Elo +/- 86   246s      mean=0.633 LLR=+0.45 [CONTINUE]
  16 games  +4 =12 -0   +89 Elo +/- 80   265s      mean=0.625 LLR=+0.47 [CONTINUE]
  17 games  +5 =12 -0   +105 Elo +/- 84   272s      mean=0.647 LLR=+0.53 [CONTINUE]
  18 games  +5 =13 -0   +99 Elo +/- 80   273s      mean=0.639 LLR=+0.55 [CONTINUE]
  19 games  +5 =14 -0   +94 Elo +/- 75   289s      mean=0.632 LLR=+0.57 [CONTINUE]
  20 games  +5 =15 -0   +89 Elo +/- 72   299s      mean=0.625 LLR=+0.59 [CONTINUE]
  21 games  +5 =16 -0   +84 Elo +/- 68   305s      mean=0.619 LLR=+0.60 [CONTINUE]
  22 games  +5 =17 -0   +80 Elo +/- 65   321s      mean=0.614 LLR=+0.62 [CONTINUE]
  23 games  +5 =18 -0   +77 Elo +/- 62   325s      mean=0.609 LLR=+0.64 [CONTINUE]
  24 games  +5 =19 -0   +73 Elo +/- 60   330s      mean=0.604 LLR=+0.66 [CONTINUE]
  25 games  +5 =20 -0   +70 Elo +/- 57   347s      mean=0.600 LLR=+0.68 [CONTINUE]
  26 games  +5 =21 -0   +68 Elo +/- 55   353s      mean=0.596 LLR=+0.70 [CONTINUE]
  27 games  +5 =22 -0   +65 Elo +/- 53   357s      mean=0.593 LLR=+0.72 [CONTINUE]
  28 games  +6 =22 -0   +76 Elo +/- 56   373s      mean=0.607 LLR=+0.78 [CONTINUE]
  29 games  +6 =23 -0   +73 Elo +/- 54   377s      mean=0.603 LLR=+0.79 [CONTINUE]
  30 games  +6 =23 -1   +58 Elo +/- 59   388s      mean=0.583 LLR=+0.52 [CONTINUE]
  31 games  +6 =24 -1   +57 Elo +/- 57   400s      mean=0.581 LLR=+0.54 [CONTINUE]
  32 games  +6 =24 -2   +44 Elo +/- 60   403s      mean=0.562 LLR=+0.36 [CONTINUE]
  33 games  +6 =25 -2   +42 Elo +/- 58   412s      mean=0.561 LLR=+0.37 [CONTINUE]
  34 games  +6 =25 -3   +31 Elo +/- 60   428s      mean=0.544 LLR=+0.23 [CONTINUE]
  35 games  +6 =26 -3   +30 Elo +/- 59   429s      mean=0.543 LLR=+0.24 [CONTINUE]
  36 games  +6 =27 -3   +29 Elo +/- 57   435s      mean=0.542 LLR=+0.24 [CONTINUE]
  37 games  +6 =27 -4   +19 Elo +/- 59   457s      mean=0.527 LLR=+0.14 [CONTINUE]
  38 games  +6 =28 -4   +18 Elo +/- 57   460s      mean=0.526 LLR=+0.14 [CONTINUE]
  39 games  +6 =28 -5   +9 Elo +/- 58   465s      mean=0.513 LLR=+0.05 [CONTINUE]
  40 games  +6 =29 -5   +9 Elo +/- 57   479s      mean=0.512 LLR=+0.05 [CONTINUE]
  41 games  +6 =30 -5   +8 Elo +/- 56   485s      mean=0.512 LLR=+0.05 [CONTINUE]
  42 games  +6 =31 -5   +8 Elo +/- 54   487s      mean=0.512 LLR=+0.05 [CONTINUE]
  43 games  +6 =32 -5   +8 Elo +/- 53   504s      mean=0.512 LLR=+0.05 [CONTINUE]
  44 games  +6 =33 -5   +8 Elo +/- 52   511s      mean=0.511 LLR=+0.05 [CONTINUE]
  45 games  +6 =34 -5   +8 Elo +/- 51   519s      mean=0.511 LLR=+0.05 [CONTINUE]
  46 games  +6 =34 -6   -0 Elo +/- 52   532s      mean=0.500 LLR=-0.05 [CONTINUE]
  47 games  +6 =34 -7   -7 Elo +/- 53   541s      mean=0.489 LLR=-0.13 [CONTINUE]
  48 games  +7 =34 -7   -0 Elo +/- 54   549s      mean=0.500 LLR=-0.04 [CONTINUE]
  49 games  +7 =35 -7   -0 Elo +/- 52   558s      mean=0.500 LLR=-0.05 [CONTINUE]
  50 games  +7 =35 -8   -7 Elo +/- 53   573s      mean=0.490 LLR=-0.12 [CONTINUE]
  51 games  +7 =36 -8   -7 Elo +/- 52   575s      mean=0.490 LLR=-0.12 [CONTINUE]
  52 games  +7 =37 -8   -7 Elo +/- 51   586s      mean=0.490 LLR=-0.13 [CONTINUE]
  53 games  +7 =38 -8   -7 Elo +/- 50   599s      mean=0.491 LLR=-0.13 [CONTINUE]
  54 games  +7 =39 -8   -6 Elo +/- 49   601s      mean=0.491 LLR=-0.13 [CONTINUE]
  55 games  +7 =40 -8   -6 Elo +/- 48   613s      mean=0.491 LLR=-0.14 [CONTINUE]
  56 games  +7 =41 -8   -6 Elo +/- 47   626s      mean=0.491 LLR=-0.14 [CONTINUE]
  57 games  +7 =42 -8   -6 Elo +/- 47   627s      mean=0.491 LLR=-0.15 [CONTINUE]
  58 games  +7 =42 -9   -12 Elo +/- 47   643s      mean=0.483 LLR=-0.22 [CONTINUE]
  59 games  +7 =43 -9   -12 Elo +/- 46   650s      mean=0.483 LLR=-0.23 [CONTINUE]
  60 games  +7 =43 -10   -17 Elo +/- 47   660s      mean=0.475 LLR=-0.30 [CONTINUE]
  61 games  +8 =43 -10   -11 Elo +/- 48   671s      mean=0.484 LLR=-0.21 [CONTINUE]
  62 games  +8 =44 -10   -11 Elo +/- 47   674s      mean=0.484 LLR=-0.22 [CONTINUE]
  63 games  +8 =44 -11   -17 Elo +/- 47   691s      mean=0.476 LLR=-0.29 [CONTINUE]
  64 games  +8 =45 -11   -16 Elo +/- 47   697s      mean=0.477 LLR=-0.29 [CONTINUE]
  65 games  +8 =46 -11   -16 Elo +/- 46   703s      mean=0.477 LLR=-0.30 [CONTINUE]
  66 games  +8 =46 -12   -21 Elo +/- 46   721s      mean=0.470 LLR=-0.37 [CONTINUE]
  67 games  +8 =47 -12   -21 Elo +/- 46   726s      mean=0.470 LLR=-0.37 [CONTINUE]
  68 games  +8 =48 -12   -20 Elo +/- 45   731s      mean=0.471 LLR=-0.38 [CONTINUE]
  69 games  +8 =49 -12   -20 Elo +/- 44   746s      mean=0.471 LLR=-0.39 [CONTINUE]
  70 games  +8 =50 -12   -20 Elo +/- 44   752s      mean=0.471 LLR=-0.39 [CONTINUE]
  71 games  +8 =51 -12   -20 Elo +/- 43   762s      mean=0.472 LLR=-0.40 [CONTINUE]
  72 games  +8 =52 -12   -19 Elo +/- 42   773s      mean=0.472 LLR=-0.40 [CONTINUE]
  73 games  +9 =52 -12   -14 Elo +/- 43   782s      mean=0.479 LLR=-0.31 [CONTINUE]
  74 games  +9 =53 -12   -14 Elo +/- 42   792s      mean=0.480 LLR=-0.31 [CONTINUE]
  75 games  +9 =54 -12   -14 Elo +/- 42   797s      mean=0.480 LLR=-0.32 [CONTINUE]
  76 games  +9 =55 -12   -14 Elo +/- 41   805s      mean=0.480 LLR=-0.32 [CONTINUE]
  77 games  +9 =56 -12   -14 Elo +/- 41   820s      mean=0.481 LLR=-0.33 [CONTINUE]
  78 games  +10 =56 -12   -9 Elo +/- 41   821s      mean=0.487 LLR=-0.24 [CONTINUE]
  79 games  +10 =56 -13   -13 Elo +/- 41   833s      mean=0.481 LLR=-0.31 [CONTINUE]
  80 games  +10 =57 -13   -13 Elo +/- 41   850s      mean=0.481 LLR=-0.32 [CONTINUE]
  81 games  +10 =58 -13   -13 Elo +/- 40   856s      mean=0.481 LLR=-0.32 [CONTINUE]
  82 games  +10 =59 -13   -13 Elo +/- 40   857s      mean=0.482 LLR=-0.33 [CONTINUE]
  83 games  +10 =60 -13   -13 Elo +/- 39   878s      mean=0.482 LLR=-0.33 [CONTINUE]
  84 games  +10 =61 -13   -12 Elo +/- 39   884s      mean=0.482 LLR=-0.34 [CONTINUE]
  85 games  +10 =61 -14   -16 Elo +/- 39   887s      mean=0.476 LLR=-0.41 [CONTINUE]
  86 games  +10 =62 -14   -16 Elo +/- 39   908s      mean=0.477 LLR=-0.41 [CONTINUE]
  87 games  +10 =62 -15   -20 Elo +/- 39   914s      mean=0.471 LLR=-0.49 [CONTINUE]
  88 games  +10 =63 -15   -20 Elo +/- 39   915s      mean=0.472 LLR=-0.49 [CONTINUE]
  89 games  +10 =64 -15   -20 Elo +/- 38   937s      mean=0.472 LLR=-0.50 [CONTINUE]
  90 games  +10 =64 -16   -23 Elo +/- 39   941s      mean=0.467 LLR=-0.57 [CONTINUE]
  91 games  +10 =65 -16   -23 Elo +/- 38   942s      mean=0.467 LLR=-0.58 [CONTINUE]
  92 games  +10 =66 -16   -23 Elo +/- 38   967s      mean=0.467 LLR=-0.58 [CONTINUE]
  93 games  +10 =67 -16   -22 Elo +/- 37   969s      mean=0.468 LLR=-0.59 [CONTINUE]
  94 games  +10 =68 -16   -22 Elo +/- 37   973s      mean=0.468 LLR=-0.60 [CONTINUE]
  95 games  +10 =69 -16   -22 Elo +/- 37   994s      mean=0.468 LLR=-0.61 [CONTINUE]
  96 games  +10 =70 -16   -22 Elo +/- 36   997s      mean=0.469 LLR=-0.61 [CONTINUE]
  97 games  +10 =71 -16   -22 Elo +/- 36   1002s      mean=0.469 LLR=-0.62 [CONTINUE]
  98 games  +10 =72 -16   -21 Elo +/- 35   1022s      mean=0.469 LLR=-0.63 [CONTINUE]
  99 games  +10 =72 -17   -25 Elo +/- 36   1025s      mean=0.465 LLR=-0.70 [CONTINUE]
 100 games  +10 =73 -17   -24 Elo +/- 35   1026s      mean=0.465 LLR=-0.71 [CONTINUE]
 101 games  +11 =73 -17   -21 Elo +/- 36   1049s      mean=0.470 LLR=-0.60 [CONTINUE]
 102 games  +11 =74 -17   -20 Elo +/- 35   1053s      mean=0.471 LLR=-0.61 [CONTINUE]
 103 games  +11 =75 -17   -20 Elo +/- 35   1054s      mean=0.471 LLR=-0.62 [CONTINUE]
 104 games  +11 =76 -17   -20 Elo +/- 35   1076s      mean=0.471 LLR=-0.62 [CONTINUE]
 105 games  +11 =77 -17   -20 Elo +/- 34   1080s      mean=0.471 LLR=-0.63 [CONTINUE]
 106 games  +11 =77 -18   -23 Elo +/- 35   1086s      mean=0.467 LLR=-0.70 [CONTINUE]
 107 games  +11 =78 -18   -23 Elo +/- 34   1100s      mean=0.467 LLR=-0.71 [CONTINUE]
 108 games  +11 =79 -18   -23 Elo +/- 34   1108s      mean=0.468 LLR=-0.72 [CONTINUE]
 109 games  +11 =79 -19   -26 Elo +/- 34   1114s      mean=0.463 LLR=-0.79 [CONTINUE]
 110 games  +11 =80 -19   -25 Elo +/- 34   1127s      mean=0.464 LLR=-0.80 [CONTINUE]
 111 games  +11 =81 -19   -25 Elo +/- 34   1137s      mean=0.464 LLR=-0.81 [CONTINUE]
 112 games  +11 =82 -19   -25 Elo +/- 33   1143s      mean=0.464 LLR=-0.81 [CONTINUE]
 113 games  +11 =83 -19   -25 Elo +/- 33   1162s      mean=0.465 LLR=-0.82 [CONTINUE]
 114 games  +11 =84 -19   -24 Elo +/- 33   1164s      mean=0.465 LLR=-0.83 [CONTINUE]
 115 games  +11 =85 -19   -24 Elo +/- 32   1166s      mean=0.465 LLR=-0.84 [CONTINUE]
 116 games  +11 =86 -19   -24 Elo +/- 32   1187s      mean=0.466 LLR=-0.85 [CONTINUE]
 117 games  +11 =87 -19   -24 Elo +/- 32   1190s      mean=0.466 LLR=-0.85 [CONTINUE]
 118 games  +11 =88 -19   -24 Elo +/- 32   1199s      mean=0.466 LLR=-0.86 [CONTINUE]
 119 games  +11 =89 -19   -23 Elo +/- 31   1212s      mean=0.466 LLR=-0.87 [CONTINUE]
 120 games  +11 =90 -19   -23 Elo +/- 31   1218s      mean=0.467 LLR=-0.88 [CONTINUE]
 121 games  +11 =91 -19   -23 Elo +/- 31   1231s      mean=0.467 LLR=-0.89 [CONTINUE]
 122 games  +11 =92 -19   -23 Elo +/- 31   1240s      mean=0.467 LLR=-0.90 [CONTINUE]
 123 games  +11 =93 -19   -23 Elo +/- 30   1240s      mean=0.467 LLR=-0.90 [CONTINUE]
 124 games  +11 =93 -20   -25 Elo +/- 30   1263s      mean=0.464 LLR=-0.98 [CONTINUE]
 125 games  +11 =94 -20   -25 Elo +/- 30   1265s      mean=0.464 LLR=-0.99 [CONTINUE]
 126 games  +12 =94 -20   -22 Elo +/- 31   1270s      mean=0.468 LLR=-0.87 [CONTINUE]
 127 games  +12 =95 -20   -22 Elo +/- 30   1290s      mean=0.469 LLR=-0.88 [CONTINUE]
 128 games  +12 =96 -20   -22 Elo +/- 30   1294s      mean=0.469 LLR=-0.89 [CONTINUE]
 129 games  +12 =97 -20   -22 Elo +/- 30   1296s      mean=0.469 LLR=-0.89 [CONTINUE]
 130 games  +12 =97 -21   -24 Elo +/- 30   1321s      mean=0.465 LLR=-0.97 [CONTINUE]
 131 games  +12 =98 -21   -24 Elo +/- 30   1322s      mean=0.466 LLR=-0.98 [CONTINUE]
 132 games  +13 =98 -21   -21 Elo +/- 30   1323s      mean=0.470 LLR=-0.86 [CONTINUE]
 133 games  +13 =99 -21   -21 Elo +/- 30   1346s      mean=0.470 LLR=-0.87 [CONTINUE]
 134 games  +13 =100 -21   -21 Elo +/- 30   1346s      mean=0.470 LLR=-0.88 [CONTINUE]
 135 games  +13 =100 -22   -23 Elo +/- 30   1348s      mean=0.467 LLR=-0.95 [CONTINUE]
 136 games  +13 =100 -23   -26 Elo +/- 30   1373s      mean=0.463 LLR=-1.03 [CONTINUE]
 137 games  +13 =101 -23   -25 Elo +/- 30   1373s      mean=0.464 LLR=-1.04 [CONTINUE]
 138 games  +13 =102 -23   -25 Elo +/- 30   1375s      mean=0.464 LLR=-1.04 [CONTINUE]
 139 games  +13 =103 -23   -25 Elo +/- 29   1401s      mean=0.464 LLR=-1.05 [CONTINUE]
 140 games  +13 =104 -23   -25 Elo +/- 29   1402s      mean=0.464 LLR=-1.06 [CONTINUE]
 141 games  +14 =104 -23   -22 Elo +/- 29   1403s      mean=0.468 LLR=-0.95 [CONTINUE]
 142 games  +14 =105 -23   -22 Elo +/- 29   1428s      mean=0.468 LLR=-0.95 [CONTINUE]
 143 games  +14 =106 -23   -22 Elo +/- 29   1428s      mean=0.469 LLR=-0.96 [CONTINUE]
 144 games  +14 =107 -23   -22 Elo +/- 29   1429s      mean=0.469 LLR=-0.97 [CONTINUE]
 145 games  +14 =108 -23   -22 Elo +/- 29   1450s      mean=0.469 LLR=-0.98 [CONTINUE]
 146 games  +14 =109 -23   -21 Elo +/- 28   1451s      mean=0.469 LLR=-0.99 [CONTINUE]
 147 games  +14 =110 -23   -21 Elo +/- 28   1462s      mean=0.469 LLR=-0.99 [CONTINUE]
 148 games  +14 =111 -23   -21 Elo +/- 28   1477s      mean=0.470 LLR=-1.00 [CONTINUE]
 149 games  +14 =111 -24   -23 Elo +/- 28   1486s      mean=0.466 LLR=-1.08 [CONTINUE]
 150 games  +14 =112 -24   -23 Elo +/- 28   1490s      mean=0.467 LLR=-1.08 [CONTINUE]
 151 games  +14 =113 -24   -23 Elo +/- 28   1503s      mean=0.467 LLR=-1.09 [CONTINUE]
 152 games  +14 =114 -24   -23 Elo +/- 28   1507s      mean=0.467 LLR=-1.10 [CONTINUE]
 153 games  +14 =115 -24   -23 Elo +/- 27   1515s      mean=0.467 LLR=-1.11 [CONTINUE]
 154 games  +14 =116 -24   -23 Elo +/- 27   1529s      mean=0.468 LLR=-1.12 [CONTINUE]
 155 games  +14 =117 -24   -22 Elo +/- 27   1532s      mean=0.468 LLR=-1.13 [CONTINUE]
 156 games  +14 =118 -24   -22 Elo +/- 27   1544s      mean=0.468 LLR=-1.13 [CONTINUE]
 157 games  +14 =119 -24   -22 Elo +/- 27   1550s      mean=0.468 LLR=-1.14 [CONTINUE]
 158 games  +14 =120 -24   -22 Elo +/- 27   1557s      mean=0.468 LLR=-1.15 [CONTINUE]
 159 games  +14 =121 -24   -22 Elo +/- 26   1570s      mean=0.469 LLR=-1.16 [CONTINUE]
 160 games  +14 =121 -25   -24 Elo +/- 26   1580s      mean=0.466 LLR=-1.24 [CONTINUE]
 161 games  +14 =122 -25   -24 Elo +/- 26   1586s      mean=0.466 LLR=-1.25 [CONTINUE]
 162 games  +15 =122 -25   -21 Elo +/- 27   1594s      mean=0.469 LLR=-1.12 [CONTINUE]
 163 games  +15 =123 -25   -21 Elo +/- 26   1613s      mean=0.469 LLR=-1.13 [CONTINUE]
 164 games  +15 =123 -26   -23 Elo +/- 27   1614s      mean=0.466 LLR=-1.21 [CONTINUE]
 165 games  +15 =124 -26   -23 Elo +/- 26   1627s      mean=0.467 LLR=-1.22 [CONTINUE]
 166 games  +15 =125 -26   -23 Elo +/- 26   1636s      mean=0.467 LLR=-1.23 [CONTINUE]
 167 games  +15 =126 -26   -23 Elo +/- 26   1640s      mean=0.467 LLR=-1.23 [CONTINUE]
 168 games  +15 =127 -26   -23 Elo +/- 26   1657s      mean=0.467 LLR=-1.24 [CONTINUE]
 169 games  +15 =128 -26   -23 Elo +/- 26   1663s      mean=0.467 LLR=-1.25 [CONTINUE]
 170 games  +15 =129 -26   -23 Elo +/- 26   1674s      mean=0.468 LLR=-1.26 [CONTINUE]
 171 games  +16 =129 -26   -20 Elo +/- 26   1685s      mean=0.471 LLR=-1.14 [CONTINUE]
 172 games  +16 =130 -26   -20 Elo +/- 26   1691s      mean=0.471 LLR=-1.15 [CONTINUE]
 173 games  +16 =131 -26   -20 Elo +/- 25   1700s      mean=0.471 LLR=-1.15 [CONTINUE]
 174 games  +16 =132 -26   -20 Elo +/- 25   1710s      mean=0.471 LLR=-1.16 [CONTINUE]
 175 games  +17 =132 -26   -18 Elo +/- 25   1723s      mean=0.474 LLR=-1.04 [CONTINUE]
 176 games  +17 =133 -26   -18 Elo +/- 25   1726s      mean=0.474 LLR=-1.05 [CONTINUE]
 177 games  +17 =134 -26   -18 Elo +/- 25   1734s      mean=0.475 LLR=-1.06 [CONTINUE]
 178 games  +17 =135 -26   -18 Elo +/- 25   1748s      mean=0.475 LLR=-1.06 [CONTINUE]
 179 games  +17 =136 -26   -17 Elo +/- 25   1749s      mean=0.475 LLR=-1.07 [CONTINUE]
 180 games  +18 =136 -26   -15 Elo +/- 25   1764s      mean=0.478 LLR=-0.96 [CONTINUE]
 181 games  +18 =137 -26   -15 Elo +/- 25   1776s      mean=0.478 LLR=-0.96 [CONTINUE]
 182 games  +18 =138 -26   -15 Elo +/- 25   1780s      mean=0.478 LLR=-0.97 [CONTINUE]
 183 games  +18 =139 -26   -15 Elo +/- 25   1789s      mean=0.478 LLR=-0.98 [CONTINUE]
 184 games  +18 =140 -26   -15 Elo +/- 25   1804s      mean=0.478 LLR=-0.98 [CONTINUE]
 185 games  +18 =141 -26   -15 Elo +/- 24   1811s      mean=0.478 LLR=-0.99 [CONTINUE]
 186 games  +19 =141 -26   -13 Elo +/- 25   1819s      mean=0.481 LLR=-0.87 [CONTINUE]
 187 games  +19 =142 -26   -13 Elo +/- 24   1831s      mean=0.481 LLR=-0.88 [CONTINUE]
 188 games  +19 =143 -26   -13 Elo +/- 24   1836s      mean=0.481 LLR=-0.89 [CONTINUE]
 189 games  +19 =144 -26   -13 Elo +/- 24   1843s      mean=0.481 LLR=-0.89 [CONTINUE]
 190 games  +20 =144 -26   -11 Elo +/- 24   1863s      mean=0.484 LLR=-0.78 [CONTINUE]
 191 games  +20 =145 -26   -11 Elo +/- 24   1866s      mean=0.484 LLR=-0.79 [CONTINUE]
 192 games  +20 =146 -26   -11 Elo +/- 24   1868s      mean=0.484 LLR=-0.79 [CONTINUE]
 193 games  +20 =147 -26   -11 Elo +/- 24   1889s      mean=0.484 LLR=-0.80 [CONTINUE]
 194 games  +20 =148 -26   -11 Elo +/- 24   1896s      mean=0.485 LLR=-0.80 [CONTINUE]
 195 games  +20 =149 -26   -11 Elo +/- 24   1896s      mean=0.485 LLR=-0.81 [CONTINUE]
 196 games  +20 =150 -26   -11 Elo +/- 24   1915s      mean=0.485 LLR=-0.81 [CONTINUE]
 197 games  +20 =151 -26   -11 Elo +/- 23   1918s      mean=0.485 LLR=-0.82 [CONTINUE]
 198 games  +21 =151 -26   -9 Elo +/- 24   1926s      mean=0.487 LLR=-0.71 [CONTINUE]
 199 games  +21 =151 -27   -10 Elo +/- 24   1944s      mean=0.485 LLR=-0.79 [CONTINUE]
 200 games  +21 =152 -27   -10 Elo +/- 24   1947s      mean=0.485 LLR=-0.80 [CONTINUE]
 201 games  +21 =153 -27   -10 Elo +/- 23   1950s      mean=0.485 LLR=-0.80 [CONTINUE]
 202 games  +21 =154 -27   -10 Elo +/- 23   1970s      mean=0.485 LLR=-0.81 [CONTINUE]
 203 games  +21 =155 -27   -10 Elo +/- 23   1973s      mean=0.485 LLR=-0.81 [CONTINUE]
 204 games  +22 =155 -27   -9 Elo +/- 23   1979s      mean=0.488 LLR=-0.71 [CONTINUE]
 205 games  +22 =156 -27   -8 Elo +/- 23   1999s      mean=0.488 LLR=-0.71 [CONTINUE]
 206 games  +23 =156 -27   -7 Elo +/- 23   2003s      mean=0.490 LLR=-0.61 [CONTINUE]
 207 games  +23 =157 -27   -7 Elo +/- 23   2005s      mean=0.490 LLR=-0.61 [CONTINUE]
 208 games  +24 =157 -27   -5 Elo +/- 23   2025s      mean=0.493 LLR=-0.51 [CONTINUE]
 209 games  +24 =158 -27   -5 Elo +/- 23   2030s      mean=0.493 LLR=-0.51 [CONTINUE]
 210 games  +25 =158 -27   -3 Elo +/- 23   2034s      mean=0.495 LLR=-0.41 [CONTINUE]
 211 games  +26 =158 -27   -2 Elo +/- 24   2053s      mean=0.498 LLR=-0.31 [CONTINUE]
 212 games  +26 =159 -27   -2 Elo +/- 23   2056s      mean=0.498 LLR=-0.32 [CONTINUE]
 213 games  +26 =160 -27   -2 Elo +/- 23   2057s      mean=0.498 LLR=-0.32 [CONTINUE]
 214 games  +26 =161 -27   -2 Elo +/- 23   2079s      mean=0.498 LLR=-0.32 [CONTINUE]
 215 games  +26 =162 -27   -2 Elo +/- 23   2080s      mean=0.498 LLR=-0.32 [CONTINUE]
 216 games  +26 =163 -27   -2 Elo +/- 23   2083s      mean=0.498 LLR=-0.33 [CONTINUE]
 217 games  +26 =164 -27   -2 Elo +/- 23   2107s      mean=0.498 LLR=-0.33 [CONTINUE]
 218 games  +26 =165 -27   -2 Elo +/- 23   2111s      mean=0.498 LLR=-0.33 [CONTINUE]
 219 games  +27 =165 -27   -0 Elo +/- 23   2119s      mean=0.500 LLR=-0.24 [CONTINUE]
 220 games  +27 =166 -27   -0 Elo +/- 23   2128s      mean=0.500 LLR=-0.24 [CONTINUE]
 221 games  +27 =166 -28   -2 Elo +/- 23   2140s      mean=0.498 LLR=-0.33 [CONTINUE]
 222 games  +27 =167 -28   -2 Elo +/- 23   2141s      mean=0.498 LLR=-0.33 [CONTINUE]
 223 games  +27 =168 -28   -2 Elo +/- 23   2150s      mean=0.498 LLR=-0.33 [CONTINUE]
 224 games  +27 =169 -28   -2 Elo +/- 23   2167s      mean=0.498 LLR=-0.34 [CONTINUE]
 225 games  +28 =169 -28   -0 Elo +/- 23   2172s      mean=0.500 LLR=-0.24 [CONTINUE]
 226 games  +28 =170 -28   -0 Elo +/- 23   2178s      mean=0.500 LLR=-0.24 [CONTINUE]
 227 games  +28 =171 -28   -0 Elo +/- 22   2194s      mean=0.500 LLR=-0.24 [CONTINUE]
 228 games  +28 =172 -28   -0 Elo +/- 22   2202s      mean=0.500 LLR=-0.25 [CONTINUE]
 229 games  +28 =173 -28   -0 Elo +/- 22   2205s      mean=0.500 LLR=-0.25 [CONTINUE]
 230 games  +28 =173 -29   -2 Elo +/- 22   2226s      mean=0.498 LLR=-0.34 [CONTINUE]
 231 games  +28 =174 -29   -2 Elo +/- 22   2229s      mean=0.498 LLR=-0.34 [CONTINUE]
 232 games  +28 =175 -29   -1 Elo +/- 22   2230s      mean=0.498 LLR=-0.34 [CONTINUE]
 233 games  +28 =176 -29   -1 Elo +/- 22   2254s      mean=0.498 LLR=-0.35 [CONTINUE]
 234 games  +29 =176 -29   -0 Elo +/- 22   2255s      mean=0.500 LLR=-0.25 [CONTINUE]
 235 games  +29 =177 -29   -0 Elo +/- 22   2258s      mean=0.500 LLR=-0.25 [CONTINUE]
 236 games  +29 =178 -29   -0 Elo +/- 22   2283s      mean=0.500 LLR=-0.25 [CONTINUE]
 237 games  +29 =179 -29   -0 Elo +/- 22   2283s      mean=0.500 LLR=-0.26 [CONTINUE]
 238 games  +29 =179 -30   -1 Elo +/- 22   2290s      mean=0.498 LLR=-0.35 [CONTINUE]
 239 games  +29 =180 -30   -1 Elo +/- 22   2312s      mean=0.498 LLR=-0.35 [CONTINUE]
 240 games  +29 =181 -30   -1 Elo +/- 22   2313s      mean=0.498 LLR=-0.35 [CONTINUE]
 241 games  +29 =181 -31   -3 Elo +/- 22   2320s      mean=0.496 LLR=-0.44 [CONTINUE]
 242 games  +29 =182 -31   -3 Elo +/- 22   2339s      mean=0.496 LLR=-0.44 [CONTINUE]
 243 games  +29 =182 -32   -4 Elo +/- 22   2340s      mean=0.494 LLR=-0.53 [CONTINUE]
 244 games  +30 =182 -32   -3 Elo +/- 22   2345s      mean=0.496 LLR=-0.44 [CONTINUE]
 245 games  +30 =183 -32   -3 Elo +/- 22   2367s      mean=0.496 LLR=-0.44 [CONTINUE]
 246 games  +30 =184 -32   -3 Elo +/- 22   2368s      mean=0.496 LLR=-0.44 [CONTINUE]
 247 games  +30 =184 -33   -4 Elo +/- 22   2369s      mean=0.494 LLR=-0.53 [CONTINUE]
 248 games  +30 =185 -33   -4 Elo +/- 22   2395s      mean=0.494 LLR=-0.53 [CONTINUE]
 249 games  +30 =185 -34   -6 Elo +/- 22   2396s      mean=0.492 LLR=-0.62 [CONTINUE]
 250 games  +31 =185 -34   -4 Elo +/- 22   2399s      mean=0.494 LLR=-0.52 [CONTINUE]
 251 games  +31 =186 -34   -4 Elo +/- 22   2418s      mean=0.494 LLR=-0.52 [CONTINUE]
 252 games  +31 =187 -34   -4 Elo +/- 22   2426s      mean=0.494 LLR=-0.53 [CONTINUE]
 253 games  +31 =188 -34   -4 Elo +/- 22   2427s      mean=0.494 LLR=-0.53 [CONTINUE]
 254 games  +31 =189 -34   -4 Elo +/- 22   2446s      mean=0.494 LLR=-0.53 [CONTINUE]
 255 games  +32 =189 -34   -3 Elo +/- 22   2457s      mean=0.496 LLR=-0.44 [CONTINUE]
 256 games  +32 =189 -35   -4 Elo +/- 22   2459s      mean=0.494 LLR=-0.52 [CONTINUE]
 257 games  +32 =190 -35   -4 Elo +/- 22   2475s      mean=0.494 LLR=-0.53 [CONTINUE]
 258 games  +33 =190 -35   -3 Elo +/- 22   2485s      mean=0.496 LLR=-0.43 [CONTINUE]
 259 games  +33 =191 -35   -3 Elo +/- 22   2488s      mean=0.496 LLR=-0.44 [CONTINUE]
 260 games  +33 =192 -35   -3 Elo +/- 22   2498s      mean=0.496 LLR=-0.44 [CONTINUE]
 261 games  +33 =192 -36   -4 Elo +/- 22   2508s      mean=0.494 LLR=-0.52 [CONTINUE]
 262 games  +33 =193 -36   -4 Elo +/- 22   2516s      mean=0.494 LLR=-0.53 [CONTINUE]
 263 games  +33 =194 -36   -4 Elo +/- 22   2526s      mean=0.494 LLR=-0.53 [CONTINUE]
 264 games  +33 =195 -36   -4 Elo +/- 21   2534s      mean=0.494 LLR=-0.53 [CONTINUE]
 265 games  +33 =196 -36   -4 Elo +/- 21   2547s      mean=0.494 LLR=-0.54 [CONTINUE]
 266 games  +33 =197 -36   -4 Elo +/- 21   2555s      mean=0.494 LLR=-0.54 [CONTINUE]
 267 games  +33 =197 -37   -5 Elo +/- 21   2563s      mean=0.493 LLR=-0.62 [CONTINUE]
 268 games  +33 =198 -37   -5 Elo +/- 21   2574s      mean=0.493 LLR=-0.63 [CONTINUE]
 269 games  +34 =198 -37   -4 Elo +/- 21   2588s      mean=0.494 LLR=-0.53 [CONTINUE]
 270 games  +34 =199 -37   -4 Elo +/- 21   2589s      mean=0.494 LLR=-0.53 [CONTINUE]
 271 games  +34 =200 -37   -4 Elo +/- 21   2599s      mean=0.494 LLR=-0.54 [CONTINUE]
 272 games  +34 =201 -37   -4 Elo +/- 21   2615s      mean=0.494 LLR=-0.54 [CONTINUE]
 273 games  +34 =202 -37   -4 Elo +/- 21   2618s      mean=0.495 LLR=-0.54 [CONTINUE]
 274 games  +34 =202 -38   -5 Elo +/- 21   2629s      mean=0.493 LLR=-0.63 [CONTINUE]
 275 games  +34 =203 -38   -5 Elo +/- 21   2634s      mean=0.493 LLR=-0.63 [CONTINUE]
 276 games  +34 =203 -39   -6 Elo +/- 21   2649s      mean=0.491 LLR=-0.71 [CONTINUE]
 277 games  +34 =204 -39   -6 Elo +/- 21   2653s      mean=0.491 LLR=-0.72 [CONTINUE]
 278 games  +34 =205 -39   -6 Elo +/- 21   2666s      mean=0.491 LLR=-0.72 [CONTINUE]
 279 games  +34 =206 -39   -6 Elo +/- 21   2676s      mean=0.491 LLR=-0.72 [CONTINUE]
 280 games  +35 =206 -39   -5 Elo +/- 21   2677s      mean=0.493 LLR=-0.63 [CONTINUE]
 281 games  +35 =207 -39   -5 Elo +/- 21   2691s      mean=0.493 LLR=-0.63 [CONTINUE]
 282 games  +35 =208 -39   -5 Elo +/- 21   2700s      mean=0.493 LLR=-0.64 [CONTINUE]
 283 games  +35 =209 -39   -5 Elo +/- 21   2705s      mean=0.493 LLR=-0.64 [CONTINUE]
 284 games  +36 =209 -39   -4 Elo +/- 21   2718s      mean=0.495 LLR=-0.55 [CONTINUE]
 285 games  +36 =210 -39   -4 Elo +/- 21   2728s      mean=0.495 LLR=-0.55 [CONTINUE]
 286 games  +36 =211 -39   -4 Elo +/- 21   2733s      mean=0.495 LLR=-0.55 [CONTINUE]
 287 games  +36 =212 -39   -4 Elo +/- 21   2743s      mean=0.495 LLR=-0.56 [CONTINUE]
 288 games  +36 =213 -39   -4 Elo +/- 20   2756s      mean=0.495 LLR=-0.56 [CONTINUE]
 289 games  +36 =214 -39   -4 Elo +/- 20   2763s      mean=0.495 LLR=-0.56 [CONTINUE]
 290 games  +37 =214 -39   -2 Elo +/- 20   2773s      mean=0.497 LLR=-0.47 [CONTINUE]
 291 games  +37 =215 -39   -2 Elo +/- 20   2784s      mean=0.497 LLR=-0.47 [CONTINUE]
 292 games  +37 =216 -39   -2 Elo +/- 20   2789s      mean=0.497 LLR=-0.47 [CONTINUE]
 293 games  +37 =217 -39   -2 Elo +/- 20   2794s      mean=0.497 LLR=-0.48 [CONTINUE]
 294 games  +37 =218 -39   -2 Elo +/- 20   2805s      mean=0.497 LLR=-0.48 [CONTINUE]
 295 games  +37 =219 -39   -2 Elo +/- 20   2815s      mean=0.497 LLR=-0.48 [CONTINUE]
 296 games  +37 =220 -39   -2 Elo +/- 20   2821s      mean=0.497 LLR=-0.48 [CONTINUE]
 297 games  +37 =221 -39   -2 Elo +/- 20   2831s      mean=0.497 LLR=-0.49 [CONTINUE]
 298 games  +37 =222 -39   -2 Elo +/- 20   2840s      mean=0.497 LLR=-0.49 [CONTINUE]
 299 games  +37 =223 -39   -2 Elo +/- 20   2850s      mean=0.497 LLR=-0.49 [CONTINUE]
 300 games  +38 =223 -39   -1 Elo +/- 20   2859s      mean=0.498 LLR=-0.40 [CONTINUE]
 301 games  +38 =224 -39   -1 Elo +/- 20   2863s      mean=0.498 LLR=-0.40 [CONTINUE]
 302 games  +38 =225 -39   -1 Elo +/- 20   2875s      mean=0.498 LLR=-0.40 [CONTINUE]
 303 games  +38 =226 -39   -1 Elo +/- 20   2886s      mean=0.498 LLR=-0.41 [CONTINUE]
 304 games  +38 =226 -40   -2 Elo +/- 20   2892s      mean=0.497 LLR=-0.49 [CONTINUE]
 305 games  +38 =227 -40   -2 Elo +/- 20   2902s      mean=0.497 LLR=-0.50 [CONTINUE]
 306 games  +39 =227 -40   -1 Elo +/- 20   2914s      mean=0.498 LLR=-0.40 [CONTINUE]
 307 games  +40 =227 -40   -0 Elo +/- 20   2925s      mean=0.500 LLR=-0.31 [CONTINUE]
 308 games  +41 =227 -40   +1 Elo +/- 20   2932s      mean=0.502 LLR=-0.22 [CONTINUE]
 309 games  +41 =228 -40   +1 Elo +/- 20   2944s      mean=0.502 LLR=-0.22 [CONTINUE]
 310 games  +41 =229 -40   +1 Elo +/- 20   2948s      mean=0.502 LLR=-0.23 [CONTINUE]
 311 games  +41 =230 -40   +1 Elo +/- 20   2961s      mean=0.502 LLR=-0.23 [CONTINUE]
 312 games  +41 =231 -40   +1 Elo +/- 20   2970s      mean=0.502 LLR=-0.23 [CONTINUE]
 313 games  +41 =232 -40   +1 Elo +/- 20   2977s      mean=0.502 LLR=-0.23 [CONTINUE]
 314 games  +41 =233 -40   +1 Elo +/- 20   2984s      mean=0.502 LLR=-0.23 [CONTINUE]
 315 games  +41 =234 -40   +1 Elo +/- 19   2996s      mean=0.502 LLR=-0.24 [CONTINUE]
 316 games  +41 =235 -40   +1 Elo +/- 19   3003s      mean=0.502 LLR=-0.24 [CONTINUE]
 317 games  +41 =236 -40   +1 Elo +/- 19   3008s      mean=0.502 LLR=-0.24 [CONTINUE]
 318 games  +41 =237 -40   +1 Elo +/- 19   3024s      mean=0.502 LLR=-0.24 [CONTINUE]
 319 games  +41 =237 -41   -0 Elo +/- 19   3032s      mean=0.500 LLR=-0.33 [CONTINUE]
 320 games  +41 =238 -41   -0 Elo +/- 19   3037s      mean=0.500 LLR=-0.33 [CONTINUE]
 321 games  +41 =239 -41   -0 Elo +/- 19   3051s      mean=0.500 LLR=-0.33 [CONTINUE]
 322 games  +41 =240 -41   -0 Elo +/- 19   3058s      mean=0.500 LLR=-0.34 [CONTINUE]
 323 games  +41 =241 -41   -0 Elo +/- 19   3061s      mean=0.500 LLR=-0.34 [CONTINUE]
 324 games  +41 =242 -41   -0 Elo +/- 19   3080s      mean=0.500 LLR=-0.34 [CONTINUE]
 325 games  +41 =242 -42   -1 Elo +/- 19   3087s      mean=0.498 LLR=-0.43 [CONTINUE]
 326 games  +41 =243 -42   -1 Elo +/- 19   3088s      mean=0.498 LLR=-0.43 [CONTINUE]
 327 games  +41 =244 -42   -1 Elo +/- 19   3108s      mean=0.498 LLR=-0.43 [CONTINUE]
 328 games  +41 =245 -42   -1 Elo +/- 19   3109s      mean=0.498 LLR=-0.43 [CONTINUE]
 329 games  +42 =245 -42   -0 Elo +/- 19   3112s      mean=0.500 LLR=-0.34 [CONTINUE]
 330 games  +42 =246 -42   -0 Elo +/- 19   3136s      mean=0.500 LLR=-0.34 [CONTINUE]
 331 games  +43 =246 -42   +1 Elo +/- 19   3139s      mean=0.502 LLR=-0.25 [CONTINUE]
 332 games  +44 =246 -42   +2 Elo +/- 19   3144s      mean=0.503 LLR=-0.16 [CONTINUE]
 333 games  +44 =247 -42   +2 Elo +/- 19   3162s      mean=0.503 LLR=-0.16 [CONTINUE]
 334 games  +44 =248 -42   +2 Elo +/- 19   3171s      mean=0.503 LLR=-0.16 [CONTINUE]
 335 games  +44 =248 -43   +1 Elo +/- 19   3173s      mean=0.501 LLR=-0.25 [CONTINUE]
 336 games  +44 =248 -44   -0 Elo +/- 19   3192s      mean=0.500 LLR=-0.34 [CONTINUE]
 337 games  +44 =249 -44   -0 Elo +/- 19   3197s      mean=0.500 LLR=-0.34 [CONTINUE]
 338 games  +45 =249 -44   +1 Elo +/- 19   3202s      mean=0.501 LLR=-0.25 [CONTINUE]
 339 games  +45 =250 -44   +1 Elo +/- 19   3218s      mean=0.501 LLR=-0.25 [CONTINUE]
 340 games  +45 =251 -44   +1 Elo +/- 19   3220s      mean=0.501 LLR=-0.26 [CONTINUE]
 341 games  +45 =252 -44   +1 Elo +/- 19   3228s      mean=0.501 LLR=-0.26 [CONTINUE]
 342 games  +45 =253 -44   +1 Elo +/- 19   3249s      mean=0.501 LLR=-0.26 [CONTINUE]
 343 games  +46 =253 -44   +2 Elo +/- 19   3250s      mean=0.503 LLR=-0.17 [CONTINUE]
 344 games  +46 =253 -45   +1 Elo +/- 19   3257s      mean=0.501 LLR=-0.26 [CONTINUE]
 345 games  +46 =254 -45   +1 Elo +/- 19   3278s      mean=0.501 LLR=-0.26 [CONTINUE]
 346 games  +46 =255 -45   +1 Elo +/- 19   3281s      mean=0.501 LLR=-0.26 [CONTINUE]
 347 games  +46 =256 -45   +1 Elo +/- 19   3283s      mean=0.501 LLR=-0.26 [CONTINUE]
 348 games  +46 =257 -45   +1 Elo +/- 19   3302s      mean=0.501 LLR=-0.26 [CONTINUE]
 349 games  +46 =258 -45   +1 Elo +/- 19   3308s      mean=0.501 LLR=-0.27 [CONTINUE]
 350 games  +46 =258 -46   -0 Elo +/- 19   3314s      mean=0.500 LLR=-0.35 [CONTINUE]
 351 games  +46 =259 -46   -0 Elo +/- 19   3328s      mean=0.500 LLR=-0.35 [CONTINUE]
 352 games  +46 =260 -46   -0 Elo +/- 19   3331s      mean=0.500 LLR=-0.36 [CONTINUE]
 353 games  +47 =260 -46   +1 Elo +/- 19   3345s      mean=0.501 LLR=-0.27 [CONTINUE]
 354 games  +48 =260 -46   +2 Elo +/- 19   3355s      mean=0.503 LLR=-0.18 [CONTINUE]
 355 games  +48 =260 -47   +1 Elo +/- 19   3363s      mean=0.501 LLR=-0.27 [CONTINUE]
 356 games  +48 =261 -47   +1 Elo +/- 19   3369s      mean=0.501 LLR=-0.27 [CONTINUE]
 357 games  +48 =262 -47   +1 Elo +/- 19   3376s      mean=0.501 LLR=-0.27 [CONTINUE]
 358 games  +48 =263 -47   +1 Elo +/- 19   3394s      mean=0.501 LLR=-0.27 [CONTINUE]
 359 games  +48 =264 -47   +1 Elo +/- 19   3397s      mean=0.501 LLR=-0.27 [CONTINUE]
 360 games  +48 =265 -47   +1 Elo +/- 18   3403s      mean=0.501 LLR=-0.27 [CONTINUE]
 361 games  +48 =266 -47   +1 Elo +/- 18   3421s      mean=0.501 LLR=-0.28 [CONTINUE]
 362 games  +48 =267 -47   +1 Elo +/- 18   3424s      mean=0.501 LLR=-0.28 [CONTINUE]
 363 games  +48 =268 -47   +1 Elo +/- 18   3431s      mean=0.501 LLR=-0.28 [CONTINUE]
 364 games  +48 =269 -47   +1 Elo +/- 18   3446s      mean=0.501 LLR=-0.28 [CONTINUE]
 365 games  +48 =269 -48   -0 Elo +/- 18   3455s      mean=0.500 LLR=-0.37 [CONTINUE]
 366 games  +48 =270 -48   -0 Elo +/- 18   3464s      mean=0.500 LLR=-0.37 [CONTINUE]
 367 games  +48 =271 -48   -0 Elo +/- 18   3472s      mean=0.500 LLR=-0.37 [CONTINUE]
 368 games  +48 =272 -48   -0 Elo +/- 18   3481s      mean=0.500 LLR=-0.37 [CONTINUE]
 369 games  +48 =273 -48   -0 Elo +/- 18   3492s      mean=0.500 LLR=-0.38 [CONTINUE]
 370 games  +48 =273 -49   -1 Elo +/- 18   3500s      mean=0.499 LLR=-0.46 [CONTINUE]
 371 games  +49 =273 -49   -0 Elo +/- 18   3510s      mean=0.500 LLR=-0.37 [CONTINUE]
 372 games  +49 =274 -49   -0 Elo +/- 18   3518s      mean=0.500 LLR=-0.37 [CONTINUE]
 373 games  +50 =274 -49   +1 Elo +/- 18   3530s      mean=0.501 LLR=-0.29 [CONTINUE]
 374 games  +50 =275 -49   +1 Elo +/- 18   3544s      mean=0.501 LLR=-0.29 [CONTINUE]
 375 games  +50 =276 -49   +1 Elo +/- 18   3546s      mean=0.501 LLR=-0.29 [CONTINUE]
 376 games  +50 =277 -49   +1 Elo +/- 18   3561s      mean=0.501 LLR=-0.29 [CONTINUE]
 377 games  +50 =278 -49   +1 Elo +/- 18   3572s      mean=0.501 LLR=-0.29 [CONTINUE]
 378 games  +50 =279 -49   +1 Elo +/- 18   3573s      mean=0.501 LLR=-0.29 [CONTINUE]
 379 games  +50 =280 -49   +1 Elo +/- 18   3591s      mean=0.501 LLR=-0.30 [CONTINUE]
 380 games  +50 =281 -49   +1 Elo +/- 18   3598s      mean=0.501 LLR=-0.30 [CONTINUE]
 381 games  +50 =282 -49   +1 Elo +/- 18   3599s      mean=0.501 LLR=-0.30 [CONTINUE]
 382 games  +50 =283 -49   +1 Elo +/- 18   3615s      mean=0.501 LLR=-0.30 [CONTINUE]
 383 games  +50 =284 -49   +1 Elo +/- 18   3629s      mean=0.501 LLR=-0.30 [CONTINUE]
 384 games  +50 =284 -50   -0 Elo +/- 18   3632s      mean=0.500 LLR=-0.39 [CONTINUE]
 385 games  +50 =285 -50   -0 Elo +/- 18   3641s      mean=0.500 LLR=-0.39 [CONTINUE]
 386 games  +50 =286 -50   -0 Elo +/- 18   3652s      mean=0.500 LLR=-0.39 [CONTINUE]
 387 games  +50 =287 -50   -0 Elo +/- 18   3659s      mean=0.500 LLR=-0.40 [CONTINUE]
 388 games  +50 =287 -51   -1 Elo +/- 18   3671s      mean=0.499 LLR=-0.48 [CONTINUE]
 389 games  +50 =288 -51   -1 Elo +/- 18   3677s      mean=0.499 LLR=-0.49 [CONTINUE]
 390 games  +50 =289 -51   -1 Elo +/- 18   3686s      mean=0.499 LLR=-0.49 [CONTINUE]
 391 games  +50 =290 -51   -1 Elo +/- 18   3701s      mean=0.499 LLR=-0.49 [CONTINUE]
 392 games  +50 =291 -51   -1 Elo +/- 17   3703s      mean=0.499 LLR=-0.49 [CONTINUE]
 393 games  +51 =291 -51   -0 Elo +/- 18   3712s      mean=0.500 LLR=-0.40 [CONTINUE]
 394 games  +51 =292 -51   -0 Elo +/- 17   3727s      mean=0.500 LLR=-0.40 [CONTINUE]
 395 games  +51 =293 -51   -0 Elo +/- 17   3729s      mean=0.500 LLR=-0.41 [CONTINUE]
 396 games  +51 =294 -51   -0 Elo +/- 17   3743s      mean=0.500 LLR=-0.41 [CONTINUE]
 397 games  +51 =295 -51   -0 Elo +/- 17   3748s      mean=0.500 LLR=-0.41 [CONTINUE]
 398 games  +51 =296 -51   -0 Elo +/- 17   3757s      mean=0.500 LLR=-0.41 [CONTINUE]
 399 games  +51 =297 -51   -0 Elo +/- 17   3769s      mean=0.500 LLR=-0.41 [CONTINUE]
 400 games  +52 =297 -51   +1 Elo +/- 17   3772s      mean=0.501 LLR=-0.32 [CONTINUE]
 401 games  +52 =298 -51   +1 Elo +/- 17   3786s      mean=0.501 LLR=-0.32 [CONTINUE]
 402 games  +52 =299 -51   +1 Elo +/- 17   3800s      mean=0.501 LLR=-0.33 [CONTINUE]
 403 games  +53 =299 -51   +2 Elo +/- 17   3803s      mean=0.502 LLR=-0.24 [CONTINUE]
 404 games  +53 =300 -51   +2 Elo +/- 17   3809s      mean=0.502 LLR=-0.24 [CONTINUE]
 405 games  +53 =301 -51   +2 Elo +/- 17   3826s      mean=0.502 LLR=-0.24 [CONTINUE]
 406 games  +53 =302 -51   +2 Elo +/- 17   3826s      mean=0.502 LLR=-0.24 [CONTINUE]
 407 games  +53 =303 -51   +2 Elo +/- 17   3837s      mean=0.502 LLR=-0.24 [CONTINUE]
 408 games  +53 =304 -51   +2 Elo +/- 17   3856s      mean=0.502 LLR=-0.24 [CONTINUE]
 409 games  +53 =305 -51   +2 Elo +/- 17   3859s      mean=0.502 LLR=-0.25 [CONTINUE]
 410 games  +53 =306 -51   +2 Elo +/- 17   3873s      mean=0.502 LLR=-0.25 [CONTINUE]
 411 games  +53 =307 -51   +2 Elo +/- 17   3886s      mean=0.502 LLR=-0.25 [CONTINUE]
 412 games  +53 =307 -52   +1 Elo +/- 17   3890s      mean=0.501 LLR=-0.34 [CONTINUE]
 413 games  +53 =308 -52   +1 Elo +/- 17   3897s      mean=0.501 LLR=-0.34 [CONTINUE]
 414 games  +53 =309 -52   +1 Elo +/- 17   3913s      mean=0.501 LLR=-0.34 [CONTINUE]
 415 games  +53 =310 -52   +1 Elo +/- 17   3915s      mean=0.501 LLR=-0.34 [CONTINUE]
 416 games  +54 =310 -52   +2 Elo +/- 17   3927s      mean=0.502 LLR=-0.25 [CONTINUE]
 417 games  +54 =311 -52   +2 Elo +/- 17   3939s      mean=0.502 LLR=-0.25 [CONTINUE]
 418 games  +54 =312 -52   +2 Elo +/- 17   3939s      mean=0.502 LLR=-0.26 [CONTINUE]
 419 games  +54 =313 -52   +2 Elo +/- 17   3959s      mean=0.502 LLR=-0.26 [CONTINUE]
 420 games  +54 =314 -52   +2 Elo +/- 17   3965s      mean=0.502 LLR=-0.26 [CONTINUE]
 421 games  +55 =314 -52   +2 Elo +/- 17   3966s      mean=0.504 LLR=-0.17 [CONTINUE]
 422 games  +55 =315 -52   +2 Elo +/- 17   3989s      mean=0.504 LLR=-0.17 [CONTINUE]
 423 games  +55 =315 -53   +2 Elo +/- 17   3990s      mean=0.502 LLR=-0.26 [CONTINUE]
 424 games  +55 =316 -53   +2 Elo +/- 17   3995s      mean=0.502 LLR=-0.26 [CONTINUE]
 425 games  +55 =317 -53   +2 Elo +/- 17   4015s      mean=0.502 LLR=-0.26 [CONTINUE]
 426 games  +55 =318 -53   +2 Elo +/- 17   4021s      mean=0.502 LLR=-0.26 [CONTINUE]
 427 games  +55 =319 -53   +2 Elo +/- 17   4025s      mean=0.502 LLR=-0.27 [CONTINUE]
 428 games  +55 =320 -53   +2 Elo +/- 17   4039s      mean=0.502 LLR=-0.27 [CONTINUE]
 429 games  +55 =321 -53   +2 Elo +/- 17   4052s      mean=0.502 LLR=-0.27 [CONTINUE]
 430 games  +55 =322 -53   +2 Elo +/- 16   4054s      mean=0.502 LLR=-0.27 [CONTINUE]
 431 games  +55 =323 -53   +2 Elo +/- 16   4065s      mean=0.502 LLR=-0.27 [CONTINUE]
 432 games  +55 =324 -53   +2 Elo +/- 16   4079s      mean=0.502 LLR=-0.27 [CONTINUE]
 433 games  +55 =325 -53   +2 Elo +/- 16   4081s      mean=0.502 LLR=-0.28 [CONTINUE]
 434 games  +55 =325 -54   +1 Elo +/- 16   4094s      mean=0.501 LLR=-0.37 [CONTINUE]
 435 games  +55 =326 -54   +1 Elo +/- 16   4104s      mean=0.501 LLR=-0.37 [CONTINUE]
 436 games  +55 =326 -55   -0 Elo +/- 16   4108s      mean=0.500 LLR=-0.46 [CONTINUE]
 437 games  +55 =327 -55   -0 Elo +/- 16   4118s      mean=0.500 LLR=-0.46 [CONTINUE]
 438 games  +55 =328 -55   -0 Elo +/- 16   4129s      mean=0.500 LLR=-0.46 [CONTINUE]
 439 games  +55 =329 -55   -0 Elo +/- 16   4134s      mean=0.500 LLR=-0.46 [CONTINUE]
 440 games  +55 =330 -55   -0 Elo +/- 16   4143s      mean=0.500 LLR=-0.47 [CONTINUE]
 441 games  +55 =331 -55   -0 Elo +/- 16   4154s      mean=0.500 LLR=-0.47 [CONTINUE]
 442 games  +55 =332 -55   -0 Elo +/- 16   4155s      mean=0.500 LLR=-0.47 [CONTINUE]
 443 games  +55 =333 -55   -0 Elo +/- 16   4168s      mean=0.500 LLR=-0.47 [CONTINUE]
 444 games  +55 =334 -55   -0 Elo +/- 16   4178s      mean=0.500 LLR=-0.47 [CONTINUE]
 445 games  +55 =334 -56   -1 Elo +/- 16   4182s      mean=0.499 LLR=-0.57 [CONTINUE]
 446 games  +55 =334 -57   -2 Elo +/- 16   4196s      mean=0.498 LLR=-0.65 [CONTINUE]
 447 games  +55 =335 -57   -2 Elo +/- 16   4208s      mean=0.498 LLR=-0.66 [CONTINUE]
 448 games  +55 =336 -57   -2 Elo +/- 16   4208s      mean=0.498 LLR=-0.66 [CONTINUE]
 449 games  +55 =337 -57   -2 Elo +/- 16   4224s      mean=0.498 LLR=-0.66 [CONTINUE]
 450 games  +55 =337 -58   -2 Elo +/- 16   4237s      mean=0.497 LLR=-0.75 [CONTINUE]
 451 games  +55 =338 -58   -2 Elo +/- 16   4238s      mean=0.497 LLR=-0.75 [CONTINUE]
 452 games  +56 =338 -58   -2 Elo +/- 16   4249s      mean=0.498 LLR=-0.66 [CONTINUE]
 453 games  +56 =339 -58   -2 Elo +/- 16   4265s      mean=0.498 LLR=-0.66 [CONTINUE]
 454 games  +56 =340 -58   -2 Elo +/- 16   4267s      mean=0.498 LLR=-0.66 [CONTINUE]
 455 games  +56 =341 -58   -2 Elo +/- 16   4283s      mean=0.498 LLR=-0.67 [CONTINUE]
 456 games  +56 =342 -58   -2 Elo +/- 16   4294s      mean=0.498 LLR=-0.67 [CONTINUE]
 457 games  +56 =342 -59   -2 Elo +/- 16   4296s      mean=0.497 LLR=-0.76 [CONTINUE]
 458 games  +56 =343 -59   -2 Elo +/- 16   4308s      mean=0.497 LLR=-0.76 [CONTINUE]
 459 games  +56 =344 -59   -2 Elo +/- 16   4323s      mean=0.497 LLR=-0.76 [CONTINUE]
 460 games  +56 =345 -59   -2 Elo +/- 16   4324s      mean=0.497 LLR=-0.76 [CONTINUE]
 461 games  +56 =346 -59   -2 Elo +/- 16   4337s      mean=0.497 LLR=-0.77 [CONTINUE]
 462 games  +56 =347 -59   -2 Elo +/- 16   4350s      mean=0.497 LLR=-0.77 [CONTINUE]
 463 games  +56 =348 -59   -2 Elo +/- 16   4351s      mean=0.497 LLR=-0.77 [CONTINUE]
 464 games  +56 =349 -59   -2 Elo +/- 16   4369s      mean=0.497 LLR=-0.77 [CONTINUE]
 465 games  +56 =350 -59   -2 Elo +/- 16   4377s      mean=0.497 LLR=-0.78 [CONTINUE]
 466 games  +56 =351 -59   -2 Elo +/- 16   4378s      mean=0.497 LLR=-0.78 [CONTINUE]
 467 games  +56 =352 -59   -2 Elo +/- 16   4394s      mean=0.497 LLR=-0.78 [CONTINUE]
 468 games  +56 =353 -59   -2 Elo +/- 16   4400s      mean=0.497 LLR=-0.79 [CONTINUE]
 469 games  +57 =353 -59   -1 Elo +/- 16   4409s      mean=0.498 LLR=-0.69 [CONTINUE]
 470 games  +58 =353 -59   -1 Elo +/- 16   4424s      mean=0.499 LLR=-0.59 [CONTINUE]
 471 games  +58 =354 -59   -1 Elo +/- 16   4433s      mean=0.499 LLR=-0.60 [CONTINUE]
 472 games  +58 =355 -59   -1 Elo +/- 16   4435s      mean=0.499 LLR=-0.60 [CONTINUE]
 473 games  +58 =356 -59   -1 Elo +/- 16   4452s      mean=0.499 LLR=-0.60 [CONTINUE]
 474 games  +58 =356 -60   -1 Elo +/- 16   4463s      mean=0.498 LLR=-0.69 [CONTINUE]
 475 games  +58 =356 -61   -2 Elo +/- 16   4467s      mean=0.497 LLR=-0.78 [CONTINUE]
 476 games  +59 =356 -61   -1 Elo +/- 16   4479s      mean=0.498 LLR=-0.68 [CONTINUE]
 477 games  +60 =356 -61   -1 Elo +/- 16   4491s      mean=0.499 LLR=-0.59 [CONTINUE]
 478 games  +60 =357 -61   -1 Elo +/- 16   4498s      mean=0.499 LLR=-0.59 [CONTINUE]
 479 games  +60 =358 -61   -1 Elo +/- 16   4506s      mean=0.499 LLR=-0.59 [CONTINUE]
 480 games  +60 =359 -61   -1 Elo +/- 16   4522s      mean=0.499 LLR=-0.60 [CONTINUE]
 481 games  +60 =360 -61   -1 Elo +/- 16   4523s      mean=0.499 LLR=-0.60 [CONTINUE]
 482 games  +60 =361 -61   -1 Elo +/- 16   4532s      mean=0.499 LLR=-0.60 [CONTINUE]
 483 games  +60 =362 -61   -1 Elo +/- 16   4548s      mean=0.499 LLR=-0.60 [CONTINUE]
 484 games  +60 =363 -61   -1 Elo +/- 15   4553s      mean=0.499 LLR=-0.61 [CONTINUE]
 485 games  +60 =364 -61   -1 Elo +/- 15   4556s      mean=0.499 LLR=-0.61 [CONTINUE]
 486 games  +60 =364 -62   -1 Elo +/- 15   4574s      mean=0.498 LLR=-0.70 [CONTINUE]
 487 games  +61 =364 -62   -1 Elo +/- 16   4580s      mean=0.499 LLR=-0.60 [CONTINUE]
 488 games  +61 =365 -62   -1 Elo +/- 15   4580s      mean=0.499 LLR=-0.60 [CONTINUE]
 489 games  +61 =366 -62   -1 Elo +/- 15   4603s      mean=0.499 LLR=-0.61 [CONTINUE]
 490 games  +61 =366 -63   -1 Elo +/- 15   4605s      mean=0.498 LLR=-0.70 [CONTINUE]
 491 games  +62 =366 -63   -1 Elo +/- 16   4609s      mean=0.499 LLR=-0.60 [CONTINUE]
 492 games  +62 =367 -63   -1 Elo +/- 15   4626s      mean=0.499 LLR=-0.60 [CONTINUE]
 493 games  +62 =368 -63   -1 Elo +/- 15   4628s      mean=0.499 LLR=-0.61 [CONTINUE]
 494 games  +63 =368 -63   -0 Elo +/- 15   4638s      mean=0.500 LLR=-0.51 [CONTINUE]
 495 games  +63 =369 -63   -0 Elo +/- 15   4646s      mean=0.500 LLR=-0.52 [CONTINUE]
 496 games  +63 =370 -63   -0 Elo +/- 15   4658s      mean=0.500 LLR=-0.52 [CONTINUE]
 497 games  +63 =370 -64   -1 Elo +/- 15   4674s      mean=0.499 LLR=-0.61 [CONTINUE]
 498 games  +63 =371 -64   -1 Elo +/- 15   4675s      mean=0.499 LLR=-0.61 [CONTINUE]
 499 games  +63 =371 -65   -1 Elo +/- 15   4684s      mean=0.498 LLR=-0.70 [CONTINUE]
 500 games  +63 =372 -65   -1 Elo +/- 15   4698s      mean=0.498 LLR=-0.70 [CONTINUE]
 501 games  +63 =373 -65   -1 Elo +/- 15   4700s      mean=0.498 LLR=-0.70 [CONTINUE]
 502 games  +63 =374 -65   -1 Elo +/- 15   4706s      mean=0.498 LLR=-0.70 [CONTINUE]
 503 games  +63 =374 -66   -2 Elo +/- 15   4722s      mean=0.497 LLR=-0.79 [CONTINUE]
 504 games  +63 =375 -66   -2 Elo +/- 15   4730s      mean=0.497 LLR=-0.79 [CONTINUE]
 505 games  +63 =376 -66   -2 Elo +/- 15   4731s      mean=0.497 LLR=-0.79 [CONTINUE]
 506 games  +63 =377 -66   -2 Elo +/- 15   4749s      mean=0.497 LLR=-0.80 [CONTINUE]
 507 games  +63 =378 -66   -2 Elo +/- 15   4757s      mean=0.497 LLR=-0.80 [CONTINUE]
 508 games  +63 =379 -66   -2 Elo +/- 15   4757s      mean=0.497 LLR=-0.80 [CONTINUE]
 509 games  +63 =380 -66   -2 Elo +/- 15   4779s      mean=0.497 LLR=-0.80 [CONTINUE]
 510 games  +63 =381 -66   -2 Elo +/- 15   4785s      mean=0.497 LLR=-0.81 [CONTINUE]
 511 games  +63 =382 -66   -2 Elo +/- 15   4785s      mean=0.497 LLR=-0.81 [CONTINUE]
 512 games  +63 =383 -66   -2 Elo +/- 15   4811s      mean=0.497 LLR=-0.81 [CONTINUE]
 513 games  +63 =384 -66   -2 Elo +/- 15   4812s      mean=0.497 LLR=-0.82 [CONTINUE]
 514 games  +64 =384 -66   -1 Elo +/- 15   4812s      mean=0.498 LLR=-0.72 [CONTINUE]
 515 games  +65 =384 -66   -1 Elo +/- 15   4838s      mean=0.499 LLR=-0.63 [CONTINUE]
 516 games  +65 =385 -66   -1 Elo +/- 15   4839s      mean=0.499 LLR=-0.63 [CONTINUE]
 517 games  +65 =386 -66   -1 Elo +/- 15   4841s      mean=0.499 LLR=-0.63 [CONTINUE]
 518 games  +65 =387 -66   -1 Elo +/- 15   4870s      mean=0.499 LLR=-0.63 [CONTINUE]
 519 games  +65 =388 -66   -1 Elo +/- 15   4870s      mean=0.499 LLR=-0.64 [CONTINUE]
 520 games  +66 =388 -66   -0 Elo +/- 15   4871s      mean=0.500 LLR=-0.54 [CONTINUE]
 521 games  +66 =389 -66   -0 Elo +/- 15   4899s      mean=0.500 LLR=-0.54 [CONTINUE]
 522 games  +66 =389 -67   -1 Elo +/- 15   4901s      mean=0.499 LLR=-0.63 [CONTINUE]
 523 games  +66 =390 -67   -1 Elo +/- 15   4903s      mean=0.499 LLR=-0.64 [CONTINUE]
 524 games  +66 =391 -67   -1 Elo +/- 15   4930s      mean=0.499 LLR=-0.64 [CONTINUE]
 525 games  +66 =392 -67   -1 Elo +/- 15   4932s      mean=0.499 LLR=-0.64 [CONTINUE]
 526 games  +66 =393 -67   -1 Elo +/- 15   4934s      mean=0.499 LLR=-0.64 [CONTINUE]
 527 games  +66 =394 -67   -1 Elo +/- 15   4959s      mean=0.499 LLR=-0.64 [CONTINUE]
 528 games  +66 =394 -68   -1 Elo +/- 15   4960s      mean=0.498 LLR=-0.73 [CONTINUE]
 529 games  +66 =394 -69   -2 Elo +/- 15   4964s      mean=0.497 LLR=-0.82 [CONTINUE]
 530 games  +66 =395 -69   -2 Elo +/- 15   4983s      mean=0.497 LLR=-0.82 [CONTINUE]
 531 games  +66 =396 -69   -2 Elo +/- 15   4989s      mean=0.497 LLR=-0.83 [CONTINUE]
 532 games  +66 =397 -69   -2 Elo +/- 15   4992s      mean=0.497 LLR=-0.83 [CONTINUE]
 533 games  +66 =398 -69   -2 Elo +/- 15   5012s      mean=0.497 LLR=-0.83 [CONTINUE]
 534 games  +67 =398 -69   -1 Elo +/- 15   5019s      mean=0.498 LLR=-0.74 [CONTINUE]
 535 games  +67 =399 -69   -1 Elo +/- 15   5019s      mean=0.498 LLR=-0.74 [CONTINUE]
 536 games  +68 =399 -69   -1 Elo +/- 15   5042s      mean=0.499 LLR=-0.65 [CONTINUE]
 537 games  +68 =400 -69   -1 Elo +/- 15   5047s      mean=0.499 LLR=-0.65 [CONTINUE]
 538 games  +68 =401 -69   -1 Elo +/- 15   5048s      mean=0.499 LLR=-0.65 [CONTINUE]
 539 games  +68 =402 -69   -1 Elo +/- 15   5071s      mean=0.499 LLR=-0.65 [CONTINUE]
 540 games  +69 =402 -69   -0 Elo +/- 15   5074s      mean=0.500 LLR=-0.56 [CONTINUE]
 541 games  +69 =403 -69   -0 Elo +/- 15   5075s      mean=0.500 LLR=-0.56 [CONTINUE]
 542 games  +69 =404 -69   -0 Elo +/- 15   5096s      mean=0.500 LLR=-0.56 [CONTINUE]
 543 games  +69 =405 -69   -0 Elo +/- 15   5100s      mean=0.500 LLR=-0.57 [CONTINUE]
 544 games  +69 =406 -69   -0 Elo +/- 15   5105s      mean=0.500 LLR=-0.57 [CONTINUE]
 545 games  +69 =406 -70   -1 Elo +/- 15   5124s      mean=0.499 LLR=-0.66 [CONTINUE]
 546 games  +69 =407 -70   -1 Elo +/- 15   5126s      mean=0.499 LLR=-0.66 [CONTINUE]
 547 games  +69 =408 -70   -1 Elo +/- 15   5130s      mean=0.499 LLR=-0.66 [CONTINUE]
 548 games  +69 =409 -70   -1 Elo +/- 15   5150s      mean=0.499 LLR=-0.66 [CONTINUE]
 549 games  +69 =410 -70   -1 Elo +/- 15   5155s      mean=0.499 LLR=-0.67 [CONTINUE]
 550 games  +70 =410 -70   -0 Elo +/- 15   5161s      mean=0.500 LLR=-0.57 [CONTINUE]
 551 games  +70 =411 -70   -0 Elo +/- 15   5177s      mean=0.500 LLR=-0.57 [CONTINUE]
 552 games  +70 =412 -70   -0 Elo +/- 15   5182s      mean=0.500 LLR=-0.58 [CONTINUE]
 553 games  +70 =413 -70   -0 Elo +/- 15   5183s      mean=0.500 LLR=-0.58 [CONTINUE]
 554 games  +70 =414 -70   -0 Elo +/- 15   5201s      mean=0.500 LLR=-0.58 [CONTINUE]
 555 games  +70 =415 -70   -0 Elo +/- 15   5207s      mean=0.500 LLR=-0.58 [CONTINUE]
 556 games  +70 =416 -70   -0 Elo +/- 15   5212s      mean=0.500 LLR=-0.59 [CONTINUE]
 557 games  +70 =417 -70   -0 Elo +/- 14   5225s      mean=0.500 LLR=-0.59 [CONTINUE]
 558 games  +70 =418 -70   -0 Elo +/- 14   5238s      mean=0.500 LLR=-0.59 [CONTINUE]
 559 games  +70 =418 -71   -1 Elo +/- 14   5238s      mean=0.499 LLR=-0.68 [CONTINUE]
 560 games  +70 =418 -72   -1 Elo +/- 14   5251s      mean=0.498 LLR=-0.77 [CONTINUE]
 561 games  +70 =419 -72   -1 Elo +/- 14   5262s      mean=0.498 LLR=-0.77 [CONTINUE]
 562 games  +71 =419 -72   -1 Elo +/- 14   5268s      mean=0.499 LLR=-0.68 [CONTINUE]
 563 games  +71 =419 -73   -1 Elo +/- 15   5285s      mean=0.498 LLR=-0.76 [CONTINUE]
 564 games  +71 =420 -73   -1 Elo +/- 14   5291s      mean=0.498 LLR=-0.77 [CONTINUE]
 565 games  +72 =420 -73   -1 Elo +/- 15   5301s      mean=0.499 LLR=-0.67 [CONTINUE]
 566 games  +72 =421 -73   -1 Elo +/- 14   5312s      mean=0.499 LLR=-0.68 [CONTINUE]
 567 games  +72 =422 -73   -1 Elo +/- 14   5314s      mean=0.499 LLR=-0.68 [CONTINUE]
 568 games  +72 =423 -73   -1 Elo +/- 14   5332s      mean=0.499 LLR=-0.68 [CONTINUE]
 569 games  +72 =424 -73   -1 Elo +/- 14   5338s      mean=0.499 LLR=-0.68 [CONTINUE]
 570 games  +72 =425 -73   -1 Elo +/- 14   5341s      mean=0.499 LLR=-0.68 [CONTINUE]
 571 games  +72 =426 -73   -1 Elo +/- 14   5355s      mean=0.499 LLR=-0.69 [CONTINUE]
 572 games  +72 =426 -74   -1 Elo +/- 14   5373s      mean=0.498 LLR=-0.77 [CONTINUE]
 573 games  +72 =427 -74   -1 Elo +/- 14   5373s      mean=0.498 LLR=-0.78 [CONTINUE]
 574 games  +72 =428 -74   -1 Elo +/- 14   5386s      mean=0.498 LLR=-0.78 [CONTINUE]
 575 games  +72 =428 -75   -2 Elo +/- 14   5402s      mean=0.497 LLR=-0.87 [CONTINUE]
 576 games  +72 =429 -75   -2 Elo +/- 14   5403s      mean=0.497 LLR=-0.87 [CONTINUE]
 577 games  +72 =430 -75   -2 Elo +/- 14   5418s      mean=0.497 LLR=-0.87 [CONTINUE]
 578 games  +72 =431 -75   -2 Elo +/- 14   5423s      mean=0.497 LLR=-0.87 [CONTINUE]
 579 games  +72 =432 -75   -2 Elo +/- 14   5429s      mean=0.497 LLR=-0.88 [CONTINUE]
 580 games  +72 =432 -76   -2 Elo +/- 14   5446s      mean=0.497 LLR=-0.96 [CONTINUE]
 581 games  +72 =433 -76   -2 Elo +/- 14   5449s      mean=0.497 LLR=-0.97 [CONTINUE]
 582 games  +72 =434 -76   -2 Elo +/- 14   5456s      mean=0.497 LLR=-0.97 [CONTINUE]
 583 games  +72 =435 -76   -2 Elo +/- 14   5475s      mean=0.497 LLR=-0.97 [CONTINUE]
 584 games  +72 =435 -77   -3 Elo +/- 14   5475s      mean=0.496 LLR=-1.06 [CONTINUE]
 585 games  +72 =436 -77   -3 Elo +/- 14   5486s      mean=0.496 LLR=-1.06 [CONTINUE]
 586 games  +72 =437 -77   -3 Elo +/- 14   5501s      mean=0.496 LLR=-1.06 [CONTINUE]
 587 games  +72 =438 -77   -3 Elo +/- 14   5503s      mean=0.496 LLR=-1.07 [CONTINUE]
 588 games  +73 =438 -77   -2 Elo +/- 14   5517s      mean=0.497 LLR=-0.97 [CONTINUE]
 589 games  +74 =438 -77   -2 Elo +/- 14   5526s      mean=0.497 LLR=-0.88 [CONTINUE]
 590 games  +74 =439 -77   -2 Elo +/- 14   5531s      mean=0.497 LLR=-0.88 [CONTINUE]
 591 games  +74 =440 -77   -2 Elo +/- 14   5549s      mean=0.497 LLR=-0.88 [CONTINUE]
 592 games  +74 =440 -78   -2 Elo +/- 14   5551s      mean=0.497 LLR=-0.97 [CONTINUE]
 593 games  +74 =441 -78   -2 Elo +/- 14   5558s      mean=0.497 LLR=-0.97 [CONTINUE]
 594 games  +74 =442 -78   -2 Elo +/- 14   5575s      mean=0.497 LLR=-0.98 [CONTINUE]
 595 games  +74 =443 -78   -2 Elo +/- 14   5581s      mean=0.497 LLR=-0.98 [CONTINUE]
 596 games  +74 =444 -78   -2 Elo +/- 14   5583s      mean=0.497 LLR=-0.98 [CONTINUE]
 597 games  +74 =445 -78   -2 Elo +/- 14   5599s      mean=0.497 LLR=-0.98 [CONTINUE]
 598 games  +75 =445 -78   -2 Elo +/- 14   5607s      mean=0.497 LLR=-0.89 [CONTINUE]
 599 games  +75 =445 -79   -2 Elo +/- 14   5618s      mean=0.497 LLR=-0.98 [CONTINUE]
 600 games  +75 =445 -80   -3 Elo +/- 14   5629s      mean=0.496 LLR=-1.06 [CONTINUE]
 601 games  +75 =446 -80   -3 Elo +/- 14   5632s      mean=0.496 LLR=-1.06 [CONTINUE]
 602 games  +75 =447 -80   -3 Elo +/- 14   5643s      mean=0.496 LLR=-1.07 [CONTINUE]
 603 games  +75 =448 -80   -3 Elo +/- 14   5653s      mean=0.496 LLR=-1.07 [CONTINUE]
 604 games  +75 =449 -80   -3 Elo +/- 14   5659s      mean=0.496 LLR=-1.07 [CONTINUE]
 605 games  +76 =449 -80   -2 Elo +/- 14   5671s      mean=0.497 LLR=-0.98 [CONTINUE]
 606 games  +76 =450 -80   -2 Elo +/- 14   5673s      mean=0.497 LLR=-0.98 [CONTINUE]
 607 games  +76 =451 -80   -2 Elo +/- 14   5686s      mean=0.497 LLR=-0.98 [CONTINUE]
 608 games  +76 =452 -80   -2 Elo +/- 14   5697s      mean=0.497 LLR=-0.99 [CONTINUE]
 609 games  +76 =453 -80   -2 Elo +/- 14   5701s      mean=0.497 LLR=-0.99 [CONTINUE]
 610 games  +76 =454 -80   -2 Elo +/- 14   5711s      mean=0.497 LLR=-0.99 [CONTINUE]
 611 games  +76 =455 -80   -2 Elo +/- 14   5727s      mean=0.497 LLR=-1.00 [CONTINUE]
 612 games  +76 =455 -81   -3 Elo +/- 14   5732s      mean=0.496 LLR=-1.08 [CONTINUE]
 613 games  +76 =456 -81   -3 Elo +/- 14   5739s      mean=0.496 LLR=-1.08 [CONTINUE]
 614 games  +76 =457 -81   -3 Elo +/- 14   5753s      mean=0.496 LLR=-1.09 [CONTINUE]
 615 games  +76 =458 -81   -3 Elo +/- 14   5759s      mean=0.496 LLR=-1.09 [CONTINUE]
 616 games  +77 =458 -81   -2 Elo +/- 14   5772s      mean=0.497 LLR=-1.00 [CONTINUE]
 617 games  +77 =459 -81   -2 Elo +/- 14   5779s      mean=0.497 LLR=-1.00 [CONTINUE]
 618 games  +77 =460 -81   -2 Elo +/- 14   5785s      mean=0.497 LLR=-1.00 [CONTINUE]
 619 games  +77 =461 -81   -2 Elo +/- 14   5803s      mean=0.497 LLR=-1.00 [CONTINUE]
 620 games  +77 =461 -82   -3 Elo +/- 14   5813s      mean=0.496 LLR=-1.09 [CONTINUE]
 621 games  +77 =462 -82   -3 Elo +/- 14   5816s      mean=0.496 LLR=-1.09 [CONTINUE]
 622 games  +77 =463 -82   -3 Elo +/- 14   5827s      mean=0.496 LLR=-1.10 [CONTINUE]
 623 games  +77 =464 -82   -3 Elo +/- 14   5847s      mean=0.496 LLR=-1.10 [CONTINUE]
 624 games  +78 =464 -82   -2 Elo +/- 14   5848s      mean=0.497 LLR=-1.00 [CONTINUE]
 625 games  +78 =464 -83   -3 Elo +/- 14   5856s      mean=0.496 LLR=-1.09 [CONTINUE]
 626 games  +78 =465 -83   -3 Elo +/- 14   5875s      mean=0.496 LLR=-1.09 [CONTINUE]
 627 games  +79 =465 -83   -2 Elo +/- 14   5880s      mean=0.497 LLR=-1.00 [CONTINUE]
 628 games  +79 =466 -83   -2 Elo +/- 14   5882s      mean=0.497 LLR=-1.00 [CONTINUE]
 629 games  +79 =467 -83   -2 Elo +/- 14   5902s      mean=0.497 LLR=-1.00 [CONTINUE]
 630 games  +79 =468 -83   -2 Elo +/- 14   5907s      mean=0.497 LLR=-1.01 [CONTINUE]
 631 games  +79 =469 -83   -2 Elo +/- 14   5909s      mean=0.497 LLR=-1.01 [CONTINUE]
 632 games  +79 =470 -83   -2 Elo +/- 14   5923s      mean=0.497 LLR=-1.01 [CONTINUE]
 633 games  +79 =471 -83   -2 Elo +/- 14   5932s      mean=0.497 LLR=-1.02 [CONTINUE]
 634 games  +79 =472 -83   -2 Elo +/- 14   5940s      mean=0.497 LLR=-1.02 [CONTINUE]
 635 games  +79 =473 -83   -2 Elo +/- 14   5947s      mean=0.497 LLR=-1.02 [CONTINUE]
 636 games  +79 =473 -84   -3 Elo +/- 14   5957s      mean=0.496 LLR=-1.11 [CONTINUE]
 637 games  +79 =474 -84   -3 Elo +/- 14   5964s      mean=0.496 LLR=-1.11 [CONTINUE]
 638 games  +79 =475 -84   -3 Elo +/- 14   5975s      mean=0.496 LLR=-1.11 [CONTINUE]
 639 games  +79 =476 -84   -3 Elo +/- 14   5981s      mean=0.496 LLR=-1.12 [CONTINUE]
 640 games  +79 =477 -84   -3 Elo +/- 14   5990s      mean=0.496 LLR=-1.12 [CONTINUE]
 641 games  +80 =477 -84   -2 Elo +/- 14   6007s      mean=0.497 LLR=-1.02 [CONTINUE]
 642 games  +80 =478 -84   -2 Elo +/- 14   6007s      mean=0.497 LLR=-1.03 [CONTINUE]
 643 games  +80 =478 -85   -3 Elo +/- 14   6022s      mean=0.496 LLR=-1.11 [CONTINUE]
 644 games  +80 =479 -85   -3 Elo +/- 14   6032s      mean=0.496 LLR=-1.12 [CONTINUE]
 645 games  +80 =479 -86   -3 Elo +/- 14   6036s      mean=0.495 LLR=-1.20 [CONTINUE]
 646 games  +80 =480 -86   -3 Elo +/- 14   6051s      mean=0.495 LLR=-1.20 [CONTINUE]
 647 games  +81 =480 -86   -3 Elo +/- 14   6065s      mean=0.496 LLR=-1.11 [CONTINUE]
 648 games  +81 =481 -86   -3 Elo +/- 14   6067s      mean=0.496 LLR=-1.11 [CONTINUE]
 649 games  +81 =482 -86   -3 Elo +/- 14   6085s      mean=0.496 LLR=-1.12 [CONTINUE]
 650 games  +81 =483 -86   -3 Elo +/- 14   6090s      mean=0.496 LLR=-1.12 [CONTINUE]
 651 games  +81 =484 -86   -3 Elo +/- 14   6092s      mean=0.496 LLR=-1.12 [CONTINUE]
 652 games  +81 =485 -86   -3 Elo +/- 14   6118s      mean=0.496 LLR=-1.12 [CONTINUE]
 653 games  +81 =486 -86   -3 Elo +/- 13   6119s      mean=0.496 LLR=-1.13 [CONTINUE]
 654 games  +82 =486 -86   -2 Elo +/- 14   6122s      mean=0.497 LLR=-1.03 [CONTINUE]
 655 games  +82 =487 -86   -2 Elo +/- 13   6145s      mean=0.497 LLR=-1.04 [CONTINUE]
 656 games  +82 =488 -86   -2 Elo +/- 13   6146s      mean=0.497 LLR=-1.04 [CONTINUE]
 657 games  +82 =489 -86   -2 Elo +/- 13   6153s      mean=0.497 LLR=-1.04 [CONTINUE]
 658 games  +82 =490 -86   -2 Elo +/- 13   6169s      mean=0.497 LLR=-1.04 [CONTINUE]
 659 games  +82 =491 -86   -2 Elo +/- 13   6170s      mean=0.497 LLR=-1.05 [CONTINUE]
 660 games  +82 =492 -86   -2 Elo +/- 13   6176s      mean=0.497 LLR=-1.05 [CONTINUE]
 661 games  +82 =493 -86   -2 Elo +/- 13   6196s      mean=0.497 LLR=-1.05 [CONTINUE]
 662 games  +83 =493 -86   -2 Elo +/- 13   6200s      mean=0.498 LLR=-0.96 [CONTINUE]
 663 games  +83 =494 -86   -2 Elo +/- 13   6202s      mean=0.498 LLR=-0.96 [CONTINUE]
 664 games  +83 =495 -86   -2 Elo +/- 13   6221s      mean=0.498 LLR=-0.96 [CONTINUE]
 665 games  +83 =496 -86   -2 Elo +/- 13   6229s      mean=0.498 LLR=-0.97 [CONTINUE]
 666 games  +83 =497 -86   -2 Elo +/- 13   6231s      mean=0.498 LLR=-0.97 [CONTINUE]
 667 games  +83 =498 -86   -2 Elo +/- 13   6242s      mean=0.498 LLR=-0.97 [CONTINUE]
 668 games  +83 =499 -86   -2 Elo +/- 13   6256s      mean=0.498 LLR=-0.97 [CONTINUE]
 669 games  +83 =500 -86   -2 Elo +/- 13   6261s      mean=0.498 LLR=-0.98 [CONTINUE]
 670 games  +83 =501 -86   -2 Elo +/- 13   6266s      mean=0.498 LLR=-0.98 [CONTINUE]
 671 games  +83 =502 -86   -2 Elo +/- 13   6280s      mean=0.498 LLR=-0.98 [CONTINUE]
 672 games  +83 =503 -86   -2 Elo +/- 13   6285s      mean=0.498 LLR=-0.98 [CONTINUE]
 673 games  +83 =504 -86   -2 Elo +/- 13   6290s      mean=0.498 LLR=-0.99 [CONTINUE]
 674 games  +83 =504 -87   -2 Elo +/- 13   6310s      mean=0.497 LLR=-1.07 [CONTINUE]
 675 games  +83 =505 -87   -2 Elo +/- 13   6311s      mean=0.497 LLR=-1.08 [CONTINUE]
 676 games  +84 =505 -87   -2 Elo +/- 13   6320s      mean=0.498 LLR=-0.98 [CONTINUE]
 677 games  +85 =505 -87   -1 Elo +/- 13   6339s      mean=0.499 LLR=-0.89 [CONTINUE]
 678 games  +86 =505 -87   -1 Elo +/- 13   6342s      mean=0.499 LLR=-0.79 [CONTINUE]
 679 games  +86 =506 -87   -1 Elo +/- 13   6343s      mean=0.499 LLR=-0.80 [CONTINUE]
 680 games  +86 =507 -87   -1 Elo +/- 13   6369s      mean=0.499 LLR=-0.80 [CONTINUE]
 681 games  +87 =507 -87   -0 Elo +/- 13   6370s      mean=0.500 LLR=-0.71 [CONTINUE]
 682 games  +87 =508 -87   -0 Elo +/- 13   6371s      mean=0.500 LLR=-0.71 [CONTINUE]
 683 games  +87 =509 -87   -0 Elo +/- 13   6396s      mean=0.500 LLR=-0.71 [CONTINUE]
 684 games  +87 =510 -87   -0 Elo +/- 13   6396s      mean=0.500 LLR=-0.71 [CONTINUE]
 685 games  +87 =511 -87   -0 Elo +/- 13   6397s      mean=0.500 LLR=-0.71 [CONTINUE]
 686 games  +87 =512 -87   -0 Elo +/- 13   6426s      mean=0.500 LLR=-0.72 [CONTINUE]
 687 games  +87 =513 -87   -0 Elo +/- 13   6428s      mean=0.500 LLR=-0.72 [CONTINUE]
 688 games  +87 =514 -87   -0 Elo +/- 13   6429s      mean=0.500 LLR=-0.72 [CONTINUE]
 689 games  +87 =515 -87   -0 Elo +/- 13   6453s      mean=0.500 LLR=-0.72 [CONTINUE]
 690 games  +87 =516 -87   -0 Elo +/- 13   6456s      mean=0.500 LLR=-0.73 [CONTINUE]
 691 games  +87 =517 -87   -0 Elo +/- 13   6457s      mean=0.500 LLR=-0.73 [CONTINUE]
 692 games  +88 =517 -87   +1 Elo +/- 13   6481s      mean=0.501 LLR=-0.63 [CONTINUE]
 693 games  +88 =518 -87   +1 Elo +/- 13   6484s      mean=0.501 LLR=-0.64 [CONTINUE]
 694 games  +88 =518 -88   -0 Elo +/- 13   6485s      mean=0.500 LLR=-0.73 [CONTINUE]
 695 games  +88 =519 -88   -0 Elo +/- 13   6507s      mean=0.500 LLR=-0.73 [CONTINUE]
 696 games  +88 =520 -88   -0 Elo +/- 13   6511s      mean=0.500 LLR=-0.73 [CONTINUE]
 697 games  +89 =520 -88   +0 Elo +/- 13   6515s      mean=0.501 LLR=-0.64 [CONTINUE]
 698 games  +89 =521 -88   +0 Elo +/- 13   6539s      mean=0.501 LLR=-0.64 [CONTINUE]
 699 games  +89 =522 -88   +0 Elo +/- 13   6540s      mean=0.501 LLR=-0.64 [CONTINUE]
 700 games  +89 =523 -88   +0 Elo +/- 13   6545s      mean=0.501 LLR=-0.64 [CONTINUE]
 701 games  +89 =524 -88   +0 Elo +/- 13   6562s      mean=0.501 LLR=-0.64 [CONTINUE]
 702 games  +89 =525 -88   +0 Elo +/- 13   6565s      mean=0.501 LLR=-0.65 [CONTINUE]
 703 games  +89 =526 -88   +0 Elo +/- 13   6571s      mean=0.501 LLR=-0.65 [CONTINUE]
 704 games  +89 =527 -88   +0 Elo +/- 13   6591s      mean=0.501 LLR=-0.65 [CONTINUE]
 705 games  +89 =528 -88   +0 Elo +/- 13   6597s      mean=0.501 LLR=-0.65 [CONTINUE]
 706 games  +89 =529 -88   +0 Elo +/- 13   6599s      mean=0.501 LLR=-0.65 [CONTINUE]
 707 games  +89 =530 -88   +0 Elo +/- 13   6611s      mean=0.501 LLR=-0.66 [CONTINUE]
 708 games  +89 =531 -88   +0 Elo +/- 13   6624s      mean=0.501 LLR=-0.66 [CONTINUE]
 709 games  +89 =532 -88   +0 Elo +/- 13   6627s      mean=0.501 LLR=-0.66 [CONTINUE]
 710 games  +89 =533 -88   +0 Elo +/- 13   6638s      mean=0.501 LLR=-0.66 [CONTINUE]
 711 games  +89 =534 -88   +0 Elo +/- 13   6647s      mean=0.501 LLR=-0.66 [CONTINUE]
 712 games  +89 =535 -88   +0 Elo +/- 13   6650s      mean=0.501 LLR=-0.67 [CONTINUE]
 713 games  +89 =535 -89   -0 Elo +/- 13   6666s      mean=0.500 LLR=-0.76 [CONTINUE]
 714 games  +89 =535 -90   -0 Elo +/- 13   6678s      mean=0.499 LLR=-0.85 [CONTINUE]
 715 games  +90 =535 -90   -0 Elo +/- 13   6681s      mean=0.500 LLR=-0.75 [CONTINUE]
 716 games  +90 =536 -90   -0 Elo +/- 13   6694s      mean=0.500 LLR=-0.75 [CONTINUE]
 717 games  +90 =537 -90   -0 Elo +/- 13   6704s      mean=0.500 LLR=-0.76 [CONTINUE]
 718 games  +90 =538 -90   -0 Elo +/- 13   6707s      mean=0.500 LLR=-0.76 [CONTINUE]
 719 games  +90 =539 -90   -0 Elo +/- 13   6718s      mean=0.500 LLR=-0.76 [CONTINUE]
 720 games  +90 =540 -90   -0 Elo +/- 13   6728s      mean=0.500 LLR=-0.76 [CONTINUE]
 721 games  +90 =541 -90   -0 Elo +/- 13   6730s      mean=0.500 LLR=-0.77 [CONTINUE]
 722 games  +90 =542 -90   -0 Elo +/- 13   6746s      mean=0.500 LLR=-0.77 [CONTINUE]
 723 games  +90 =543 -90   -0 Elo +/- 13   6754s      mean=0.500 LLR=-0.77 [CONTINUE]
 724 games  +91 =543 -90   +0 Elo +/- 13   6760s      mean=0.501 LLR=-0.68 [CONTINUE]
 725 games  +91 =544 -90   +0 Elo +/- 13   6773s      mean=0.501 LLR=-0.68 [CONTINUE]
 726 games  +91 =545 -90   +0 Elo +/- 13   6787s      mean=0.501 LLR=-0.68 [CONTINUE]
 727 games  +92 =545 -90   +1 Elo +/- 13   6788s      mean=0.501 LLR=-0.59 [CONTINUE]
 728 games  +92 =545 -91   +0 Elo +/- 13   6803s      mean=0.501 LLR=-0.68 [CONTINUE]
 729 games  +92 =546 -91   +0 Elo +/- 13   6813s      mean=0.501 LLR=-0.68 [CONTINUE]
 730 games  +92 =547 -91   +0 Elo +/- 13   6816s      mean=0.501 LLR=-0.68 [CONTINUE]
 731 games  +92 =548 -91   +0 Elo +/- 13   6832s      mean=0.501 LLR=-0.68 [CONTINUE]
 732 games  +92 =549 -91   +0 Elo +/- 13   6839s      mean=0.501 LLR=-0.68 [CONTINUE]
 733 games  +92 =550 -91   +0 Elo +/- 13   6844s      mean=0.501 LLR=-0.69 [CONTINUE]
 734 games  +92 =551 -91   +0 Elo +/- 13   6860s      mean=0.501 LLR=-0.69 [CONTINUE]
 735 games  +92 =552 -91   +0 Elo +/- 13   6867s      mean=0.501 LLR=-0.69 [CONTINUE]
 736 games  +93 =552 -91   +1 Elo +/- 13   6872s      mean=0.501 LLR=-0.60 [CONTINUE]
 737 games  +93 =553 -91   +1 Elo +/- 13   6885s      mean=0.501 LLR=-0.60 [CONTINUE]
 738 games  +93 =554 -91   +1 Elo +/- 13   6893s      mean=0.501 LLR=-0.60 [CONTINUE]
 739 games  +93 =555 -91   +1 Elo +/- 13   6899s      mean=0.501 LLR=-0.60 [CONTINUE]
 740 games  +94 =555 -91   +1 Elo +/- 13   6919s      mean=0.502 LLR=-0.51 [CONTINUE]
 741 games  +95 =555 -91   +2 Elo +/- 13   6925s      mean=0.503 LLR=-0.42 [CONTINUE]
 742 games  +95 =556 -91   +2 Elo +/- 13   6930s      mean=0.503 LLR=-0.42 [CONTINUE]
 743 games  +95 =557 -91   +2 Elo +/- 13   6949s      mean=0.503 LLR=-0.42 [CONTINUE]
 744 games  +95 =558 -91   +2 Elo +/- 12   6954s      mean=0.503 LLR=-0.42 [CONTINUE]
 745 games  +96 =558 -91   +2 Elo +/- 13   6956s      mean=0.503 LLR=-0.33 [CONTINUE]
 746 games  +96 =559 -91   +2 Elo +/- 12   6978s      mean=0.503 LLR=-0.33 [CONTINUE]
 747 games  +97 =559 -91   +3 Elo +/- 13   6984s      mean=0.504 LLR=-0.24 [CONTINUE]
 748 games  +97 =560 -91   +3 Elo +/- 12   6987s      mean=0.504 LLR=-0.24 [CONTINUE]
 749 games  +97 =560 -92   +2 Elo +/- 13   7009s      mean=0.503 LLR=-0.33 [CONTINUE]
 750 games  +97 =561 -92   +2 Elo +/- 12   7011s      mean=0.503 LLR=-0.33 [CONTINUE]
 751 games  +98 =561 -92   +3 Elo +/- 13   7017s      mean=0.504 LLR=-0.24 [CONTINUE]
 752 games  +98 =561 -93   +2 Elo +/- 13   7037s      mean=0.503 LLR=-0.33 [CONTINUE]
 753 games  +98 =561 -94   +2 Elo +/- 13   7038s      mean=0.503 LLR=-0.42 [CONTINUE]
 754 games  +98 =562 -94   +2 Elo +/- 13   7045s      mean=0.503 LLR=-0.42 [CONTINUE]
 755 games  +98 =563 -94   +2 Elo +/- 13   7060s      mean=0.503 LLR=-0.42 [CONTINUE]
 756 games  +98 =564 -94   +2 Elo +/- 12   7065s      mean=0.503 LLR=-0.43 [CONTINUE]
 757 games  +99 =564 -94   +2 Elo +/- 13   7078s      mean=0.503 LLR=-0.34 [CONTINUE]
 758 games  +99 =565 -94   +2 Elo +/- 12   7086s      mean=0.503 LLR=-0.34 [CONTINUE]
 759 games  +99 =566 -94   +2 Elo +/- 12   7087s      mean=0.503 LLR=-0.34 [CONTINUE]
 760 games  +100 =566 -94   +3 Elo +/- 12   7110s      mean=0.504 LLR=-0.25 [CONTINUE]
 761 games  +100 =567 -94   +3 Elo +/- 12   7113s      mean=0.504 LLR=-0.25 [CONTINUE]
 762 games  +100 =567 -95   +2 Elo +/- 12   7113s      mean=0.503 LLR=-0.34 [CONTINUE]
 763 games  +100 =568 -95   +2 Elo +/- 12   7139s      mean=0.503 LLR=-0.34 [CONTINUE]
 764 games  +100 =569 -95   +2 Elo +/- 12   7142s      mean=0.503 LLR=-0.34 [CONTINUE]
 765 games  +100 =569 -96   +2 Elo +/- 12   7145s      mean=0.503 LLR=-0.43 [CONTINUE]
 766 games  +100 =570 -96   +2 Elo +/- 12   7166s      mean=0.503 LLR=-0.43 [CONTINUE]
 767 games  +100 =571 -96   +2 Elo +/- 12   7167s      mean=0.503 LLR=-0.44 [CONTINUE]
 768 games  +100 =572 -96   +2 Elo +/- 12   7177s      mean=0.503 LLR=-0.44 [CONTINUE]
 769 games  +100 =573 -96   +2 Elo +/- 12   7190s      mean=0.503 LLR=-0.44 [CONTINUE]
 770 games  +100 =574 -96   +2 Elo +/- 12   7191s      mean=0.503 LLR=-0.44 [CONTINUE]
 771 games  +100 =575 -96   +2 Elo +/- 12   7202s      mean=0.503 LLR=-0.44 [CONTINUE]
 772 games  +100 =576 -96   +2 Elo +/- 12   7218s      mean=0.503 LLR=-0.44 [CONTINUE]
 773 games  +101 =576 -96   +2 Elo +/- 12   7223s      mean=0.503 LLR=-0.35 [CONTINUE]
 774 games  +101 =577 -96   +2 Elo +/- 12   7231s      mean=0.503 LLR=-0.35 [CONTINUE]
 775 games  +101 =578 -96   +2 Elo +/- 12   7247s      mean=0.503 LLR=-0.36 [CONTINUE]
 776 games  +101 =579 -96   +2 Elo +/- 12   7248s      mean=0.503 LLR=-0.36 [CONTINUE]
 777 games  +101 =580 -96   +2 Elo +/- 12   7254s      mean=0.503 LLR=-0.36 [CONTINUE]
 778 games  +101 =581 -96   +2 Elo +/- 12   7273s      mean=0.503 LLR=-0.36 [CONTINUE]
 779 games  +101 =582 -96   +2 Elo +/- 12   7277s      mean=0.503 LLR=-0.36 [CONTINUE]
 780 games  +101 =583 -96   +2 Elo +/- 12   7279s      mean=0.503 LLR=-0.36 [CONTINUE]
 781 games  +101 =584 -96   +2 Elo +/- 12   7297s      mean=0.503 LLR=-0.36 [CONTINUE]
 782 games  +101 =585 -96   +2 Elo +/- 12   7304s      mean=0.503 LLR=-0.37 [CONTINUE]
 783 games  +101 =586 -96   +2 Elo +/- 12   7308s      mean=0.503 LLR=-0.37 [CONTINUE]
 784 games  +101 =587 -96   +2 Elo +/- 12   7328s      mean=0.503 LLR=-0.37 [CONTINUE]
 785 games  +101 =588 -96   +2 Elo +/- 12   7335s      mean=0.503 LLR=-0.37 [CONTINUE]
 786 games  +101 =588 -97   +2 Elo +/- 12   7337s      mean=0.503 LLR=-0.46 [CONTINUE]
 787 games  +101 =588 -98   +1 Elo +/- 12   7356s      mean=0.502 LLR=-0.55 [CONTINUE]
 788 games  +101 =589 -98   +1 Elo +/- 12   7359s      mean=0.502 LLR=-0.55 [CONTINUE]
 789 games  +101 =590 -98   +1 Elo +/- 12   7366s      mean=0.502 LLR=-0.56 [CONTINUE]
 790 games  +101 =591 -98   +1 Elo +/- 12   7384s      mean=0.502 LLR=-0.56 [CONTINUE]
 791 games  +101 =592 -98   +1 Elo +/- 12   7387s      mean=0.502 LLR=-0.56 [CONTINUE]
 792 games  +101 =593 -98   +1 Elo +/- 12   7394s      mean=0.502 LLR=-0.56 [CONTINUE]
 793 games  +101 =594 -98   +1 Elo +/- 12   7410s      mean=0.502 LLR=-0.56 [CONTINUE]
 794 games  +101 =595 -98   +1 Elo +/- 12   7411s      mean=0.502 LLR=-0.56 [CONTINUE]
 795 games  +101 =596 -98   +1 Elo +/- 12   7420s      mean=0.502 LLR=-0.57 [CONTINUE]
 796 games  +101 =597 -98   +1 Elo +/- 12   7439s      mean=0.502 LLR=-0.57 [CONTINUE]
 797 games  +101 =598 -98   +1 Elo +/- 12   7442s      mean=0.502 LLR=-0.57 [CONTINUE]
 798 games  +101 =599 -98   +1 Elo +/- 12   7450s      mean=0.502 LLR=-0.57 [CONTINUE]
 799 games  +101 =599 -99   +1 Elo +/- 12   7468s      mean=0.501 LLR=-0.66 [CONTINUE]
 800 games  +101 =600 -99   +1 Elo +/- 12   7469s      mean=0.501 LLR=-0.66 [CONTINUE]
 801 games  +101 =601 -99   +1 Elo +/- 12   7480s      mean=0.501 LLR=-0.67 [CONTINUE]
 802 games  +101 =602 -99   +1 Elo +/- 12   7497s      mean=0.501 LLR=-0.67 [CONTINUE]
 803 games  +101 =603 -99   +1 Elo +/- 12   7500s      mean=0.501 LLR=-0.67 [CONTINUE]
 804 games  +101 =603 -100   +0 Elo +/- 12   7512s      mean=0.501 LLR=-0.76 [CONTINUE]
 805 games  +101 =604 -100   +0 Elo +/- 12   7525s      mean=0.501 LLR=-0.76 [CONTINUE]
 806 games  +101 =605 -100   +0 Elo +/- 12   7526s      mean=0.501 LLR=-0.76 [CONTINUE]
 807 games  +101 =606 -100   +0 Elo +/- 12   7537s      mean=0.501 LLR=-0.77 [CONTINUE]
 808 games  +101 =607 -100   +0 Elo +/- 12   7551s      mean=0.501 LLR=-0.77 [CONTINUE]
 809 games  +101 =608 -100   +0 Elo +/- 12   7552s      mean=0.501 LLR=-0.77 [CONTINUE]
 810 games  +101 =609 -100   +0 Elo +/- 12   7563s      mean=0.501 LLR=-0.77 [CONTINUE]
 811 games  +101 =610 -100   +0 Elo +/- 12   7580s      mean=0.501 LLR=-0.77 [CONTINUE]
 812 games  +101 =610 -101   -0 Elo +/- 12   7580s      mean=0.500 LLR=-0.86 [CONTINUE]
 813 games  +101 =611 -101   -0 Elo +/- 12   7592s      mean=0.500 LLR=-0.87 [CONTINUE]
 814 games  +101 =612 -101   -0 Elo +/- 12   7605s      mean=0.500 LLR=-0.87 [CONTINUE]
 815 games  +101 =613 -101   -0 Elo +/- 12   7611s      mean=0.500 LLR=-0.87 [CONTINUE]
 816 games  +102 =613 -101   +0 Elo +/- 12   7624s      mean=0.501 LLR=-0.78 [CONTINUE]
 817 games  +102 =614 -101   +0 Elo +/- 12   7637s      mean=0.501 LLR=-0.78 [CONTINUE]
 818 games  +102 =614 -102   -0 Elo +/- 12   7640s      mean=0.500 LLR=-0.87 [CONTINUE]
 819 games  +102 =615 -102   -0 Elo +/- 12   7653s      mean=0.500 LLR=-0.87 [CONTINUE]
 820 games  +103 =615 -102   +0 Elo +/- 12   7667s      mean=0.501 LLR=-0.78 [CONTINUE]
 821 games  +103 =615 -103   -0 Elo +/- 12   7668s      mean=0.500 LLR=-0.87 [CONTINUE]
 822 games  +103 =616 -103   -0 Elo +/- 12   7679s      mean=0.500 LLR=-0.87 [CONTINUE]
 823 games  +103 =617 -103   -0 Elo +/- 12   7692s      mean=0.500 LLR=-0.87 [CONTINUE]
 824 games  +103 =618 -103   -0 Elo +/- 12   7698s      mean=0.500 LLR=-0.87 [CONTINUE]
 825 games  +103 =619 -103   -0 Elo +/- 12   7702s      mean=0.500 LLR=-0.88 [CONTINUE]
 826 games  +103 =620 -103   -0 Elo +/- 12   7718s      mean=0.500 LLR=-0.88 [CONTINUE]
 827 games  +103 =621 -103   -0 Elo +/- 12   7723s      mean=0.500 LLR=-0.88 [CONTINUE]
 828 games  +103 =622 -103   -0 Elo +/- 12   7730s      mean=0.500 LLR=-0.88 [CONTINUE]
 829 games  +103 =623 -103   -0 Elo +/- 12   7743s      mean=0.500 LLR=-0.88 [CONTINUE]
 830 games  +103 =623 -104   -0 Elo +/- 12   7746s      mean=0.499 LLR=-0.97 [CONTINUE]
 831 games  +103 =624 -104   -0 Elo +/- 12   7760s      mean=0.499 LLR=-0.98 [CONTINUE]
 832 games  +103 =625 -104   -0 Elo +/- 12   7773s      mean=0.499 LLR=-0.98 [CONTINUE]
 833 games  +103 =626 -104   -0 Elo +/- 12   7777s      mean=0.499 LLR=-0.98 [CONTINUE]
 834 games  +103 =627 -104   -0 Elo +/- 12   7784s      mean=0.499 LLR=-0.98 [CONTINUE]
 835 games  +103 =628 -104   -0 Elo +/- 12   7799s      mean=0.499 LLR=-0.99 [CONTINUE]
 836 games  +103 =629 -104   -0 Elo +/- 12   7806s      mean=0.499 LLR=-0.99 [CONTINUE]
 837 games  +103 =629 -105   -1 Elo +/- 12   7818s      mean=0.499 LLR=-1.08 [CONTINUE]
 838 games  +103 =630 -105   -1 Elo +/- 12   7823s      mean=0.499 LLR=-1.08 [CONTINUE]
 839 games  +103 =631 -105   -1 Elo +/- 12   7835s      mean=0.499 LLR=-1.08 [CONTINUE]
 840 games  +103 =632 -105   -1 Elo +/- 12   7845s      mean=0.499 LLR=-1.08 [CONTINUE]
 841 games  +103 =633 -105   -1 Elo +/- 12   7849s      mean=0.499 LLR=-1.09 [CONTINUE]
 842 games  +103 =634 -105   -1 Elo +/- 12   7862s      mean=0.499 LLR=-1.09 [CONTINUE]
 843 games  +104 =634 -105   -0 Elo +/- 12   7875s      mean=0.499 LLR=-0.99 [CONTINUE]
 844 games  +104 =635 -105   -0 Elo +/- 12   7877s      mean=0.499 LLR=-1.00 [CONTINUE]
 845 games  +104 =636 -105   -0 Elo +/- 12   7893s      mean=0.499 LLR=-1.00 [CONTINUE]
 846 games  +104 =637 -105   -0 Elo +/- 12   7900s      mean=0.499 LLR=-1.00 [CONTINUE]
 847 games  +105 =637 -105   -0 Elo +/- 12   7902s      mean=0.500 LLR=-0.91 [CONTINUE]
 848 games  +106 =637 -105   +0 Elo +/- 12   7922s      mean=0.501 LLR=-0.81 [CONTINUE]
 849 games  +106 =637 -106   -0 Elo +/- 12   7924s      mean=0.500 LLR=-0.90 [CONTINUE]
 850 games  +106 =638 -106   -0 Elo +/- 12   7928s      mean=0.500 LLR=-0.90 [CONTINUE]
 851 games  +106 =639 -106   -0 Elo +/- 12   7951s      mean=0.500 LLR=-0.91 [CONTINUE]
 852 games  +107 =639 -106   +0 Elo +/- 12   7953s      mean=0.501 LLR=-0.81 [CONTINUE]
 853 games  +107 =640 -106   +0 Elo +/- 12   7961s      mean=0.501 LLR=-0.81 [CONTINUE]
 854 games  +107 =641 -106   +0 Elo +/- 12   7976s      mean=0.501 LLR=-0.82 [CONTINUE]
 855 games  +107 =642 -106   +0 Elo +/- 12   7981s      mean=0.501 LLR=-0.82 [CONTINUE]
 856 games  +107 =643 -106   +0 Elo +/- 12   7992s      mean=0.501 LLR=-0.82 [CONTINUE]
 857 games  +107 =644 -106   +0 Elo +/- 12   8002s      mean=0.501 LLR=-0.82 [CONTINUE]
 858 games  +107 =645 -106   +0 Elo +/- 12   8009s      mean=0.501 LLR=-0.82 [CONTINUE]
 859 games  +107 =646 -106   +0 Elo +/- 12   8022s      mean=0.501 LLR=-0.83 [CONTINUE]
 860 games  +107 =647 -106   +0 Elo +/- 12   8029s      mean=0.501 LLR=-0.83 [CONTINUE]
 861 games  +107 =648 -106   +0 Elo +/- 12   8032s      mean=0.501 LLR=-0.83 [CONTINUE]
 862 games  +107 =649 -106   +0 Elo +/- 12   8055s      mean=0.501 LLR=-0.83 [CONTINUE]
 863 games  +107 =650 -106   +0 Elo +/- 12   8058s      mean=0.501 LLR=-0.83 [CONTINUE]
 864 games  +107 =651 -106   +0 Elo +/- 12   8062s      mean=0.501 LLR=-0.84 [CONTINUE]
 865 games  +107 =652 -106   +0 Elo +/- 11   8081s      mean=0.501 LLR=-0.84 [CONTINUE]
 866 games  +107 =653 -106   +0 Elo +/- 11   8081s      mean=0.501 LLR=-0.84 [CONTINUE]
 867 games  +107 =654 -106   +0 Elo +/- 11   8094s      mean=0.501 LLR=-0.84 [CONTINUE]
 868 games  +108 =654 -106   +1 Elo +/- 11   8106s      mean=0.501 LLR=-0.75 [CONTINUE]
 869 games  +109 =654 -106   +1 Elo +/- 11   8109s      mean=0.502 LLR=-0.65 [CONTINUE]
 870 games  +109 =655 -106   +1 Elo +/- 11   8121s      mean=0.502 LLR=-0.65 [CONTINUE]
 871 games  +109 =656 -106   +1 Elo +/- 11   8133s      mean=0.502 LLR=-0.66 [CONTINUE]
 872 games  +109 =657 -106   +1 Elo +/- 11   8134s      mean=0.502 LLR=-0.66 [CONTINUE]
 873 games  +109 =658 -106   +1 Elo +/- 11   8151s      mean=0.502 LLR=-0.66 [CONTINUE]
 874 games  +109 =659 -106   +1 Elo +/- 11   8156s      mean=0.502 LLR=-0.66 [CONTINUE]
 875 games  +110 =659 -106   +2 Elo +/- 11   8167s      mean=0.502 LLR=-0.57 [CONTINUE]
 876 games  +110 =660 -106   +2 Elo +/- 11   8181s      mean=0.502 LLR=-0.57 [CONTINUE]
 877 games  +110 =661 -106   +2 Elo +/- 11   8185s      mean=0.502 LLR=-0.57 [CONTINUE]
 878 games  +110 =661 -107   +1 Elo +/- 11   8195s      mean=0.502 LLR=-0.66 [CONTINUE]
 879 games  +110 =662 -107   +1 Elo +/- 11   8206s      mean=0.502 LLR=-0.66 [CONTINUE]
 880 games  +110 =663 -107   +1 Elo +/- 11   8215s      mean=0.502 LLR=-0.67 [CONTINUE]
 881 games  +110 =664 -107   +1 Elo +/- 11   8223s      mean=0.502 LLR=-0.67 [CONTINUE]
 882 games  +110 =665 -107   +1 Elo +/- 11   8235s      mean=0.502 LLR=-0.67 [CONTINUE]
 883 games  +110 =665 -108   +1 Elo +/- 11   8246s      mean=0.501 LLR=-0.76 [CONTINUE]
 884 games  +110 =666 -108   +1 Elo +/- 11   8251s      mean=0.501 LLR=-0.76 [CONTINUE]
 885 games  +110 =667 -108   +1 Elo +/- 11   8264s      mean=0.501 LLR=-0.77 [CONTINUE]
 886 games  +110 =668 -108   +1 Elo +/- 11   8277s      mean=0.501 LLR=-0.77 [CONTINUE]
 887 games  +111 =668 -108   +1 Elo +/- 11   8279s      mean=0.502 LLR=-0.67 [CONTINUE]
 888 games  +112 =668 -108   +2 Elo +/- 11   8298s      mean=0.502 LLR=-0.58 [CONTINUE]
 889 games  +112 =669 -108   +2 Elo +/- 11   8304s      mean=0.502 LLR=-0.58 [CONTINUE]
 890 games  +112 =669 -109   +1 Elo +/- 11   8310s      mean=0.502 LLR=-0.67 [CONTINUE]
 891 games  +112 =670 -109   +1 Elo +/- 11   8324s      mean=0.502 LLR=-0.67 [CONTINUE]
 892 games  +112 =670 -110   +1 Elo +/- 11   8334s      mean=0.501 LLR=-0.76 [CONTINUE]
 893 games  +112 =670 -111   +0 Elo +/- 11   8342s      mean=0.501 LLR=-0.86 [CONTINUE]
 894 games  +112 =671 -111   +0 Elo +/- 11   8350s      mean=0.501 LLR=-0.86 [CONTINUE]
 895 games  +112 =672 -111   +0 Elo +/- 11   8363s      mean=0.501 LLR=-0.86 [CONTINUE]
 896 games  +112 =673 -111   +0 Elo +/- 11   8370s      mean=0.501 LLR=-0.86 [CONTINUE]
 897 games  +112 =674 -111   +0 Elo +/- 11   8381s      mean=0.501 LLR=-0.86 [CONTINUE]
 898 games  +112 =675 -111   +0 Elo +/- 11   8390s      mean=0.501 LLR=-0.87 [CONTINUE]
 899 games  +112 =676 -111   +0 Elo +/- 11   8397s      mean=0.501 LLR=-0.87 [CONTINUE]
 900 games  +112 =677 -111   +0 Elo +/- 11   8415s      mean=0.501 LLR=-0.87 [CONTINUE]
 901 games  +112 =677 -112   -0 Elo +/- 11   8417s      mean=0.500 LLR=-0.96 [CONTINUE]
 902 games  +112 =678 -112   -0 Elo +/- 11   8426s      mean=0.500 LLR=-0.96 [CONTINUE]
 903 games  +112 =679 -112   -0 Elo +/- 11   8445s      mean=0.500 LLR=-0.96 [CONTINUE]
 904 games  +112 =679 -113   -0 Elo +/- 11   8448s      mean=0.499 LLR=-1.06 [CONTINUE]
 905 games  +112 =680 -113   -0 Elo +/- 11   8451s      mean=0.499 LLR=-1.06 [CONTINUE]
 906 games  +112 =681 -113   -0 Elo +/- 11   8471s      mean=0.499 LLR=-1.06 [CONTINUE]
 907 games  +112 =682 -113   -0 Elo +/- 11   8478s      mean=0.499 LLR=-1.06 [CONTINUE]
 908 games  +112 =683 -113   -0 Elo +/- 11   8478s      mean=0.499 LLR=-1.06 [CONTINUE]
 909 games  +112 =684 -113   -0 Elo +/- 11   8494s      mean=0.499 LLR=-1.07 [CONTINUE]
 910 games  +112 =685 -113   -0 Elo +/- 11   8507s      mean=0.499 LLR=-1.07 [CONTINUE]
 911 games  +112 =686 -113   -0 Elo +/- 11   8509s      mean=0.499 LLR=-1.07 [CONTINUE]
 912 games  +112 =687 -113   -0 Elo +/- 11   8520s      mean=0.499 LLR=-1.07 [CONTINUE]
 913 games  +112 =688 -113   -0 Elo +/- 11   8529s      mean=0.499 LLR=-1.08 [CONTINUE]
 914 games  +112 =689 -113   -0 Elo +/- 11   8531s      mean=0.499 LLR=-1.08 [CONTINUE]
 915 games  +112 =690 -113   -0 Elo +/- 11   8547s      mean=0.499 LLR=-1.08 [CONTINUE]
 916 games  +112 =691 -113   -0 Elo +/- 11   8556s      mean=0.499 LLR=-1.08 [CONTINUE]
 917 games  +112 =692 -113   -0 Elo +/- 11   8558s      mean=0.499 LLR=-1.08 [CONTINUE]
 918 games  +112 =693 -113   -0 Elo +/- 11   8571s      mean=0.499 LLR=-1.09 [CONTINUE]
 919 games  +112 =694 -113   -0 Elo +/- 11   8584s      mean=0.499 LLR=-1.09 [CONTINUE]
 920 games  +112 =695 -113   -0 Elo +/- 11   8585s      mean=0.499 LLR=-1.09 [CONTINUE]
 921 games  +112 =696 -113   -0 Elo +/- 11   8603s      mean=0.499 LLR=-1.09 [CONTINUE]
 922 games  +113 =696 -113   -0 Elo +/- 11   8616s      mean=0.500 LLR=-1.00 [CONTINUE]
 923 games  +113 =697 -113   -0 Elo +/- 11   8619s      mean=0.500 LLR=-1.00 [CONTINUE]
 924 games  +113 =698 -113   -0 Elo +/- 11   8627s      mean=0.500 LLR=-1.00 [CONTINUE]
 925 games  +113 =699 -113   -0 Elo +/- 11   8641s      mean=0.500 LLR=-1.00 [CONTINUE]
 926 games  +113 =700 -113   -0 Elo +/- 11   8648s      mean=0.500 LLR=-1.01 [CONTINUE]
 927 games  +113 =701 -113   -0 Elo +/- 11   8652s      mean=0.500 LLR=-1.01 [CONTINUE]
 928 games  +113 =702 -113   -0 Elo +/- 11   8664s      mean=0.500 LLR=-1.01 [CONTINUE]
 929 games  +113 =703 -113   -0 Elo +/- 11   8676s      mean=0.500 LLR=-1.01 [CONTINUE]
 930 games  +113 =703 -114   -0 Elo +/- 11   8683s      mean=0.499 LLR=-1.10 [CONTINUE]
 931 games  +113 =704 -114   -0 Elo +/- 11   8689s      mean=0.499 LLR=-1.11 [CONTINUE]
 932 games  +113 =705 -114   -0 Elo +/- 11   8703s      mean=0.499 LLR=-1.11 [CONTINUE]
 933 games  +113 =706 -114   -0 Elo +/- 11   8708s      mean=0.499 LLR=-1.11 [CONTINUE]
 934 games  +113 =707 -114   -0 Elo +/- 11   8716s      mean=0.499 LLR=-1.11 [CONTINUE]
 935 games  +113 =708 -114   -0 Elo +/- 11   8735s      mean=0.499 LLR=-1.12 [CONTINUE]
 936 games  +113 =709 -114   -0 Elo +/- 11   8736s      mean=0.499 LLR=-1.12 [CONTINUE]
 937 games  +114 =709 -114   -0 Elo +/- 11   8742s      mean=0.500 LLR=-1.02 [CONTINUE]
 938 games  +114 =710 -114   -0 Elo +/- 11   8758s      mean=0.500 LLR=-1.02 [CONTINUE]
 939 games  +114 =711 -114   -0 Elo +/- 11   8762s      mean=0.500 LLR=-1.02 [CONTINUE]
 940 games  +115 =711 -114   +0 Elo +/- 11   8772s      mean=0.501 LLR=-0.93 [CONTINUE]
 941 games  +115 =712 -114   +0 Elo +/- 11   8784s      mean=0.501 LLR=-0.93 [CONTINUE]
 942 games  +115 =713 -114   +0 Elo +/- 11   8786s      mean=0.501 LLR=-0.93 [CONTINUE]
 943 games  +115 =714 -114   +0 Elo +/- 11   8799s      mean=0.501 LLR=-0.93 [CONTINUE]
 944 games  +115 =715 -114   +0 Elo +/- 11   8811s      mean=0.501 LLR=-0.94 [CONTINUE]
 945 games  +115 =716 -114   +0 Elo +/- 11   8818s      mean=0.501 LLR=-0.94 [CONTINUE]
 946 games  +115 =717 -114   +0 Elo +/- 11   8825s      mean=0.501 LLR=-0.94 [CONTINUE]
 947 games  +115 =718 -114   +0 Elo +/- 11   8837s      mean=0.501 LLR=-0.94 [CONTINUE]
 948 games  +115 =719 -114   +0 Elo +/- 11   8846s      mean=0.501 LLR=-0.94 [CONTINUE]
 949 games  +115 =720 -114   +0 Elo +/- 11   8850s      mean=0.501 LLR=-0.95 [CONTINUE]
 950 games  +115 =721 -114   +0 Elo +/- 11   8866s      mean=0.501 LLR=-0.95 [CONTINUE]
 951 games  +115 =722 -114   +0 Elo +/- 11   8874s      mean=0.501 LLR=-0.95 [CONTINUE]
 952 games  +115 =723 -114   +0 Elo +/- 11   8875s      mean=0.501 LLR=-0.95 [CONTINUE]
 953 games  +115 =724 -114   +0 Elo +/- 11   8893s      mean=0.501 LLR=-0.96 [CONTINUE]
 954 games  +115 =725 -114   +0 Elo +/- 11   8899s      mean=0.501 LLR=-0.96 [CONTINUE]
 955 games  +115 =726 -114   +0 Elo +/- 11   8903s      mean=0.501 LLR=-0.96 [CONTINUE]
 956 games  +116 =726 -114   +1 Elo +/- 11   8921s      mean=0.501 LLR=-0.86 [CONTINUE]
 957 games  +116 =726 -115   +0 Elo +/- 11   8932s      mean=0.501 LLR=-0.96 [CONTINUE]
 958 games  +116 =727 -115   +0 Elo +/- 11   8933s      mean=0.501 LLR=-0.96 [CONTINUE]
 959 games  +116 =728 -115   +0 Elo +/- 11   8944s      mean=0.501 LLR=-0.96 [CONTINUE]
 960 games  +116 =729 -115   +0 Elo +/- 11   8958s      mean=0.501 LLR=-0.96 [CONTINUE]
 961 games  +116 =730 -115   +0 Elo +/- 11   8959s      mean=0.501 LLR=-0.96 [CONTINUE]
 962 games  +116 =731 -115   +0 Elo +/- 11   8969s      mean=0.501 LLR=-0.97 [CONTINUE]
 963 games  +116 =732 -115   +0 Elo +/- 11   8986s      mean=0.501 LLR=-0.97 [CONTINUE]
 964 games  +116 =732 -116   -0 Elo +/- 11   8993s      mean=0.500 LLR=-1.06 [CONTINUE]
 965 games  +116 =733 -116   -0 Elo +/- 11   8994s      mean=0.500 LLR=-1.06 [CONTINUE]
 966 games  +116 =734 -116   -0 Elo +/- 11   9014s      mean=0.500 LLR=-1.07 [CONTINUE]
 967 games  +116 =735 -116   -0 Elo +/- 11   9019s      mean=0.500 LLR=-1.07 [CONTINUE]
 968 games  +116 =736 -116   -0 Elo +/- 11   9020s      mean=0.500 LLR=-1.07 [CONTINUE]
 969 games  +116 =737 -116   -0 Elo +/- 11   9037s      mean=0.500 LLR=-1.07 [CONTINUE]
 970 games  +116 =738 -116   -0 Elo +/- 11   9046s      mean=0.500 LLR=-1.07 [CONTINUE]
 971 games  +116 =739 -116   -0 Elo +/- 11   9047s      mean=0.500 LLR=-1.08 [CONTINUE]
 972 games  +116 =740 -116   -0 Elo +/- 11   9064s      mean=0.500 LLR=-1.08 [CONTINUE]
 973 games  +116 =741 -116   -0 Elo +/- 11   9074s      mean=0.500 LLR=-1.08 [CONTINUE]
 974 games  +117 =741 -116   +0 Elo +/- 11   9075s      mean=0.501 LLR=-0.98 [CONTINUE]
 975 games  +118 =741 -116   +1 Elo +/- 11   9090s      mean=0.501 LLR=-0.88 [CONTINUE]
 976 games  +118 =742 -116   +1 Elo +/- 11   9103s      mean=0.501 LLR=-0.89 [CONTINUE]
 977 games  +118 =743 -116   +1 Elo +/- 11   9105s      mean=0.501 LLR=-0.89 [CONTINUE]
 978 games  +118 =744 -116   +1 Elo +/- 11   9122s      mean=0.501 LLR=-0.89 [CONTINUE]
 979 games  +118 =745 -116   +1 Elo +/- 11   9135s      mean=0.501 LLR=-0.89 [CONTINUE]
 980 games  +118 =745 -117   +0 Elo +/- 11   9136s      mean=0.501 LLR=-0.99 [CONTINUE]
 981 games  +119 =745 -117   +1 Elo +/- 11   9153s      mean=0.501 LLR=-0.89 [CONTINUE]
 982 games  +119 =746 -117   +1 Elo +/- 11   9165s      mean=0.501 LLR=-0.89 [CONTINUE]
 983 games  +119 =747 -117   +1 Elo +/- 11   9167s      mean=0.501 LLR=-0.89 [CONTINUE]
 984 games  +119 =748 -117   +1 Elo +/- 11   9184s      mean=0.501 LLR=-0.90 [CONTINUE]
 985 games  +119 =749 -117   +1 Elo +/- 11   9188s      mean=0.501 LLR=-0.90 [CONTINUE]
 986 games  +119 =750 -117   +1 Elo +/- 11   9191s      mean=0.501 LLR=-0.90 [CONTINUE]
 987 games  +119 =751 -117   +1 Elo +/- 11   9208s      mean=0.501 LLR=-0.90 [CONTINUE]
 988 games  +119 =752 -117   +1 Elo +/- 11   9215s      mean=0.501 LLR=-0.90 [CONTINUE]
 989 games  +119 =753 -117   +1 Elo +/- 11   9217s      mean=0.501 LLR=-0.91 [CONTINUE]
 990 games  +120 =753 -117   +1 Elo +/- 11   9235s      mean=0.502 LLR=-0.81 [CONTINUE]
 991 games  +121 =753 -117   +1 Elo +/- 11   9247s      mean=0.502 LLR=-0.71 [CONTINUE]
 992 games  +122 =753 -117   +2 Elo +/- 11   9249s      mean=0.503 LLR=-0.61 [CONTINUE]
 993 games  +122 =754 -117   +2 Elo +/- 11   9263s      mean=0.503 LLR=-0.62 [CONTINUE]
 994 games  +122 =755 -117   +2 Elo +/- 11   9274s      mean=0.503 LLR=-0.62 [CONTINUE]
 995 games  +122 =756 -117   +2 Elo +/- 11   9275s      mean=0.503 LLR=-0.62 [CONTINUE]
 996 games  +122 =757 -117   +2 Elo +/- 11   9292s      mean=0.503 LLR=-0.62 [CONTINUE]
 997 games  +122 =758 -117   +2 Elo +/- 11   9302s      mean=0.503 LLR=-0.62 [CONTINUE]
 998 games  +123 =758 -117   +2 Elo +/- 11   9307s      mean=0.503 LLR=-0.53 [CONTINUE]
 999 games  +123 =759 -117   +2 Elo +/- 11   9324s      mean=0.503 LLR=-0.53 [CONTINUE]
1000 games  +123 =760 -117   +2 Elo +/- 11   9328s      mean=0.503 LLR=-0.53 [CONTINUE]
1001 games  +123 =761 -117   +2 Elo +/- 11   9334s      mean=0.503 LLR=-0.53 [CONTINUE]
1002 games  +123 =762 -117   +2 Elo +/- 11   9354s      mean=0.503 LLR=-0.53 [CONTINUE]
1003 games  +124 =762 -117   +2 Elo +/- 11   9358s      mean=0.503 LLR=-0.44 [CONTINUE]
1004 games  +124 =763 -117   +2 Elo +/- 11   9361s      mean=0.503 LLR=-0.44 [CONTINUE]
1005 games  +124 =764 -117   +2 Elo +/- 11   9383s      mean=0.503 LLR=-0.44 [CONTINUE]
1006 games  +124 =764 -118   +2 Elo +/- 11   9383s      mean=0.503 LLR=-0.53 [CONTINUE]
1007 games  +124 =765 -118   +2 Elo +/- 11   9384s      mean=0.503 LLR=-0.54 [CONTINUE]
1008 games  +124 =766 -118   +2 Elo +/- 11   9409s      mean=0.503 LLR=-0.54 [CONTINUE]
1009 games  +124 =767 -118   +2 Elo +/- 11   9410s      mean=0.503 LLR=-0.54 [CONTINUE]
1010 games  +124 =767 -119   +2 Elo +/- 11   9416s      mean=0.502 LLR=-0.63 [CONTINUE]
1011 games  +124 =768 -119   +2 Elo +/- 11   9437s      mean=0.502 LLR=-0.64 [CONTINUE]
1012 games  +124 =769 -119   +2 Elo +/- 10   9440s      mean=0.502 LLR=-0.64 [CONTINUE]
1013 games  +124 =770 -119   +2 Elo +/- 10   9445s      mean=0.502 LLR=-0.64 [CONTINUE]
1014 games  +124 =771 -119   +2 Elo +/- 10   9461s      mean=0.502 LLR=-0.64 [CONTINUE]
1015 games  +124 =772 -119   +2 Elo +/- 10   9469s      mean=0.502 LLR=-0.64 [CONTINUE]
1016 games  +124 =773 -119   +2 Elo +/- 10   9477s      mean=0.502 LLR=-0.64 [CONTINUE]
1017 games  +125 =773 -119   +2 Elo +/- 10   9486s   ANOMALIES: 1   mean=0.503 LLR=-0.55 [CONTINUE]
