gauntlet: agent@engine vs agent@checkpoints/v1 | SPRT elo0=0.0 elo1=8.0 alpha=0.025 beta=0.025 max_games=1500 | 10000ms+100ms | 3 workers
   1 games  +0 =1 -0   -0 Elo +/- 0   127s      mean=0.500 LLR=+0.00 [CONTINUE]
   2 games  +0 =2 -0   -0 Elo +/- 0   130s      mean=0.500 LLR=+0.00 [CONTINUE]
   3 games  +1 =2 -0   +120 Elo +/- 265   133s      mean=0.667 LLR=+0.10 [CONTINUE]
   4 games  +1 =2 -1   -0 Elo +/- 297   154s      mean=0.500 LLR=-0.00 [CONTINUE]
   5 games  +1 =3 -1   -0 Elo +/- 217   156s      mean=0.500 LLR=-0.00 [CONTINUE]
   6 games  +1 =4 -1   -0 Elo +/- 174   159s      mean=0.500 LLR=-0.00 [CONTINUE]
   7 games  +1 =5 -1   -0 Elo +/- 146   179s      mean=0.500 LLR=-0.01 [CONTINUE]
   8 games  +1 =6 -1   -0 Elo +/- 126   180s      mean=0.500 LLR=-0.01 [CONTINUE]
   9 games  +1 =7 -1   -0 Elo +/- 111   189s      mean=0.500 LLR=-0.01 [CONTINUE]
  10 games  +1 =7 -2   -35 Elo +/- 122   209s      mean=0.450 LLR=-0.09 [CONTINUE]
  11 games  +1 =8 -2   -32 Elo +/- 110   210s      mean=0.455 LLR=-0.10 [CONTINUE]
  12 games  +2 =8 -2   -0 Elo +/- 118   211s      mean=0.500 LLR=-0.01 [CONTINUE]
  13 games  +2 =9 -2   -0 Elo +/- 108   234s      mean=0.500 LLR=-0.01 [CONTINUE]
  14 games  +2 =10 -2   -0 Elo +/- 100   236s      mean=0.500 LLR=-0.01 [CONTINUE]
  15 games  +2 =11 -2   -0 Elo +/- 93   241s      mean=0.500 LLR=-0.01 [CONTINUE]
  16 games  +2 =12 -2   -0 Elo +/- 87   260s      mean=0.500 LLR=-0.02 [CONTINUE]
  17 games  +2 =12 -3   -20 Elo +/- 91   265s      mean=0.471 LLR=-0.09 [CONTINUE]
  18 games  +2 =13 -3   -19 Elo +/- 86   268s      mean=0.472 LLR=-0.10 [CONTINUE]
  19 games  +2 =14 -3   -18 Elo +/- 81   285s      mean=0.474 LLR=-0.11 [CONTINUE]
  20 games  +2 =15 -3   -17 Elo +/- 77   294s      mean=0.475 LLR=-0.11 [CONTINUE]
  21 games  +2 =15 -4   -33 Elo +/- 80   302s      mean=0.452 LLR=-0.19 [CONTINUE]
  22 games  +2 =15 -5   -48 Elo +/- 83   311s      mean=0.432 LLR=-0.25 [CONTINUE]
  23 games  +2 =15 -6   -61 Elo +/- 84   322s      mean=0.413 LLR=-0.31 [CONTINUE]
  24 games  +2 =15 -7   -73 Elo +/- 86   329s      mean=0.396 LLR=-0.37 [CONTINUE]
  25 games  +2 =15 -8   -85 Elo +/- 87   343s      mean=0.380 LLR=-0.42 [CONTINUE]
  26 games  +2 =15 -9   -96 Elo +/- 87   347s      mean=0.365 LLR=-0.48 [CONTINUE]
  27 games  +2 =16 -9   -92 Elo +/- 84   355s      mean=0.370 LLR=-0.49 [CONTINUE]
  28 games  +2 =16 -10   -102 Elo +/- 85   373s      mean=0.357 LLR=-0.55 [CONTINUE]
  29 games  +2 =17 -10   -98 Elo +/- 81   373s      mean=0.362 LLR=-0.57 [CONTINUE]
  30 games  +2 =18 -10   -95 Elo +/- 78   378s      mean=0.367 LLR=-0.58 [CONTINUE]
  31 games  +2 =19 -10   -92 Elo +/- 76   399s      mean=0.371 LLR=-0.60 [CONTINUE]
  32 games  +2 =20 -10   -89 Elo +/- 73   404s      mean=0.375 LLR=-0.62 [CONTINUE]
  33 games  +2 =21 -10   -86 Elo +/- 71   406s      mean=0.379 LLR=-0.63 [CONTINUE]
  34 games  +2 =22 -10   -83 Elo +/- 68   423s      mean=0.382 LLR=-0.65 [CONTINUE]
  35 games  +2 =23 -10   -81 Elo +/- 66   425s      mean=0.386 LLR=-0.67 [CONTINUE]
  36 games  +2 =23 -11   -89 Elo +/- 67   430s      mean=0.375 LLR=-0.73 [CONTINUE]
  37 games  +2 =24 -11   -86 Elo +/- 65   451s      mean=0.378 LLR=-0.74 [CONTINUE]
  38 games  +2 =25 -11   -84 Elo +/- 63   452s      mean=0.382 LLR=-0.76 [CONTINUE]
  39 games  +2 =25 -12   -91 Elo +/- 64   462s      mean=0.372 LLR=-0.82 [CONTINUE]
  40 games  +2 =26 -12   -89 Elo +/- 62   481s      mean=0.375 LLR=-0.84 [CONTINUE]
  41 games  +2 =26 -13   -96 Elo +/- 63   483s      mean=0.366 LLR=-0.90 [CONTINUE]
  42 games  +2 =26 -14   -102 Elo +/- 63   494s      mean=0.357 LLR=-0.96 [CONTINUE]
  43 games  +2 =26 -15   -108 Elo +/- 64   510s      mean=0.349 LLR=-1.02 [CONTINUE]
  44 games  +2 =27 -15   -106 Elo +/- 62   511s      mean=0.352 LLR=-1.04 [CONTINUE]
  45 games  +2 =28 -15   -103 Elo +/- 61   528s      mean=0.356 LLR=-1.06 [CONTINUE]
  46 games  +2 =29 -15   -101 Elo +/- 59   537s      mean=0.359 LLR=-1.08 [CONTINUE]
  47 games  +2 =30 -15   -99 Elo +/- 58   540s      mean=0.362 LLR=-1.09 [CONTINUE]
  48 games  +2 =30 -16   -104 Elo +/- 59   557s      mean=0.354 LLR=-1.16 [CONTINUE]
  49 games  +2 =31 -16   -102 Elo +/- 57   573s      mean=0.357 LLR=-1.17 [CONTINUE]
  50 games  +3 =31 -16   -92 Elo +/- 58   574s      mean=0.370 LLR=-1.00 [CONTINUE]
  51 games  +3 =32 -16   -91 Elo +/- 57   583s      mean=0.373 LLR=-1.02 [CONTINUE]
  52 games  +3 =33 -16   -89 Elo +/- 56   594s      mean=0.375 LLR=-1.03 [CONTINUE]
  53 games  +3 =34 -16   -87 Elo +/- 55   603s      mean=0.377 LLR=-1.05 [CONTINUE]
  54 games  +3 =35 -16   -85 Elo +/- 54   610s      mean=0.380 LLR=-1.07 [CONTINUE]
  55 games  +4 =35 -16   -77 Elo +/- 55   625s      mean=0.391 LLR=-0.92 [CONTINUE]
  56 games  +4 =35 -17   -82 Elo +/- 55   632s      mean=0.384 LLR=-0.98 [CONTINUE]
  57 games  +5 =35 -17   -74 Elo +/- 56   642s      mean=0.395 LLR=-0.85 [CONTINUE]
  58 games  +5 =36 -17   -73 Elo +/- 55   654s      mean=0.397 LLR=-0.87 [CONTINUE]
  59 games  +5 =37 -17   -72 Elo +/- 54   660s      mean=0.398 LLR=-0.88 [CONTINUE]
  60 games  +6 =37 -17   -64 Elo +/- 54   667s      mean=0.408 LLR=-0.77 [CONTINUE]
  61 games  +6 =38 -17   -63 Elo +/- 53   678s      mean=0.410 LLR=-0.78 [CONTINUE]
  62 games  +6 =39 -17   -62 Elo +/- 52   686s      mean=0.411 LLR=-0.79 [CONTINUE]
  63 games  +6 =40 -17   -61 Elo +/- 52   692s      mean=0.413 LLR=-0.81 [CONTINUE]
  64 games  +6 =41 -17   -60 Elo +/- 51   706s      mean=0.414 LLR=-0.82 [CONTINUE]
  65 games  +7 =41 -17   -54 Elo +/- 51   716s      mean=0.423 LLR=-0.72 [CONTINUE]
  66 games  +7 =41 -18   -58 Elo +/- 51   728s      mean=0.417 LLR=-0.77 [CONTINUE]
  67 games  +7 =41 -19   -63 Elo +/- 52   739s      mean=0.410 LLR=-0.83 [CONTINUE]
  68 games  +7 =41 -20   -67 Elo +/- 52   744s      mean=0.404 LLR=-0.88 [CONTINUE]
  69 games  +7 =42 -20   -66 Elo +/- 51   755s      mean=0.406 LLR=-0.89 [CONTINUE]
  70 games  +7 =43 -20   -65 Elo +/- 50   769s      mean=0.407 LLR=-0.90 [CONTINUE]
  71 games  +7 =44 -20   -64 Elo +/- 50   771s      mean=0.408 LLR=-0.92 [CONTINUE]
  72 games  +7 =45 -20   -63 Elo +/- 49   784s      mean=0.410 LLR=-0.93 [CONTINUE]
  73 games  +7 =46 -20   -63 Elo +/- 48   797s      mean=0.411 LLR=-0.94 [CONTINUE]
  74 games  +7 =47 -20   -62 Elo +/- 48   799s      mean=0.412 LLR=-0.95 [CONTINUE]
  75 games  +7 =48 -20   -61 Elo +/- 47   806s      mean=0.413 LLR=-0.97 [CONTINUE]
  76 games  +7 =49 -20   -60 Elo +/- 46   822s      mean=0.414 LLR=-0.98 [CONTINUE]
  77 games  +7 =50 -20   -59 Elo +/- 46   826s      mean=0.416 LLR=-0.99 [CONTINUE]
  78 games  +7 =50 -21   -63 Elo +/- 46   834s      mean=0.410 LLR=-1.05 [CONTINUE]
  79 games  +7 =51 -21   -62 Elo +/- 45   848s      mean=0.411 LLR=-1.06 [CONTINUE]
  80 games  +7 =51 -22   -66 Elo +/- 45   857s      mean=0.406 LLR=-1.12 [CONTINUE]
  81 games  +7 =52 -22   -65 Elo +/- 45   858s      mean=0.407 LLR=-1.13 [CONTINUE]
  82 games  +7 =53 -22   -64 Elo +/- 44   873s      mean=0.409 LLR=-1.15 [CONTINUE]
  83 games  +7 =54 -22   -63 Elo +/- 44   882s      mean=0.410 LLR=-1.16 [CONTINUE]
  84 games  +8 =54 -22   -58 Elo +/- 44   885s      mean=0.417 LLR=-1.05 [CONTINUE]
  85 games  +8 =54 -23   -62 Elo +/- 44   902s      mean=0.412 LLR=-1.10 [CONTINUE]
  86 games  +9 =54 -23   -57 Elo +/- 45   913s      mean=0.419 LLR=-1.00 [CONTINUE]
  87 games  +9 =54 -24   -61 Elo +/- 45   916s      mean=0.414 LLR=-1.05 [CONTINUE]
  88 games  +9 =55 -24   -60 Elo +/- 44   930s      mean=0.415 LLR=-1.07 [CONTINUE]
  89 games  +9 =56 -24   -59 Elo +/- 44   939s      mean=0.416 LLR=-1.08 [CONTINUE]
  90 games  +9 =57 -24   -58 Elo +/- 43   944s      mean=0.417 LLR=-1.09 [CONTINUE]
  91 games  +9 =58 -24   -58 Elo +/- 43   958s      mean=0.418 LLR=-1.10 [CONTINUE]
  92 games  +10 =58 -24   -53 Elo +/- 43   969s      mean=0.424 LLR=-1.00 [CONTINUE]
  93 games  +11 =58 -24   -49 Elo +/- 43   976s      mean=0.430 LLR=-0.91 [CONTINUE]
  94 games  +11 =59 -24   -48 Elo +/- 43   986s      mean=0.431 LLR=-0.92 [CONTINUE]
  95 games  +11 =60 -24   -48 Elo +/- 42   998s      mean=0.432 LLR=-0.93 [CONTINUE]
  96 games  +11 =61 -24   -47 Elo +/- 42   1005s      mean=0.432 LLR=-0.94 [CONTINUE]
  97 games  +11 =61 -25   -50 Elo +/- 42   1016s      mean=0.428 LLR=-0.99 [CONTINUE]
  98 games  +11 =62 -25   -50 Elo +/- 42   1029s      mean=0.429 LLR=-1.00 [CONTINUE]
  99 games  +12 =62 -25   -46 Elo +/- 42   1039s      mean=0.434 LLR=-0.91 [CONTINUE]
 100 games  +12 =63 -25   -45 Elo +/- 41   1047s      mean=0.435 LLR=-0.92 [CONTINUE]
 101 games  +12 =64 -25   -45 Elo +/- 41   1054s      mean=0.436 LLR=-0.93 [CONTINUE]
 102 games  +13 =64 -25   -41 Elo +/- 41   1071s      mean=0.441 LLR=-0.85 [CONTINUE]
 103 games  +13 =65 -25   -41 Elo +/- 41   1077s      mean=0.442 LLR=-0.85 [CONTINUE]
 104 games  +13 =66 -25   -40 Elo +/- 40   1079s      mean=0.442 LLR=-0.86 [CONTINUE]
 105 games  +13 =67 -25   -40 Elo +/- 40   1095s      mean=0.443 LLR=-0.87 [CONTINUE]
 106 games  +13 =67 -26   -43 Elo +/- 40   1106s      mean=0.439 LLR=-0.93 [CONTINUE]
 107 games  +14 =67 -26   -39 Elo +/- 40   1111s      mean=0.444 LLR=-0.84 [CONTINUE]
 108 games  +14 =67 -27   -42 Elo +/- 40   1124s      mean=0.440 LLR=-0.90 [CONTINUE]
 109 games  +14 =68 -27   -42 Elo +/- 40   1136s      mean=0.440 LLR=-0.91 [CONTINUE]
 110 games  +14 =69 -27   -41 Elo +/- 40   1143s      mean=0.441 LLR=-0.92 [CONTINUE]
 111 games  +14 =70 -27   -41 Elo +/- 39   1154s      mean=0.441 LLR=-0.92 [CONTINUE]
 112 games  +14 =71 -27   -41 Elo +/- 39   1166s      mean=0.442 LLR=-0.93 [CONTINUE]
 113 games  +15 =71 -27   -37 Elo +/- 39   1176s      mean=0.447 LLR=-0.85 [CONTINUE]
 114 games  +15 =72 -27   -37 Elo +/- 39   1180s      mean=0.447 LLR=-0.86 [CONTINUE]
 115 games  +15 =73 -27   -36 Elo +/- 38   1193s      mean=0.448 LLR=-0.87 [CONTINUE]
 116 games  +15 =74 -27   -36 Elo +/- 38   1204s      mean=0.448 LLR=-0.87 [CONTINUE]
 117 games  +15 =74 -28   -39 Elo +/- 38   1210s      mean=0.444 LLR=-0.93 [CONTINUE]
 118 games  +15 =75 -28   -38 Elo +/- 38   1218s      mean=0.445 LLR=-0.94 [CONTINUE]
 119 games  +15 =76 -28   -38 Elo +/- 37   1232s      mean=0.445 LLR=-0.95 [CONTINUE]
 120 games  +16 =76 -28   -35 Elo +/- 38   1237s      mean=0.450 LLR=-0.86 [CONTINUE]
 121 games  +16 =77 -28   -35 Elo +/- 37   1239s      mean=0.450 LLR=-0.87 [CONTINUE]
 122 games  +16 =78 -28   -34 Elo +/- 37   1258s      mean=0.451 LLR=-0.88 [CONTINUE]
 123 games  +16 =79 -28   -34 Elo +/- 37   1266s      mean=0.451 LLR=-0.89 [CONTINUE]
 124 games  +16 =80 -28   -34 Elo +/- 36   1266s      mean=0.452 LLR=-0.89 [CONTINUE]
 125 games  +16 =81 -28   -33 Elo +/- 36   1291s      mean=0.452 LLR=-0.90 [CONTINUE]
 126 games  +16 =82 -28   -33 Elo +/- 36   1295s      mean=0.452 LLR=-0.91 [CONTINUE]
 127 games  +17 =82 -28   -30 Elo +/- 36   1295s      mean=0.457 LLR=-0.83 [CONTINUE]
 128 games  +17 =83 -28   -30 Elo +/- 36   1319s      mean=0.457 LLR=-0.83 [CONTINUE]
 129 games  +17 =84 -28   -30 Elo +/- 35   1322s      mean=0.457 LLR=-0.84 [CONTINUE]
 130 games  +17 =84 -29   -32 Elo +/- 36   1323s      mean=0.454 LLR=-0.90 [CONTINUE]
 131 games  +17 =85 -29   -32 Elo +/- 35   1345s      mean=0.454 LLR=-0.91 [CONTINUE]
 132 games  +17 =86 -29   -32 Elo +/- 35   1346s      mean=0.455 LLR=-0.91 [CONTINUE]
 133 games  +17 =86 -30   -34 Elo +/- 35   1346s      mean=0.451 LLR=-0.97 [CONTINUE]
 134 games  +17 =87 -30   -34 Elo +/- 35   1370s      mean=0.451 LLR=-0.98 [CONTINUE]
 135 games  +17 =88 -30   -34 Elo +/- 35   1371s      mean=0.452 LLR=-0.99 [CONTINUE]
 136 games  +17 =88 -31   -36 Elo +/- 35   1375s      mean=0.449 LLR=-1.05 [CONTINUE]
 137 games  +17 =89 -31   -36 Elo +/- 34   1397s      mean=0.449 LLR=-1.05 [CONTINUE]
 138 games  +17 =89 -32   -38 Elo +/- 34   1403s      mean=0.446 LLR=-1.11 [CONTINUE]
 139 games  +17 =90 -32   -38 Elo +/- 34   1403s      mean=0.446 LLR=-1.12 [CONTINUE]
 140 games  +17 =91 -32   -37 Elo +/- 34   1427s      mean=0.446 LLR=-1.13 [CONTINUE]
 141 games  +17 =92 -32   -37 Elo +/- 34   1429s      mean=0.447 LLR=-1.14 [CONTINUE]
 142 games  +17 =93 -32   -37 Elo +/- 34   1430s      mean=0.447 LLR=-1.15 [CONTINUE]
 143 games  +17 =94 -32   -37 Elo +/- 33   1454s      mean=0.448 LLR=-1.16 [CONTINUE]
 144 games  +17 =95 -32   -36 Elo +/- 33   1455s      mean=0.448 LLR=-1.16 [CONTINUE]
 145 games  +17 =95 -33   -38 Elo +/- 33   1458s      mean=0.445 LLR=-1.22 [CONTINUE]
 146 games  +17 =96 -33   -38 Elo +/- 33   1480s      mean=0.445 LLR=-1.23 [CONTINUE]
 147 games  +17 =97 -33   -38 Elo +/- 33   1481s      mean=0.446 LLR=-1.24 [CONTINUE]
 148 games  +17 =98 -33   -38 Elo +/- 32   1486s      mean=0.446 LLR=-1.25 [CONTINUE]
 149 games  +17 =99 -33   -37 Elo +/- 32   1506s      mean=0.446 LLR=-1.26 [CONTINUE]
 150 games  +17 =100 -33   -37 Elo +/- 32   1509s      mean=0.447 LLR=-1.27 [CONTINUE]
 151 games  +17 =101 -33   -37 Elo +/- 32   1513s      mean=0.447 LLR=-1.28 [CONTINUE]
 152 games  +17 =102 -33   -37 Elo +/- 32   1531s      mean=0.447 LLR=-1.29 [CONTINUE]
 153 games  +17 =103 -33   -36 Elo +/- 31   1538s      mean=0.448 LLR=-1.29 [CONTINUE]
 154 games  +17 =104 -33   -36 Elo +/- 31   1540s      mean=0.448 LLR=-1.30 [CONTINUE]
 155 games  +17 =105 -33   -36 Elo +/- 31   1559s      mean=0.448 LLR=-1.31 [CONTINUE]
 156 games  +17 =106 -33   -36 Elo +/- 31   1565s      mean=0.449 LLR=-1.32 [CONTINUE]
 157 games  +17 =107 -33   -36 Elo +/- 31   1569s      mean=0.449 LLR=-1.33 [CONTINUE]
 158 games  +17 =108 -33   -35 Elo +/- 30   1588s      mean=0.449 LLR=-1.34 [CONTINUE]
 159 games  +17 =109 -33   -35 Elo +/- 30   1592s      mean=0.450 LLR=-1.35 [CONTINUE]
 160 games  +17 =110 -33   -35 Elo +/- 30   1600s      mean=0.450 LLR=-1.36 [CONTINUE]
 161 games  +17 =111 -33   -35 Elo +/- 30   1616s      mean=0.450 LLR=-1.37 [CONTINUE]
 162 games  +17 =112 -33   -34 Elo +/- 30   1619s      mean=0.451 LLR=-1.38 [CONTINUE]
 163 games  +17 =113 -33   -34 Elo +/- 29   1628s      mean=0.451 LLR=-1.39 [CONTINUE]
 164 games  +17 =114 -33   -34 Elo +/- 29   1643s      mean=0.451 LLR=-1.39 [CONTINUE]
 165 games  +18 =114 -33   -32 Elo +/- 29   1649s      mean=0.455 LLR=-1.29 [CONTINUE]
 166 games  +18 =115 -33   -31 Elo +/- 29   1650s      mean=0.455 LLR=-1.30 [CONTINUE]
 167 games  +18 =116 -33   -31 Elo +/- 29   1671s      mean=0.455 LLR=-1.31 [CONTINUE]
 168 games  +18 =117 -33   -31 Elo +/- 29   1674s      mean=0.455 LLR=-1.32 [CONTINUE]
 169 games  +18 =117 -34   -33 Elo +/- 29   1676s      mean=0.453 LLR=-1.38 [CONTINUE]
 170 games  +18 =118 -34   -33 Elo +/- 29   1695s      mean=0.453 LLR=-1.39 [CONTINUE]
 171 games  +18 =119 -34   -33 Elo +/- 29   1700s      mean=0.453 LLR=-1.40 [CONTINUE]
 172 games  +18 =120 -34   -32 Elo +/- 28   1708s      mean=0.453 LLR=-1.41 [CONTINUE]
 173 games  +18 =120 -35   -34 Elo +/- 29   1724s      mean=0.451 LLR=-1.47 [CONTINUE]
 174 games  +18 =121 -35   -34 Elo +/- 28   1726s      mean=0.451 LLR=-1.48 [CONTINUE]
 175 games  +18 =122 -35   -34 Elo +/- 28   1735s      mean=0.451 LLR=-1.49 [CONTINUE]
 176 games  +18 =123 -35   -34 Elo +/- 28   1748s      mean=0.452 LLR=-1.50 [CONTINUE]
 177 games  +18 =124 -35   -33 Elo +/- 28   1754s      mean=0.452 LLR=-1.51 [CONTINUE]
 178 games  +18 =125 -35   -33 Elo +/- 28   1762s      mean=0.452 LLR=-1.52 [CONTINUE]
 179 games  +18 =126 -35   -33 Elo +/- 28   1776s      mean=0.453 LLR=-1.53 [CONTINUE]
 180 games  +18 =126 -36   -35 Elo +/- 28   1779s      mean=0.450 LLR=-1.59 [CONTINUE]
 181 games  +18 =127 -36   -35 Elo +/- 28   1791s      mean=0.450 LLR=-1.60 [CONTINUE]
 182 games  +18 =128 -36   -34 Elo +/- 27   1798s      mean=0.451 LLR=-1.61 [CONTINUE]
 183 games  +18 =129 -36   -34 Elo +/- 27   1807s      mean=0.451 LLR=-1.62 [CONTINUE]
 184 games  +18 =130 -36   -34 Elo +/- 27   1819s      mean=0.451 LLR=-1.63 [CONTINUE]
 185 games  +18 =131 -36   -34 Elo +/- 27   1824s      mean=0.451 LLR=-1.64 [CONTINUE]
 186 games  +18 =132 -36   -34 Elo +/- 27   1836s      mean=0.452 LLR=-1.65 [CONTINUE]
 187 games  +18 =133 -36   -34 Elo +/- 27   1845s      mean=0.452 LLR=-1.66 [CONTINUE]
 188 games  +18 =133 -37   -35 Elo +/- 27   1852s      mean=0.449 LLR=-1.73 [CONTINUE]
 189 games  +18 =133 -38   -37 Elo +/- 27   1866s      mean=0.447 LLR=-1.79 [CONTINUE]
 190 games  +19 =133 -38   -35 Elo +/- 27   1875s      mean=0.450 LLR=-1.68 [CONTINUE]
 191 games  +19 =134 -38   -35 Elo +/- 27   1876s      mean=0.450 LLR=-1.69 [CONTINUE]
 192 games  +19 =135 -38   -34 Elo +/- 27   1897s      mean=0.451 LLR=-1.70 [CONTINUE]
 193 games  +19 =135 -39   -36 Elo +/- 27   1897s      mean=0.448 LLR=-1.77 [CONTINUE]
 194 games  +19 =136 -39   -36 Elo +/- 27   1903s      mean=0.448 LLR=-1.78 [CONTINUE]
 195 games  +19 =136 -40   -38 Elo +/- 27   1922s      mean=0.446 LLR=-1.84 [CONTINUE]
 196 games  +19 =137 -40   -37 Elo +/- 27   1924s      mean=0.446 LLR=-1.85 [CONTINUE]
 197 games  +19 =137 -41   -39 Elo +/- 27   1928s      mean=0.444 LLR=-1.91 [CONTINUE]
 198 games  +19 =138 -41   -39 Elo +/- 26   1951s      mean=0.444 LLR=-1.92 [CONTINUE]
 199 games  +19 =139 -41   -39 Elo +/- 26   1954s      mean=0.445 LLR=-1.93 [CONTINUE]
 200 games  +20 =139 -41   -37 Elo +/- 26   1958s      mean=0.448 LLR=-1.82 [CONTINUE]
 201 games  +20 =140 -41   -36 Elo +/- 26   1974s      mean=0.448 LLR=-1.83 [CONTINUE]
 202 games  +20 =141 -41   -36 Elo +/- 26   1982s      mean=0.448 LLR=-1.84 [CONTINUE]
 203 games  +20 =142 -41   -36 Elo +/- 26   1982s      mean=0.448 LLR=-1.85 [CONTINUE]
 204 games  +20 =142 -42   -38 Elo +/- 26   2001s      mean=0.446 LLR=-1.92 [CONTINUE]
 205 games  +20 =143 -42   -37 Elo +/- 26   2011s      mean=0.446 LLR=-1.93 [CONTINUE]
 206 games  +20 =143 -43   -39 Elo +/- 26   2012s      mean=0.444 LLR=-1.99 [CONTINUE]
 207 games  +20 =143 -44   -40 Elo +/- 26   2024s      mean=0.442 LLR=-2.05 [CONTINUE]
 208 games  +20 =144 -44   -40 Elo +/- 26   2037s      mean=0.442 LLR=-2.06 [CONTINUE]
 209 games  +20 =144 -45   -42 Elo +/- 26   2040s      mean=0.440 LLR=-2.13 [CONTINUE]
 210 games  +20 =145 -45   -42 Elo +/- 26   2047s      mean=0.440 LLR=-2.14 [CONTINUE]
 211 games  +20 =146 -45   -41 Elo +/- 26   2062s      mean=0.441 LLR=-2.15 [CONTINUE]
 212 games  +20 =147 -45   -41 Elo +/- 26   2068s      mean=0.441 LLR=-2.16 [CONTINUE]
 213 games  +20 =148 -45   -41 Elo +/- 26   2076s      mean=0.441 LLR=-2.17 [CONTINUE]
 214 games  +20 =148 -46   -42 Elo +/- 26   2092s      mean=0.439 LLR=-2.23 [CONTINUE]
 215 games  +20 =148 -47   -44 Elo +/- 26   2097s      mean=0.437 LLR=-2.29 [CONTINUE]
 216 games  +20 =149 -47   -44 Elo +/- 26   2101s      mean=0.438 LLR=-2.30 [CONTINUE]
 217 games  +20 =150 -47   -43 Elo +/- 25   2123s      mean=0.438 LLR=-2.32 [CONTINUE]
 218 games  +20 =150 -48   -45 Elo +/- 26   2124s      mean=0.436 LLR=-2.38 [CONTINUE]
 219 games  +20 =151 -48   -45 Elo +/- 25   2127s      mean=0.436 LLR=-2.39 [CONTINUE]
 220 games  +20 =152 -48   -44 Elo +/- 25   2151s      mean=0.436 LLR=-2.40 [CONTINUE]
 221 games  +20 =153 -48   -44 Elo +/- 25   2152s      mean=0.437 LLR=-2.41 [CONTINUE]
 222 games  +20 =154 -48   -44 Elo +/- 25   2152s      mean=0.437 LLR=-2.42 [CONTINUE]
 223 games  +20 =155 -48   -44 Elo +/- 25   2173s      mean=0.437 LLR=-2.43 [CONTINUE]
 224 games  +20 =156 -48   -44 Elo +/- 25   2180s      mean=0.438 LLR=-2.44 [CONTINUE]
 225 games  +21 =156 -48   -42 Elo +/- 25   2187s      mean=0.440 LLR=-2.33 [CONTINUE]
 226 games  +21 =157 -48   -42 Elo +/- 25   2200s      mean=0.440 LLR=-2.34 [CONTINUE]
 227 games  +22 =157 -48   -40 Elo +/- 25   2206s      mean=0.443 LLR=-2.23 [CONTINUE]
 228 games  +22 =158 -48   -40 Elo +/- 25   2213s      mean=0.443 LLR=-2.24 [CONTINUE]
 229 games  +22 =159 -48   -40 Elo +/- 25   2226s      mean=0.443 LLR=-2.25 [CONTINUE]
 230 games  +22 =160 -48   -39 Elo +/- 25   2236s      mean=0.443 LLR=-2.26 [CONTINUE]
 231 games  +22 =161 -48   -39 Elo +/- 24   2247s      mean=0.444 LLR=-2.27 [CONTINUE]
 232 games  +22 =162 -48   -39 Elo +/- 24   2254s      mean=0.444 LLR=-2.28 [CONTINUE]
 233 games  +22 =163 -48   -39 Elo +/- 24   2263s      mean=0.444 LLR=-2.29 [CONTINUE]
 234 games  +22 =164 -48   -39 Elo +/- 24   2273s      mean=0.444 LLR=-2.30 [CONTINUE]
 235 games  +22 =165 -48   -39 Elo +/- 24   2283s      mean=0.445 LLR=-2.31 [CONTINUE]
 236 games  +22 =166 -48   -38 Elo +/- 24   2288s      mean=0.445 LLR=-2.32 [CONTINUE]
 237 games  +22 =167 -48   -38 Elo +/- 24   2298s      mean=0.445 LLR=-2.33 [CONTINUE]
 238 games  +22 =168 -48   -38 Elo +/- 24   2310s      mean=0.445 LLR=-2.34 [CONTINUE]
 239 games  +22 =169 -48   -38 Elo +/- 24   2314s      mean=0.446 LLR=-2.36 [CONTINUE]
 240 games  +22 =169 -49   -39 Elo +/- 24   2327s      mean=0.444 LLR=-2.42 [CONTINUE]
 241 games  +22 =169 -50   -41 Elo +/- 24   2340s      mean=0.442 LLR=-2.48 [CONTINUE]
 242 games  +22 =170 -50   -40 Elo +/- 24   2345s      mean=0.442 LLR=-2.49 [CONTINUE]
 243 games  +22 =170 -51   -42 Elo +/- 24   2356s      mean=0.440 LLR=-2.56 [CONTINUE]
 244 games  +22 =171 -51   -41 Elo +/- 24   2364s      mean=0.441 LLR=-2.57 [CONTINUE]
 245 games  +22 =172 -51   -41 Elo +/- 24   2369s      mean=0.441 LLR=-2.58 [CONTINUE]
 246 games  +22 =173 -51   -41 Elo +/- 23   2383s      mean=0.441 LLR=-2.59 [CONTINUE]
 247 games  +22 =173 -52   -42 Elo +/- 24   2393s      mean=0.439 LLR=-2.65 [CONTINUE]
 248 games  +22 =174 -52   -42 Elo +/- 23   2398s      mean=0.440 LLR=-2.67 [CONTINUE]
 249 games  +22 =175 -52   -42 Elo +/- 23   2410s      mean=0.440 LLR=-2.68 [CONTINUE]
 250 games  +22 =176 -52   -42 Elo +/- 23   2425s      mean=0.440 LLR=-2.69 [CONTINUE]
 251 games  +22 =176 -53   -43 Elo +/- 23   2426s      mean=0.438 LLR=-2.75 [CONTINUE]
 252 games  +23 =176 -53   -42 Elo +/- 23   2438s      mean=0.440 LLR=-2.64 [CONTINUE]
 253 games  +23 =177 -53   -41 Elo +/- 23   2452s      mean=0.441 LLR=-2.65 [CONTINUE]
 254 games  +24 =177 -53   -40 Elo +/- 23   2454s      mean=0.443 LLR=-2.53 [CONTINUE]
 255 games  +24 =177 -54   -41 Elo +/- 23   2469s      mean=0.441 LLR=-2.60 [CONTINUE]
 256 games  +24 =178 -54   -41 Elo +/- 23   2480s      mean=0.441 LLR=-2.61 [CONTINUE]
 257 games  +24 =179 -54   -41 Elo +/- 23   2482s      mean=0.442 LLR=-2.62 [CONTINUE]
 258 games  +24 =180 -54   -41 Elo +/- 23   2499s      mean=0.442 LLR=-2.63 [CONTINUE]
 259 games  +24 =181 -54   -40 Elo +/- 23   2510s      mean=0.442 LLR=-2.64 [CONTINUE]
 260 games  +24 =182 -54   -40 Elo +/- 23   2513s      mean=0.442 LLR=-2.65 [CONTINUE]
 261 games  +24 =183 -54   -40 Elo +/- 23   2528s      mean=0.443 LLR=-2.66 [CONTINUE]
 262 games  +24 =184 -54   -40 Elo +/- 23   2537s      mean=0.443 LLR=-2.67 [CONTINUE]
 263 games  +24 =185 -54   -40 Elo +/- 23   2541s      mean=0.443 LLR=-2.68 [CONTINUE]
 264 games  +24 =186 -54   -40 Elo +/- 23   2554s      mean=0.443 LLR=-2.69 [CONTINUE]
 265 games  +24 =187 -54   -40 Elo +/- 23   2562s      mean=0.443 LLR=-2.70 [CONTINUE]
 266 games  +24 =188 -54   -39 Elo +/- 22   2573s      mean=0.444 LLR=-2.71 [CONTINUE]
 267 games  +24 =188 -55   -41 Elo +/- 22   2581s      mean=0.442 LLR=-2.78 [CONTINUE]
 268 games  +25 =188 -55   -39 Elo +/- 23   2593s      mean=0.444 LLR=-2.66 [CONTINUE]
 269 games  +25 =188 -56   -40 Elo +/- 23   2602s      mean=0.442 LLR=-2.73 [CONTINUE]
 270 games  +25 =189 -56   -40 Elo +/- 23   2607s      mean=0.443 LLR=-2.74 [CONTINUE]
 271 games  +25 =190 -56   -40 Elo +/- 22   2622s      mean=0.443 LLR=-2.75 [CONTINUE]
 272 games  +25 =191 -56   -40 Elo +/- 22   2630s      mean=0.443 LLR=-2.76 [CONTINUE]
 273 games  +25 =191 -57   -41 Elo +/- 22   2639s      mean=0.441 LLR=-2.82 [CONTINUE]
 274 games  +25 =192 -57   -41 Elo +/- 22   2650s      mean=0.442 LLR=-2.83 [CONTINUE]
 275 games  +25 =193 -57   -41 Elo +/- 22   2655s      mean=0.442 LLR=-2.84 [CONTINUE]
 276 games  +25 =194 -57   -40 Elo +/- 22   2666s      mean=0.442 LLR=-2.85 [CONTINUE]
 277 games  +25 =195 -57   -40 Elo +/- 22   2680s      mean=0.442 LLR=-2.87 [CONTINUE]
 278 games  +25 =196 -57   -40 Elo +/- 22   2685s      mean=0.442 LLR=-2.88 [CONTINUE]
 279 games  +25 =197 -57   -40 Elo +/- 22   2696s      mean=0.443 LLR=-2.89 [CONTINUE]
 280 games  +25 =198 -57   -40 Elo +/- 22   2707s      mean=0.443 LLR=-2.90 [CONTINUE]
 281 games  +25 =199 -57   -40 Elo +/- 22   2711s      mean=0.443 LLR=-2.91 [CONTINUE]
 282 games  +25 =200 -57   -40 Elo +/- 22   2723s      mean=0.443 LLR=-2.92 [CONTINUE]
 283 games  +25 =200 -58   -41 Elo +/- 22   2732s      mean=0.442 LLR=-2.98 [CONTINUE]
 284 games  +25 =201 -58   -41 Elo +/- 22   2738s      mean=0.442 LLR=-3.00 [CONTINUE]
 285 games  +25 =202 -58   -40 Elo +/- 22   2751s      mean=0.442 LLR=-3.01 [CONTINUE]
 286 games  +25 =203 -58   -40 Elo +/- 22   2756s      mean=0.442 LLR=-3.02 [CONTINUE]
 287 games  +25 =204 -58   -40 Elo +/- 21   2769s      mean=0.443 LLR=-3.03 [CONTINUE]
 288 games  +25 =204 -59   -41 Elo +/- 21   2775s      mean=0.441 LLR=-3.09 [CONTINUE]
 289 games  +25 =205 -59   -41 Elo +/- 21   2781s      mean=0.441 LLR=-3.10 [CONTINUE]
 290 games  +25 =206 -59   -41 Elo +/- 21   2799s      mean=0.441 LLR=-3.12 [CONTINUE]
 291 games  +25 =207 -59   -41 Elo +/- 21   2801s      mean=0.442 LLR=-3.13 [CONTINUE]
 292 games  +25 =208 -59   -41 Elo +/- 21   2805s      mean=0.442 LLR=-3.14 [CONTINUE]
 293 games  +25 =209 -59   -40 Elo +/- 21   2826s      mean=0.442 LLR=-3.15 [CONTINUE]
 294 games  +25 =210 -59   -40 Elo +/- 21   2827s      mean=0.442 LLR=-3.16 [CONTINUE]
 295 games  +25 =211 -59   -40 Elo +/- 21   2830s      mean=0.442 LLR=-3.17 [CONTINUE]
 296 games  +25 =212 -59   -40 Elo +/- 21   2852s      mean=0.443 LLR=-3.18 [CONTINUE]
 297 games  +25 =213 -59   -40 Elo +/- 21   2852s      mean=0.443 LLR=-3.19 [CONTINUE]
 298 games  +25 =214 -59   -40 Elo +/- 21   2859s      mean=0.443 LLR=-3.21 [CONTINUE]
 299 games  +25 =215 -59   -40 Elo +/- 21   2880s      mean=0.443 LLR=-3.22 [CONTINUE]
 300 games  +25 =215 -60   -41 Elo +/- 21   2884s      mean=0.442 LLR=-3.28 [CONTINUE]
 301 games  +25 =216 -60   -41 Elo +/- 21   2885s      mean=0.442 LLR=-3.29 [CONTINUE]
 302 games  +25 =217 -60   -40 Elo +/- 21   2909s      mean=0.442 LLR=-3.30 [CONTINUE]
 303 games  +25 =218 -60   -40 Elo +/- 21   2915s      mean=0.442 LLR=-3.32 [CONTINUE]
 304 games  +25 =218 -61   -41 Elo +/- 21   2917s      mean=0.441 LLR=-3.38 [CONTINUE]
 305 games  +25 =219 -61   -41 Elo +/- 20   2941s      mean=0.441 LLR=-3.39 [CONTINUE]
 306 games  +26 =219 -61   -40 Elo +/- 21   2941s      mean=0.443 LLR=-3.27 [CONTINUE]
 307 games  +26 =220 -61   -40 Elo +/- 21   2945s      mean=0.443 LLR=-3.28 [CONTINUE]
 308 games  +26 =220 -62   -41 Elo +/- 21   2970s      mean=0.442 LLR=-3.35 [CONTINUE]
 309 games  +26 =221 -62   -41 Elo +/- 20   2973s      mean=0.442 LLR=-3.36 [CONTINUE]
 310 games  +26 =222 -62   -41 Elo +/- 20   2975s      mean=0.442 LLR=-3.37 [CONTINUE]
 311 games  +27 =222 -62   -39 Elo +/- 20   2999s      mean=0.444 LLR=-3.25 [CONTINUE]
 312 games  +28 =222 -62   -38 Elo +/- 21   3005s      mean=0.446 LLR=-3.13 [CONTINUE]
 313 games  +29 =222 -62   -37 Elo +/- 21   3005s      mean=0.447 LLR=-3.01 [CONTINUE]
 314 games  +29 =222 -63   -38 Elo +/- 21   3024s      mean=0.446 LLR=-3.08 [CONTINUE]
 315 games  +29 =223 -63   -38 Elo +/- 21   3031s      mean=0.446 LLR=-3.09 [CONTINUE]
 316 games  +29 =224 -63   -38 Elo +/- 21   3033s      mean=0.446 LLR=-3.10 [CONTINUE]
 317 games  +29 =225 -63   -37 Elo +/- 20   3051s      mean=0.446 LLR=-3.11 [CONTINUE]
 318 games  +29 =226 -63   -37 Elo +/- 20   3056s      mean=0.447 LLR=-3.12 [CONTINUE]
 319 games  +29 =227 -63   -37 Elo +/- 20   3065s      mean=0.447 LLR=-3.13 [CONTINUE]
 320 games  +29 =228 -63   -37 Elo +/- 20   3081s      mean=0.447 LLR=-3.14 [CONTINUE]
 321 games  +29 =229 -63   -37 Elo +/- 20   3086s      mean=0.447 LLR=-3.15 [CONTINUE]
 322 games  +29 =230 -63   -37 Elo +/- 20   3092s      mean=0.447 LLR=-3.16 [CONTINUE]
 323 games  +30 =230 -63   -36 Elo +/- 20   3109s      mean=0.449 LLR=-3.05 [CONTINUE]
 324 games  +30 =231 -63   -36 Elo +/- 20   3113s      mean=0.449 LLR=-3.06 [CONTINUE]
 325 games  +30 =231 -64   -36 Elo +/- 20   3116s      mean=0.448 LLR=-3.12 [CONTINUE]
 326 games  +30 =231 -65   -37 Elo +/- 20   3139s      mean=0.446 LLR=-3.19 [CONTINUE]
 327 games  +30 =232 -65   -37 Elo +/- 20   3142s      mean=0.446 LLR=-3.20 [CONTINUE]
 328 games  +30 =232 -66   -38 Elo +/- 20   3143s      mean=0.445 LLR=-3.26 [CONTINUE]
 329 games  +30 =233 -66   -38 Elo +/- 20   3167s      mean=0.445 LLR=-3.27 [CONTINUE]
 330 games  +30 =234 -66   -38 Elo +/- 20   3168s      mean=0.445 LLR=-3.28 [CONTINUE]
 331 games  +30 =235 -66   -38 Elo +/- 20   3171s      mean=0.446 LLR=-3.29 [CONTINUE]
 332 games  +30 =236 -66   -38 Elo +/- 20   3193s      mean=0.446 LLR=-3.30 [CONTINUE]
 333 games  +30 =236 -67   -39 Elo +/- 20   3195s      mean=0.444 LLR=-3.37 [CONTINUE]
 334 games  +30 =237 -67   -39 Elo +/- 20   3202s      mean=0.445 LLR=-3.38 [CONTINUE]
 335 games  +30 =238 -67   -39 Elo +/- 20   3225s      mean=0.445 LLR=-3.39 [CONTINUE]
 336 games  +30 =239 -67   -38 Elo +/- 20   3226s      mean=0.445 LLR=-3.40 [CONTINUE]
 337 games  +31 =239 -67   -37 Elo +/- 20   3231s      mean=0.447 LLR=-3.29 [CONTINUE]
 338 games  +31 =239 -68   -38 Elo +/- 20   3252s      mean=0.445 LLR=-3.35 [CONTINUE]
 339 games  +32 =239 -68   -37 Elo +/- 20   3255s      mean=0.447 LLR=-3.24 [CONTINUE]
 340 games  +32 =239 -69   -38 Elo +/- 20   3260s      mean=0.446 LLR=-3.30 [CONTINUE]
 341 games  +32 =240 -69   -38 Elo +/- 20   3278s      mean=0.446 LLR=-3.31 [CONTINUE]
 342 games  +32 =241 -69   -38 Elo +/- 20   3284s      mean=0.446 LLR=-3.32 [CONTINUE]
 343 games  +32 =242 -69   -38 Elo +/- 20   3286s      mean=0.446 LLR=-3.33 [CONTINUE]
 344 games  +32 =243 -69   -38 Elo +/- 20   3305s      mean=0.446 LLR=-3.34 [CONTINUE]
 345 games  +32 =244 -69   -37 Elo +/- 20   3305s      mean=0.446 LLR=-3.35 [CONTINUE]
 346 games  +32 =245 -69   -37 Elo +/- 20   3310s      mean=0.447 LLR=-3.36 [CONTINUE]
 347 games  +32 =246 -69   -37 Elo +/- 20   3330s      mean=0.447 LLR=-3.37 [CONTINUE]
 348 games  +32 =247 -69   -37 Elo +/- 20   3334s      mean=0.447 LLR=-3.38 [CONTINUE]
 349 games  +32 =248 -69   -37 Elo +/- 19   3335s      mean=0.447 LLR=-3.39 [CONTINUE]
 350 games  +32 =249 -69   -37 Elo +/- 19   3360s      mean=0.447 LLR=-3.41 [CONTINUE]
 351 games  +32 =249 -70   -38 Elo +/- 19   3364s      mean=0.446 LLR=-3.47 [CONTINUE]
 352 games  +33 =249 -70   -37 Elo +/- 19   3367s      mean=0.447 LLR=-3.36 [CONTINUE]
 353 games  +33 =250 -70   -37 Elo +/- 19   3385s      mean=0.448 LLR=-3.37 [CONTINUE]
 354 games  +33 =251 -70   -36 Elo +/- 19   3392s      mean=0.448 LLR=-3.38 [CONTINUE]
 355 games  +33 =251 -71   -37 Elo +/- 19   3399s      mean=0.446 LLR=-3.44 [CONTINUE]
 356 games  +33 =252 -71   -37 Elo +/- 19   3414s      mean=0.447 LLR=-3.45 [CONTINUE]
 357 games  +33 =253 -71   -37 Elo +/- 19   3414s      mean=0.447 LLR=-3.46 [CONTINUE]
 358 games  +33 =254 -71   -37 Elo +/- 19   3424s      mean=0.447 LLR=-3.47 [CONTINUE]
 359 games  +33 =255 -71   -37 Elo +/- 19   3438s      mean=0.447 LLR=-3.48 [CONTINUE]
 360 games  +33 =256 -71   -37 Elo +/- 19   3438s      mean=0.447 LLR=-3.49 [CONTINUE]
 361 games  +33 =257 -71   -37 Elo +/- 19   3449s      mean=0.447 LLR=-3.50 [CONTINUE]
 362 games  +33 =258 -71   -37 Elo +/- 19   3464s      mean=0.448 LLR=-3.51 [CONTINUE]
 363 games  +33 =258 -72   -37 Elo +/- 19   3467s      mean=0.446 LLR=-3.58 [CONTINUE]
 364 games  +33 =259 -72   -37 Elo +/- 19   3479s      mean=0.446 LLR=-3.59 [CONTINUE]
 365 games  +33 =260 -72   -37 Elo +/- 19   3489s      mean=0.447 LLR=-3.60 [CONTINUE]
 366 games  +33 =261 -72   -37 Elo +/- 19   3494s      mean=0.447 LLR=-3.61 [CONTINUE]
 367 games  +33 =262 -72   -37 Elo +/- 19   3504s      mean=0.447 LLR=-3.62 [CONTINUE]
 368 games  +33 =263 -72   -37 Elo +/- 19   3517s      mean=0.447 LLR=-3.63 [CONTINUE]
 369 games  +33 =264 -72   -37 Elo +/- 19   3524s      mean=0.447 LLR=-3.64 [CONTINUE]
 370 games  +33 =265 -72   -37 Elo +/- 19   3530s      mean=0.447 LLR=-3.65 [CONTINUE]
 371 games  +33 =266 -72   -37 Elo +/- 19   3543s      mean=0.447 LLR=-3.66 [CONTINUE]
 372 games  +33 =267 -72   -37 Elo +/- 19   3548s      mean=0.448 LLR=-3.67 [REJECT]
 373 games  +33 =268 -72   -36 Elo +/- 19   3562s      mean=0.448 LLR=-3.68 [REJECT]
 374 games  +33 =269 -72   -36 Elo +/- 19   3570s      mean=0.448 LLR=-3.69 [REJECT]
 375 games  +33 =269 -73   -37 Elo +/- 19   3580s      mean=0.447 LLR=-3.76 [REJECT]
 376 games  +33 =270 -73   -37 Elo +/- 18   3596s      mean=0.447 LLR=-3.77 [REJECT]

=== FINAL ===
+33 =270 -73  out of 376   score 44.7%   -37 Elo +/- 18
no crashes, illegal moves, or flags

=== SPRT ===
status=REJECT  LLR=-3.771  bounds=[-3.664, 3.664]  elo0=0.0 elo1=8.0 alpha=0.025 beta=0.025
