gauntlet: agent@engine vs agent@checkpoints/v1 | SPRT elo0=0.0 elo1=8.0 alpha=0.025 beta=0.025 max_games=1500 | 10000ms+100ms | 3 workers
   1 games  +0 =1 -0   -0 Elo +/- 0   125s      mean=0.500 LLR=+0.00 [CONTINUE]
   2 games  +0 =2 -0   -0 Elo +/- 0   126s      mean=0.500 LLR=+0.00 [CONTINUE]
   3 games  +0 =3 -0   -0 Elo +/- 0   127s      mean=0.500 LLR=+0.00 [CONTINUE]
   4 games  +0 =4 -0   -0 Elo +/- 0   150s      mean=0.500 LLR=+0.00 [CONTINUE]
   5 games  +0 =5 -0   -0 Elo +/- 0   152s      mean=0.500 LLR=+0.00 [CONTINUE]
   6 games  +1 =5 -0   +58 Elo +/- 110   156s      mean=0.583 LLR=+0.15 [CONTINUE]
   7 games  +1 =6 -0   +50 Elo +/- 94   177s      mean=0.571 LLR=+0.17 [CONTINUE]
   8 games  +1 =7 -0   +44 Elo +/- 82   181s      mean=0.562 LLR=+0.19 [CONTINUE]
   9 games  +1 =8 -0   +39 Elo +/- 73   183s      mean=0.556 LLR=+0.21 [CONTINUE]
  10 games  +1 =9 -0   +35 Elo +/- 66   206s      mean=0.550 LLR=+0.23 [CONTINUE]
  11 games  +1 =10 -0   +32 Elo +/- 60   209s      mean=0.545 LLR=+0.24 [CONTINUE]
  12 games  +1 =11 -0   +29 Elo +/- 55   209s      mean=0.542 LLR=+0.26 [CONTINUE]
  13 games  +1 =12 -0   +27 Elo +/- 51   232s      mean=0.538 LLR=+0.28 [CONTINUE]
  14 games  +1 =13 -0   +25 Elo +/- 47   233s      mean=0.536 LLR=+0.29 [CONTINUE]
  15 games  +1 =14 -0   +23 Elo +/- 44   233s      mean=0.533 LLR=+0.31 [CONTINUE]
  16 games  +1 =15 -0   +22 Elo +/- 42   257s      mean=0.531 LLR=+0.32 [CONTINUE]
  17 games  +1 =16 -0   +20 Elo +/- 39   260s      mean=0.529 LLR=+0.33 [CONTINUE]
  18 games  +1 =17 -0   +19 Elo +/- 37   261s      mean=0.528 LLR=+0.35 [CONTINUE]
  19 games  +1 =18 -0   +18 Elo +/- 35   283s      mean=0.526 LLR=+0.36 [CONTINUE]
  20 games  +1 =19 -0   +17 Elo +/- 33   285s      mean=0.525 LLR=+0.37 [CONTINUE]
  21 games  +1 =20 -0   +17 Elo +/- 32   286s      mean=0.524 LLR=+0.38 [CONTINUE]
  22 games  +1 =21 -0   +16 Elo +/- 30   312s      mean=0.523 LLR=+0.40 [CONTINUE]
  23 games  +1 =22 -0   +15 Elo +/- 29   315s      mean=0.522 LLR=+0.41 [CONTINUE]
  24 games  +1 =22 -1   -0 Elo +/- 40   316s      mean=0.500 LLR=-0.08 [CONTINUE]
  25 games  +1 =23 -1   -0 Elo +/- 39   341s      mean=0.500 LLR=-0.08 [CONTINUE]
  26 games  +1 =24 -1   -0 Elo +/- 37   343s      mean=0.500 LLR=-0.09 [CONTINUE]
  27 games  +1 =25 -1   -0 Elo +/- 36   348s      mean=0.500 LLR=-0.10 [CONTINUE]
  28 games  +1 =26 -1   -0 Elo +/- 35   373s      mean=0.500 LLR=-0.10 [CONTINUE]
  29 games  +1 =27 -1   -0 Elo +/- 33   374s      mean=0.500 LLR=-0.11 [CONTINUE]
  30 games  +2 =27 -1   +12 Elo +/- 39   376s      mean=0.517 LLR=+0.15 [CONTINUE]
  31 games  +2 =28 -1   +11 Elo +/- 38   402s      mean=0.516 LLR=+0.15 [CONTINUE]
  32 games  +2 =28 -2   -0 Elo +/- 43   403s      mean=0.500 LLR=-0.07 [CONTINUE]
  33 games  +2 =29 -2   -0 Elo +/- 41   403s      mean=0.500 LLR=-0.07 [CONTINUE]
  34 games  +2 =30 -2   -0 Elo +/- 40   430s      mean=0.500 LLR=-0.08 [CONTINUE]
  35 games  +2 =31 -2   -0 Elo +/- 39   430s      mean=0.500 LLR=-0.08 [CONTINUE]
  36 games  +2 =31 -3   -10 Elo +/- 42   432s      mean=0.486 LLR=-0.24 [CONTINUE]
  37 games  +2 =32 -3   -9 Elo +/- 41   459s      mean=0.486 LLR=-0.24 [CONTINUE]
  38 games  +3 =32 -3   -0 Elo +/- 44   460s      mean=0.500 LLR=-0.06 [CONTINUE]
  39 games  +3 =32 -4   -9 Elo +/- 46   461s      mean=0.487 LLR=-0.19 [CONTINUE]
  40 games  +3 =33 -4   -9 Elo +/- 45   483s      mean=0.487 LLR=-0.19 [CONTINUE]
  41 games  +3 =34 -4   -8 Elo +/- 44   485s      mean=0.488 LLR=-0.20 [CONTINUE]
  42 games  +3 =35 -4   -8 Elo +/- 43   490s      mean=0.488 LLR=-0.21 [CONTINUE]
  43 games  +3 =36 -4   -8 Elo +/- 42   503s      mean=0.488 LLR=-0.21 [CONTINUE]
  44 games  +4 =36 -4   -0 Elo +/- 44   515s      mean=0.500 LLR=-0.06 [CONTINUE]
  45 games  +4 =37 -4   -0 Elo +/- 43   518s      mean=0.500 LLR=-0.07 [CONTINUE]
  46 games  +4 =38 -4   -0 Elo +/- 42   530s      mean=0.500 LLR=-0.07 [CONTINUE]
  47 games  +4 =39 -4   -0 Elo +/- 41   546s      mean=0.500 LLR=-0.07 [CONTINUE]
  48 games  +4 =40 -4   -0 Elo +/- 40   552s      mean=0.500 LLR=-0.08 [CONTINUE]
  49 games  +4 =41 -4   -0 Elo +/- 39   557s      mean=0.500 LLR=-0.08 [CONTINUE]
  50 games  +4 =42 -4   -0 Elo +/- 39   570s      mean=0.500 LLR=-0.08 [CONTINUE]
  51 games  +4 =43 -4   -0 Elo +/- 38   579s      mean=0.500 LLR=-0.09 [CONTINUE]
  52 games  +4 =44 -4   -0 Elo +/- 37   587s      mean=0.500 LLR=-0.09 [CONTINUE]
  53 games  +4 =45 -4   -0 Elo +/- 36   592s      mean=0.500 LLR=-0.09 [CONTINUE]
  54 games  +4 =46 -4   -0 Elo +/- 36   603s      mean=0.500 LLR=-0.10 [CONTINUE]
  55 games  +4 =47 -4   -0 Elo +/- 35   614s      mean=0.500 LLR=-0.10 [CONTINUE]
  56 games  +4 =48 -4   -0 Elo +/- 35   619s      mean=0.500 LLR=-0.10 [CONTINUE]
  57 games  +4 =49 -4   -0 Elo +/- 34   630s      mean=0.500 LLR=-0.11 [CONTINUE]
  58 games  +4 =50 -4   -0 Elo +/- 33   640s      mean=0.500 LLR=-0.11 [CONTINUE]
  59 games  +4 =51 -4   -0 Elo +/- 33   643s      mean=0.500 LLR=-0.12 [CONTINUE]
  60 games  +4 =52 -4   -0 Elo +/- 32   662s      mean=0.500 LLR=-0.12 [CONTINUE]
  61 games  +4 =52 -5   -6 Elo +/- 34   664s      mean=0.492 LLR=-0.27 [CONTINUE]
  62 games  +4 =53 -5   -6 Elo +/- 33   667s      mean=0.492 LLR=-0.27 [CONTINUE]
  63 games  +4 =54 -5   -6 Elo +/- 33   685s      mean=0.492 LLR=-0.28 [CONTINUE]
  64 games  +4 =55 -5   -5 Elo +/- 32   686s      mean=0.492 LLR=-0.28 [CONTINUE]
  65 games  +4 =56 -5   -5 Elo +/- 31   692s      mean=0.492 LLR=-0.29 [CONTINUE]
  66 games  +4 =57 -5   -5 Elo +/- 31   711s      mean=0.492 LLR=-0.30 [CONTINUE]
  67 games  +5 =57 -5   -0 Elo +/- 32   717s      mean=0.500 LLR=-0.12 [CONTINUE]
  68 games  +6 =57 -5   +5 Elo +/- 33   721s      mean=0.507 LLR=+0.03 [CONTINUE]
  69 games  +6 =58 -5   +5 Elo +/- 33   739s      mean=0.507 LLR=+0.03 [CONTINUE]
  70 games  +6 =59 -5   +5 Elo +/- 32   744s      mean=0.507 LLR=+0.03 [CONTINUE]
  71 games  +6 =60 -5   +5 Elo +/- 32   754s      mean=0.507 LLR=+0.03 [CONTINUE]
  72 games  +6 =61 -5   +5 Elo +/- 31   765s      mean=0.507 LLR=+0.03 [CONTINUE]
  73 games  +7 =61 -5   +10 Elo +/- 32   777s      mean=0.514 LLR=+0.16 [CONTINUE]
  74 games  +7 =62 -5   +9 Elo +/- 32   780s      mean=0.514 LLR=+0.16 [CONTINUE]
  75 games  +8 =62 -5   +14 Elo +/- 33   792s      mean=0.520 LLR=+0.29 [CONTINUE]
  76 games  +8 =63 -5   +14 Elo +/- 32   809s      mean=0.520 LLR=+0.29 [CONTINUE]
  77 games  +8 =64 -5   +14 Elo +/- 32   809s      mean=0.519 LLR=+0.29 [CONTINUE]
  78 games  +8 =65 -5   +13 Elo +/- 31   821s      mean=0.519 LLR=+0.29 [CONTINUE]
  79 games  +9 =65 -5   +18 Elo +/- 32   837s      mean=0.525 LLR=+0.41 [CONTINUE]
  80 games  +9 =66 -5   +17 Elo +/- 32   837s      mean=0.525 LLR=+0.41 [CONTINUE]
  81 games  +9 =67 -5   +17 Elo +/- 31   846s      mean=0.525 LLR=+0.41 [CONTINUE]
  82 games  +9 =67 -6   +13 Elo +/- 32   860s      mean=0.518 LLR=+0.26 [CONTINUE]
  83 games  +9 =68 -6   +13 Elo +/- 32   864s      mean=0.518 LLR=+0.26 [CONTINUE]
  84 games  +9 =69 -6   +12 Elo +/- 31   878s      mean=0.518 LLR=+0.26 [CONTINUE]
  85 games  +10 =69 -6   +16 Elo +/- 32   890s      mean=0.524 LLR=+0.37 [CONTINUE]
  86 games  +10 =70 -6   +16 Elo +/- 32   891s      mean=0.523 LLR=+0.38 [CONTINUE]
  87 games  +10 =71 -6   +16 Elo +/- 31   908s      mean=0.523 LLR=+0.38 [CONTINUE]
  88 games  +10 =72 -6   +16 Elo +/- 31   911s      mean=0.523 LLR=+0.38 [CONTINUE]
  89 games  +10 =73 -6   +16 Elo +/- 31   919s      mean=0.522 LLR=+0.39 [CONTINUE]
  90 games  +10 =74 -6   +15 Elo +/- 30   936s      mean=0.522 LLR=+0.39 [CONTINUE]
  91 games  +10 =75 -6   +15 Elo +/- 30   939s      mean=0.522 LLR=+0.39 [CONTINUE]
  92 games  +11 =75 -6   +19 Elo +/- 30   949s      mean=0.527 LLR=+0.50 [CONTINUE]
  93 games  +11 =75 -7   +15 Elo +/- 31   967s      mean=0.522 LLR=+0.35 [CONTINUE]
  94 games  +12 =75 -7   +18 Elo +/- 32   968s      mean=0.527 LLR=+0.45 [CONTINUE]
  95 games  +12 =76 -7   +18 Elo +/- 31   973s      mean=0.526 LLR=+0.46 [CONTINUE]
  96 games  +12 =77 -7   +18 Elo +/- 31   995s      mean=0.526 LLR=+0.46 [CONTINUE]
  97 games  +12 =78 -7   +18 Elo +/- 31   995s      mean=0.526 LLR=+0.46 [CONTINUE]
  98 games  +12 =79 -7   +18 Elo +/- 30   1000s      mean=0.526 LLR=+0.47 [CONTINUE]
  99 games  +13 =79 -7   +21 Elo +/- 31   1025s      mean=0.530 LLR=+0.56 [CONTINUE]
 100 games  +13 =80 -7   +21 Elo +/- 30   1026s      mean=0.530 LLR=+0.57 [CONTINUE]
 101 games  +14 =80 -7   +24 Elo +/- 31   1033s      mean=0.535 LLR=+0.66 [CONTINUE]
 102 games  +14 =81 -7   +24 Elo +/- 30   1050s      mean=0.534 LLR=+0.67 [CONTINUE]
 103 games  +15 =81 -7   +27 Elo +/- 31   1057s      mean=0.539 LLR=+0.76 [CONTINUE]
 104 games  +16 =81 -7   +30 Elo +/- 31   1062s      mean=0.543 LLR=+0.84 [CONTINUE]
 105 games  +16 =82 -7   +30 Elo +/- 31   1076s      mean=0.543 LLR=+0.85 [CONTINUE]
 106 games  +16 =83 -7   +30 Elo +/- 31   1083s      mean=0.542 LLR=+0.85 [CONTINUE]
 107 games  +16 =84 -7   +29 Elo +/- 30   1086s      mean=0.542 LLR=+0.86 [CONTINUE]
 108 games  +16 =85 -7   +29 Elo +/- 30   1101s      mean=0.542 LLR=+0.87 [CONTINUE]
 109 games  +16 =85 -8   +26 Elo +/- 30   1113s      mean=0.537 LLR=+0.72 [CONTINUE]
 110 games  +16 =86 -8   +25 Elo +/- 30   1113s      mean=0.536 LLR=+0.73 [CONTINUE]
 111 games  +16 =87 -8   +25 Elo +/- 30   1127s      mean=0.536 LLR=+0.73 [CONTINUE]
 112 games  +16 =88 -8   +25 Elo +/- 30   1136s      mean=0.536 LLR=+0.74 [CONTINUE]
 113 games  +16 =89 -8   +25 Elo +/- 29   1139s      mean=0.535 LLR=+0.74 [CONTINUE]
 114 games  +16 =90 -8   +24 Elo +/- 29   1152s      mean=0.535 LLR=+0.75 [CONTINUE]
 115 games  +16 =91 -8   +24 Elo +/- 29   1162s      mean=0.535 LLR=+0.75 [CONTINUE]
 116 games  +17 =91 -8   +27 Elo +/- 29   1171s      mean=0.539 LLR=+0.84 [CONTINUE]
 117 games  +17 =92 -8   +27 Elo +/- 29   1176s      mean=0.538 LLR=+0.85 [CONTINUE]
 118 games  +17 =92 -9   +24 Elo +/- 29   1190s      mean=0.534 LLR=+0.71 [CONTINUE]
 119 games  +17 =93 -9   +23 Elo +/- 29   1197s      mean=0.534 LLR=+0.71 [CONTINUE]
 120 games  +17 =94 -9   +23 Elo +/- 29   1202s      mean=0.533 LLR=+0.72 [CONTINUE]
 121 games  +17 =95 -9   +23 Elo +/- 29   1219s      mean=0.533 LLR=+0.72 [CONTINUE]
 122 games  +17 =95 -10   +20 Elo +/- 29   1221s      mean=0.529 LLR=+0.59 [CONTINUE]
 123 games  +17 =96 -10   +20 Elo +/- 29   1227s      mean=0.528 LLR=+0.59 [CONTINUE]
 124 games  +17 =97 -10   +20 Elo +/- 28   1245s      mean=0.528 LLR=+0.60 [CONTINUE]
 125 games  +17 =98 -10   +19 Elo +/- 28   1252s      mean=0.528 LLR=+0.60 [CONTINUE]
 126 games  +18 =98 -10   +22 Elo +/- 29   1254s      mean=0.532 LLR=+0.69 [CONTINUE]
 127 games  +18 =99 -10   +22 Elo +/- 28   1271s      mean=0.531 LLR=+0.70 [CONTINUE]
 128 games  +18 =100 -10   +22 Elo +/- 28   1277s      mean=0.531 LLR=+0.70 [CONTINUE]
 129 games  +19 =100 -10   +24 Elo +/- 28   1282s      mean=0.535 LLR=+0.79 [CONTINUE]
 130 games  +19 =101 -10   +24 Elo +/- 28   1299s      mean=0.535 LLR=+0.79 [CONTINUE]
 131 games  +19 =102 -10   +24 Elo +/- 28   1304s      mean=0.534 LLR=+0.80 [CONTINUE]
 132 games  +19 =102 -11   +21 Elo +/- 28   1310s      mean=0.530 LLR=+0.67 [CONTINUE]
 133 games  +19 =103 -11   +21 Elo +/- 28   1321s      mean=0.530 LLR=+0.67 [CONTINUE]
 134 games  +19 =104 -11   +21 Elo +/- 28   1332s      mean=0.530 LLR=+0.67 [CONTINUE]
 135 games  +19 =105 -11   +21 Elo +/- 28   1336s      mean=0.530 LLR=+0.68 [CONTINUE]
 136 games  +19 =106 -11   +20 Elo +/- 27   1345s      mean=0.529 LLR=+0.68 [CONTINUE]
 137 games  +19 =107 -11   +20 Elo +/- 27   1358s      mean=0.529 LLR=+0.69 [CONTINUE]
 138 games  +19 =108 -11   +20 Elo +/- 27   1362s      mean=0.529 LLR=+0.69 [CONTINUE]
 139 games  +20 =108 -11   +23 Elo +/- 27   1376s      mean=0.532 LLR=+0.78 [CONTINUE]
 140 games  +20 =109 -11   +22 Elo +/- 27   1387s      mean=0.532 LLR=+0.78 [CONTINUE]
 141 games  +20 =110 -11   +22 Elo +/- 27   1388s      mean=0.532 LLR=+0.79 [CONTINUE]
 142 games  +20 =111 -11   +22 Elo +/- 27   1398s      mean=0.532 LLR=+0.79 [CONTINUE]
 143 games  +20 =112 -11   +22 Elo +/- 26   1415s      mean=0.531 LLR=+0.80 [CONTINUE]
 144 games  +20 =113 -11   +22 Elo +/- 26   1416s      mean=0.531 LLR=+0.80 [CONTINUE]
 145 games  +20 =114 -11   +22 Elo +/- 26   1422s      mean=0.531 LLR=+0.80 [CONTINUE]
 146 games  +20 =115 -11   +21 Elo +/- 26   1440s      mean=0.531 LLR=+0.81 [CONTINUE]
 147 games  +20 =116 -11   +21 Elo +/- 26   1443s      mean=0.531 LLR=+0.81 [CONTINUE]
 148 games  +20 =117 -11   +21 Elo +/- 26   1446s      mean=0.530 LLR=+0.82 [CONTINUE]
 149 games  +20 =117 -12   +19 Elo +/- 26   1467s      mean=0.527 LLR=+0.68 [CONTINUE]
 150 games  +20 =118 -12   +19 Elo +/- 26   1471s      mean=0.527 LLR=+0.69 [CONTINUE]
 151 games  +20 =119 -12   +18 Elo +/- 25   1476s      mean=0.526 LLR=+0.69 [CONTINUE]
 152 games  +20 =120 -12   +18 Elo +/- 25   1498s      mean=0.526 LLR=+0.69 [CONTINUE]
 153 games  +21 =120 -12   +20 Elo +/- 25   1501s      mean=0.529 LLR=+0.79 [CONTINUE]
 154 games  +22 =120 -12   +23 Elo +/- 26   1505s      mean=0.532 LLR=+0.87 [CONTINUE]
 155 games  +22 =121 -12   +22 Elo +/- 26   1526s      mean=0.532 LLR=+0.88 [CONTINUE]
 156 games  +22 =122 -12   +22 Elo +/- 25   1527s      mean=0.532 LLR=+0.88 [CONTINUE]
 157 games  +23 =122 -12   +24 Elo +/- 26   1533s      mean=0.535 LLR=+0.97 [CONTINUE]
 158 games  +23 =123 -12   +24 Elo +/- 25   1554s      mean=0.535 LLR=+0.98 [CONTINUE]
 159 games  +24 =123 -12   +26 Elo +/- 26   1556s      mean=0.538 LLR=+1.06 [CONTINUE]
 160 games  +24 =124 -12   +26 Elo +/- 25   1559s      mean=0.537 LLR=+1.07 [CONTINUE]
 161 games  +24 =125 -12   +26 Elo +/- 25   1580s      mean=0.537 LLR=+1.07 [CONTINUE]
 162 games  +24 =126 -12   +26 Elo +/- 25   1580s      mean=0.537 LLR=+1.08 [CONTINUE]
 163 games  +24 =127 -12   +26 Elo +/- 25   1580s      mean=0.537 LLR=+1.08 [CONTINUE]
 164 games  +24 =128 -12   +25 Elo +/- 25   1607s      mean=0.537 LLR=+1.09 [CONTINUE]
 165 games  +25 =128 -12   +27 Elo +/- 25   1610s      mean=0.539 LLR=+1.17 [CONTINUE]
 166 games  +25 =129 -12   +27 Elo +/- 25   1612s      mean=0.539 LLR=+1.18 [CONTINUE]
 167 games  +25 =130 -12   +27 Elo +/- 25   1635s      mean=0.539 LLR=+1.18 [CONTINUE]
 168 games  +25 =131 -12   +27 Elo +/- 25   1640s      mean=0.539 LLR=+1.19 [CONTINUE]
 169 games  +25 =131 -13   +25 Elo +/- 25   1645s      mean=0.536 LLR=+1.05 [CONTINUE]
 170 games  +25 =132 -13   +25 Elo +/- 25   1664s      mean=0.535 LLR=+1.06 [CONTINUE]
 171 games  +25 =133 -13   +24 Elo +/- 24   1668s      mean=0.535 LLR=+1.06 [CONTINUE]
 172 games  +25 =134 -13   +24 Elo +/- 24   1671s      mean=0.535 LLR=+1.07 [CONTINUE]
 173 games  +25 =135 -13   +24 Elo +/- 24   1694s      mean=0.535 LLR=+1.07 [CONTINUE]
 174 games  +25 =136 -13   +24 Elo +/- 24   1696s      mean=0.534 LLR=+1.08 [CONTINUE]
 175 games  +25 =137 -13   +24 Elo +/- 24   1699s      mean=0.534 LLR=+1.08 [CONTINUE]
 176 games  +25 =138 -13   +24 Elo +/- 24   1723s      mean=0.534 LLR=+1.09 [CONTINUE]
 177 games  +26 =138 -13   +26 Elo +/- 24   1726s      mean=0.537 LLR=+1.17 [CONTINUE]
 178 games  +26 =139 -13   +25 Elo +/- 24   1726s      mean=0.537 LLR=+1.18 [CONTINUE]
 179 games  +26 =140 -13   +25 Elo +/- 24   1752s      mean=0.536 LLR=+1.18 [CONTINUE]
 180 games  +27 =140 -13   +27 Elo +/- 24   1753s      mean=0.539 LLR=+1.27 [CONTINUE]
 181 games  +27 =141 -13   +27 Elo +/- 24   1756s      mean=0.539 LLR=+1.28 [CONTINUE]
 182 games  +27 =142 -13   +27 Elo +/- 24   1777s      mean=0.538 LLR=+1.28 [CONTINUE]
 183 games  +27 =143 -13   +27 Elo +/- 23   1780s      mean=0.538 LLR=+1.29 [CONTINUE]
 184 games  +27 =144 -13   +26 Elo +/- 23   1784s      mean=0.538 LLR=+1.29 [CONTINUE]
 185 games  +27 =145 -13   +26 Elo +/- 23   1802s      mean=0.538 LLR=+1.30 [CONTINUE]
 186 games  +27 =146 -13   +26 Elo +/- 23   1805s      mean=0.538 LLR=+1.30 [CONTINUE]
 187 games  +27 =147 -13   +26 Elo +/- 23   1810s      mean=0.537 LLR=+1.31 [CONTINUE]
 188 games  +27 =148 -13   +26 Elo +/- 23   1834s      mean=0.537 LLR=+1.31 [CONTINUE]
 189 games  +28 =148 -13   +28 Elo +/- 23   1836s      mean=0.540 LLR=+1.40 [CONTINUE]
 190 games  +28 =149 -13   +27 Elo +/- 23   1838s      mean=0.539 LLR=+1.41 [CONTINUE]
 191 games  +28 =150 -13   +27 Elo +/- 23   1859s      mean=0.539 LLR=+1.41 [CONTINUE]
 192 games  +28 =151 -13   +27 Elo +/- 23   1861s      mean=0.539 LLR=+1.42 [CONTINUE]
 193 games  +28 =152 -13   +27 Elo +/- 22   1864s      mean=0.539 LLR=+1.43 [CONTINUE]
 194 games  +28 =153 -13   +27 Elo +/- 22   1887s      mean=0.539 LLR=+1.43 [CONTINUE]
 195 games  +28 =153 -14   +25 Elo +/- 23   1891s      mean=0.536 LLR=+1.29 [CONTINUE]
 196 games  +28 =154 -14   +25 Elo +/- 22   1894s      mean=0.536 LLR=+1.29 [CONTINUE]
 197 games  +29 =154 -14   +27 Elo +/- 23   1910s      mean=0.538 LLR=+1.38 [CONTINUE]
 198 games  +29 =155 -14   +26 Elo +/- 22   1920s      mean=0.538 LLR=+1.39 [CONTINUE]
 199 games  +29 =155 -15   +24 Elo +/- 23   1923s      mean=0.535 LLR=+1.25 [CONTINUE]
 200 games  +29 =155 -16   +23 Elo +/- 23   1935s      mean=0.532 LLR=+1.12 [CONTINUE]
 201 games  +29 =156 -16   +23 Elo +/- 23   1945s      mean=0.532 LLR=+1.12 [CONTINUE]
 202 games  +29 =157 -16   +22 Elo +/- 23   1952s      mean=0.532 LLR=+1.12 [CONTINUE]
 203 games  +30 =157 -16   +24 Elo +/- 23   1965s      mean=0.534 LLR=+1.21 [CONTINUE]
 204 games  +30 =158 -16   +24 Elo +/- 23   1973s      mean=0.534 LLR=+1.21 [CONTINUE]
 205 games  +30 =158 -17   +22 Elo +/- 23   1984s      mean=0.532 LLR=+1.09 [CONTINUE]
 206 games  +30 =159 -17   +22 Elo +/- 23   1990s      mean=0.532 LLR=+1.09 [CONTINUE]
 207 games  +31 =159 -17   +24 Elo +/- 23   2001s      mean=0.534 LLR=+1.18 [CONTINUE]
 208 games  +32 =159 -17   +25 Elo +/- 23   2012s      mean=0.536 LLR=+1.26 [CONTINUE]
 209 games  +32 =160 -17   +25 Elo +/- 23   2015s      mean=0.536 LLR=+1.26 [CONTINUE]
 210 games  +32 =161 -17   +25 Elo +/- 23   2021s      mean=0.536 LLR=+1.27 [CONTINUE]
 211 games  +32 =162 -17   +25 Elo +/- 22   2034s      mean=0.536 LLR=+1.27 [CONTINUE]
 212 games  +32 =163 -17   +25 Elo +/- 22   2044s      mean=0.535 LLR=+1.28 [CONTINUE]
 213 games  +32 =164 -17   +25 Elo +/- 22   2048s      mean=0.535 LLR=+1.28 [CONTINUE]
 214 games  +33 =164 -17   +26 Elo +/- 22   2067s      mean=0.537 LLR=+1.37 [CONTINUE]
 215 games  +33 =165 -17   +26 Elo +/- 22   2075s      mean=0.537 LLR=+1.37 [CONTINUE]
 216 games  +34 =165 -17   +27 Elo +/- 22   2075s      mean=0.539 LLR=+1.45 [CONTINUE]
 217 games  +34 =166 -17   +27 Elo +/- 22   2097s      mean=0.539 LLR=+1.46 [CONTINUE]
 218 games  +34 =167 -17   +27 Elo +/- 22   2103s      mean=0.539 LLR=+1.46 [CONTINUE]
 219 games  +34 =167 -18   +25 Elo +/- 22   2107s      mean=0.537 LLR=+1.34 [CONTINUE]
 220 games  +34 =168 -18   +25 Elo +/- 22   2122s      mean=0.536 LLR=+1.34 [CONTINUE]
 221 games  +34 =169 -18   +25 Elo +/- 22   2133s      mean=0.536 LLR=+1.35 [CONTINUE]
 222 games  +34 =170 -18   +25 Elo +/- 22   2133s      mean=0.536 LLR=+1.35 [CONTINUE]
 223 games  +34 =171 -18   +25 Elo +/- 22   2150s      mean=0.536 LLR=+1.36 [CONTINUE]
 224 games  +34 =172 -18   +25 Elo +/- 22   2160s      mean=0.536 LLR=+1.36 [CONTINUE]
 225 games  +34 =172 -19   +23 Elo +/- 22   2162s      mean=0.533 LLR=+1.24 [CONTINUE]
 226 games  +34 =173 -19   +23 Elo +/- 22   2178s      mean=0.533 LLR=+1.24 [CONTINUE]
 227 games  +34 =174 -19   +23 Elo +/- 22   2184s      mean=0.533 LLR=+1.24 [CONTINUE]
 228 games  +35 =174 -19   +24 Elo +/- 22   2191s      mean=0.535 LLR=+1.33 [CONTINUE]
 229 games  +35 =175 -19   +24 Elo +/- 22   2204s      mean=0.535 LLR=+1.33 [CONTINUE]
 230 games  +35 =176 -19   +24 Elo +/- 22   2210s      mean=0.535 LLR=+1.34 [CONTINUE]
 231 games  +35 =177 -19   +24 Elo +/- 22   2214s      mean=0.535 LLR=+1.34 [CONTINUE]
 232 games  +35 =178 -19   +24 Elo +/- 21   2228s      mean=0.534 LLR=+1.35 [CONTINUE]
 233 games  +35 =179 -19   +24 Elo +/- 21   2242s      mean=0.534 LLR=+1.35 [CONTINUE]
 234 games  +36 =179 -19   +25 Elo +/- 21   2244s      mean=0.536 LLR=+1.43 [CONTINUE]
 235 games  +36 =180 -19   +25 Elo +/- 21   2254s      mean=0.536 LLR=+1.44 [CONTINUE]
 236 games  +36 =181 -19   +25 Elo +/- 21   2270s      mean=0.536 LLR=+1.44 [CONTINUE]
 237 games  +37 =181 -19   +26 Elo +/- 21   2276s      mean=0.538 LLR=+1.53 [CONTINUE]
 238 games  +37 =182 -19   +26 Elo +/- 21   2280s      mean=0.538 LLR=+1.53 [CONTINUE]
 239 games  +37 =183 -19   +26 Elo +/- 21   2296s      mean=0.538 LLR=+1.54 [CONTINUE]
 240 games  +37 =184 -19   +26 Elo +/- 21   2303s      mean=0.537 LLR=+1.54 [CONTINUE]
 241 games  +37 =184 -20   +25 Elo +/- 21   2310s      mean=0.535 LLR=+1.41 [CONTINUE]
 242 games  +37 =184 -21   +23 Elo +/- 21   2324s      mean=0.533 LLR=+1.29 [CONTINUE]
 243 games  +37 =185 -21   +23 Elo +/- 21   2328s      mean=0.533 LLR=+1.30 [CONTINUE]
 244 games  +37 =186 -21   +23 Elo +/- 21   2336s      mean=0.533 LLR=+1.30 [CONTINUE]
 245 games  +37 =187 -21   +23 Elo +/- 21   2355s      mean=0.533 LLR=+1.31 [CONTINUE]
 246 games  +38 =187 -21   +24 Elo +/- 21   2355s      mean=0.535 LLR=+1.39 [CONTINUE]
 247 games  +38 =188 -21   +24 Elo +/- 21   2362s      mean=0.534 LLR=+1.39 [CONTINUE]
 248 games  +38 =189 -21   +24 Elo +/- 21   2382s      mean=0.534 LLR=+1.40 [CONTINUE]
 249 games  +38 =190 -21   +24 Elo +/- 21   2384s      mean=0.534 LLR=+1.40 [CONTINUE]
 250 games  +38 =191 -21   +24 Elo +/- 21   2393s      mean=0.534 LLR=+1.41 [CONTINUE]
 251 games  +38 =192 -21   +24 Elo +/- 21   2413s      mean=0.534 LLR=+1.41 [CONTINUE]
 252 games  +38 =193 -21   +23 Elo +/- 21   2416s      mean=0.534 LLR=+1.41 [CONTINUE]
 253 games  +38 =194 -21   +23 Elo +/- 21   2422s      mean=0.534 LLR=+1.42 [CONTINUE]
 254 games  +38 =195 -21   +23 Elo +/- 21   2436s      mean=0.533 LLR=+1.42 [CONTINUE]
 255 games  +38 =196 -21   +23 Elo +/- 20   2446s      mean=0.533 LLR=+1.43 [CONTINUE]
 256 games  +38 =197 -21   +23 Elo +/- 20   2451s      mean=0.533 LLR=+1.43 [CONTINUE]
 257 games  +38 =198 -21   +23 Elo +/- 20   2469s      mean=0.533 LLR=+1.44 [CONTINUE]
 258 games  +38 =198 -22   +22 Elo +/- 20   2471s      mean=0.531 LLR=+1.31 [CONTINUE]
 259 games  +38 =199 -22   +21 Elo +/- 20   2476s      mean=0.531 LLR=+1.32 [CONTINUE]
 260 games  +38 =200 -22   +21 Elo +/- 20   2495s      mean=0.531 LLR=+1.32 [CONTINUE]
 261 games  +38 =201 -22   +21 Elo +/- 20   2500s      mean=0.531 LLR=+1.32 [CONTINUE]
 262 games  +38 =201 -23   +20 Elo +/- 20   2507s      mean=0.529 LLR=+1.20 [CONTINUE]
 263 games  +39 =201 -23   +21 Elo +/- 20   2523s      mean=0.530 LLR=+1.29 [CONTINUE]
 264 games  +39 =202 -23   +21 Elo +/- 20   2526s      mean=0.530 LLR=+1.29 [CONTINUE]
 265 games  +39 =203 -23   +21 Elo +/- 20   2535s      mean=0.530 LLR=+1.29 [CONTINUE]
 266 games  +39 =204 -23   +21 Elo +/- 20   2548s      mean=0.530 LLR=+1.30 [CONTINUE]
 267 games  +39 =205 -23   +21 Elo +/- 20   2552s      mean=0.530 LLR=+1.30 [CONTINUE]
 268 games  +40 =205 -23   +22 Elo +/- 20   2564s      mean=0.532 LLR=+1.39 [CONTINUE]
 269 games  +40 =206 -23   +22 Elo +/- 20   2575s      mean=0.532 LLR=+1.39 [CONTINUE]
 270 games  +40 =206 -24   +21 Elo +/- 20   2580s      mean=0.530 LLR=+1.27 [CONTINUE]
 271 games  +40 =207 -24   +21 Elo +/- 20   2594s      mean=0.530 LLR=+1.27 [CONTINUE]
 272 games  +41 =207 -24   +22 Elo +/- 20   2602s      mean=0.531 LLR=+1.36 [CONTINUE]
 273 games  +41 =207 -25   +20 Elo +/- 20   2609s      mean=0.529 LLR=+1.24 [CONTINUE]
 274 games  +41 =208 -25   +20 Elo +/- 20   2619s      mean=0.529 LLR=+1.25 [CONTINUE]
 275 games  +41 =209 -25   +20 Elo +/- 20   2630s      mean=0.529 LLR=+1.25 [CONTINUE]
 276 games  +41 =210 -25   +20 Elo +/- 20   2638s      mean=0.529 LLR=+1.25 [CONTINUE]
 277 games  +41 =211 -25   +20 Elo +/- 20   2642s      mean=0.529 LLR=+1.26 [CONTINUE]
 278 games  +41 =212 -25   +20 Elo +/- 20   2660s      mean=0.529 LLR=+1.26 [CONTINUE]
 279 games  +41 =213 -25   +20 Elo +/- 20   2662s      mean=0.529 LLR=+1.26 [CONTINUE]
 280 games  +41 =214 -25   +20 Elo +/- 20   2670s      mean=0.529 LLR=+1.27 [CONTINUE]
 281 games  +41 =215 -25   +20 Elo +/- 20   2685s      mean=0.528 LLR=+1.27 [CONTINUE]
 282 games  +41 =216 -25   +20 Elo +/- 20   2686s      mean=0.528 LLR=+1.27 [CONTINUE]
 283 games  +41 =216 -26   +18 Elo +/- 20   2695s      mean=0.527 LLR=+1.16 [CONTINUE]
 284 games  +41 =217 -26   +18 Elo +/- 20   2712s      mean=0.526 LLR=+1.16 [CONTINUE]
 285 games  +42 =217 -26   +20 Elo +/- 20   2712s      mean=0.528 LLR=+1.24 [CONTINUE]
 286 games  +42 =218 -26   +19 Elo +/- 20   2719s      mean=0.528 LLR=+1.25 [CONTINUE]
 287 games  +42 =219 -26   +19 Elo +/- 20   2738s      mean=0.528 LLR=+1.25 [CONTINUE]
 288 games  +42 =220 -26   +19 Elo +/- 19   2740s      mean=0.528 LLR=+1.25 [CONTINUE]
 289 games  +42 =220 -27   +18 Elo +/- 20   2747s      mean=0.526 LLR=+1.14 [CONTINUE]
 290 games  +42 =221 -27   +18 Elo +/- 19   2764s      mean=0.526 LLR=+1.14 [CONTINUE]
 291 games  +42 =222 -27   +18 Elo +/- 19   2765s      mean=0.526 LLR=+1.14 [CONTINUE]
 292 games  +42 =223 -27   +18 Elo +/- 19   2772s      mean=0.526 LLR=+1.15 [CONTINUE]
 293 games  +43 =223 -27   +19 Elo +/- 19   2792s      mean=0.527 LLR=+1.23 [CONTINUE]
 294 games  +43 =224 -27   +19 Elo +/- 19   2793s      mean=0.527 LLR=+1.24 [CONTINUE]
 295 games  +43 =225 -27   +19 Elo +/- 19   2804s      mean=0.527 LLR=+1.24 [CONTINUE]
 296 games  +43 =226 -27   +19 Elo +/- 19   2817s      mean=0.527 LLR=+1.24 [CONTINUE]
 297 games  +43 =226 -28   +18 Elo +/- 19   2821s      mean=0.525 LLR=+1.13 [CONTINUE]
 298 games  +44 =226 -28   +19 Elo +/- 19   2831s      mean=0.527 LLR=+1.21 [CONTINUE]
 299 games  +45 =226 -28   +20 Elo +/- 19   2845s      mean=0.528 LLR=+1.30 [CONTINUE]
 300 games  +45 =227 -28   +20 Elo +/- 19   2850s      mean=0.528 LLR=+1.30 [CONTINUE]
 301 games  +45 =228 -28   +20 Elo +/- 19   2863s      mean=0.528 LLR=+1.30 [CONTINUE]
 302 games  +46 =228 -28   +21 Elo +/- 19   2875s      mean=0.530 LLR=+1.38 [CONTINUE]
 303 games  +46 =229 -28   +21 Elo +/- 19   2877s      mean=0.530 LLR=+1.39 [CONTINUE]
 304 games  +46 =230 -28   +21 Elo +/- 19   2893s      mean=0.530 LLR=+1.39 [CONTINUE]
 305 games  +46 =231 -28   +21 Elo +/- 19   2902s      mean=0.530 LLR=+1.39 [CONTINUE]
 306 games  +46 =232 -28   +20 Elo +/- 19   2907s      mean=0.529 LLR=+1.40 [CONTINUE]
 307 games  +46 =233 -28   +20 Elo +/- 19   2926s      mean=0.529 LLR=+1.40 [CONTINUE]
 308 games  +46 =234 -28   +20 Elo +/- 19   2932s      mean=0.529 LLR=+1.41 [CONTINUE]
 309 games  +46 =235 -28   +20 Elo +/- 19   2932s      mean=0.529 LLR=+1.41 [CONTINUE]
 310 games  +46 =236 -28   +20 Elo +/- 19   2949s      mean=0.529 LLR=+1.41 [CONTINUE]
 311 games  +47 =236 -28   +21 Elo +/- 19   2962s      mean=0.531 LLR=+1.50 [CONTINUE]
 312 games  +47 =237 -28   +21 Elo +/- 19   2962s      mean=0.530 LLR=+1.50 [CONTINUE]
 313 games  +47 =238 -28   +21 Elo +/- 19   2976s      mean=0.530 LLR=+1.50 [CONTINUE]
 314 games  +47 =239 -28   +21 Elo +/- 19   2988s      mean=0.530 LLR=+1.51 [CONTINUE]
 315 games  +47 =240 -28   +21 Elo +/- 19   2992s      mean=0.530 LLR=+1.51 [CONTINUE]
 316 games  +47 =241 -28   +21 Elo +/- 19   3002s      mean=0.530 LLR=+1.51 [CONTINUE]
 317 games  +48 =241 -28   +22 Elo +/- 19   3018s      mean=0.532 LLR=+1.60 [CONTINUE]
 318 games  +48 =242 -28   +22 Elo +/- 19   3019s      mean=0.531 LLR=+1.60 [CONTINUE]
 319 games  +48 =243 -28   +22 Elo +/- 19   3029s      mean=0.531 LLR=+1.60 [CONTINUE]
 320 games  +49 =243 -28   +23 Elo +/- 19   3045s      mean=0.533 LLR=+1.69 [CONTINUE]
 321 games  +49 =244 -28   +23 Elo +/- 19   3047s      mean=0.533 LLR=+1.69 [CONTINUE]
 322 games  +50 =244 -28   +24 Elo +/- 19   3057s      mean=0.534 LLR=+1.77 [CONTINUE]
 323 games  +50 =245 -28   +24 Elo +/- 19   3075s      mean=0.534 LLR=+1.78 [CONTINUE]
 324 games  +50 =245 -29   +23 Elo +/- 19   3076s      mean=0.532 LLR=+1.66 [CONTINUE]
 325 games  +50 =245 -30   +21 Elo +/- 19   3087s      mean=0.531 LLR=+1.54 [CONTINUE]
 326 games  +50 =246 -30   +21 Elo +/- 19   3104s      mean=0.531 LLR=+1.55 [CONTINUE]
 327 games  +51 =246 -30   +22 Elo +/- 19   3106s      mean=0.532 LLR=+1.63 [CONTINUE]
 328 games  +51 =247 -30   +22 Elo +/- 19   3115s      mean=0.532 LLR=+1.63 [CONTINUE]
 329 games  +51 =248 -30   +22 Elo +/- 19   3130s      mean=0.532 LLR=+1.64 [CONTINUE]
 330 games  +52 =248 -30   +23 Elo +/- 19   3140s      mean=0.533 LLR=+1.72 [CONTINUE]
 331 games  +52 =249 -30   +23 Elo +/- 19   3145s      mean=0.533 LLR=+1.72 [CONTINUE]
 332 games  +52 =249 -31   +22 Elo +/- 19   3161s      mean=0.532 LLR=+1.61 [CONTINUE]
 333 games  +52 =250 -31   +22 Elo +/- 19   3168s      mean=0.532 LLR=+1.61 [CONTINUE]
 334 games  +52 =251 -31   +22 Elo +/- 19   3174s      mean=0.531 LLR=+1.61 [CONTINUE]
 335 games  +52 =252 -31   +22 Elo +/- 18   3188s      mean=0.531 LLR=+1.62 [CONTINUE]
 336 games  +52 =253 -31   +22 Elo +/- 18   3197s      mean=0.531 LLR=+1.62 [CONTINUE]
 337 games  +52 =254 -31   +22 Elo +/- 18   3201s      mean=0.531 LLR=+1.63 [CONTINUE]
 338 games  +52 =255 -31   +22 Elo +/- 18   3212s      mean=0.531 LLR=+1.63 [CONTINUE]
 339 games  +52 =256 -31   +22 Elo +/- 18   3225s      mean=0.531 LLR=+1.63 [CONTINUE]
 340 games  +52 =256 -32   +20 Elo +/- 18   3229s      mean=0.529 LLR=+1.52 [CONTINUE]
 341 games  +52 =257 -32   +20 Elo +/- 18   3240s      mean=0.529 LLR=+1.52 [CONTINUE]
 342 games  +52 =258 -32   +20 Elo +/- 18   3252s      mean=0.529 LLR=+1.53 [CONTINUE]
 343 games  +53 =258 -32   +21 Elo +/- 18   3257s      mean=0.531 LLR=+1.61 [CONTINUE]
 344 games  +54 =258 -32   +22 Elo +/- 18   3268s      mean=0.532 LLR=+1.69 [CONTINUE]
 345 games  +54 =259 -32   +22 Elo +/- 18   3281s      mean=0.532 LLR=+1.69 [CONTINUE]
 346 games  +54 =259 -33   +21 Elo +/- 18   3289s      mean=0.530 LLR=+1.58 [CONTINUE]
 347 games  +54 =260 -33   +21 Elo +/- 18   3292s      mean=0.530 LLR=+1.58 [CONTINUE]
 348 games  +54 =261 -33   +21 Elo +/- 18   3305s      mean=0.530 LLR=+1.59 [CONTINUE]
 349 games  +54 =262 -33   +21 Elo +/- 18   3317s      mean=0.530 LLR=+1.59 [CONTINUE]
 350 games  +54 =263 -33   +21 Elo +/- 18   3324s      mean=0.530 LLR=+1.59 [CONTINUE]
 351 games  +54 =264 -33   +21 Elo +/- 18   3331s      mean=0.530 LLR=+1.60 [CONTINUE]
 352 games  +54 =265 -33   +21 Elo +/- 18   3343s      mean=0.530 LLR=+1.60 [CONTINUE]
 353 games  +54 =266 -33   +21 Elo +/- 18   3356s      mean=0.530 LLR=+1.61 [CONTINUE]
 354 games  +54 =266 -34   +20 Elo +/- 18   3359s      mean=0.528 LLR=+1.49 [CONTINUE]
 355 games  +54 =267 -34   +20 Elo +/- 18   3365s      mean=0.528 LLR=+1.50 [CONTINUE]
 356 games  +54 =268 -34   +20 Elo +/- 18   3388s      mean=0.528 LLR=+1.50 [CONTINUE]
 357 games  +54 =269 -34   +19 Elo +/- 18   3390s      mean=0.528 LLR=+1.50 [CONTINUE]
 358 games  +54 =270 -34   +19 Elo +/- 18   3394s      mean=0.528 LLR=+1.51 [CONTINUE]
 359 games  +54 =271 -34   +19 Elo +/- 18   3417s      mean=0.528 LLR=+1.51 [CONTINUE]
 360 games  +55 =271 -34   +20 Elo +/- 18   3419s      mean=0.529 LLR=+1.59 [CONTINUE]
 361 games  +55 =271 -35   +19 Elo +/- 18   3426s      mean=0.528 LLR=+1.48 [CONTINUE]
 362 games  +55 =272 -35   +19 Elo +/- 18   3442s      mean=0.528 LLR=+1.48 [CONTINUE]
 363 games  +55 =273 -35   +19 Elo +/- 18   3447s      mean=0.528 LLR=+1.49 [CONTINUE]
 364 games  +55 =274 -35   +19 Elo +/- 18   3449s      mean=0.527 LLR=+1.49 [CONTINUE]
 365 games  +55 =275 -35   +19 Elo +/- 18   3469s      mean=0.527 LLR=+1.49 [CONTINUE]
 366 games  +55 =276 -35   +19 Elo +/- 18   3474s      mean=0.527 LLR=+1.50 [CONTINUE]
 367 games  +55 =277 -35   +19 Elo +/- 18   3482s      mean=0.527 LLR=+1.50 [CONTINUE]
 368 games  +55 =278 -35   +19 Elo +/- 18   3497s      mean=0.527 LLR=+1.50 [CONTINUE]
 369 games  +56 =278 -35   +20 Elo +/- 18   3499s      mean=0.528 LLR=+1.58 [CONTINUE]
 370 games  +56 =279 -35   +20 Elo +/- 18   3510s      mean=0.528 LLR=+1.59 [CONTINUE]
 371 games  +56 =280 -35   +20 Elo +/- 17   3526s      mean=0.528 LLR=+1.59 [CONTINUE]
 372 games  +56 =280 -36   +19 Elo +/- 18   3527s      mean=0.527 LLR=+1.48 [CONTINUE]
 373 games  +56 =280 -37   +18 Elo +/- 18   3534s      mean=0.525 LLR=+1.37 [CONTINUE]
 374 games  +56 =281 -37   +18 Elo +/- 18   3553s      mean=0.525 LLR=+1.37 [CONTINUE]
 375 games  +57 =281 -37   +19 Elo +/- 18   3557s      mean=0.527 LLR=+1.46 [CONTINUE]
 376 games  +57 =282 -37   +18 Elo +/- 18   3562s      mean=0.527 LLR=+1.46 [CONTINUE]
 377 games  +57 =283 -37   +18 Elo +/- 17   3577s      mean=0.527 LLR=+1.46 [CONTINUE]
 378 games  +57 =284 -37   +18 Elo +/- 17   3580s      mean=0.526 LLR=+1.47 [CONTINUE]
 379 games  +57 =285 -37   +18 Elo +/- 17   3585s      mean=0.526 LLR=+1.47 [CONTINUE]
 380 games  +57 =285 -38   +17 Elo +/- 17   3608s      mean=0.525 LLR=+1.36 [CONTINUE]
 381 games  +58 =285 -38   +18 Elo +/- 17   3611s      mean=0.526 LLR=+1.44 [CONTINUE]
 382 games  +59 =285 -38   +19 Elo +/- 18   3623s      mean=0.527 LLR=+1.52 [CONTINUE]
 383 games  +59 =286 -38   +19 Elo +/- 17   3637s      mean=0.527 LLR=+1.53 [CONTINUE]
 384 games  +59 =287 -38   +19 Elo +/- 17   3640s      mean=0.527 LLR=+1.53 [CONTINUE]
 385 games  +59 =288 -38   +19 Elo +/- 17   3647s      mean=0.527 LLR=+1.53 [CONTINUE]
 386 games  +59 =289 -38   +19 Elo +/- 17   3666s      mean=0.527 LLR=+1.53 [CONTINUE]
 387 games  +59 =290 -38   +19 Elo +/- 17   3670s      mean=0.527 LLR=+1.54 [CONTINUE]
 388 games  +59 =291 -38   +19 Elo +/- 17   3677s      mean=0.527 LLR=+1.54 [CONTINUE]
 389 games  +59 =292 -38   +19 Elo +/- 17   3692s      mean=0.527 LLR=+1.54 [CONTINUE]
 390 games  +59 =293 -38   +19 Elo +/- 17   3693s      mean=0.527 LLR=+1.55 [CONTINUE]
 391 games  +60 =293 -38   +20 Elo +/- 17   3707s      mean=0.528 LLR=+1.63 [CONTINUE]
 392 games  +60 =293 -39   +19 Elo +/- 17   3717s      mean=0.527 LLR=+1.52 [CONTINUE]
 393 games  +60 =294 -39   +19 Elo +/- 17   3721s      mean=0.527 LLR=+1.52 [CONTINUE]
 394 games  +61 =294 -39   +19 Elo +/- 17   3737s      mean=0.528 LLR=+1.60 [CONTINUE]
 395 games  +61 =295 -39   +19 Elo +/- 17   3738s      mean=0.528 LLR=+1.61 [CONTINUE]
 396 games  +62 =295 -39   +20 Elo +/- 17   3750s      mean=0.529 LLR=+1.69 [CONTINUE]
 397 games  +62 =296 -39   +20 Elo +/- 17   3765s      mean=0.529 LLR=+1.69 [CONTINUE]
 398 games  +62 =297 -39   +20 Elo +/- 17   3768s      mean=0.529 LLR=+1.69 [CONTINUE]
 399 games  +62 =298 -39   +20 Elo +/- 17   3777s      mean=0.529 LLR=+1.70 [CONTINUE]
 400 games  +62 =299 -39   +20 Elo +/- 17   3787s      mean=0.529 LLR=+1.70 [CONTINUE]
 401 games  +62 =300 -39   +20 Elo +/- 17   3793s      mean=0.529 LLR=+1.70 [CONTINUE]
 402 games  +62 =300 -40   +19 Elo +/- 17   3804s      mean=0.527 LLR=+1.60 [CONTINUE]
 403 games  +62 =301 -40   +19 Elo +/- 17   3816s      mean=0.527 LLR=+1.60 [CONTINUE]
 404 games  +62 =302 -40   +19 Elo +/- 17   3816s      mean=0.527 LLR=+1.60 [CONTINUE]
 405 games  +62 =303 -40   +19 Elo +/- 17   3834s      mean=0.527 LLR=+1.60 [CONTINUE]
 406 games  +62 =304 -40   +19 Elo +/- 17   3842s      mean=0.527 LLR=+1.61 [CONTINUE]
 407 games  +62 =305 -40   +19 Elo +/- 17   3845s      mean=0.527 LLR=+1.61 [CONTINUE]
 408 games  +62 =306 -40   +19 Elo +/- 17   3862s      mean=0.527 LLR=+1.61 [CONTINUE]
 409 games  +62 =307 -40   +19 Elo +/- 17   3863s      mean=0.527 LLR=+1.62 [CONTINUE]
 410 games  +62 =308 -40   +19 Elo +/- 17   3870s      mean=0.527 LLR=+1.62 [CONTINUE]
 411 games  +62 =308 -41   +18 Elo +/- 17   3893s      mean=0.526 LLR=+1.51 [CONTINUE]
 412 games  +62 =309 -41   +18 Elo +/- 17   3894s      mean=0.525 LLR=+1.51 [CONTINUE]
 413 games  +62 =310 -41   +18 Elo +/- 17   3895s      mean=0.525 LLR=+1.52 [CONTINUE]
 414 games  +62 =311 -41   +18 Elo +/- 17   3919s      mean=0.525 LLR=+1.52 [CONTINUE]
 415 games  +63 =311 -41   +18 Elo +/- 17   3922s      mean=0.527 LLR=+1.60 [CONTINUE]
 416 games  +63 =312 -41   +18 Elo +/- 17   3924s      mean=0.526 LLR=+1.60 [CONTINUE]
 417 games  +63 =313 -41   +18 Elo +/- 17   3944s      mean=0.526 LLR=+1.61 [CONTINUE]
 418 games  +63 =314 -41   +18 Elo +/- 17   3945s      mean=0.526 LLR=+1.61 [CONTINUE]
 419 games  +63 =315 -41   +18 Elo +/- 17   3951s      mean=0.526 LLR=+1.61 [CONTINUE]
 420 games  +63 =316 -41   +18 Elo +/- 17   3967s      mean=0.526 LLR=+1.61 [CONTINUE]
 421 games  +63 =317 -41   +18 Elo +/- 16   3971s      mean=0.526 LLR=+1.62 [CONTINUE]
 422 games  +63 =318 -41   +18 Elo +/- 16   3975s      mean=0.526 LLR=+1.62 [CONTINUE]
 423 games  +63 =319 -41   +18 Elo +/- 16   3989s      mean=0.526 LLR=+1.62 [CONTINUE]
 424 games  +63 =320 -41   +18 Elo +/- 16   3996s      mean=0.526 LLR=+1.62 [CONTINUE]
 425 games  +63 =321 -41   +18 Elo +/- 16   4001s      mean=0.526 LLR=+1.63 [CONTINUE]
 426 games  +63 =321 -42   +17 Elo +/- 16   4023s      mean=0.525 LLR=+1.52 [CONTINUE]
 427 games  +63 =322 -42   +17 Elo +/- 16   4024s      mean=0.525 LLR=+1.52 [CONTINUE]
 428 games  +63 =323 -42   +17 Elo +/- 16   4027s      mean=0.525 LLR=+1.52 [CONTINUE]
 429 games  +63 =324 -42   +17 Elo +/- 16   4049s      mean=0.524 LLR=+1.53 [CONTINUE]
 430 games  +63 =325 -42   +17 Elo +/- 16   4052s      mean=0.524 LLR=+1.53 [CONTINUE]
 431 games  +64 =325 -42   +18 Elo +/- 16   4058s      mean=0.526 LLR=+1.61 [CONTINUE]
 432 games  +64 =326 -42   +18 Elo +/- 16   4075s      mean=0.525 LLR=+1.61 [CONTINUE]
 433 games  +64 =327 -42   +18 Elo +/- 16   4076s      mean=0.525 LLR=+1.62 [CONTINUE]
 434 games  +64 =328 -42   +18 Elo +/- 16   4082s      mean=0.525 LLR=+1.62 [CONTINUE]
 435 games  +64 =329 -42   +18 Elo +/- 16   4102s      mean=0.525 LLR=+1.62 [CONTINUE]
 436 games  +65 =329 -42   +18 Elo +/- 16   4106s      mean=0.526 LLR=+1.71 [CONTINUE]
 437 games  +65 =329 -43   +18 Elo +/- 16   4111s      mean=0.525 LLR=+1.60 [CONTINUE]
 438 games  +66 =329 -43   +18 Elo +/- 16   4130s      mean=0.526 LLR=+1.68 [CONTINUE]
 439 games  +66 =330 -43   +18 Elo +/- 16   4134s      mean=0.526 LLR=+1.68 [CONTINUE]
 440 games  +67 =330 -43   +19 Elo +/- 16   4146s      mean=0.527 LLR=+1.76 [CONTINUE]
 441 games  +67 =331 -43   +19 Elo +/- 16   4156s      mean=0.527 LLR=+1.77 [CONTINUE]
 442 games  +68 =331 -43   +20 Elo +/- 16   4163s      mean=0.528 LLR=+1.85 [CONTINUE]
 443 games  +68 =332 -43   +20 Elo +/- 16   4174s      mean=0.528 LLR=+1.85 [CONTINUE]
 444 games  +68 =333 -43   +20 Elo +/- 16   4179s      mean=0.528 LLR=+1.86 [CONTINUE]
 445 games  +68 =334 -43   +20 Elo +/- 16   4193s      mean=0.528 LLR=+1.86 [CONTINUE]
 446 games  +68 =335 -43   +19 Elo +/- 16   4199s      mean=0.528 LLR=+1.86 [CONTINUE]
 447 games  +68 =336 -43   +19 Elo +/- 16   4208s      mean=0.528 LLR=+1.86 [CONTINUE]
 448 games  +68 =337 -43   +19 Elo +/- 16   4220s      mean=0.528 LLR=+1.87 [CONTINUE]
 449 games  +68 =338 -43   +19 Elo +/- 16   4223s      mean=0.528 LLR=+1.87 [CONTINUE]
 450 games  +69 =338 -43   +20 Elo +/- 16   4235s      mean=0.529 LLR=+1.95 [CONTINUE]
 451 games  +69 =339 -43   +20 Elo +/- 16   4241s      mean=0.529 LLR=+1.96 [CONTINUE]
 452 games  +69 =340 -43   +20 Elo +/- 16   4247s      mean=0.529 LLR=+1.96 [CONTINUE]
 453 games  +69 =341 -43   +20 Elo +/- 16   4260s      mean=0.529 LLR=+1.96 [CONTINUE]
 454 games  +69 =342 -43   +20 Elo +/- 16   4266s      mean=0.529 LLR=+1.96 [CONTINUE]
 455 games  +69 =343 -43   +20 Elo +/- 16   4272s      mean=0.529 LLR=+1.97 [CONTINUE]
 456 games  +69 =344 -43   +20 Elo +/- 16   4286s      mean=0.529 LLR=+1.97 [CONTINUE]
 457 games  +69 =345 -43   +20 Elo +/- 16   4297s      mean=0.528 LLR=+1.97 [CONTINUE]
 458 games  +69 =345 -44   +19 Elo +/- 16   4297s      mean=0.527 LLR=+1.86 [CONTINUE]
 459 games  +69 =346 -44   +19 Elo +/- 16   4311s      mean=0.527 LLR=+1.87 [CONTINUE]
 460 games  +69 =347 -44   +19 Elo +/- 16   4328s      mean=0.527 LLR=+1.87 [CONTINUE]
 461 games  +69 =348 -44   +19 Elo +/- 16   4329s      mean=0.527 LLR=+1.87 [CONTINUE]
 462 games  +69 =349 -44   +19 Elo +/- 16   4339s      mean=0.527 LLR=+1.88 [CONTINUE]
 463 games  +69 =350 -44   +19 Elo +/- 16   4357s      mean=0.527 LLR=+1.88 [CONTINUE]
 464 games  +69 =351 -44   +19 Elo +/- 16   4360s      mean=0.527 LLR=+1.88 [CONTINUE]
 465 games  +69 =352 -44   +19 Elo +/- 16   4361s      mean=0.527 LLR=+1.88 [CONTINUE]
 466 games  +69 =353 -44   +19 Elo +/- 15   4381s      mean=0.527 LLR=+1.89 [CONTINUE]
 467 games  +69 =354 -44   +19 Elo +/- 15   4386s      mean=0.527 LLR=+1.89 [CONTINUE]
 468 games  +70 =354 -44   +19 Elo +/- 15   4390s      mean=0.528 LLR=+1.97 [CONTINUE]
 469 games  +70 =355 -44   +19 Elo +/- 15   4406s      mean=0.528 LLR=+1.98 [CONTINUE]
 470 games  +70 =356 -44   +19 Elo +/- 15   4418s      mean=0.528 LLR=+1.98 [CONTINUE]
 471 games  +70 =357 -44   +19 Elo +/- 15   4419s      mean=0.528 LLR=+1.98 [CONTINUE]
 472 games  +70 =358 -44   +19 Elo +/- 15   4431s      mean=0.528 LLR=+1.99 [CONTINUE]
 473 games  +70 =359 -44   +19 Elo +/- 15   4442s      mean=0.527 LLR=+1.99 [CONTINUE]
 474 games  +70 =360 -44   +19 Elo +/- 15   4443s      mean=0.527 LLR=+1.99 [CONTINUE]
 475 games  +70 =361 -44   +19 Elo +/- 15   4454s      mean=0.527 LLR=+1.99 [CONTINUE]
 476 games  +70 =362 -44   +19 Elo +/- 15   4469s      mean=0.527 LLR=+2.00 [CONTINUE]
 477 games  +70 =363 -44   +19 Elo +/- 15   4470s      mean=0.527 LLR=+2.00 [CONTINUE]
 478 games  +70 =364 -44   +19 Elo +/- 15   4479s      mean=0.527 LLR=+2.00 [CONTINUE]
 479 games  +70 =365 -44   +19 Elo +/- 15   4496s      mean=0.527 LLR=+2.01 [CONTINUE]
 480 games  +70 =366 -44   +19 Elo +/- 15   4497s      mean=0.527 LLR=+2.01 [CONTINUE]
 481 games  +70 =367 -44   +19 Elo +/- 15   4506s      mean=0.527 LLR=+2.01 [CONTINUE]
 482 games  +70 =368 -44   +19 Elo +/- 15   4524s      mean=0.527 LLR=+2.02 [CONTINUE]
 483 games  +70 =369 -44   +19 Elo +/- 15   4529s      mean=0.527 LLR=+2.02 [CONTINUE]
 484 games  +71 =369 -44   +19 Elo +/- 15   4540s      mean=0.528 LLR=+2.10 [CONTINUE]
 485 games  +71 =370 -44   +19 Elo +/- 15   4551s      mean=0.528 LLR=+2.11 [CONTINUE]
 486 games  +71 =371 -44   +19 Elo +/- 15   4552s      mean=0.528 LLR=+2.11 [CONTINUE]
 487 games  +71 =372 -44   +19 Elo +/- 15   4564s      mean=0.528 LLR=+2.11 [CONTINUE]
 488 games  +71 =373 -44   +19 Elo +/- 15   4579s      mean=0.528 LLR=+2.12 [CONTINUE]
 489 games  +71 =374 -44   +19 Elo +/- 15   4585s      mean=0.528 LLR=+2.12 [CONTINUE]
 490 games  +71 =375 -44   +19 Elo +/- 15   4595s      mean=0.528 LLR=+2.12 [CONTINUE]
 491 games  +71 =376 -44   +19 Elo +/- 15   4608s      mean=0.527 LLR=+2.13 [CONTINUE]
 492 games  +71 =377 -44   +19 Elo +/- 15   4611s      mean=0.527 LLR=+2.13 [CONTINUE]
 493 games  +72 =377 -44   +20 Elo +/- 15   4628s      mean=0.528 LLR=+2.21 [CONTINUE]
 494 games  +72 =377 -45   +19 Elo +/- 15   4638s      mean=0.527 LLR=+2.10 [CONTINUE]
 495 games  +72 =378 -45   +19 Elo +/- 15   4640s      mean=0.527 LLR=+2.10 [CONTINUE]
 496 games  +72 =379 -45   +19 Elo +/- 15   4652s      mean=0.527 LLR=+2.10 [CONTINUE]
 497 games  +72 =380 -45   +19 Elo +/- 15   4667s      mean=0.527 LLR=+2.11 [CONTINUE]
 498 games  +72 =381 -45   +19 Elo +/- 15   4671s      mean=0.527 LLR=+2.11 [CONTINUE]
 499 games  +72 =382 -45   +19 Elo +/- 15   4675s      mean=0.527 LLR=+2.11 [CONTINUE]
 500 games  +72 =383 -45   +19 Elo +/- 15   4695s      mean=0.527 LLR=+2.12 [CONTINUE]
 501 games  +72 =383 -46   +18 Elo +/- 15   4700s      mean=0.526 LLR=+2.00 [CONTINUE]
 502 games  +73 =383 -46   +19 Elo +/- 15   4704s      mean=0.527 LLR=+2.09 [CONTINUE]
 503 games  +73 =384 -46   +19 Elo +/- 15   4721s      mean=0.527 LLR=+2.09 [CONTINUE]
 504 games  +73 =385 -46   +19 Elo +/- 15   4728s      mean=0.527 LLR=+2.09 [CONTINUE]
 505 games  +74 =385 -46   +19 Elo +/- 15   4731s      mean=0.528 LLR=+2.18 [CONTINUE]
 506 games  +74 =386 -46   +19 Elo +/- 15   4749s      mean=0.528 LLR=+2.18 [CONTINUE]
 507 games  +74 =387 -46   +19 Elo +/- 15   4753s      mean=0.528 LLR=+2.18 [CONTINUE]
 508 games  +74 =388 -46   +19 Elo +/- 15   4753s      mean=0.528 LLR=+2.19 [CONTINUE]
 509 games  +74 =388 -47   +18 Elo +/- 15   4779s      mean=0.527 LLR=+2.07 [CONTINUE]
 510 games  +74 =389 -47   +18 Elo +/- 15   4782s      mean=0.526 LLR=+2.07 [CONTINUE]
 511 games  +75 =389 -47   +19 Elo +/- 15   4784s      mean=0.527 LLR=+2.16 [CONTINUE]
 512 games  +75 =390 -47   +19 Elo +/- 15   4807s      mean=0.527 LLR=+2.16 [CONTINUE]
 513 games  +75 =391 -47   +19 Elo +/- 15   4809s      mean=0.527 LLR=+2.17 [CONTINUE]
 514 games  +75 =392 -47   +19 Elo +/- 15   4810s      mean=0.527 LLR=+2.17 [CONTINUE]
 515 games  +76 =392 -47   +20 Elo +/- 15   4834s      mean=0.528 LLR=+2.25 [CONTINUE]
 516 games  +76 =393 -47   +20 Elo +/- 15   4835s      mean=0.528 LLR=+2.26 [CONTINUE]
 517 games  +76 =394 -47   +20 Elo +/- 15   4841s      mean=0.528 LLR=+2.26 [CONTINUE]
 518 games  +76 =395 -47   +19 Elo +/- 15   4858s      mean=0.528 LLR=+2.26 [CONTINUE]
 519 games  +77 =395 -47   +20 Elo +/- 15   4864s      mean=0.529 LLR=+2.35 [CONTINUE]
 520 games  +77 =396 -47   +20 Elo +/- 15   4872s      mean=0.529 LLR=+2.35 [CONTINUE]
 521 games  +77 =397 -47   +20 Elo +/- 15   4890s      mean=0.529 LLR=+2.35 [CONTINUE]
 522 games  +77 =398 -47   +20 Elo +/- 14   4892s      mean=0.529 LLR=+2.36 [CONTINUE]
 523 games  +77 =399 -47   +20 Elo +/- 14   4901s      mean=0.529 LLR=+2.36 [CONTINUE]
 524 games  +77 =400 -47   +20 Elo +/- 14   4917s      mean=0.529 LLR=+2.36 [CONTINUE]
 525 games  +77 =401 -47   +20 Elo +/- 14   4919s      mean=0.529 LLR=+2.37 [CONTINUE]
 526 games  +78 =401 -47   +20 Elo +/- 14   4930s      mean=0.529 LLR=+2.45 [CONTINUE]
 527 games  +78 =402 -47   +20 Elo +/- 14   4944s      mean=0.529 LLR=+2.46 [CONTINUE]
 528 games  +79 =402 -47   +21 Elo +/- 14   4948s      mean=0.530 LLR=+2.54 [CONTINUE]
 529 games  +79 =403 -47   +21 Elo +/- 14   4956s      mean=0.530 LLR=+2.54 [CONTINUE]
 530 games  +79 =404 -47   +21 Elo +/- 14   4969s      mean=0.530 LLR=+2.55 [CONTINUE]
 531 games  +79 =404 -48   +20 Elo +/- 14   4971s      mean=0.529 LLR=+2.43 [CONTINUE]
 532 games  +79 =405 -48   +20 Elo +/- 14   4989s      mean=0.529 LLR=+2.43 [CONTINUE]
 533 games  +79 =406 -48   +20 Elo +/- 14   4995s      mean=0.529 LLR=+2.44 [CONTINUE]
 534 games  +79 =407 -48   +20 Elo +/- 14   5000s      mean=0.529 LLR=+2.44 [CONTINUE]
 535 games  +79 =408 -48   +20 Elo +/- 14   5013s      mean=0.529 LLR=+2.44 [CONTINUE]
 536 games  +79 =409 -48   +20 Elo +/- 14   5021s      mean=0.529 LLR=+2.45 [CONTINUE]
 537 games  +80 =409 -48   +21 Elo +/- 14   5029s      mean=0.530 LLR=+2.53 [CONTINUE]
 538 games  +80 =410 -48   +21 Elo +/- 14   5039s      mean=0.530 LLR=+2.53 [CONTINUE]
 539 games  +80 =411 -48   +21 Elo +/- 14   5046s      mean=0.530 LLR=+2.54 [CONTINUE]
 540 games  +80 =412 -48   +21 Elo +/- 14   5055s      mean=0.530 LLR=+2.54 [CONTINUE]
 541 games  +80 =413 -48   +21 Elo +/- 14   5068s      mean=0.530 LLR=+2.55 [CONTINUE]
 542 games  +80 =413 -49   +20 Elo +/- 14   5075s      mean=0.529 LLR=+2.43 [CONTINUE]
 543 games  +80 =414 -49   +20 Elo +/- 14   5080s      mean=0.529 LLR=+2.43 [CONTINUE]
 544 games  +80 =415 -49   +20 Elo +/- 14   5088s      mean=0.528 LLR=+2.44 [CONTINUE]
 545 games  +80 =416 -49   +20 Elo +/- 14   5106s      mean=0.528 LLR=+2.44 [CONTINUE]
 546 games  +80 =416 -50   +19 Elo +/- 14   5108s      mean=0.527 LLR=+2.32 [CONTINUE]
 547 games  +81 =416 -50   +20 Elo +/- 14   5119s      mean=0.528 LLR=+2.41 [CONTINUE]
 548 games  +81 =417 -50   +20 Elo +/- 14   5133s      mean=0.528 LLR=+2.41 [CONTINUE]
 549 games  +81 =418 -50   +20 Elo +/- 14   5134s      mean=0.528 LLR=+2.41 [CONTINUE]
 550 games  +81 =419 -50   +20 Elo +/- 14   5146s      mean=0.528 LLR=+2.42 [CONTINUE]
 551 games  +81 =420 -50   +20 Elo +/- 14   5155s      mean=0.528 LLR=+2.42 [CONTINUE]
 552 games  +81 =421 -50   +20 Elo +/- 14   5160s      mean=0.528 LLR=+2.42 [CONTINUE]
 553 games  +81 =422 -50   +19 Elo +/- 14   5174s      mean=0.528 LLR=+2.43 [CONTINUE]
 554 games  +81 =423 -50   +19 Elo +/- 14   5179s      mean=0.528 LLR=+2.43 [CONTINUE]
 555 games  +81 =423 -51   +19 Elo +/- 14   5191s      mean=0.527 LLR=+2.31 [CONTINUE]
 556 games  +81 =424 -51   +19 Elo +/- 14   5198s      mean=0.527 LLR=+2.32 [CONTINUE]
 557 games  +81 =425 -51   +19 Elo +/- 14   5206s      mean=0.527 LLR=+2.32 [CONTINUE]
 558 games  +81 =426 -51   +19 Elo +/- 14   5217s      mean=0.527 LLR=+2.32 [CONTINUE]
 559 games  +81 =427 -51   +19 Elo +/- 14   5224s      mean=0.527 LLR=+2.33 [CONTINUE]
 560 games  +81 =428 -51   +19 Elo +/- 14   5233s      mean=0.527 LLR=+2.33 [CONTINUE]
 561 games  +81 =429 -51   +19 Elo +/- 14   5242s      mean=0.527 LLR=+2.33 [CONTINUE]
 562 games  +81 =430 -51   +19 Elo +/- 14   5251s      mean=0.527 LLR=+2.33 [CONTINUE]
 563 games  +81 =431 -51   +19 Elo +/- 14   5260s      mean=0.527 LLR=+2.34 [CONTINUE]
 564 games  +81 =432 -51   +18 Elo +/- 14   5266s      mean=0.527 LLR=+2.34 [CONTINUE]
 565 games  +81 =433 -51   +18 Elo +/- 14   5283s      mean=0.527 LLR=+2.34 [CONTINUE]
 566 games  +81 =434 -51   +18 Elo +/- 14   5286s      mean=0.527 LLR=+2.35 [CONTINUE]
 567 games  +81 =435 -51   +18 Elo +/- 14   5291s      mean=0.526 LLR=+2.35 [CONTINUE]
 568 games  +81 =436 -51   +18 Elo +/- 14   5307s      mean=0.526 LLR=+2.35 [CONTINUE]
 569 games  +81 =436 -52   +18 Elo +/- 14   5315s      mean=0.525 LLR=+2.24 [CONTINUE]
 570 games  +81 =437 -52   +18 Elo +/- 14   5315s      mean=0.525 LLR=+2.24 [CONTINUE]
 571 games  +81 =438 -52   +18 Elo +/- 14   5333s      mean=0.525 LLR=+2.24 [CONTINUE]
 572 games  +81 =439 -52   +18 Elo +/- 14   5342s      mean=0.525 LLR=+2.24 [CONTINUE]
 573 games  +82 =439 -52   +18 Elo +/- 14   5345s      mean=0.526 LLR=+2.33 [CONTINUE]
 574 games  +82 =440 -52   +18 Elo +/- 14   5361s      mean=0.526 LLR=+2.33 [CONTINUE]
 575 games  +82 =441 -52   +18 Elo +/- 14   5364s      mean=0.526 LLR=+2.34 [CONTINUE]
 576 games  +82 =442 -52   +18 Elo +/- 14   5374s      mean=0.526 LLR=+2.34 [CONTINUE]
 577 games  +82 =443 -52   +18 Elo +/- 14   5388s      mean=0.526 LLR=+2.34 [CONTINUE]
 578 games  +82 =444 -52   +18 Elo +/- 14   5391s      mean=0.526 LLR=+2.35 [CONTINUE]
 579 games  +82 =445 -52   +18 Elo +/- 14   5400s      mean=0.526 LLR=+2.35 [CONTINUE]
 580 games  +82 =446 -52   +18 Elo +/- 14   5416s      mean=0.526 LLR=+2.35 [CONTINUE]
 581 games  +82 =446 -53   +17 Elo +/- 14   5419s      mean=0.525 LLR=+2.23 [CONTINUE]
 582 games  +82 =446 -54   +17 Elo +/- 14   5432s      mean=0.524 LLR=+2.12 [CONTINUE]
 583 games  +82 =447 -54   +17 Elo +/- 14   5447s      mean=0.524 LLR=+2.12 [CONTINUE]
 584 games  +82 =448 -54   +17 Elo +/- 14   5449s      mean=0.524 LLR=+2.12 [CONTINUE]
 585 games  +83 =448 -54   +17 Elo +/- 14   5465s      mean=0.525 LLR=+2.21 [CONTINUE]
 586 games  +83 =449 -54   +17 Elo +/- 14   5469s      mean=0.525 LLR=+2.21 [CONTINUE]
 587 games  +83 =450 -54   +17 Elo +/- 14   5478s      mean=0.525 LLR=+2.22 [CONTINUE]
 588 games  +83 =450 -55   +17 Elo +/- 14   5495s      mean=0.524 LLR=+2.10 [CONTINUE]
 589 games  +83 =451 -55   +17 Elo +/- 14   5498s      mean=0.524 LLR=+2.11 [CONTINUE]
 590 games  +83 =452 -55   +17 Elo +/- 14   5507s      mean=0.524 LLR=+2.11 [CONTINUE]
 591 games  +83 =453 -55   +16 Elo +/- 14   5524s      mean=0.524 LLR=+2.11 [CONTINUE]
 592 games  +83 =454 -55   +16 Elo +/- 13   5526s      mean=0.524 LLR=+2.11 [CONTINUE]
 593 games  +83 =455 -55   +16 Elo +/- 13   5534s      mean=0.524 LLR=+2.11 [CONTINUE]
 594 games  +83 =456 -55   +16 Elo +/- 13   5548s      mean=0.524 LLR=+2.12 [CONTINUE]
 595 games  +83 =457 -55   +16 Elo +/- 13   5555s      mean=0.524 LLR=+2.12 [CONTINUE]
 596 games  +84 =457 -55   +17 Elo +/- 13   5556s      mean=0.524 LLR=+2.21 [CONTINUE]
 597 games  +84 =457 -56   +16 Elo +/- 13   5577s      mean=0.523 LLR=+2.09 [CONTINUE]
 598 games  +84 =458 -56   +16 Elo +/- 13   5580s      mean=0.523 LLR=+2.10 [CONTINUE]
 599 games  +84 =459 -56   +16 Elo +/- 13   5584s      mean=0.523 LLR=+2.10 [CONTINUE]
 600 games  +84 =460 -56   +16 Elo +/- 13   5609s      mean=0.523 LLR=+2.10 [CONTINUE]
 601 games  +84 =460 -57   +16 Elo +/- 13   5609s      mean=0.522 LLR=+1.99 [CONTINUE]
 602 games  +84 =461 -57   +16 Elo +/- 13   5611s      mean=0.522 LLR=+1.99 [CONTINUE]
 603 games  +85 =461 -57   +16 Elo +/- 13   5637s      mean=0.523 LLR=+2.08 [CONTINUE]
 604 games  +85 =462 -57   +16 Elo +/- 13   5640s      mean=0.523 LLR=+2.08 [CONTINUE]
 605 games  +85 =463 -57   +16 Elo +/- 13   5640s      mean=0.523 LLR=+2.08 [CONTINUE]
 606 games  +85 =464 -57   +16 Elo +/- 13   5658s      mean=0.523 LLR=+2.08 [CONTINUE]
 607 games  +85 =465 -57   +16 Elo +/- 13   5667s      mean=0.523 LLR=+2.09 [CONTINUE]
 608 games  +85 =466 -57   +16 Elo +/- 13   5669s      mean=0.523 LLR=+2.09 [CONTINUE]
 609 games  +85 =467 -57   +16 Elo +/- 13   5678s      mean=0.523 LLR=+2.09 [CONTINUE]
 610 games  +85 =468 -57   +16 Elo +/- 13   5696s      mean=0.523 LLR=+2.09 [CONTINUE]
 611 games  +86 =468 -57   +17 Elo +/- 13   5700s      mean=0.524 LLR=+2.18 [CONTINUE]
 612 games  +86 =469 -57   +16 Elo +/- 13   5708s      mean=0.524 LLR=+2.18 [CONTINUE]
 613 games  +86 =469 -58   +16 Elo +/- 13   5722s      mean=0.523 LLR=+2.07 [CONTINUE]
 614 games  +87 =469 -58   +16 Elo +/- 13   5726s      mean=0.524 LLR=+2.16 [CONTINUE]
 615 games  +87 =470 -58   +16 Elo +/- 13   5733s      mean=0.524 LLR=+2.16 [CONTINUE]
 616 games  +87 =471 -58   +16 Elo +/- 13   5747s      mean=0.524 LLR=+2.16 [CONTINUE]
 617 games  +87 =472 -58   +16 Elo +/- 13   5756s      mean=0.524 LLR=+2.17 [CONTINUE]
 618 games  +87 =473 -58   +16 Elo +/- 13   5759s      mean=0.523 LLR=+2.17 [CONTINUE]
 619 games  +87 =474 -58   +16 Elo +/- 13   5775s      mean=0.523 LLR=+2.17 [CONTINUE]
 620 games  +87 =475 -58   +16 Elo +/- 13   5787s      mean=0.523 LLR=+2.17 [CONTINUE]
 621 games  +87 =476 -58   +16 Elo +/- 13   5790s      mean=0.523 LLR=+2.17 [CONTINUE]
 622 games  +87 =477 -58   +16 Elo +/- 13   5801s      mean=0.523 LLR=+2.18 [CONTINUE]
 623 games  +87 =478 -58   +16 Elo +/- 13   5813s      mean=0.523 LLR=+2.18 [CONTINUE]
 624 games  +87 =478 -59   +16 Elo +/- 13   5822s      mean=0.522 LLR=+2.07 [CONTINUE]
 625 games  +87 =478 -60   +15 Elo +/- 13   5833s      mean=0.522 LLR=+1.95 [CONTINUE]
 626 games  +87 =479 -60   +15 Elo +/- 13   5839s      mean=0.522 LLR=+1.96 [CONTINUE]
 627 games  +87 =479 -61   +14 Elo +/- 13   5854s      mean=0.521 LLR=+1.85 [CONTINUE]
 628 games  +87 =480 -61   +14 Elo +/- 13   5856s      mean=0.521 LLR=+1.85 [CONTINUE]
 629 games  +88 =480 -61   +15 Elo +/- 13   5870s      mean=0.521 LLR=+1.94 [CONTINUE]
 630 games  +88 =480 -62   +14 Elo +/- 13   5881s      mean=0.521 LLR=+1.83 [CONTINUE]
 631 games  +88 =481 -62   +14 Elo +/- 13   5888s      mean=0.521 LLR=+1.83 [CONTINUE]
 632 games  +88 =482 -62   +14 Elo +/- 13   5893s      mean=0.521 LLR=+1.83 [CONTINUE]
 633 games  +88 =483 -62   +14 Elo +/- 13   5905s      mean=0.521 LLR=+1.83 [CONTINUE]
 634 games  +88 =484 -62   +14 Elo +/- 13   5915s      mean=0.521 LLR=+1.83 [CONTINUE]
 635 games  +88 =485 -62   +14 Elo +/- 13   5919s      mean=0.520 LLR=+1.83 [CONTINUE]
 636 games  +88 =486 -62   +14 Elo +/- 13   5939s      mean=0.520 LLR=+1.84 [CONTINUE]
 637 games  +88 =487 -62   +14 Elo +/- 13   5940s      mean=0.520 LLR=+1.84 [CONTINUE]
 638 games  +89 =487 -62   +15 Elo +/- 13   5947s      mean=0.521 LLR=+1.93 [CONTINUE]
 639 games  +89 =488 -62   +15 Elo +/- 13   5962s      mean=0.521 LLR=+1.93 [CONTINUE]
 640 games  +89 =489 -62   +15 Elo +/- 13   5963s      mean=0.521 LLR=+1.93 [CONTINUE]
 641 games  +89 =490 -62   +15 Elo +/- 13   5972s      mean=0.521 LLR=+1.93 [CONTINUE]
 642 games  +89 =491 -62   +15 Elo +/- 13   5986s      mean=0.521 LLR=+1.93 [CONTINUE]
 643 games  +89 =492 -62   +15 Elo +/- 13   5990s      mean=0.521 LLR=+1.94 [CONTINUE]
 644 games  +89 =493 -62   +15 Elo +/- 13   5998s      mean=0.521 LLR=+1.94 [CONTINUE]
 645 games  +89 =494 -62   +15 Elo +/- 13   6009s      mean=0.521 LLR=+1.94 [CONTINUE]
 646 games  +90 =494 -62   +15 Elo +/- 13   6017s      mean=0.522 LLR=+2.03 [CONTINUE]
 647 games  +90 =495 -62   +15 Elo +/- 13   6023s      mean=0.522 LLR=+2.03 [CONTINUE]
 648 games  +90 =496 -62   +15 Elo +/- 13   6039s      mean=0.522 LLR=+2.03 [CONTINUE]
 649 games  +90 =496 -63   +14 Elo +/- 13   6046s      mean=0.521 LLR=+1.92 [CONTINUE]
 650 games  +90 =497 -63   +14 Elo +/- 13   6055s      mean=0.521 LLR=+1.92 [CONTINUE]
 651 games  +90 =498 -63   +14 Elo +/- 13   6067s      mean=0.521 LLR=+1.92 [CONTINUE]
 652 games  +90 =499 -63   +14 Elo +/- 13   6076s      mean=0.521 LLR=+1.93 [CONTINUE]
 653 games  +90 =500 -63   +14 Elo +/- 13   6081s      mean=0.521 LLR=+1.93 [CONTINUE]
 654 games  +90 =500 -64   +14 Elo +/- 13   6096s      mean=0.520 LLR=+1.82 [CONTINUE]
 655 games  +90 =501 -64   +14 Elo +/- 13   6101s      mean=0.520 LLR=+1.82 [CONTINUE]
 656 games  +90 =502 -64   +14 Elo +/- 13   6106s      mean=0.520 LLR=+1.82 [CONTINUE]
 657 games  +91 =502 -64   +14 Elo +/- 13   6122s      mean=0.521 LLR=+1.91 [CONTINUE]
 658 games  +91 =503 -64   +14 Elo +/- 13   6129s      mean=0.521 LLR=+1.91 [CONTINUE]
 659 games  +91 =503 -65   +14 Elo +/- 13   6133s      mean=0.520 LLR=+1.80 [CONTINUE]
 660 games  +91 =504 -65   +14 Elo +/- 13   6153s      mean=0.520 LLR=+1.80 [CONTINUE]
 661 games  +92 =504 -65   +14 Elo +/- 13   6161s      mean=0.520 LLR=+1.89 [CONTINUE]
 662 games  +92 =504 -66   +14 Elo +/- 13   6162s      mean=0.520 LLR=+1.78 [CONTINUE]
 663 games  +92 =505 -66   +14 Elo +/- 13   6176s      mean=0.520 LLR=+1.79 [CONTINUE]
 664 games  +92 =505 -67   +13 Elo +/- 13   6186s      mean=0.519 LLR=+1.68 [CONTINUE]
 665 games  +92 =506 -67   +13 Elo +/- 13   6187s      mean=0.519 LLR=+1.68 [CONTINUE]
 666 games  +93 =506 -67   +14 Elo +/- 13   6205s      mean=0.520 LLR=+1.77 [CONTINUE]
 667 games  +94 =506 -67   +14 Elo +/- 13   6213s      mean=0.520 LLR=+1.86 [CONTINUE]
 668 games  +95 =506 -67   +15 Elo +/- 13   6216s      mean=0.521 LLR=+1.94 [CONTINUE]
 669 games  +95 =507 -67   +15 Elo +/- 13   6235s      mean=0.521 LLR=+1.94 [CONTINUE]
 670 games  +95 =508 -67   +15 Elo +/- 13   6238s      mean=0.521 LLR=+1.95 [CONTINUE]
 671 games  +95 =509 -67   +15 Elo +/- 13   6243s      mean=0.521 LLR=+1.95 [CONTINUE]
 672 games  +96 =509 -67   +15 Elo +/- 13   6263s      mean=0.522 LLR=+2.03 [CONTINUE]
 673 games  +96 =510 -67   +15 Elo +/- 13   6265s      mean=0.522 LLR=+2.04 [CONTINUE]
 674 games  +96 =511 -67   +15 Elo +/- 13   6277s      mean=0.522 LLR=+2.04 [CONTINUE]
 675 games  +96 =512 -67   +15 Elo +/- 13   6291s      mean=0.521 LLR=+2.04 [CONTINUE]
 676 games  +96 =513 -67   +15 Elo +/- 13   6296s      mean=0.521 LLR=+2.04 [CONTINUE]
 677 games  +96 =514 -67   +15 Elo +/- 13   6301s      mean=0.521 LLR=+2.04 [CONTINUE]
 678 games  +96 =515 -67   +15 Elo +/- 13   6317s      mean=0.521 LLR=+2.05 [CONTINUE]
 679 games  +96 =516 -67   +15 Elo +/- 13   6318s      mean=0.521 LLR=+2.05 [CONTINUE]
 680 games  +96 =516 -68   +14 Elo +/- 13   6328s      mean=0.521 LLR=+1.94 [CONTINUE]
 681 games  +97 =516 -68   +15 Elo +/- 13   6343s      mean=0.521 LLR=+2.03 [CONTINUE]
 682 games  +97 =517 -68   +15 Elo +/- 13   6345s      mean=0.521 LLR=+2.03 [CONTINUE]
 683 games  +97 =517 -69   +14 Elo +/- 13   6359s      mean=0.520 LLR=+1.92 [CONTINUE]
 684 games  +98 =517 -69   +15 Elo +/- 13   6368s      mean=0.521 LLR=+2.01 [CONTINUE]
 685 games  +98 =518 -69   +15 Elo +/- 13   6373s      mean=0.521 LLR=+2.01 [CONTINUE]
 686 games  +98 =519 -69   +15 Elo +/- 13   6386s      mean=0.521 LLR=+2.01 [CONTINUE]
 687 games  +98 =520 -69   +15 Elo +/- 13   6395s      mean=0.521 LLR=+2.01 [CONTINUE]
 688 games  +98 =521 -69   +15 Elo +/- 13   6399s      mean=0.521 LLR=+2.01 [CONTINUE]
 689 games  +98 =522 -69   +15 Elo +/- 13   6413s      mean=0.521 LLR=+2.02 [CONTINUE]
 690 games  +98 =523 -69   +15 Elo +/- 13   6422s      mean=0.521 LLR=+2.02 [CONTINUE]
 691 games  +98 =523 -70   +14 Elo +/- 13   6428s      mean=0.520 LLR=+1.91 [CONTINUE]
 692 games  +99 =523 -70   +15 Elo +/- 13   6443s      mean=0.521 LLR=+2.00 [CONTINUE]
 693 games  +99 =524 -70   +15 Elo +/- 13   6449s      mean=0.521 LLR=+2.00 [CONTINUE]
 694 games  +99 =525 -70   +15 Elo +/- 13   6458s      mean=0.521 LLR=+2.00 [CONTINUE]
 695 games  +99 =526 -70   +15 Elo +/- 13   6469s      mean=0.521 LLR=+2.00 [CONTINUE]
 696 games  +99 =527 -70   +14 Elo +/- 13   6472s      mean=0.521 LLR=+2.00 [CONTINUE]
 697 games  +100 =527 -70   +15 Elo +/- 13   6487s      mean=0.522 LLR=+2.09 [CONTINUE]
 698 games  +100 =528 -70   +15 Elo +/- 13   6492s      mean=0.521 LLR=+2.09 [CONTINUE]
 699 games  +100 =529 -70   +15 Elo +/- 13   6500s      mean=0.521 LLR=+2.09 [CONTINUE]
 700 games  +100 =530 -70   +15 Elo +/- 13   6516s      mean=0.521 LLR=+2.10 [CONTINUE]
 701 games  +100 =531 -70   +15 Elo +/- 13   6517s      mean=0.521 LLR=+2.10 [CONTINUE]
 702 games  +100 =532 -70   +15 Elo +/- 13   6528s      mean=0.521 LLR=+2.10 [CONTINUE]
 703 games  +100 =533 -70   +15 Elo +/- 13   6542s      mean=0.521 LLR=+2.10 [CONTINUE]
 704 games  +100 =533 -71   +14 Elo +/- 13   6548s      mean=0.521 LLR=+1.99 [CONTINUE]
 705 games  +100 =534 -71   +14 Elo +/- 13   6552s      mean=0.521 LLR=+2.00 [CONTINUE]
 706 games  +100 =535 -71   +14 Elo +/- 13   6575s      mean=0.521 LLR=+2.00 [CONTINUE]
 707 games  +100 =535 -72   +14 Elo +/- 13   6576s      mean=0.520 LLR=+1.89 [CONTINUE]
 708 games  +100 =536 -72   +14 Elo +/- 13   6578s      mean=0.520 LLR=+1.89 [CONTINUE]
 709 games  +100 =537 -72   +14 Elo +/- 13   6603s      mean=0.520 LLR=+1.89 [CONTINUE]
 710 games  +100 =538 -72   +14 Elo +/- 13   6605s      mean=0.520 LLR=+1.90 [CONTINUE]
 711 games  +100 =539 -72   +14 Elo +/- 13   6605s      mean=0.520 LLR=+1.90 [CONTINUE]
 712 games  +100 =540 -72   +14 Elo +/- 13   6628s      mean=0.520 LLR=+1.90 [CONTINUE]
 713 games  +100 =541 -72   +14 Elo +/- 13   6630s      mean=0.520 LLR=+1.90 [CONTINUE]
 714 games  +100 =542 -72   +14 Elo +/- 12   6634s      mean=0.520 LLR=+1.90 [CONTINUE]
 715 games  +100 =542 -73   +13 Elo +/- 13   6655s      mean=0.519 LLR=+1.80 [CONTINUE]
 716 games  +100 =543 -73   +13 Elo +/- 12   6658s      mean=0.519 LLR=+1.80 [CONTINUE]
 717 games  +100 =544 -73   +13 Elo +/- 12   6659s      mean=0.519 LLR=+1.80 [CONTINUE]
 718 games  +100 =544 -74   +13 Elo +/- 12   6682s      mean=0.518 LLR=+1.69 [CONTINUE]
 719 games  +100 =545 -74   +13 Elo +/- 12   6685s      mean=0.518 LLR=+1.70 [CONTINUE]
 720 games  +100 =546 -74   +13 Elo +/- 12   6687s      mean=0.518 LLR=+1.70 [CONTINUE]
 721 games  +101 =546 -74   +13 Elo +/- 12   6711s      mean=0.519 LLR=+1.78 [CONTINUE]
 722 games  +101 =547 -74   +13 Elo +/- 12   6713s      mean=0.519 LLR=+1.79 [CONTINUE]
 723 games  +101 =548 -74   +13 Elo +/- 12   6715s      mean=0.519 LLR=+1.79 [CONTINUE]
 724 games  +101 =549 -74   +13 Elo +/- 12   6735s      mean=0.519 LLR=+1.79 [CONTINUE]
 725 games  +101 =550 -74   +13 Elo +/- 12   6737s      mean=0.519 LLR=+1.79 [CONTINUE]
 726 games  +101 =551 -74   +13 Elo +/- 12   6742s      mean=0.519 LLR=+1.79 [CONTINUE]
 727 games  +101 =552 -74   +13 Elo +/- 12   6760s      mean=0.519 LLR=+1.79 [CONTINUE]
 728 games  +102 =552 -74   +13 Elo +/- 12   6769s      mean=0.519 LLR=+1.88 [CONTINUE]
 729 games  +102 =552 -75   +13 Elo +/- 12   6770s      mean=0.519 LLR=+1.77 [CONTINUE]
 730 games  +103 =552 -75   +13 Elo +/- 12   6786s      mean=0.519 LLR=+1.86 [CONTINUE]
 731 games  +103 =553 -75   +13 Elo +/- 12   6797s      mean=0.519 LLR=+1.86 [CONTINUE]
 732 games  +103 =554 -75   +13 Elo +/- 12   6800s      mean=0.519 LLR=+1.86 [CONTINUE]
 733 games  +103 =555 -75   +13 Elo +/- 12   6809s      mean=0.519 LLR=+1.87 [CONTINUE]
 734 games  +103 =556 -75   +13 Elo +/- 12   6821s      mean=0.519 LLR=+1.87 [CONTINUE]
 735 games  +103 =557 -75   +13 Elo +/- 12   6822s      mean=0.519 LLR=+1.87 [CONTINUE]
 736 games  +103 =558 -75   +13 Elo +/- 12   6844s      mean=0.519 LLR=+1.87 [CONTINUE]
 737 games  +103 =558 -76   +13 Elo +/- 12   6845s      mean=0.518 LLR=+1.76 [CONTINUE]
 738 games  +103 =559 -76   +13 Elo +/- 12   6849s      mean=0.518 LLR=+1.77 [CONTINUE]
 739 games  +103 =560 -76   +13 Elo +/- 12   6870s      mean=0.518 LLR=+1.77 [CONTINUE]
 740 games  +103 =561 -76   +13 Elo +/- 12   6871s      mean=0.518 LLR=+1.77 [CONTINUE]
 741 games  +103 =562 -76   +13 Elo +/- 12   6874s      mean=0.518 LLR=+1.77 [CONTINUE]
 742 games  +103 =563 -76   +13 Elo +/- 12   6898s      mean=0.518 LLR=+1.77 [CONTINUE]
 743 games  +104 =563 -76   +13 Elo +/- 12   6903s      mean=0.519 LLR=+1.86 [CONTINUE]
 744 games  +104 =564 -76   +13 Elo +/- 12   6905s      mean=0.519 LLR=+1.86 [CONTINUE]
 745 games  +104 =565 -76   +13 Elo +/- 12   6921s      mean=0.519 LLR=+1.86 [CONTINUE]
 746 games  +105 =565 -76   +14 Elo +/- 12   6928s      mean=0.519 LLR=+1.95 [CONTINUE]
 747 games  +105 =566 -76   +13 Elo +/- 12   6934s      mean=0.519 LLR=+1.95 [CONTINUE]
 748 games  +105 =567 -76   +13 Elo +/- 12   6948s      mean=0.519 LLR=+1.95 [CONTINUE]
 749 games  +105 =568 -76   +13 Elo +/- 12   6958s      mean=0.519 LLR=+1.95 [CONTINUE]
 750 games  +105 =569 -76   +13 Elo +/- 12   6959s      mean=0.519 LLR=+1.95 [CONTINUE]
 751 games  +105 =570 -76   +13 Elo +/- 12   6976s      mean=0.519 LLR=+1.96 [CONTINUE]
 752 games  +105 =571 -76   +13 Elo +/- 12   6986s      mean=0.519 LLR=+1.96 [CONTINUE]
 753 games  +105 =572 -76   +13 Elo +/- 12   6987s      mean=0.519 LLR=+1.96 [CONTINUE]
 754 games  +105 =573 -76   +13 Elo +/- 12   7008s      mean=0.519 LLR=+1.96 [CONTINUE]
 755 games  +105 =574 -76   +13 Elo +/- 12   7010s      mean=0.519 LLR=+1.96 [CONTINUE]
 756 games  +105 =574 -77   +13 Elo +/- 12   7010s      mean=0.519 LLR=+1.86 [CONTINUE]
 757 games  +105 =575 -77   +13 Elo +/- 12   7035s      mean=0.518 LLR=+1.86 [CONTINUE]
 758 games  +105 =576 -77   +13 Elo +/- 12   7035s      mean=0.518 LLR=+1.86 [CONTINUE]
 759 games  +105 =576 -78   +12 Elo +/- 12   7039s      mean=0.518 LLR=+1.75 [CONTINUE]
 760 games  +105 =577 -78   +12 Elo +/- 12   7058s      mean=0.518 LLR=+1.75 [CONTINUE]
 761 games  +105 =578 -78   +12 Elo +/- 12   7062s      mean=0.518 LLR=+1.76 [CONTINUE]
 762 games  +105 =579 -78   +12 Elo +/- 12   7062s      mean=0.518 LLR=+1.76 [CONTINUE]
 763 games  +105 =580 -78   +12 Elo +/- 12   7084s      mean=0.518 LLR=+1.76 [CONTINUE]
 764 games  +105 =581 -78   +12 Elo +/- 12   7084s      mean=0.518 LLR=+1.76 [CONTINUE]
 765 games  +105 =581 -79   +12 Elo +/- 12   7093s      mean=0.517 LLR=+1.65 [CONTINUE]
 766 games  +105 =582 -79   +12 Elo +/- 12   7113s      mean=0.517 LLR=+1.65 [CONTINUE]
 767 games  +105 =583 -79   +12 Elo +/- 12   7114s      mean=0.517 LLR=+1.66 [CONTINUE]
 768 games  +105 =584 -79   +12 Elo +/- 12   7118s      mean=0.517 LLR=+1.66 [CONTINUE]
 769 games  +105 =585 -79   +12 Elo +/- 12   7140s      mean=0.517 LLR=+1.66 [CONTINUE]
 770 games  +106 =585 -79   +12 Elo +/- 12   7142s      mean=0.518 LLR=+1.75 [CONTINUE]
 771 games  +106 =586 -79   +12 Elo +/- 12   7143s      mean=0.518 LLR=+1.75 [CONTINUE]
 772 games  +106 =587 -79   +12 Elo +/- 12   7168s      mean=0.517 LLR=+1.75 [CONTINUE]
 773 games  +106 =588 -79   +12 Elo +/- 12   7168s      mean=0.517 LLR=+1.75 [CONTINUE]
 774 games  +106 =589 -79   +12 Elo +/- 12   7170s      mean=0.517 LLR=+1.75 [CONTINUE]
 775 games  +106 =590 -79   +12 Elo +/- 12   7191s      mean=0.517 LLR=+1.75 [CONTINUE]
 776 games  +106 =590 -80   +12 Elo +/- 12   7196s      mean=0.517 LLR=+1.65 [CONTINUE]
 777 games  +106 =590 -81   +11 Elo +/- 12   7199s      mean=0.516 LLR=+1.54 [CONTINUE]
 778 games  +106 =591 -81   +11 Elo +/- 12   7219s      mean=0.516 LLR=+1.54 [CONTINUE]
 779 games  +106 =592 -81   +11 Elo +/- 12   7222s      mean=0.516 LLR=+1.54 [CONTINUE]
 780 games  +106 =593 -81   +11 Elo +/- 12   7224s      mean=0.516 LLR=+1.55 [CONTINUE]
 781 games  +107 =593 -81   +12 Elo +/- 12   7246s      mean=0.517 LLR=+1.63 [CONTINUE]
 782 games  +107 =594 -81   +12 Elo +/- 12   7250s      mean=0.517 LLR=+1.64 [CONTINUE]
 783 games  +107 =594 -82   +11 Elo +/- 12   7256s      mean=0.516 LLR=+1.53 [CONTINUE]
 784 games  +108 =594 -82   +12 Elo +/- 12   7276s      mean=0.517 LLR=+1.62 [CONTINUE]
 785 games  +108 =595 -82   +12 Elo +/- 12   7277s      mean=0.517 LLR=+1.62 [CONTINUE]
 786 games  +108 =595 -83   +11 Elo +/- 12   7285s      mean=0.516 LLR=+1.52 [CONTINUE]
 787 games  +108 =596 -83   +11 Elo +/- 12   7300s      mean=0.516 LLR=+1.52 [CONTINUE]
 788 games  +108 =597 -83   +11 Elo +/- 12   7306s      mean=0.516 LLR=+1.52 [CONTINUE]
 789 games  +109 =597 -83   +11 Elo +/- 12   7318s      mean=0.516 LLR=+1.61 [CONTINUE]
 790 games  +109 =598 -83   +11 Elo +/- 12   7325s      mean=0.516 LLR=+1.61 [CONTINUE]
 791 games  +109 =599 -83   +11 Elo +/- 12   7330s      mean=0.516 LLR=+1.61 [CONTINUE]
 792 games  +109 =600 -83   +11 Elo +/- 12   7348s      mean=0.516 LLR=+1.61 [CONTINUE]
 793 games  +109 =601 -83   +11 Elo +/- 12   7350s      mean=0.516 LLR=+1.61 [CONTINUE]
 794 games  +109 =601 -84   +11 Elo +/- 12   7361s      mean=0.516 LLR=+1.51 [CONTINUE]
 795 games  +109 =602 -84   +11 Elo +/- 12   7374s      mean=0.516 LLR=+1.51 [CONTINUE]
 796 games  +109 =603 -84   +11 Elo +/- 12   7377s      mean=0.516 LLR=+1.51 [CONTINUE]
 797 games  +109 =604 -84   +11 Elo +/- 12   7389s      mean=0.516 LLR=+1.51 [CONTINUE]
 798 games  +109 =605 -84   +11 Elo +/- 12   7404s      mean=0.516 LLR=+1.51 [CONTINUE]
 799 games  +109 =606 -84   +11 Elo +/- 12   7406s      mean=0.516 LLR=+1.51 [CONTINUE]
 800 games  +109 =607 -84   +11 Elo +/- 12   7417s      mean=0.516 LLR=+1.51 [CONTINUE]
 801 games  +109 =608 -84   +11 Elo +/- 12   7430s      mean=0.516 LLR=+1.51 [CONTINUE]
 802 games  +109 =609 -84   +11 Elo +/- 12   7432s      mean=0.516 LLR=+1.51 [CONTINUE]
 803 games  +109 =610 -84   +11 Elo +/- 12   7439s      mean=0.516 LLR=+1.52 [CONTINUE]
 804 games  +109 =611 -84   +11 Elo +/- 12   7459s      mean=0.516 LLR=+1.52 [CONTINUE]
 805 games  +110 =611 -84   +11 Elo +/- 12   7460s      mean=0.516 LLR=+1.61 [CONTINUE]
 806 games  +110 =612 -84   +11 Elo +/- 12   7461s      mean=0.516 LLR=+1.61 [CONTINUE]
 807 games  +110 =613 -84   +11 Elo +/- 12   7484s      mean=0.516 LLR=+1.61 [CONTINUE]
 808 games  +110 =614 -84   +11 Elo +/- 12   7485s      mean=0.516 LLR=+1.61 [CONTINUE]
 809 games  +110 =615 -84   +11 Elo +/- 12   7487s      mean=0.516 LLR=+1.61 [CONTINUE]
 810 games  +110 =616 -84   +11 Elo +/- 12   7508s      mean=0.516 LLR=+1.61 [CONTINUE]
 811 games  +111 =616 -84   +12 Elo +/- 12   7514s      mean=0.517 LLR=+1.70 [CONTINUE]
 812 games  +112 =616 -84   +12 Elo +/- 12   7517s      mean=0.517 LLR=+1.79 [CONTINUE]
 813 games  +112 =617 -84   +12 Elo +/- 12   7536s      mean=0.517 LLR=+1.79 [CONTINUE]
 814 games  +112 =618 -84   +12 Elo +/- 12   7541s      mean=0.517 LLR=+1.79 [CONTINUE]
 815 games  +113 =618 -84   +12 Elo +/- 12   7546s      mean=0.518 LLR=+1.88 [CONTINUE]
 816 games  +113 =619 -84   +12 Elo +/- 12   7566s      mean=0.518 LLR=+1.88 [CONTINUE]
 817 games  +113 =619 -85   +12 Elo +/- 12   7570s      mean=0.517 LLR=+1.78 [CONTINUE]
 818 games  +113 =620 -85   +12 Elo +/- 12   7572s      mean=0.517 LLR=+1.78 [CONTINUE]
 819 games  +114 =620 -85   +12 Elo +/- 12   7594s      mean=0.518 LLR=+1.86 [CONTINUE]
 820 games  +114 =621 -85   +12 Elo +/- 12   7595s      mean=0.518 LLR=+1.87 [CONTINUE]
 821 games  +114 =622 -85   +12 Elo +/- 12   7597s      mean=0.518 LLR=+1.87 [CONTINUE]
 822 games  +115 =622 -85   +13 Elo +/- 12   7623s      mean=0.518 LLR=+1.95 [CONTINUE]
 823 games  +115 =623 -85   +13 Elo +/- 12   7624s      mean=0.518 LLR=+1.96 [CONTINUE]
 824 games  +115 =624 -85   +13 Elo +/- 12   7626s      mean=0.518 LLR=+1.96 [CONTINUE]
 825 games  +115 =625 -85   +13 Elo +/- 12   7647s      mean=0.518 LLR=+1.96 [CONTINUE]
 826 games  +115 =625 -86   +12 Elo +/- 12   7654s      mean=0.518 LLR=+1.85 [CONTINUE]
 827 games  +116 =625 -86   +13 Elo +/- 12   7656s      mean=0.518 LLR=+1.94 [CONTINUE]
 828 games  +116 =626 -86   +13 Elo +/- 12   7674s      mean=0.518 LLR=+1.94 [CONTINUE]
 829 games  +116 =627 -86   +13 Elo +/- 12   7682s      mean=0.518 LLR=+1.94 [CONTINUE]
 830 games  +116 =627 -87   +12 Elo +/- 12   7687s      mean=0.517 LLR=+1.84 [CONTINUE]
 831 games  +116 =628 -87   +12 Elo +/- 12   7698s      mean=0.517 LLR=+1.84 [CONTINUE]
 832 games  +116 =629 -87   +12 Elo +/- 12   7706s      mean=0.517 LLR=+1.84 [CONTINUE]
 833 games  +116 =630 -87   +12 Elo +/- 12   7712s      mean=0.517 LLR=+1.84 [CONTINUE]
 834 games  +116 =631 -87   +12 Elo +/- 12   7725s      mean=0.517 LLR=+1.84 [CONTINUE]
 835 games  +116 =632 -87   +12 Elo +/- 12   7736s      mean=0.517 LLR=+1.85 [CONTINUE]
 836 games  +116 =633 -87   +12 Elo +/- 12   7738s      mean=0.517 LLR=+1.85 [CONTINUE]
 837 games  +116 =634 -87   +12 Elo +/- 12   7753s      mean=0.517 LLR=+1.85 [CONTINUE]
 838 games  +116 =635 -87   +12 Elo +/- 12   7763s      mean=0.517 LLR=+1.85 [CONTINUE]
 839 games  +116 =635 -88   +12 Elo +/- 12   7769s      mean=0.517 LLR=+1.74 [CONTINUE]
 840 games  +117 =635 -88   +12 Elo +/- 12   7786s      mean=0.517 LLR=+1.83 [CONTINUE]
 841 games  +117 =636 -88   +12 Elo +/- 12   7786s      mean=0.517 LLR=+1.83 [CONTINUE]
 842 games  +117 =637 -88   +12 Elo +/- 12   7792s      mean=0.517 LLR=+1.83 [CONTINUE]
 843 games  +117 =638 -88   +12 Elo +/- 12   7813s      mean=0.517 LLR=+1.84 [CONTINUE]
 844 games  +117 =638 -89   +12 Elo +/- 12   7820s      mean=0.517 LLR=+1.73 [CONTINUE]
 845 games  +118 =638 -89   +12 Elo +/- 12   7821s      mean=0.517 LLR=+1.82 [CONTINUE]
 846 games  +118 =639 -89   +12 Elo +/- 12   7835s      mean=0.517 LLR=+1.82 [CONTINUE]
 847 games  +118 =640 -89   +12 Elo +/- 12   7846s      mean=0.517 LLR=+1.82 [CONTINUE]
 848 games  +118 =641 -89   +12 Elo +/- 12   7847s      mean=0.517 LLR=+1.82 [CONTINUE]
 849 games  +118 =642 -89   +12 Elo +/- 12   7861s      mean=0.517 LLR=+1.82 [CONTINUE]
 850 games  +119 =642 -89   +12 Elo +/- 12   7873s      mean=0.518 LLR=+1.91 [CONTINUE]
 851 games  +119 =643 -89   +12 Elo +/- 12   7877s      mean=0.518 LLR=+1.91 [CONTINUE]
 852 games  +119 =644 -89   +12 Elo +/- 12   7889s      mean=0.518 LLR=+1.91 [CONTINUE]
 853 games  +119 =645 -89   +12 Elo +/- 12   7896s      mean=0.518 LLR=+1.92 [CONTINUE]
 854 games  +120 =645 -89   +13 Elo +/- 12   7902s      mean=0.518 LLR=+2.00 [CONTINUE]
 855 games  +120 =646 -89   +13 Elo +/- 12   7917s      mean=0.518 LLR=+2.00 [CONTINUE]
 856 games  +120 =647 -89   +13 Elo +/- 11   7924s      mean=0.518 LLR=+2.00 [CONTINUE]
 857 games  +120 =648 -89   +13 Elo +/- 11   7926s      mean=0.518 LLR=+2.01 [CONTINUE]
 858 games  +120 =649 -89   +13 Elo +/- 11   7945s      mean=0.518 LLR=+2.01 [CONTINUE]
 859 games  +121 =649 -89   +13 Elo +/- 11   7948s      mean=0.519 LLR=+2.09 [CONTINUE]
 860 games  +121 =650 -89   +13 Elo +/- 11   7950s      mean=0.519 LLR=+2.10 [CONTINUE]
 861 games  +121 =651 -89   +13 Elo +/- 11   7972s      mean=0.519 LLR=+2.10 [CONTINUE]
 862 games  +121 =652 -89   +13 Elo +/- 11   7978s      mean=0.519 LLR=+2.10 [CONTINUE]
 863 games  +121 =652 -90   +12 Elo +/- 11   7982s      mean=0.518 LLR=+1.99 [CONTINUE]
 864 games  +121 =653 -90   +12 Elo +/- 11   8002s      mean=0.518 LLR=+2.00 [CONTINUE]
 865 games  +121 =654 -90   +12 Elo +/- 11   8005s      mean=0.518 LLR=+2.00 [CONTINUE]
 866 games  +122 =654 -90   +13 Elo +/- 11   8006s      mean=0.518 LLR=+2.08 [CONTINUE]
 867 games  +122 =655 -90   +13 Elo +/- 11   8032s      mean=0.518 LLR=+2.08 [CONTINUE]
 868 games  +123 =655 -90   +13 Elo +/- 11   8033s      mean=0.519 LLR=+2.17 [CONTINUE]
 869 games  +123 =656 -90   +13 Elo +/- 11   8033s      mean=0.519 LLR=+2.17 [CONTINUE]
 870 games  +123 =657 -90   +13 Elo +/- 11   8057s      mean=0.519 LLR=+2.17 [CONTINUE]
 871 games  +123 =658 -90   +13 Elo +/- 11   8062s      mean=0.519 LLR=+2.18 [CONTINUE]
 872 games  +124 =658 -90   +14 Elo +/- 11   8062s      mean=0.519 LLR=+2.26 [CONTINUE]
 873 games  +125 =658 -90   +14 Elo +/- 11   8084s      mean=0.520 LLR=+2.35 [CONTINUE]
 874 games  +125 =659 -90   +14 Elo +/- 11   8086s      mean=0.520 LLR=+2.35 [CONTINUE]
 875 games  +125 =660 -90   +14 Elo +/- 11   8090s      mean=0.520 LLR=+2.35 [CONTINUE]
 876 games  +125 =661 -90   +14 Elo +/- 11   8114s      mean=0.520 LLR=+2.35 [CONTINUE]
 877 games  +126 =661 -90   +14 Elo +/- 11   8115s      mean=0.521 LLR=+2.44 [CONTINUE]
 878 games  +126 =662 -90   +14 Elo +/- 11   8119s      mean=0.521 LLR=+2.44 [CONTINUE]
 879 games  +126 =663 -90   +14 Elo +/- 11   8139s      mean=0.520 LLR=+2.44 [CONTINUE]
 880 games  +126 =664 -90   +14 Elo +/- 11   8142s      mean=0.520 LLR=+2.44 [CONTINUE]
 881 games  +126 =664 -91   +14 Elo +/- 11   8146s      mean=0.520 LLR=+2.34 [CONTINUE]
 882 games  +126 =665 -91   +14 Elo +/- 11   8162s      mean=0.520 LLR=+2.34 [CONTINUE]
 883 games  +126 =666 -91   +14 Elo +/- 11   8170s      mean=0.520 LLR=+2.34 [CONTINUE]
 884 games  +126 =667 -91   +14 Elo +/- 11   8174s      mean=0.520 LLR=+2.34 [CONTINUE]
*** ANOMALY ***  crash:agent died as white (0-1) -- caused by agent@engine
 885 games  +126 =667 -92   +13 Elo +/- 11   8183s   ANOMALIES: 1   mean=0.519 LLR=+2.24 [CONTINUE]
