gauntlet: agent@engine vs agent@checkpoints/syzygy | SPRT elo0=0.0 elo1=8.0 alpha=0.025 beta=0.025 max_games=1500 | 10000ms+100ms | 6 workers
   1 games  +0 =1 -0   -0 Elo +/- 0   3fold=1 (100%)   140s      mean=0.500 LLR=+0.00 (game LLR=+0.00) [CONTINUE]
   2 games  +0 =2 -0   -0 Elo +/- 0   3fold=2 (100%)   147s      mean=0.500 LLR=+0.00 (game LLR=+0.00) [CONTINUE]
   3 games  +0 =2 -1   -120 Elo +/- 265   3fold=2 (67%)   148s      mean=0.333 LLR=+0.00 (game LLR=-0.11) [CONTINUE]
   4 games  +0 =3 -1   -89 Elo +/- 173   3fold=3 (75%)   148s      mean=0.375 LLR=+0.00 (game LLR=-0.13) [CONTINUE]
   5 games  +0 =4 -1   -70 Elo +/- 134   3fold=4 (80%)   148s      mean=0.400 LLR=+0.00 (game LLR=-0.15) [CONTINUE]
   6 games  +1 =4 -1   -0 Elo +/- 174   3fold=4 (67%)   155s      mean=0.500 LLR=+0.00 (game LLR=-0.00) [CONTINUE]
   7 games  +2 =4 -1   +50 Elo +/- 185   3fold=4 (57%)   170s      mean=0.571 LLR=+0.00 (game LLR=+0.05) [CONTINUE]
   8 games  +2 =4 -2   -0 Elo +/- 186   3fold=4 (50%)   172s      mean=0.500 LLR=+0.00 (game LLR=-0.00) [CONTINUE]
   9 games  +2 =5 -2   -0 Elo +/- 162   3fold=5 (56%)   177s      mean=0.500 LLR=-0.02 (game LLR=-0.01) [CONTINUE]
  10 games  +2 =6 -2   -0 Elo +/- 144   3fold=6 (60%)   177s      mean=0.500 LLR=-0.03 (game LLR=-0.01) [CONTINUE]
  11 games  +2 =7 -2   -0 Elo +/- 129   3fold=7 (64%)   185s      mean=0.500 LLR=-0.04 (game LLR=-0.01) [CONTINUE]
  12 games  +2 =8 -2   -0 Elo +/- 118   3fold=8 (67%)   187s      mean=0.500 LLR=-0.05 (game LLR=-0.01) [CONTINUE]
  13 games  +2 =9 -2   -0 Elo +/- 108   3fold=9 (69%)   203s      mean=0.500 LLR=-0.01 (game LLR=-0.01) [CONTINUE]
  14 games  +3 =9 -2   +25 Elo +/- 112   3fold=9 (64%)   205s      mean=0.536 LLR=-0.01 (game LLR=+0.05) [CONTINUE]
  15 games  +4 =9 -2   +47 Elo +/- 115   3fold=9 (60%)   207s      mean=0.567 LLR=-0.01 (game LLR=+0.11) [CONTINUE]
  16 games  +4 =10 -2   +44 Elo +/- 107   3fold=10 (62%)   214s      mean=0.562 LLR=-0.01 (game LLR=+0.12) [CONTINUE]
  17 games  +4 =11 -2   +41 Elo +/- 100   3fold=11 (65%)   215s      mean=0.559 LLR=-0.01 (game LLR=+0.12) [CONTINUE]
  18 games  +4 =11 -3   +19 Elo +/- 103   3fold=11 (61%)   218s      mean=0.528 LLR=-0.01 (game LLR=+0.05) [CONTINUE]
  19 games  +4 =12 -3   +18 Elo +/- 97   3fold=12 (63%)   228s      mean=0.526 LLR=-0.01 (game LLR=+0.05) [CONTINUE]
  20 games  +4 =13 -3   +17 Elo +/- 92   3fold=13 (65%)   231s      mean=0.525 LLR=-0.01 (game LLR=+0.05) [CONTINUE]
  21 games  +4 =14 -3   +17 Elo +/- 88   3fold=14 (67%)   239s      mean=0.524 LLR=+0.04 (game LLR=+0.05) [CONTINUE]
  22 games  +4 =15 -3   +16 Elo +/- 83   3fold=15 (68%)   243s      mean=0.523 LLR=+0.05 (game LLR=+0.05) [CONTINUE]
  23 games  +4 =15 -4   -0 Elo +/- 85   3fold=15 (65%)   247s      mean=0.500 LLR=+0.11 (game LLR=-0.02) [CONTINUE]
  24 games  +4 =16 -4   -0 Elo +/- 82   3fold=16 (67%)   251s      mean=0.500 LLR=-0.01 (game LLR=-0.02) [CONTINUE]
  25 games  +4 =17 -4   -0 Elo +/- 78   3fold=17 (68%)   254s      mean=0.500 LLR=-0.01 (game LLR=-0.02) [CONTINUE]
  26 games  +4 =18 -4   -0 Elo +/- 75   3fold=17 (65%)   266s      mean=0.500 LLR=-0.01 (game LLR=-0.02) [CONTINUE]
  27 games  +4 =19 -4   -0 Elo +/- 72   3fold=18 (67%)   270s      mean=0.500 LLR=-0.01 (game LLR=-0.02) [CONTINUE]
  28 games  +4 =20 -4   -0 Elo +/- 70   3fold=19 (68%)   277s      mean=0.500 LLR=-0.01 (game LLR=-0.03) [CONTINUE]
  29 games  +5 =20 -4   +12 Elo +/- 71   3fold=19 (66%)   278s      mean=0.517 LLR=-0.01 (game LLR=+0.05) [CONTINUE]
  30 games  +5 =20 -5   -0 Elo +/- 73   3fold=19 (63%)   281s      mean=0.500 LLR=-0.01 (game LLR=-0.02) [CONTINUE]
  31 games  +6 =20 -5   +11 Elo +/- 74   3fold=19 (61%)   282s      mean=0.516 LLR=-0.01 (game LLR=+0.04) [CONTINUE]
  32 games  +6 =20 -6   -0 Elo +/- 75   3fold=19 (59%)   299s      mean=0.500 LLR=+0.03 (game LLR=-0.02) [CONTINUE]
  33 games  +6 =21 -6   -0 Elo +/- 73   3fold=20 (61%)   300s      mean=0.500 LLR=-0.01 (game LLR=-0.02) [CONTINUE]
  34 games  +6 =22 -6   -0 Elo +/- 70   3fold=21 (62%)   302s      mean=0.500 LLR=-0.02 (game LLR=-0.03) [CONTINUE]
  35 games  +6 =23 -6   -0 Elo +/- 68   3fold=22 (63%)   305s      mean=0.500 LLR=+0.03 (game LLR=-0.03) [CONTINUE]
  36 games  +6 =24 -6   -0 Elo +/- 66   3fold=23 (64%)   310s      mean=0.500 LLR=+0.03 (game LLR=-0.03) [CONTINUE]
  37 games  +6 =25 -6   -0 Elo +/- 64   3fold=24 (65%)   320s      mean=0.500 LLR=+0.03 (game LLR=-0.03) [CONTINUE]
  38 games  +6 =25 -7   -9 Elo +/- 65   3fold=24 (63%)   331s      mean=0.487 LLR=-0.02 (game LLR=-0.10) [CONTINUE]
  39 games  +6 =26 -7   -9 Elo +/- 64   3fold=25 (64%)   331s      mean=0.487 LLR=-0.02 (game LLR=-0.10) [CONTINUE]
  40 games  +6 =27 -7   -9 Elo +/- 62   3fold=26 (65%)   333s      mean=0.487 LLR=-0.02 (game LLR=-0.10) [CONTINUE]
  41 games  +7 =27 -7   -0 Elo +/- 63   3fold=26 (63%)   340s      mean=0.500 LLR=-0.02 (game LLR=-0.03) [CONTINUE]
  42 games  +8 =27 -7   +8 Elo +/- 63   3fold=26 (62%)   342s      mean=0.512 LLR=+0.03 (game LLR=+0.03) [CONTINUE]
  43 games  +8 =28 -7   +8 Elo +/- 62   3fold=27 (63%)   358s      mean=0.512 LLR=+0.03 (game LLR=+0.03) [CONTINUE]
  44 games  +8 =29 -7   +8 Elo +/- 61   3fold=28 (64%)   358s      mean=0.511 LLR=+0.03 (game LLR=+0.03) [CONTINUE]
  45 games  +8 =29 -8   -0 Elo +/- 61   3fold=28 (62%)   361s      mean=0.500 LLR=+0.03 (game LLR=-0.03) [CONTINUE]
  46 games  +8 =29 -9   -8 Elo +/- 62   3fold=28 (61%)   365s      mean=0.489 LLR=-0.03 (game LLR=-0.10) [CONTINUE]
  47 games  +8 =30 -9   -7 Elo +/- 60   3fold=29 (62%)   370s      mean=0.489 LLR=-0.12 (game LLR=-0.10) [CONTINUE]
*** ANOMALY ***  flag as black (0-1) -- caused by agent@checkpoints/syzygy
  48 games  +9 =30 -9   -0 Elo +/- 61   3fold=29 (60%)   382s   ANOMALIES: 1   mean=0.500 LLR=-0.12 (game LLR=-0.03) [CONTINUE]
  49 games  +9 =30 -10   -7 Elo +/- 61   3fold=29 (59%)   387s   ANOMALIES: 1   mean=0.490 LLR=-0.02 (game LLR=-0.09) [CONTINUE]
  50 games  +10 =30 -10   -0 Elo +/- 62   3fold=29 (58%)   389s   ANOMALIES: 1   mean=0.500 LLR=-0.06 (game LLR=-0.03) [CONTINUE]
  51 games  +11 =30 -10   +7 Elo +/- 62   3fold=29 (57%)   395s   ANOMALIES: 1   mean=0.510 LLR=-0.06 (game LLR=+0.02) [CONTINUE]
  52 games  +12 =30 -10   +13 Elo +/- 62   3fold=29 (56%)   399s   ANOMALIES: 1   mean=0.519 LLR=-0.06 (game LLR=+0.08) [CONTINUE]
  53 games  +12 =31 -10   +13 Elo +/- 61   3fold=30 (57%)   400s   ANOMALIES: 1   mean=0.519 LLR=-0.06 (game LLR=+0.08) [CONTINUE]
  54 games  +13 =31 -10   +19 Elo +/- 61   3fold=30 (56%)   405s   ANOMALIES: 1   mean=0.528 LLR=-0.07 (game LLR=+0.13) [CONTINUE]
  55 games  +13 =32 -10   +19 Elo +/- 60   3fold=31 (56%)   414s   ANOMALIES: 1   mean=0.527 LLR=-0.07 (game LLR=+0.13) [CONTINUE]
  56 games  +13 =33 -10   +19 Elo +/- 59   3fold=32 (57%)   418s   ANOMALIES: 1   mean=0.527 LLR=-0.07 (game LLR=+0.13) [CONTINUE]
  57 games  +13 =34 -10   +18 Elo +/- 58   3fold=33 (58%)   424s   ANOMALIES: 1   mean=0.526 LLR=-0.03 (game LLR=+0.13) [CONTINUE]
  58 games  +13 =35 -10   +18 Elo +/- 57   3fold=34 (59%)   427s   ANOMALIES: 1   mean=0.526 LLR=-0.03 (game LLR=+0.14) [CONTINUE]
  59 games  +13 =36 -10   +18 Elo +/- 56   3fold=35 (59%)   428s   ANOMALIES: 1   mean=0.525 LLR=+0.02 (game LLR=+0.14) [CONTINUE]
  60 games  +13 =36 -11   +12 Elo +/- 56   3fold=35 (58%)   431s   ANOMALIES: 1   mean=0.517 LLR=+0.06 (game LLR=+0.08) [CONTINUE]
  61 games  +13 =37 -11   +11 Elo +/- 55   3fold=36 (59%)   442s   ANOMALIES: 1   mean=0.516 LLR=+0.06 (game LLR=+0.08) [CONTINUE]
  62 games  +13 =38 -11   +11 Elo +/- 54   3fold=37 (60%)   449s   ANOMALIES: 1   mean=0.516 LLR=+0.06 (game LLR=+0.08) [CONTINUE]
  63 games  +13 =39 -11   +11 Elo +/- 53   3fold=38 (60%)   450s   ANOMALIES: 1   mean=0.516 LLR=+0.06 (game LLR=+0.08) [CONTINUE]
  64 games  +13 =40 -11   +11 Elo +/- 53   3fold=39 (61%)   461s   ANOMALIES: 1   mean=0.516 LLR=+0.06 (game LLR=+0.08) [CONTINUE]
  65 games  +13 =41 -11   +11 Elo +/- 52   3fold=40 (62%)   463s   ANOMALIES: 1   mean=0.515 LLR=+0.06 (game LLR=+0.08) [CONTINUE]
  66 games  +13 =42 -11   +11 Elo +/- 51   3fold=41 (62%)   467s   ANOMALIES: 1   mean=0.515 LLR=+0.06 (game LLR=+0.08) [CONTINUE]
  67 games  +13 =43 -11   +10 Elo +/- 50   3fold=42 (63%)   470s   ANOMALIES: 1   mean=0.515 LLR=+0.06 (game LLR=+0.08) [CONTINUE]
  68 games  +13 =44 -11   +10 Elo +/- 49   3fold=43 (63%)   478s   ANOMALIES: 1   mean=0.515 LLR=+0.06 (game LLR=+0.08) [CONTINUE]
  69 games  +14 =44 -11   +15 Elo +/- 50   3fold=43 (62%)   479s   ANOMALIES: 1   mean=0.522 LLR=+0.06 (game LLR=+0.14) [CONTINUE]
  70 games  +14 =44 -12   +10 Elo +/- 50   3fold=43 (61%)   489s   ANOMALIES: 1   mean=0.514 LLR=+0.06 (game LLR=+0.07) [CONTINUE]
  71 games  +15 =44 -12   +15 Elo +/- 50   3fold=43 (61%)   493s   ANOMALIES: 1   mean=0.521 LLR=+0.01 (game LLR=+0.13) [CONTINUE]
  72 games  +15 =45 -12   +14 Elo +/- 49   3fold=44 (61%)   498s   ANOMALIES: 1   mean=0.521 LLR=+0.06 (game LLR=+0.13) [CONTINUE]
  73 games  +15 =45 -13   +10 Elo +/- 50   3fold=44 (60%)   499s   ANOMALIES: 1   mean=0.514 LLR=+0.06 (game LLR=+0.07) [CONTINUE]
  74 games  +15 =46 -13   +9 Elo +/- 49   3fold=45 (61%)   506s   ANOMALIES: 1   mean=0.514 LLR=+0.01 (game LLR=+0.07) [CONTINUE]
  75 games  +15 =46 -14   +5 Elo +/- 49   3fold=45 (60%)   511s   ANOMALIES: 1   mean=0.507 LLR=+0.01 (game LLR=+0.01) [CONTINUE]
  76 games  +16 =46 -14   +9 Elo +/- 49   3fold=45 (59%)   518s   ANOMALIES: 1   mean=0.513 LLR=+0.01 (game LLR=+0.07) [CONTINUE]
  77 games  +16 =47 -14   +9 Elo +/- 49   3fold=46 (60%)   520s   ANOMALIES: 1   mean=0.513 LLR=+0.01 (game LLR=+0.07) [CONTINUE]
  78 games  +16 =48 -14   +9 Elo +/- 48   3fold=47 (60%)   531s   ANOMALIES: 1   mean=0.513 LLR=+0.01 (game LLR=+0.07) [CONTINUE]
  79 games  +16 =49 -14   +9 Elo +/- 47   3fold=48 (61%)   536s   ANOMALIES: 1   mean=0.513 LLR=+0.01 (game LLR=+0.07) [CONTINUE]
  80 games  +16 =49 -15   +4 Elo +/- 48   3fold=48 (60%)   541s   ANOMALIES: 1   mean=0.506 LLR=+0.01 (game LLR=+0.00) [CONTINUE]
  81 games  +16 =50 -15   +4 Elo +/- 47   3fold=49 (60%)   542s   ANOMALIES: 1   mean=0.506 LLR=-0.05 (game LLR=+0.00) [CONTINUE]
  82 games  +17 =50 -15   +8 Elo +/- 47   3fold=49 (60%)   542s   ANOMALIES: 1   mean=0.512 LLR=-0.05 (game LLR=+0.06) [CONTINUE]
  83 games  +17 =51 -15   +8 Elo +/- 47   3fold=50 (60%)   549s   ANOMALIES: 1   mean=0.512 LLR=-0.05 (game LLR=+0.06) [CONTINUE]
  84 games  +17 =52 -15   +8 Elo +/- 46   3fold=51 (61%)   559s   ANOMALIES: 1   mean=0.512 LLR=+0.00 (game LLR=+0.06) [CONTINUE]
  85 games  +17 =53 -15   +8 Elo +/- 46   3fold=51 (60%)   565s   ANOMALIES: 1   mean=0.512 LLR=+0.00 (game LLR=+0.06) [CONTINUE]
  86 games  +17 =54 -15   +8 Elo +/- 45   3fold=52 (60%)   570s   ANOMALIES: 1   mean=0.512 LLR=+0.00 (game LLR=+0.06) [CONTINUE]
  87 games  +17 =54 -16   +4 Elo +/- 45   3fold=52 (60%)   573s   ANOMALIES: 1   mean=0.506 LLR=+0.06 (game LLR=-0.00) [CONTINUE]
  88 games  +17 =54 -17   -0 Elo +/- 45   3fold=52 (59%)   580s   ANOMALIES: 1   mean=0.500 LLR=+0.06 (game LLR=-0.06) [CONTINUE]
  89 games  +18 =54 -17   +4 Elo +/- 46   3fold=52 (58%)   580s   ANOMALIES: 1   mean=0.506 LLR=+0.06 (game LLR=-0.00) [CONTINUE]
  90 games  +19 =54 -17   +8 Elo +/- 46   3fold=52 (58%)   591s   ANOMALIES: 1   mean=0.511 LLR=+0.06 (game LLR=+0.06) [CONTINUE]
  91 games  +19 =55 -17   +8 Elo +/- 45   3fold=53 (58%)   600s   ANOMALIES: 1   mean=0.511 LLR=+0.06 (game LLR=+0.06) [CONTINUE]
  92 games  +19 =56 -17   +8 Elo +/- 45   3fold=54 (59%)   603s   ANOMALIES: 1   mean=0.511 LLR=+0.06 (game LLR=+0.06) [CONTINUE]
  93 games  +19 =56 -18   +4 Elo +/- 45   3fold=54 (58%)   604s   ANOMALIES: 1   mean=0.505 LLR=-0.00 (game LLR=-0.00) [CONTINUE]
  94 games  +20 =56 -18   +7 Elo +/- 45   3fold=54 (57%)   608s   ANOMALIES: 1   mean=0.511 LLR=-0.00 (game LLR=+0.05) [CONTINUE]
  95 games  +20 =57 -18   +7 Elo +/- 44   3fold=55 (58%)   612s   ANOMALIES: 1   mean=0.511 LLR=-0.00 (game LLR=+0.05) [CONTINUE]
  96 games  +20 =58 -18   +7 Elo +/- 44   3fold=56 (58%)   621s   ANOMALIES: 1   mean=0.510 LLR=+0.05 (game LLR=+0.05) [CONTINUE]
  97 games  +20 =59 -18   +7 Elo +/- 43   3fold=57 (59%)   632s   ANOMALIES: 1   mean=0.510 LLR=+0.11 (game LLR=+0.05) [CONTINUE]
  98 games  +20 =59 -19   +4 Elo +/- 44   3fold=57 (58%)   633s   ANOMALIES: 1   mean=0.505 LLR=+0.11 (game LLR=-0.01) [CONTINUE]
  99 games  +20 =60 -19   +4 Elo +/- 43   3fold=58 (59%)   633s   ANOMALIES: 1   mean=0.505 LLR=-0.01 (game LLR=-0.01) [CONTINUE]
 100 games  +21 =60 -19   +7 Elo +/- 43   3fold=58 (58%)   640s   ANOMALIES: 1   mean=0.510 LLR=-0.01 (game LLR=+0.05) [CONTINUE]
 101 games  +21 =61 -19   +7 Elo +/- 43   3fold=58 (57%)   645s   ANOMALIES: 1   mean=0.510 LLR=-0.01 (game LLR=+0.05) [CONTINUE]
 102 games  +22 =61 -19   +10 Elo +/- 43   3fold=58 (57%)   650s   ANOMALIES: 1   mean=0.515 LLR=-0.01 (game LLR=+0.10) [CONTINUE]
 103 games  +22 =62 -19   +10 Elo +/- 43   3fold=59 (57%)   657s   ANOMALIES: 1   mean=0.515 LLR=-0.01 (game LLR=+0.11) [CONTINUE]
 104 games  +22 =63 -19   +10 Elo +/- 42   3fold=60 (58%)   659s   ANOMALIES: 1   mean=0.514 LLR=-0.01 (game LLR=+0.11) [CONTINUE]
 105 games  +23 =63 -19   +13 Elo +/- 42   3fold=60 (57%)   661s   ANOMALIES: 1   mean=0.519 LLR=-0.01 (game LLR=+0.16) [CONTINUE]
 106 games  +23 =64 -19   +13 Elo +/- 42   3fold=61 (58%)   670s   ANOMALIES: 1   mean=0.519 LLR=+0.04 (game LLR=+0.16) [CONTINUE]
 107 games  +24 =64 -19   +16 Elo +/- 42   3fold=61 (57%)   677s   ANOMALIES: 1   mean=0.523 LLR=+0.10 (game LLR=+0.22) [CONTINUE]
 108 games  +24 =65 -19   +16 Elo +/- 42   3fold=62 (57%)   680s   ANOMALIES: 1   mean=0.523 LLR=+0.15 (game LLR=+0.22) [CONTINUE]
 109 games  +24 =66 -19   +16 Elo +/- 41   3fold=63 (58%)   685s   ANOMALIES: 1   mean=0.523 LLR=+0.20 (game LLR=+0.22) [CONTINUE]
 110 games  +24 =66 -20   +13 Elo +/- 41   3fold=63 (57%)   687s   ANOMALIES: 1   mean=0.518 LLR=+0.20 (game LLR=+0.16) [CONTINUE]
 111 games  +25 =66 -20   +16 Elo +/- 41   3fold=63 (57%)   690s   ANOMALIES: 1   mean=0.523 LLR=+0.15 (game LLR=+0.21) [CONTINUE]
 112 games  +25 =67 -20   +16 Elo +/- 41   3fold=64 (57%)   701s   ANOMALIES: 1   mean=0.522 LLR=+0.15 (game LLR=+0.21) [CONTINUE]
 113 games  +26 =67 -20   +18 Elo +/- 41   3fold=64 (57%)   709s   ANOMALIES: 1   mean=0.527 LLR=+0.15 (game LLR=+0.27) [CONTINUE]
 114 games  +26 =68 -20   +18 Elo +/- 41   3fold=65 (57%)   717s   ANOMALIES: 1   mean=0.526 LLR=+0.15 (game LLR=+0.27) [CONTINUE]
 115 games  +26 =69 -20   +18 Elo +/- 40   3fold=66 (57%)   718s   ANOMALIES: 1   mean=0.526 LLR=+0.15 (game LLR=+0.27) [CONTINUE]
 116 games  +27 =69 -20   +21 Elo +/- 40   3fold=66 (57%)   720s   ANOMALIES: 1   mean=0.530 LLR=+0.20 (game LLR=+0.32) [CONTINUE]
 117 games  +27 =70 -20   +21 Elo +/- 40   3fold=67 (57%)   721s   ANOMALIES: 1   mean=0.530 LLR=+0.20 (game LLR=+0.33) [CONTINUE]
 118 games  +27 =70 -21   +18 Elo +/- 40   3fold=67 (57%)   730s   ANOMALIES: 1   mean=0.525 LLR=+0.20 (game LLR=+0.26) [CONTINUE]
 119 games  +27 =71 -21   +18 Elo +/- 40   3fold=68 (57%)   743s   ANOMALIES: 1   mean=0.525 LLR=+0.14 (game LLR=+0.27) [CONTINUE]
 120 games  +27 =72 -21   +17 Elo +/- 39   3fold=69 (58%)   744s   ANOMALIES: 1   mean=0.525 LLR=+0.19 (game LLR=+0.27) [CONTINUE]
 121 games  +28 =72 -21   +20 Elo +/- 40   3fold=69 (57%)   746s   ANOMALIES: 1   mean=0.529 LLR=+0.25 (game LLR=+0.32) [CONTINUE]
 122 games  +29 =72 -21   +23 Elo +/- 40   3fold=69 (57%)   751s   ANOMALIES: 1   mean=0.533 LLR=+0.30 (game LLR=+0.37) [CONTINUE]
 123 games  +30 =72 -21   +25 Elo +/- 40   3fold=69 (56%)   754s   ANOMALIES: 1   mean=0.537 LLR=+0.30 (game LLR=+0.43) [CONTINUE]
 124 games  +30 =73 -21   +25 Elo +/- 39   3fold=70 (56%)   760s   ANOMALIES: 1   mean=0.536 LLR=+0.35 (game LLR=+0.43) [CONTINUE]
 125 games  +31 =73 -21   +28 Elo +/- 39   3fold=70 (56%)   774s   ANOMALIES: 1   mean=0.540 LLR=+0.35 (game LLR=+0.48) [CONTINUE]
 126 games  +32 =73 -21   +30 Elo +/- 39   3fold=70 (56%)   776s   ANOMALIES: 1   mean=0.544 LLR=+0.35 (game LLR=+0.53) [CONTINUE]
 127 games  +32 =73 -22   +27 Elo +/- 40   3fold=70 (55%)   779s   ANOMALIES: 1   mean=0.539 LLR=+0.35 (game LLR=+0.47) [CONTINUE]
 128 games  +32 =74 -22   +27 Elo +/- 39   3fold=71 (55%)   781s   ANOMALIES: 1   mean=0.539 LLR=+0.35 (game LLR=+0.47) [CONTINUE]
 129 games  +32 =75 -22   +27 Elo +/- 39   3fold=72 (56%)   786s   ANOMALIES: 1   mean=0.539 LLR=+0.35 (game LLR=+0.48) [CONTINUE]
 130 games  +32 =76 -22   +27 Elo +/- 39   3fold=73 (56%)   796s   ANOMALIES: 1   mean=0.538 LLR=+0.35 (game LLR=+0.48) [CONTINUE]
 131 games  +32 =77 -22   +27 Elo +/- 38   3fold=73 (56%)   802s   ANOMALIES: 1   mean=0.538 LLR=+0.41 (game LLR=+0.48) [CONTINUE]
 132 games  +32 =77 -23   +24 Elo +/- 38   3fold=73 (55%)   808s   ANOMALIES: 1   mean=0.534 LLR=+0.41 (game LLR=+0.42) [CONTINUE]
 133 games  +32 =78 -23   +24 Elo +/- 38   3fold=74 (56%)   808s   ANOMALIES: 1   mean=0.534 LLR=+0.42 (game LLR=+0.42) [CONTINUE]
 134 games  +32 =79 -23   +23 Elo +/- 38   3fold=75 (56%)   811s   ANOMALIES: 1   mean=0.534 LLR=+0.42 (game LLR=+0.42) [CONTINUE]
 135 games  +33 =79 -23   +26 Elo +/- 38   3fold=75 (56%)   815s   ANOMALIES: 1   mean=0.537 LLR=+0.42 (game LLR=+0.48) [CONTINUE]
 136 games  +33 =80 -23   +26 Elo +/- 38   3fold=76 (56%)   827s   ANOMALIES: 1   mean=0.537 LLR=+0.48 (game LLR=+0.48) [CONTINUE]
 137 games  +33 =81 -23   +25 Elo +/- 37   3fold=77 (56%)   835s   ANOMALIES: 1   mean=0.536 LLR=+0.48 (game LLR=+0.48) [CONTINUE]
 138 games  +33 =82 -23   +25 Elo +/- 37   3fold=78 (57%)   838s   ANOMALIES: 1   mean=0.536 LLR=+0.48 (game LLR=+0.48) [CONTINUE]
 139 games  +33 =83 -23   +25 Elo +/- 37   3fold=79 (57%)   840s   ANOMALIES: 1   mean=0.536 LLR=+0.48 (game LLR=+0.49) [CONTINUE]
 140 games  +33 =84 -23   +25 Elo +/- 36   3fold=80 (57%)   843s   ANOMALIES: 1   mean=0.536 LLR=+0.48 (game LLR=+0.49) [CONTINUE]
 141 games  +33 =85 -23   +25 Elo +/- 36   3fold=81 (57%)   843s   ANOMALIES: 1   mean=0.535 LLR=+0.48 (game LLR=+0.49) [CONTINUE]
 142 games  +33 =86 -23   +25 Elo +/- 36   3fold=82 (58%)   856s   ANOMALIES: 1   mean=0.535 LLR=+0.48 (game LLR=+0.49) [CONTINUE]
 143 games  +33 =87 -23   +24 Elo +/- 36   3fold=83 (58%)   863s   ANOMALIES: 1   mean=0.535 LLR=+0.49 (game LLR=+0.50) [CONTINUE]
 144 games  +33 =88 -23   +24 Elo +/- 35   3fold=84 (58%)   864s   ANOMALIES: 1   mean=0.535 LLR=+0.50 (game LLR=+0.50) [CONTINUE]
 145 games  +33 =89 -23   +24 Elo +/- 35   3fold=85 (59%)   868s   ANOMALIES: 1   mean=0.534 LLR=+0.50 (game LLR=+0.50) [CONTINUE]
 146 games  +33 =90 -23   +24 Elo +/- 35   3fold=86 (59%)   873s   ANOMALIES: 1   mean=0.534 LLR=+0.50 (game LLR=+0.51) [CONTINUE]
 147 games  +33 =91 -23   +24 Elo +/- 35   3fold=86 (59%)   876s   ANOMALIES: 1   mean=0.534 LLR=+0.51 (game LLR=+0.51) [CONTINUE]
 148 games  +33 =92 -23   +24 Elo +/- 34   3fold=87 (59%)   879s   ANOMALIES: 1   mean=0.534 LLR=+0.51 (game LLR=+0.51) [CONTINUE]
 149 games  +33 =93 -23   +23 Elo +/- 34   3fold=88 (59%)   891s   ANOMALIES: 1   mean=0.534 LLR=+0.51 (game LLR=+0.51) [CONTINUE]
 150 games  +33 =94 -23   +23 Elo +/- 34   3fold=89 (59%)   894s   ANOMALIES: 1   mean=0.533 LLR=+0.51 (game LLR=+0.52) [CONTINUE]
 151 games  +33 =95 -23   +23 Elo +/- 34   3fold=90 (60%)   900s   ANOMALIES: 1   mean=0.533 LLR=+0.52 (game LLR=+0.52) [CONTINUE]
 152 games  +34 =95 -23   +25 Elo +/- 34   3fold=90 (59%)   905s   ANOMALIES: 1   mean=0.536 LLR=+0.52 (game LLR=+0.58) [CONTINUE]
 153 games  +34 =95 -24   +23 Elo +/- 34   3fold=90 (59%)   909s   ANOMALIES: 1   mean=0.533 LLR=+0.52 (game LLR=+0.51) [CONTINUE]
 154 games  +34 =95 -25   +20 Elo +/- 34   3fold=90 (58%)   922s   ANOMALIES: 1   mean=0.529 LLR=+0.52 (game LLR=+0.44) [CONTINUE]
 155 games  +35 =95 -25   +22 Elo +/- 34   3fold=90 (58%)   923s   ANOMALIES: 1   mean=0.532 LLR=+0.45 (game LLR=+0.49) [CONTINUE]
 156 games  +35 =96 -25   +22 Elo +/- 34   3fold=91 (58%)   929s   ANOMALIES: 1   mean=0.532 LLR=+0.51 (game LLR=+0.50) [CONTINUE]
 157 games  +35 =97 -25   +22 Elo +/- 34   3fold=91 (58%)   932s   ANOMALIES: 1   mean=0.532 LLR=+0.51 (game LLR=+0.50) [CONTINUE]
 158 games  +36 =97 -25   +24 Elo +/- 34   3fold=91 (58%)   936s   ANOMALIES: 1   mean=0.535 LLR=+0.51 (game LLR=+0.55) [CONTINUE]
 159 games  +36 =97 -26   +22 Elo +/- 34   3fold=91 (57%)   936s   ANOMALIES: 1   mean=0.531 LLR=+0.61 (game LLR=+0.49) [CONTINUE]
 160 games  +36 =98 -26   +22 Elo +/- 34   3fold=92 (58%)   946s   ANOMALIES: 1   mean=0.531 LLR=+0.46 (game LLR=+0.49) [CONTINUE]
 161 games  +36 =99 -26   +22 Elo +/- 33   3fold=93 (58%)   948s   ANOMALIES: 1   mean=0.531 LLR=+0.46 (game LLR=+0.49) [CONTINUE]
 162 games  +36 =100 -26   +21 Elo +/- 33   3fold=94 (58%)   958s   ANOMALIES: 1   mean=0.531 LLR=+0.46 (game LLR=+0.49) [CONTINUE]
 163 games  +36 =101 -26   +21 Elo +/- 33   3fold=95 (58%)   958s   ANOMALIES: 1   mean=0.531 LLR=+0.46 (game LLR=+0.50) [CONTINUE]
 164 games  +36 =102 -26   +21 Elo +/- 33   3fold=96 (59%)   964s   ANOMALIES: 1   mean=0.530 LLR=+0.46 (game LLR=+0.50) [CONTINUE]
 165 games  +36 =103 -26   +21 Elo +/- 33   3fold=97 (59%)   975s   ANOMALIES: 1   mean=0.530 LLR=+0.46 (game LLR=+0.50) [CONTINUE]
 166 games  +36 =103 -27   +19 Elo +/- 33   3fold=97 (58%)   977s   ANOMALIES: 1   mean=0.527 LLR=+0.46 (game LLR=+0.43) [CONTINUE]
 167 games  +36 =104 -27   +19 Elo +/- 32   3fold=98 (59%)   978s   ANOMALIES: 1   mean=0.527 LLR=+0.40 (game LLR=+0.44) [CONTINUE]
 168 games  +36 =105 -27   +19 Elo +/- 32   3fold=99 (59%)   988s   ANOMALIES: 1   mean=0.527 LLR=+0.41 (game LLR=+0.44) [CONTINUE]
 169 games  +37 =105 -27   +21 Elo +/- 32   3fold=99 (59%)   991s   ANOMALIES: 1   mean=0.530 LLR=+0.41 (game LLR=+0.49) [CONTINUE]
 170 games  +37 =105 -28   +18 Elo +/- 32   3fold=99 (58%)   997s   ANOMALIES: 1   mean=0.526 LLR=+0.41 (game LLR=+0.43) [CONTINUE]
 171 games  +37 =106 -28   +18 Elo +/- 32   3fold=100 (58%)   1003s   ANOMALIES: 1   mean=0.526 LLR=+0.35 (game LLR=+0.43) [CONTINUE]
 172 games  +38 =106 -28   +20 Elo +/- 32   3fold=100 (58%)   1007s   ANOMALIES: 1   mean=0.529 LLR=+0.35 (game LLR=+0.49) [CONTINUE]
 173 games  +38 =106 -29   +18 Elo +/- 32   3fold=100 (58%)   1008s   ANOMALIES: 1   mean=0.526 LLR=+0.35 (game LLR=+0.42) [CONTINUE]
 174 games  +39 =106 -29   +20 Elo +/- 32   3fold=100 (57%)   1015s   ANOMALIES: 1   mean=0.529 LLR=+0.35 (game LLR=+0.48) [CONTINUE]
 175 games  +39 =106 -30   +18 Elo +/- 32   3fold=100 (57%)   1021s   ANOMALIES: 1   mean=0.526 LLR=+0.35 (game LLR=+0.41) [CONTINUE]
 176 games  +39 =106 -31   +16 Elo +/- 32   3fold=100 (57%)   1028s   ANOMALIES: 1   mean=0.523 LLR=+0.35 (game LLR=+0.35) [CONTINUE]
 177 games  +39 =107 -31   +16 Elo +/- 32   3fold=101 (57%)   1036s   ANOMALIES: 1   mean=0.523 LLR=+0.35 (game LLR=+0.35) [CONTINUE]
 178 games  +39 =108 -31   +16 Elo +/- 32   3fold=102 (57%)   1036s   ANOMALIES: 1   mean=0.522 LLR=+0.29 (game LLR=+0.35) [CONTINUE]
 179 games  +39 =109 -31   +16 Elo +/- 32   3fold=103 (58%)   1037s   ANOMALIES: 1   mean=0.522 LLR=+0.29 (game LLR=+0.35) [CONTINUE]
 180 games  +39 =110 -31   +15 Elo +/- 32   3fold=104 (58%)   1044s   ANOMALIES: 1   mean=0.522 LLR=+0.35 (game LLR=+0.35) [CONTINUE]
 181 games  +39 =110 -32   +13 Elo +/- 32   3fold=104 (57%)   1059s   ANOMALIES: 1   mean=0.519 LLR=+0.41 (game LLR=+0.29) [CONTINUE]
 182 games  +39 =111 -32   +13 Elo +/- 32   3fold=105 (58%)   1060s   ANOMALIES: 1   mean=0.519 LLR=+0.27 (game LLR=+0.29) [CONTINUE]
 183 games  +39 =112 -32   +13 Elo +/- 31   3fold=106 (58%)   1064s   ANOMALIES: 1   mean=0.519 LLR=+0.27 (game LLR=+0.29) [CONTINUE]
 184 games  +39 =113 -32   +13 Elo +/- 31   3fold=107 (58%)   1068s   ANOMALIES: 1   mean=0.519 LLR=+0.28 (game LLR=+0.29) [CONTINUE]
 185 games  +39 =114 -32   +13 Elo +/- 31   3fold=108 (58%)   1070s   ANOMALIES: 1   mean=0.519 LLR=+0.28 (game LLR=+0.29) [CONTINUE]
 186 games  +39 =115 -32   +13 Elo +/- 31   3fold=109 (59%)   1078s   ANOMALIES: 1   mean=0.519 LLR=+0.28 (game LLR=+0.29) [CONTINUE]
 187 games  +39 =116 -32   +13 Elo +/- 31   3fold=110 (59%)   1084s   ANOMALIES: 1   mean=0.519 LLR=+0.28 (game LLR=+0.30) [CONTINUE]
 188 games  +39 =117 -32   +13 Elo +/- 31   3fold=111 (59%)   1092s   ANOMALIES: 1   mean=0.519 LLR=+0.28 (game LLR=+0.30) [CONTINUE]
 189 games  +40 =117 -32   +15 Elo +/- 31   3fold=111 (59%)   1093s   ANOMALIES: 1   mean=0.521 LLR=+0.28 (game LLR=+0.35) [CONTINUE]
 190 games  +40 =118 -32   +15 Elo +/- 30   3fold=112 (59%)   1094s   ANOMALIES: 1   mean=0.521 LLR=+0.28 (game LLR=+0.35) [CONTINUE]
 191 games  +40 =119 -32   +15 Elo +/- 30   3fold=113 (59%)   1101s   ANOMALIES: 1   mean=0.521 LLR=+0.28 (game LLR=+0.36) [CONTINUE]
 192 games  +40 =120 -32   +14 Elo +/- 30   3fold=114 (59%)   1115s   ANOMALIES: 1   mean=0.521 LLR=+0.28 (game LLR=+0.36) [CONTINUE]
 193 games  +40 =121 -32   +14 Elo +/- 30   3fold=115 (60%)   1120s   ANOMALIES: 1   mean=0.521 LLR=+0.28 (game LLR=+0.36) [CONTINUE]
 194 games  +40 =122 -32   +14 Elo +/- 30   3fold=116 (60%)   1121s   ANOMALIES: 1   mean=0.521 LLR=+0.28 (game LLR=+0.36) [CONTINUE]
 195 games  +41 =122 -32   +16 Elo +/- 30   3fold=116 (59%)   1123s   ANOMALIES: 1   mean=0.523 LLR=+0.28 (game LLR=+0.42) [CONTINUE]
 196 games  +41 =123 -32   +16 Elo +/- 30   3fold=117 (60%)   1128s   ANOMALIES: 1   mean=0.523 LLR=+0.28 (game LLR=+0.42) [CONTINUE]
 197 games  +41 =123 -33   +14 Elo +/- 30   3fold=117 (59%)   1136s   ANOMALIES: 1   mean=0.520 LLR=+0.34 (game LLR=+0.35) [CONTINUE]
 198 games  +41 =124 -33   +14 Elo +/- 30   3fold=118 (60%)   1146s   ANOMALIES: 1   mean=0.520 LLR=+0.34 (game LLR=+0.35) [CONTINUE]
 199 games  +41 =125 -33   +14 Elo +/- 29   3fold=119 (60%)   1149s   ANOMALIES: 1   mean=0.520 LLR=+0.34 (game LLR=+0.36) [CONTINUE]
 200 games  +41 =126 -33   +14 Elo +/- 29   3fold=120 (60%)   1154s   ANOMALIES: 1   mean=0.520 LLR=+0.34 (game LLR=+0.36) [CONTINUE]
 201 games  +41 =126 -34   +12 Elo +/- 29   3fold=120 (60%)   1154s   ANOMALIES: 1   mean=0.517 LLR=+0.34 (game LLR=+0.29) [CONTINUE]
 202 games  +41 =126 -35   +10 Elo +/- 29   3fold=120 (59%)   1160s   ANOMALIES: 1   mean=0.515 LLR=+0.35 (game LLR=+0.23) [CONTINUE]
 203 games  +41 =127 -35   +10 Elo +/- 29   3fold=121 (60%)   1167s   ANOMALIES: 1   mean=0.515 LLR=+0.35 (game LLR=+0.23) [CONTINUE]
 204 games  +41 =128 -35   +10 Elo +/- 29   3fold=122 (60%)   1176s   ANOMALIES: 1   mean=0.515 LLR=+0.28 (game LLR=+0.23) [CONTINUE]
 205 games  +41 =129 -35   +10 Elo +/- 29   3fold=123 (60%)   1180s   ANOMALIES: 1   mean=0.515 LLR=+0.28 (game LLR=+0.23) [CONTINUE]
 206 games  +42 =129 -35   +12 Elo +/- 29   3fold=123 (60%)   1184s   ANOMALIES: 1   mean=0.517 LLR=+0.29 (game LLR=+0.29) [CONTINUE]
 207 games  +42 =130 -35   +12 Elo +/- 29   3fold=124 (60%)   1186s   ANOMALIES: 1   mean=0.517 LLR=+0.29 (game LLR=+0.29) [CONTINUE]
 208 games  +42 =131 -35   +12 Elo +/- 29   3fold=125 (60%)   1189s   ANOMALIES: 1   mean=0.517 LLR=+0.29 (game LLR=+0.29) [CONTINUE]
 209 games  +42 =132 -35   +12 Elo +/- 29   3fold=126 (60%)   1195s   ANOMALIES: 1   mean=0.517 LLR=+0.22 (game LLR=+0.29) [CONTINUE]
 210 games  +42 =133 -35   +12 Elo +/- 29   3fold=127 (60%)   1208s   ANOMALIES: 1   mean=0.517 LLR=+0.22 (game LLR=+0.29) [CONTINUE]
 211 games  +42 =133 -36   +10 Elo +/- 29   3fold=127 (60%)   1209s   ANOMALIES: 1   mean=0.514 LLR=+0.22 (game LLR=+0.22) [CONTINUE]
 212 games  +42 =133 -37   +8 Elo +/- 29   3fold=127 (60%)   1214s   ANOMALIES: 1   mean=0.512 LLR=+0.22 (game LLR=+0.16) [CONTINUE]
 213 games  +42 =134 -37   +8 Elo +/- 28   3fold=128 (60%)   1217s   ANOMALIES: 1   mean=0.512 LLR=+0.22 (game LLR=+0.16) [CONTINUE]
 214 games  +42 =135 -37   +8 Elo +/- 28   3fold=129 (60%)   1221s   ANOMALIES: 1   mean=0.512 LLR=+0.22 (game LLR=+0.16) [CONTINUE]
 215 games  +42 =136 -37   +8 Elo +/- 28   3fold=130 (60%)   1224s   ANOMALIES: 1   mean=0.512 LLR=+0.22 (game LLR=+0.16) [CONTINUE]
 216 games  +42 =137 -37   +8 Elo +/- 28   3fold=131 (61%)   1237s   ANOMALIES: 1   mean=0.512 LLR=+0.22 (game LLR=+0.16) [CONTINUE]
 217 games  +42 =138 -37   +8 Elo +/- 28   3fold=132 (61%)   1241s   ANOMALIES: 1   mean=0.512 LLR=+0.22 (game LLR=+0.16) [CONTINUE]
 218 games  +42 =139 -37   +8 Elo +/- 28   3fold=133 (61%)   1245s   ANOMALIES: 1   mean=0.511 LLR=+0.16 (game LLR=+0.16) [CONTINUE]
 219 games  +42 =140 -37   +8 Elo +/- 28   3fold=134 (61%)   1246s   ANOMALIES: 1   mean=0.511 LLR=+0.16 (game LLR=+0.16) [CONTINUE]
 220 games  +42 =141 -37   +8 Elo +/- 28   3fold=135 (61%)   1251s   ANOMALIES: 1   mean=0.511 LLR=+0.16 (game LLR=+0.16) [CONTINUE]
 221 games  +42 =142 -37   +8 Elo +/- 27   3fold=136 (62%)   1253s   ANOMALIES: 1   mean=0.511 LLR=+0.16 (game LLR=+0.16) [CONTINUE]
 222 games  +42 =143 -37   +8 Elo +/- 27   3fold=137 (62%)   1265s   ANOMALIES: 1   mean=0.511 LLR=+0.16 (game LLR=+0.16) [CONTINUE]
 223 games  +42 =144 -37   +8 Elo +/- 27   3fold=138 (62%)   1267s   ANOMALIES: 1   mean=0.511 LLR=+0.16 (game LLR=+0.16) [CONTINUE]
 224 games  +42 =145 -37   +8 Elo +/- 27   3fold=139 (62%)   1275s   ANOMALIES: 1   mean=0.511 LLR=+0.16 (game LLR=+0.16) [CONTINUE]
 225 games  +43 =145 -37   +9 Elo +/- 27   3fold=139 (62%)   1278s   ANOMALIES: 1   mean=0.513 LLR=+0.16 (game LLR=+0.22) [CONTINUE]
 226 games  +43 =146 -37   +9 Elo +/- 27   3fold=140 (62%)   1283s   ANOMALIES: 1   mean=0.513 LLR=+0.22 (game LLR=+0.22) [CONTINUE]
 227 games  +43 =146 -38   +8 Elo +/- 27   3fold=140 (62%)   1285s   ANOMALIES: 1   mean=0.511 LLR=+0.22 (game LLR=+0.15) [CONTINUE]
 228 games  +43 =147 -38   +8 Elo +/- 27   3fold=141 (62%)   1297s   ANOMALIES: 1   mean=0.511 LLR=+0.15 (game LLR=+0.15) [CONTINUE]
 229 games  +44 =147 -38   +9 Elo +/- 27   3fold=141 (62%)   1302s   ANOMALIES: 1   mean=0.513 LLR=+0.15 (game LLR=+0.22) [CONTINUE]
 230 games  +44 =148 -38   +9 Elo +/- 27   3fold=141 (61%)   1304s   ANOMALIES: 1   mean=0.513 LLR=+0.15 (game LLR=+0.22) [CONTINUE]
 231 games  +44 =149 -38   +9 Elo +/- 27   3fold=142 (61%)   1309s   ANOMALIES: 1   mean=0.513 LLR=+0.15 (game LLR=+0.22) [CONTINUE]
 232 games  +44 =150 -38   +9 Elo +/- 27   3fold=143 (62%)   1312s   ANOMALIES: 1   mean=0.513 LLR=+0.15 (game LLR=+0.22) [CONTINUE]
 233 games  +45 =150 -38   +10 Elo +/- 27   3fold=143 (61%)   1316s   ANOMALIES: 1   mean=0.515 LLR=+0.15 (game LLR=+0.28) [CONTINUE]
 234 games  +45 =150 -39   +9 Elo +/- 27   3fold=143 (61%)   1332s   ANOMALIES: 1   mean=0.513 LLR=+0.15 (game LLR=+0.21) [CONTINUE]
 235 games  +45 =150 -40   +7 Elo +/- 27   3fold=143 (61%)   1333s   ANOMALIES: 1   mean=0.511 LLR=+0.15 (game LLR=+0.15) [CONTINUE]
 236 games  +45 =151 -40   +7 Elo +/- 27   3fold=144 (61%)   1334s   ANOMALIES: 1   mean=0.511 LLR=+0.15 (game LLR=+0.15) [CONTINUE]
 237 games  +46 =151 -40   +9 Elo +/- 27   3fold=144 (61%)   1337s   ANOMALIES: 1   mean=0.513 LLR=+0.15 (game LLR=+0.21) [CONTINUE]
 238 games  +46 =151 -41   +7 Elo +/- 27   3fold=144 (61%)   1342s   ANOMALIES: 1   mean=0.511 LLR=+0.22 (game LLR=+0.14) [CONTINUE]
 239 games  +46 =152 -41   +7 Elo +/- 27   3fold=145 (61%)   1354s   ANOMALIES: 1   mean=0.510 LLR=+0.22 (game LLR=+0.14) [CONTINUE]
 240 games  +46 =153 -41   +7 Elo +/- 27   3fold=146 (61%)   1359s   ANOMALIES: 1   mean=0.510 LLR=+0.28 (game LLR=+0.14) [CONTINUE]
 241 games  +46 =154 -41   +7 Elo +/- 26   3fold=147 (61%)   1364s   ANOMALIES: 1   mean=0.510 LLR=+0.28 (game LLR=+0.14) [CONTINUE]
 242 games  +46 =155 -41   +7 Elo +/- 26   3fold=148 (61%)   1366s   ANOMALIES: 1   mean=0.510 LLR=+0.21 (game LLR=+0.14) [CONTINUE]
 243 games  +46 =156 -41   +7 Elo +/- 26   3fold=149 (61%)   1370s   ANOMALIES: 1   mean=0.510 LLR=+0.21 (game LLR=+0.14) [CONTINUE]
 244 games  +46 =157 -41   +7 Elo +/- 26   3fold=150 (61%)   1379s   ANOMALIES: 1   mean=0.510 LLR=+0.21 (game LLR=+0.14) [CONTINUE]
 245 games  +47 =157 -41   +9 Elo +/- 26   3fold=150 (61%)   1386s   ANOMALIES: 1   mean=0.512 LLR=+0.15 (game LLR=+0.20) [CONTINUE]
 246 games  +47 =157 -42   +7 Elo +/- 26   3fold=150 (61%)   1390s   ANOMALIES: 1   mean=0.510 LLR=+0.15 (game LLR=+0.14) [CONTINUE]
 247 games  +47 =158 -42   +7 Elo +/- 26   3fold=151 (61%)   1396s   ANOMALIES: 1   mean=0.510 LLR=+0.08 (game LLR=+0.14) [CONTINUE]
 248 games  +47 =158 -43   +6 Elo +/- 26   3fold=151 (61%)   1397s   ANOMALIES: 1   mean=0.508 LLR=+0.08 (game LLR=+0.07) [CONTINUE]
 249 games  +48 =158 -43   +7 Elo +/- 26   3fold=151 (61%)   1400s   ANOMALIES: 1   mean=0.510 LLR=+0.08 (game LLR=+0.13) [CONTINUE]
 250 games  +48 =159 -43   +7 Elo +/- 26   3fold=152 (61%)   1412s   ANOMALIES: 1   mean=0.510 LLR=+0.14 (game LLR=+0.13) [CONTINUE]
 251 games  +49 =159 -43   +8 Elo +/- 26   3fold=152 (61%)   1420s   ANOMALIES: 1   mean=0.512 LLR=+0.14 (game LLR=+0.20) [CONTINUE]
 252 games  +49 =160 -43   +8 Elo +/- 26   3fold=153 (61%)   1423s   ANOMALIES: 1   mean=0.512 LLR=+0.14 (game LLR=+0.20) [CONTINUE]
 253 games  +49 =161 -43   +8 Elo +/- 26   3fold=154 (61%)   1427s   ANOMALIES: 1   mean=0.512 LLR=+0.20 (game LLR=+0.20) [CONTINUE]
 254 games  +49 =162 -43   +8 Elo +/- 26   3fold=155 (61%)   1429s   ANOMALIES: 1   mean=0.512 LLR=+0.20 (game LLR=+0.20) [CONTINUE]
 255 games  +49 =163 -43   +8 Elo +/- 26   3fold=156 (61%)   1432s   ANOMALIES: 1   mean=0.512 LLR=+0.14 (game LLR=+0.20) [CONTINUE]
 256 games  +49 =163 -44   +7 Elo +/- 26   3fold=156 (61%)   1442s   ANOMALIES: 1   mean=0.510 LLR=+0.14 (game LLR=+0.13) [CONTINUE]
 257 games  +49 =163 -45   +5 Elo +/- 26   3fold=156 (61%)   1447s   ANOMALIES: 1   mean=0.508 LLR=+0.07 (game LLR=+0.07) [CONTINUE]
 258 games  +49 =163 -46   +4 Elo +/- 26   3fold=156 (60%)   1457s   ANOMALIES: 1   mean=0.506 LLR=+0.07 (game LLR=+0.00) [CONTINUE]
 259 games  +50 =163 -46   +5 Elo +/- 26   3fold=156 (60%)   1460s   ANOMALIES: 1   mean=0.508 LLR=+0.07 (game LLR=+0.06) [CONTINUE]
 260 games  +50 =163 -47   +4 Elo +/- 26   3fold=156 (60%)   1461s   ANOMALIES: 1   mean=0.506 LLR=+0.07 (game LLR=+0.00) [CONTINUE]
 261 games  +50 =163 -48   +3 Elo +/- 26   3fold=156 (60%)   1464s   ANOMALIES: 1   mean=0.504 LLR=+0.07 (game LLR=-0.06) [CONTINUE]
 262 games  +50 =164 -48   +3 Elo +/- 26   3fold=157 (60%)   1465s   ANOMALIES: 1   mean=0.504 LLR=+0.00 (game LLR=-0.06) [CONTINUE]
 263 games  +50 =164 -49   +1 Elo +/- 26   3fold=157 (60%)   1478s   ANOMALIES: 1   mean=0.502 LLR=+0.00 (game LLR=-0.12) [CONTINUE]
 264 games  +50 =165 -49   +1 Elo +/- 26   3fold=158 (60%)   1487s   ANOMALIES: 1   mean=0.502 LLR=+0.00 (game LLR=-0.13) [CONTINUE]
 265 games  +50 =166 -49   +1 Elo +/- 26   3fold=159 (60%)   1489s   ANOMALIES: 1   mean=0.502 LLR=-0.06 (game LLR=-0.13) [CONTINUE]
 266 games  +50 =167 -49   +1 Elo +/- 26   3fold=160 (60%)   1490s   ANOMALIES: 1   mean=0.502 LLR=-0.13 (game LLR=-0.13) [CONTINUE]
 267 games  +51 =167 -49   +3 Elo +/- 26   3fold=160 (60%)   1490s   ANOMALIES: 1   mean=0.504 LLR=-0.13 (game LLR=-0.07) [CONTINUE]
 268 games  +51 =168 -49   +3 Elo +/- 25   3fold=161 (60%)   1494s   ANOMALIES: 1   mean=0.504 LLR=-0.00 (game LLR=-0.07) [CONTINUE]
 269 games  +51 =169 -49   +3 Elo +/- 25   3fold=162 (60%)   1509s   ANOMALIES: 1   mean=0.504 LLR=-0.00 (game LLR=-0.07) [CONTINUE]
 270 games  +51 =169 -50   +1 Elo +/- 25   3fold=162 (60%)   1514s   ANOMALIES: 1   mean=0.502 LLR=-0.07 (game LLR=-0.13) [CONTINUE]
 271 games  +51 =170 -50   +1 Elo +/- 25   3fold=163 (60%)   1518s   ANOMALIES: 1   mean=0.502 LLR=-0.07 (game LLR=-0.13) [CONTINUE]
 272 games  +51 =171 -50   +1 Elo +/- 25   3fold=164 (60%)   1520s   ANOMALIES: 1   mean=0.502 LLR=-0.07 (game LLR=-0.13) [CONTINUE]
 273 games  +51 =172 -50   +1 Elo +/- 25   3fold=165 (60%)   1521s   ANOMALIES: 1   mean=0.502 LLR=-0.07 (game LLR=-0.13) [CONTINUE]
 274 games  +51 =173 -50   +1 Elo +/- 25   3fold=166 (61%)   1522s   ANOMALIES: 1   mean=0.502 LLR=-0.07 (game LLR=-0.13) [CONTINUE]
 275 games  +52 =173 -50   +3 Elo +/- 25   3fold=166 (60%)   1538s   ANOMALIES: 1   mean=0.504 LLR=-0.07 (game LLR=-0.07) [CONTINUE]
 276 games  +52 =174 -50   +3 Elo +/- 25   3fold=167 (61%)   1546s   ANOMALIES: 1   mean=0.504 LLR=-0.07 (game LLR=-0.07) [CONTINUE]
 277 games  +52 =175 -50   +3 Elo +/- 25   3fold=168 (61%)   1547s   ANOMALIES: 1   mean=0.504 LLR=-0.13 (game LLR=-0.07) [CONTINUE]
 278 games  +52 =176 -50   +2 Elo +/- 25   3fold=169 (61%)   1548s   ANOMALIES: 1   mean=0.504 LLR=-0.14 (game LLR=-0.08) [CONTINUE]
 279 games  +53 =176 -50   +4 Elo +/- 25   3fold=169 (61%)   1551s   ANOMALIES: 1   mean=0.505 LLR=-0.14 (game LLR=-0.01) [CONTINUE]
 280 games  +53 =177 -50   +4 Elo +/- 25   3fold=169 (60%)   1553s   ANOMALIES: 1   mean=0.505 LLR=-0.08 (game LLR=-0.01) [CONTINUE]
 281 games  +53 =178 -50   +4 Elo +/- 25   3fold=170 (60%)   1569s   ANOMALIES: 1   mean=0.505 LLR=-0.08 (game LLR=-0.01) [CONTINUE]
 282 games  +53 =179 -50   +4 Elo +/- 25   3fold=171 (61%)   1576s   ANOMALIES: 1   mean=0.505 LLR=-0.01 (game LLR=-0.02) [CONTINUE]
 283 games  +53 =180 -50   +4 Elo +/- 24   3fold=172 (61%)   1578s   ANOMALIES: 1   mean=0.505 LLR=-0.01 (game LLR=-0.02) [CONTINUE]
 284 games  +53 =181 -50   +4 Elo +/- 24   3fold=173 (61%)   1581s   ANOMALIES: 1   mean=0.505 LLR=-0.01 (game LLR=-0.02) [CONTINUE]
 285 games  +53 =182 -50   +4 Elo +/- 24   3fold=174 (61%)   1586s   ANOMALIES: 1   mean=0.505 LLR=-0.01 (game LLR=-0.02) [CONTINUE]
 286 games  +53 =182 -51   +2 Elo +/- 24   3fold=174 (61%)   1589s   ANOMALIES: 1   mean=0.503 LLR=-0.01 (game LLR=-0.08) [CONTINUE]
 287 games  +53 =183 -51   +2 Elo +/- 24   3fold=175 (61%)   1596s   ANOMALIES: 1   mean=0.503 LLR=-0.08 (game LLR=-0.08) [CONTINUE]
 288 games  +53 =184 -51   +2 Elo +/- 24   3fold=176 (61%)   1604s   ANOMALIES: 1   mean=0.503 LLR=-0.08 (game LLR=-0.08) [CONTINUE]
 289 games  +53 =185 -51   +2 Elo +/- 24   3fold=177 (61%)   1611s   ANOMALIES: 1   mean=0.503 LLR=-0.08 (game LLR=-0.08) [CONTINUE]
 290 games  +53 =186 -51   +2 Elo +/- 24   3fold=178 (61%)   1611s   ANOMALIES: 1   mean=0.503 LLR=-0.08 (game LLR=-0.09) [CONTINUE]
 291 games  +53 =187 -51   +2 Elo +/- 24   3fold=179 (62%)   1621s   ANOMALIES: 1   mean=0.503 LLR=-0.09 (game LLR=-0.09) [CONTINUE]
 292 games  +53 =188 -51   +2 Elo +/- 24   3fold=180 (62%)   1621s   ANOMALIES: 1   mean=0.503 LLR=-0.09 (game LLR=-0.09) [CONTINUE]
 293 games  +53 =189 -51   +2 Elo +/- 24   3fold=181 (62%)   1626s   ANOMALIES: 1   mean=0.503 LLR=-0.09 (game LLR=-0.09) [CONTINUE]
 294 games  +53 =190 -51   +2 Elo +/- 24   3fold=182 (62%)   1636s   ANOMALIES: 1   mean=0.503 LLR=-0.09 (game LLR=-0.09) [CONTINUE]
 295 games  +53 =191 -51   +2 Elo +/- 24   3fold=182 (62%)   1638s   ANOMALIES: 1   mean=0.503 LLR=-0.09 (game LLR=-0.09) [CONTINUE]
 296 games  +54 =191 -51   +4 Elo +/- 24   3fold=182 (61%)   1640s   ANOMALIES: 1   mean=0.505 LLR=-0.09 (game LLR=-0.03) [CONTINUE]
 297 games  +55 =191 -51   +5 Elo +/- 24   3fold=182 (61%)   1649s   ANOMALIES: 1   mean=0.507 LLR=-0.09 (game LLR=+0.04) [CONTINUE]
 298 games  +56 =191 -51   +6 Elo +/- 24   3fold=182 (61%)   1654s   ANOMALIES: 1   mean=0.508 LLR=-0.09 (game LLR=+0.10) [CONTINUE]
 299 games  +56 =191 -52   +5 Elo +/- 24   3fold=182 (61%)   1660s   ANOMALIES: 1   mean=0.507 LLR=-0.03 (game LLR=+0.04) [CONTINUE]
 300 games  +56 =192 -52   +5 Elo +/- 24   3fold=183 (61%)   1668s   ANOMALIES: 1   mean=0.507 LLR=-0.03 (game LLR=+0.03) [CONTINUE]
 301 games  +56 =192 -53   +3 Elo +/- 24   3fold=183 (61%)   1669s   ANOMALIES: 1   mean=0.505 LLR=-0.03 (game LLR=-0.03) [CONTINUE]
 302 games  +56 =192 -54   +2 Elo +/- 24   3fold=183 (61%)   1671s   ANOMALIES: 1   mean=0.503 LLR=-0.09 (game LLR=-0.09) [CONTINUE]
 303 games  +56 =193 -54   +2 Elo +/- 24   3fold=184 (61%)   1680s   ANOMALIES: 1   mean=0.503 LLR=-0.10 (game LLR=-0.09) [CONTINUE]
 304 games  +56 =194 -54   +2 Elo +/- 24   3fold=185 (61%)   1686s   ANOMALIES: 1   mean=0.503 LLR=-0.03 (game LLR=-0.10) [CONTINUE]
 305 games  +56 =195 -54   +2 Elo +/- 23   3fold=186 (61%)   1695s   ANOMALIES: 1   mean=0.503 LLR=-0.03 (game LLR=-0.10) [CONTINUE]
 306 games  +56 =196 -54   +2 Elo +/- 23   3fold=187 (61%)   1696s   ANOMALIES: 1   mean=0.503 LLR=-0.03 (game LLR=-0.10) [CONTINUE]
 307 games  +56 =197 -54   +2 Elo +/- 23   3fold=187 (61%)   1697s   ANOMALIES: 1   mean=0.503 LLR=-0.10 (game LLR=-0.10) [CONTINUE]
 308 games  +56 =198 -54   +2 Elo +/- 23   3fold=188 (61%)   1706s   ANOMALIES: 1   mean=0.503 LLR=-0.10 (game LLR=-0.10) [CONTINUE]
 309 games  +56 =199 -54   +2 Elo +/- 23   3fold=188 (61%)   1708s   ANOMALIES: 1   mean=0.503 LLR=-0.10 (game LLR=-0.10) [CONTINUE]
 310 games  +56 =200 -54   +2 Elo +/- 23   3fold=189 (61%)   1714s   ANOMALIES: 1   mean=0.503 LLR=-0.10 (game LLR=-0.10) [CONTINUE]
 311 games  +56 =201 -54   +2 Elo +/- 23   3fold=190 (61%)   1724s   ANOMALIES: 1   mean=0.503 LLR=-0.10 (game LLR=-0.10) [CONTINUE]
 312 games  +56 =202 -54   +2 Elo +/- 23   3fold=190 (61%)   1727s   ANOMALIES: 1   mean=0.503 LLR=-0.10 (game LLR=-0.10) [CONTINUE]
 313 games  +56 =203 -54   +2 Elo +/- 23   3fold=191 (61%)   1730s   ANOMALIES: 1   mean=0.503 LLR=-0.11 (game LLR=-0.11) [CONTINUE]
 314 games  +57 =203 -54   +3 Elo +/- 23   3fold=191 (61%)   1731s   ANOMALIES: 1   mean=0.505 LLR=-0.11 (game LLR=-0.04) [CONTINUE]
 315 games  +57 =204 -54   +3 Elo +/- 23   3fold=192 (61%)   1740s   ANOMALIES: 1   mean=0.505 LLR=-0.11 (game LLR=-0.04) [CONTINUE]
 316 games  +57 =205 -54   +3 Elo +/- 23   3fold=193 (61%)   1743s   ANOMALIES: 1   mean=0.505 LLR=-0.11 (game LLR=-0.04) [CONTINUE]
 317 games  +58 =205 -54   +4 Elo +/- 23   3fold=193 (61%)   1752s   ANOMALIES: 1   mean=0.506 LLR=-0.11 (game LLR=+0.02) [CONTINUE]
 318 games  +58 =206 -54   +4 Elo +/- 23   3fold=194 (61%)   1752s   ANOMALIES: 1   mean=0.506 LLR=-0.11 (game LLR=+0.02) [CONTINUE]
 319 games  +58 =206 -55   +3 Elo +/- 23   3fold=194 (61%)   1759s   ANOMALIES: 1   mean=0.505 LLR=-0.11 (game LLR=-0.04) [CONTINUE]
 320 games  +58 =206 -56   +2 Elo +/- 23   3fold=194 (61%)   1762s   ANOMALIES: 1   mean=0.503 LLR=-0.11 (game LLR=-0.11) [CONTINUE]
 321 games  +58 =206 -57   +1 Elo +/- 23   3fold=194 (60%)   1768s   ANOMALIES: 1   mean=0.502 LLR=-0.11 (game LLR=-0.17) [CONTINUE]
 322 games  +58 =207 -57   +1 Elo +/- 23   3fold=195 (61%)   1774s   ANOMALIES: 1   mean=0.502 LLR=-0.11 (game LLR=-0.17) [CONTINUE]
 323 games  +59 =207 -57   +2 Elo +/- 23   3fold=195 (60%)   1783s   ANOMALIES: 1   mean=0.503 LLR=-0.11 (game LLR=-0.11) [CONTINUE]
 324 games  +59 =207 -58   +1 Elo +/- 23   3fold=195 (60%)   1784s   ANOMALIES: 1   mean=0.502 LLR=-0.05 (game LLR=-0.17) [CONTINUE]
 325 games  +59 =208 -58   +1 Elo +/- 23   3fold=196 (60%)   1785s   ANOMALIES: 1   mean=0.502 LLR=-0.05 (game LLR=-0.18) [CONTINUE]
 326 games  +59 =209 -58   +1 Elo +/- 23   3fold=197 (60%)   1797s   ANOMALIES: 1   mean=0.502 LLR=-0.05 (game LLR=-0.18) [CONTINUE]
 327 games  +59 =210 -58   +1 Elo +/- 23   3fold=198 (61%)   1799s   ANOMALIES: 1   mean=0.502 LLR=-0.12 (game LLR=-0.18) [CONTINUE]
 328 games  +60 =210 -58   +2 Elo +/- 23   3fold=198 (60%)   1805s   ANOMALIES: 1   mean=0.503 LLR=-0.19 (game LLR=-0.11) [CONTINUE]
 329 games  +60 =211 -58   +2 Elo +/- 23   3fold=199 (60%)   1817s   ANOMALIES: 1   mean=0.503 LLR=-0.19 (game LLR=-0.11) [CONTINUE]
 330 games  +60 =212 -58   +2 Elo +/- 22   3fold=200 (61%)   1818s   ANOMALIES: 1   mean=0.503 LLR=-0.19 (game LLR=-0.12) [CONTINUE]
 331 games  +60 =213 -58   +2 Elo +/- 22   3fold=201 (61%)   1825s   ANOMALIES: 1   mean=0.503 LLR=-0.19 (game LLR=-0.12) [CONTINUE]
 332 games  +60 =214 -58   +2 Elo +/- 22   3fold=202 (61%)   1828s   ANOMALIES: 1   mean=0.503 LLR=-0.19 (game LLR=-0.12) [CONTINUE]
 333 games  +60 =215 -58   +2 Elo +/- 22   3fold=203 (61%)   1828s   ANOMALIES: 1   mean=0.503 LLR=-0.12 (game LLR=-0.12) [CONTINUE]
 334 games  +60 =216 -58   +2 Elo +/- 22   3fold=204 (61%)   1833s   ANOMALIES: 1   mean=0.503 LLR=-0.12 (game LLR=-0.12) [CONTINUE]
 335 games  +61 =216 -58   +3 Elo +/- 22   3fold=204 (61%)   1847s   ANOMALIES: 1   mean=0.504 LLR=-0.12 (game LLR=-0.06) [CONTINUE]
 336 games  +61 =216 -59   +2 Elo +/- 22   3fold=204 (61%)   1852s   ANOMALIES: 1   mean=0.503 LLR=-0.06 (game LLR=-0.12) [CONTINUE]
 337 games  +62 =216 -59   +3 Elo +/- 22   3fold=204 (61%)   1858s   ANOMALIES: 1   mean=0.504 LLR=-0.13 (game LLR=-0.06) [CONTINUE]
 338 games  +62 =217 -59   +3 Elo +/- 22   3fold=205 (61%)   1859s   ANOMALIES: 1   mean=0.504 LLR=-0.13 (game LLR=-0.06) [CONTINUE]
 339 games  +62 =217 -60   +2 Elo +/- 22   3fold=205 (60%)   1859s   ANOMALIES: 1   mean=0.503 LLR=-0.13 (game LLR=-0.12) [CONTINUE]
 340 games  +62 =218 -60   +2 Elo +/- 22   3fold=206 (61%)   1864s   ANOMALIES: 1   mean=0.503 LLR=-0.20 (game LLR=-0.12) [CONTINUE]
 341 games  +63 =218 -60   +3 Elo +/- 22   3fold=206 (60%)   1882s   ANOMALIES: 1   mean=0.504 LLR=-0.20 (game LLR=-0.06) [CONTINUE]
 342 games  +64 =218 -60   +4 Elo +/- 22   3fold=206 (60%)   1882s   ANOMALIES: 1   mean=0.506 LLR=-0.20 (game LLR=+0.00) [CONTINUE]
 343 games  +64 =219 -60   +4 Elo +/- 22   3fold=207 (60%)   1886s   ANOMALIES: 1   mean=0.506 LLR=-0.20 (game LLR=+0.00) [CONTINUE]
 344 games  +64 =219 -61   +3 Elo +/- 22   3fold=207 (60%)   1887s   ANOMALIES: 1   mean=0.504 LLR=-0.13 (game LLR=-0.06) [CONTINUE]
 345 games  +64 =220 -61   +3 Elo +/- 22   3fold=208 (60%)   1891s   ANOMALIES: 1   mean=0.504 LLR=-0.20 (game LLR=-0.06) [CONTINUE]
 346 games  +64 =221 -61   +3 Elo +/- 22   3fold=209 (60%)   1892s   ANOMALIES: 1   mean=0.504 LLR=-0.20 (game LLR=-0.06) [CONTINUE]
 347 games  +64 =222 -61   +3 Elo +/- 22   3fold=210 (61%)   1910s   ANOMALIES: 1   mean=0.504 LLR=-0.20 (game LLR=-0.06) [CONTINUE]
 348 games  +64 =222 -62   +2 Elo +/- 22   3fold=210 (60%)   1915s   ANOMALIES: 1   mean=0.503 LLR=-0.13 (game LLR=-0.13) [CONTINUE]
 349 games  +64 =223 -62   +2 Elo +/- 22   3fold=211 (60%)   1918s   ANOMALIES: 1   mean=0.503 LLR=-0.13 (game LLR=-0.13) [CONTINUE]
 350 games  +64 =224 -62   +2 Elo +/- 22   3fold=212 (61%)   1919s   ANOMALIES: 1   mean=0.503 LLR=-0.13 (game LLR=-0.13) [CONTINUE]
 351 games  +65 =224 -62   +3 Elo +/- 22   3fold=212 (60%)   1922s   ANOMALIES: 1   mean=0.504 LLR=-0.14 (game LLR=-0.07) [CONTINUE]
 352 games  +65 =225 -62   +3 Elo +/- 22   3fold=213 (61%)   1926s   ANOMALIES: 1   mean=0.504 LLR=-0.07 (game LLR=-0.07) [CONTINUE]
 353 games  +65 =225 -63   +2 Elo +/- 22   3fold=213 (60%)   1940s   ANOMALIES: 1   mean=0.503 LLR=-0.00 (game LLR=-0.13) [CONTINUE]
 354 games  +65 =226 -63   +2 Elo +/- 22   3fold=214 (60%)   1947s   ANOMALIES: 1   mean=0.503 LLR=-0.00 (game LLR=-0.13) [CONTINUE]
 355 games  +65 =226 -64   +1 Elo +/- 22   3fold=214 (60%)   1950s   ANOMALIES: 1   mean=0.501 LLR=-0.07 (game LLR=-0.20) [CONTINUE]
 356 games  +65 =226 -65   -0 Elo +/- 22   3fold=214 (60%)   1951s   ANOMALIES: 1   mean=0.500 LLR=-0.14 (game LLR=-0.26) [CONTINUE]
 357 games  +65 =227 -65   -0 Elo +/- 22   3fold=214 (60%)   1953s   ANOMALIES: 1   mean=0.500 LLR=-0.14 (game LLR=-0.26) [CONTINUE]
 358 games  +65 =228 -65   -0 Elo +/- 22   3fold=215 (60%)   1956s   ANOMALIES: 1   mean=0.500 LLR=-0.14 (game LLR=-0.26) [CONTINUE]
 359 games  +65 =228 -66   -1 Elo +/- 22   3fold=215 (60%)   1973s   ANOMALIES: 1   mean=0.499 LLR=-0.14 (game LLR=-0.32) [CONTINUE]
 360 games  +65 =229 -66   -1 Elo +/- 22   3fold=216 (60%)   1973s   ANOMALIES: 1   mean=0.499 LLR=-0.27 (game LLR=-0.33) [CONTINUE]
 361 games  +65 =230 -66   -1 Elo +/- 22   3fold=217 (60%)   1976s   ANOMALIES: 1   mean=0.499 LLR=-0.27 (game LLR=-0.33) [CONTINUE]
 362 games  +65 =231 -66   -1 Elo +/- 22   3fold=218 (60%)   1979s   ANOMALIES: 1   mean=0.499 LLR=-0.27 (game LLR=-0.33) [CONTINUE]
 363 games  +66 =231 -66   -0 Elo +/- 22   3fold=218 (60%)   1980s   ANOMALIES: 1   mean=0.500 LLR=-0.27 (game LLR=-0.26) [CONTINUE]
 364 games  +67 =231 -66   +1 Elo +/- 22   3fold=218 (60%)   1982s   ANOMALIES: 1   mean=0.501 LLR=-0.21 (game LLR=-0.20) [CONTINUE]
 365 games  +67 =232 -66   +1 Elo +/- 22   3fold=219 (60%)   2001s   ANOMALIES: 1   mean=0.501 LLR=-0.21 (game LLR=-0.20) [CONTINUE]
 366 games  +67 =233 -66   +1 Elo +/- 21   3fold=220 (60%)   2005s   ANOMALIES: 1   mean=0.501 LLR=-0.21 (game LLR=-0.20) [CONTINUE]
 367 games  +67 =234 -66   +1 Elo +/- 21   3fold=221 (60%)   2008s   ANOMALIES: 1   mean=0.501 LLR=-0.21 (game LLR=-0.20) [CONTINUE]
 368 games  +67 =234 -67   -0 Elo +/- 21   3fold=221 (60%)   2012s   ANOMALIES: 1   mean=0.500 LLR=-0.21 (game LLR=-0.27) [CONTINUE]
 369 games  +68 =234 -67   +1 Elo +/- 21   3fold=221 (60%)   2012s   ANOMALIES: 1   mean=0.501 LLR=-0.28 (game LLR=-0.20) [CONTINUE]
 370 games  +69 =234 -67   +2 Elo +/- 21   3fold=221 (60%)   2013s   ANOMALIES: 1   mean=0.503 LLR=-0.28 (game LLR=-0.14) [CONTINUE]
 371 games  +69 =234 -68   +1 Elo +/- 22   3fold=221 (60%)   2029s   ANOMALIES: 1   mean=0.501 LLR=-0.28 (game LLR=-0.20) [CONTINUE]
 372 games  +69 =235 -68   +1 Elo +/- 21   3fold=222 (60%)   2037s   ANOMALIES: 1   mean=0.501 LLR=-0.28 (game LLR=-0.21) [CONTINUE]
 373 games  +69 =236 -68   +1 Elo +/- 21   3fold=223 (60%)   2040s   ANOMALIES: 1   mean=0.501 LLR=-0.28 (game LLR=-0.21) [CONTINUE]
 374 games  +69 =236 -69   -0 Elo +/- 21   3fold=223 (60%)   2044s   ANOMALIES: 1   mean=0.500 LLR=-0.29 (game LLR=-0.27) [CONTINUE]
 375 games  +69 =237 -69   -0 Elo +/- 21   3fold=224 (60%)   2045s   ANOMALIES: 1   mean=0.500 LLR=-0.29 (game LLR=-0.27) [CONTINUE]
 376 games  +69 =238 -69   -0 Elo +/- 21   3fold=225 (60%)   2056s   ANOMALIES: 1   mean=0.500 LLR=-0.22 (game LLR=-0.27) [CONTINUE]
 377 games  +69 =239 -69   -0 Elo +/- 21   3fold=226 (60%)   2059s   ANOMALIES: 1   mean=0.500 LLR=-0.22 (game LLR=-0.27) [CONTINUE]
 378 games  +69 =240 -69   -0 Elo +/- 21   3fold=227 (60%)   2067s   ANOMALIES: 1   mean=0.500 LLR=-0.29 (game LLR=-0.27) [CONTINUE]
 379 games  +70 =240 -69   +1 Elo +/- 21   3fold=227 (60%)   2072s   ANOMALIES: 1   mean=0.501 LLR=-0.29 (game LLR=-0.21) [CONTINUE]
 380 games  +70 =241 -69   +1 Elo +/- 21   3fold=228 (60%)   2076s   ANOMALIES: 1   mean=0.501 LLR=-0.29 (game LLR=-0.21) [CONTINUE]
 381 games  +70 =242 -69   +1 Elo +/- 21   3fold=229 (60%)   2077s   ANOMALIES: 1   mean=0.501 LLR=-0.29 (game LLR=-0.21) [CONTINUE]
 382 games  +70 =243 -69   +1 Elo +/- 21   3fold=230 (60%)   2084s   ANOMALIES: 1   mean=0.501 LLR=-0.29 (game LLR=-0.21) [CONTINUE]
 383 games  +70 =244 -69   +1 Elo +/- 21   3fold=231 (60%)   2091s   ANOMALIES: 1   mean=0.501 LLR=-0.30 (game LLR=-0.22) [CONTINUE]
 384 games  +70 =244 -70   -0 Elo +/- 21   3fold=231 (60%)   2102s   ANOMALIES: 1   mean=0.500 LLR=-0.30 (game LLR=-0.28) [CONTINUE]
 385 games  +71 =244 -70   +1 Elo +/- 21   3fold=231 (60%)   2103s   ANOMALIES: 1   mean=0.501 LLR=-0.30 (game LLR=-0.22) [CONTINUE]
 386 games  +71 =245 -70   +1 Elo +/- 21   3fold=232 (60%)   2108s   ANOMALIES: 1   mean=0.501 LLR=-0.23 (game LLR=-0.22) [CONTINUE]
 387 games  +71 =246 -70   +1 Elo +/- 21   3fold=233 (60%)   2111s   ANOMALIES: 1   mean=0.501 LLR=-0.23 (game LLR=-0.22) [CONTINUE]
 388 games  +71 =247 -70   +1 Elo +/- 21   3fold=234 (60%)   2113s   ANOMALIES: 1   mean=0.501 LLR=-0.24 (game LLR=-0.22) [CONTINUE]
 389 games  +71 =248 -70   +1 Elo +/- 21   3fold=235 (60%)   2129s   ANOMALIES: 1   mean=0.501 LLR=-0.24 (game LLR=-0.22) [CONTINUE]
 390 games  +72 =248 -70   +2 Elo +/- 21   3fold=235 (60%)   2129s   ANOMALIES: 1   mean=0.503 LLR=-0.24 (game LLR=-0.16) [CONTINUE]
 391 games  +72 =248 -71   +1 Elo +/- 21   3fold=235 (60%)   2132s   ANOMALIES: 1   mean=0.501 LLR=-0.17 (game LLR=-0.22) [CONTINUE]
 392 games  +72 =249 -71   +1 Elo +/- 21   3fold=236 (60%)   2138s   ANOMALIES: 1   mean=0.501 LLR=-0.17 (game LLR=-0.22) [CONTINUE]
 393 games  +72 =250 -71   +1 Elo +/- 21   3fold=237 (60%)   2141s   ANOMALIES: 1   mean=0.501 LLR=-0.17 (game LLR=-0.22) [CONTINUE]
 394 games  +72 =251 -71   +1 Elo +/- 21   3fold=238 (60%)   2141s   ANOMALIES: 1   mean=0.501 LLR=-0.17 (game LLR=-0.22) [CONTINUE]
 395 games  +72 =252 -71   +1 Elo +/- 21   3fold=239 (61%)   2164s   ANOMALIES: 1   mean=0.501 LLR=-0.17 (game LLR=-0.23) [CONTINUE]
 396 games  +72 =252 -72   -0 Elo +/- 21   3fold=239 (60%)   2166s   ANOMALIES: 1   mean=0.500 LLR=-0.17 (game LLR=-0.29) [CONTINUE]
 397 games  +72 =252 -73   -1 Elo +/- 21   3fold=239 (60%)   2167s   ANOMALIES: 1   mean=0.499 LLR=-0.30 (game LLR=-0.35) [CONTINUE]
 398 games  +73 =252 -73   -0 Elo +/- 21   3fold=239 (60%)   2171s   ANOMALIES: 1   mean=0.500 LLR=-0.37 (game LLR=-0.29) [CONTINUE]
 399 games  +73 =253 -73   -0 Elo +/- 21   3fold=240 (60%)   2172s   ANOMALIES: 1   mean=0.500 LLR=-0.31 (game LLR=-0.29) [CONTINUE]
 400 games  +73 =254 -73   -0 Elo +/- 21   3fold=241 (60%)   2177s   ANOMALIES: 1   mean=0.500 LLR=-0.31 (game LLR=-0.29) [CONTINUE]
 401 games  +73 =254 -74   -1 Elo +/- 21   3fold=241 (60%)   2192s   ANOMALIES: 1   mean=0.499 LLR=-0.31 (game LLR=-0.35) [CONTINUE]
 402 games  +73 =255 -74   -1 Elo +/- 21   3fold=242 (60%)   2196s   ANOMALIES: 1   mean=0.499 LLR=-0.38 (game LLR=-0.35) [CONTINUE]
 403 games  +73 =256 -74   -1 Elo +/- 21   3fold=243 (60%)   2197s   ANOMALIES: 1   mean=0.499 LLR=-0.38 (game LLR=-0.36) [CONTINUE]
 404 games  +73 =257 -74   -1 Elo +/- 20   3fold=244 (60%)   2198s   ANOMALIES: 1   mean=0.499 LLR=-0.38 (game LLR=-0.36) [CONTINUE]
 405 games  +73 =258 -74   -1 Elo +/- 20   3fold=245 (60%)   2200s   ANOMALIES: 1   mean=0.499 LLR=-0.38 (game LLR=-0.36) [CONTINUE]
 406 games  +73 =259 -74   -1 Elo +/- 20   3fold=246 (61%)   2207s   ANOMALIES: 1   mean=0.499 LLR=-0.38 (game LLR=-0.36) [CONTINUE]
 407 games  +73 =260 -74   -1 Elo +/- 20   3fold=247 (61%)   2212s   ANOMALIES: 1   mean=0.499 LLR=-0.38 (game LLR=-0.36) [CONTINUE]
 408 games  +73 =261 -74   -1 Elo +/- 20   3fold=248 (61%)   2226s   ANOMALIES: 1   mean=0.499 LLR=-0.38 (game LLR=-0.36) [CONTINUE]
 409 games  +73 =262 -74   -1 Elo +/- 20   3fold=249 (61%)   2228s   ANOMALIES: 1   mean=0.499 LLR=-0.38 (game LLR=-0.37) [CONTINUE]
 410 games  +74 =262 -74   -0 Elo +/- 20   3fold=249 (61%)   2231s   ANOMALIES: 1   mean=0.500 LLR=-0.39 (game LLR=-0.30) [CONTINUE]
 411 games  +74 =263 -74   -0 Elo +/- 20   3fold=250 (61%)   2231s   ANOMALIES: 1   mean=0.500 LLR=-0.39 (game LLR=-0.30) [CONTINUE]
 412 games  +75 =263 -74   +1 Elo +/- 20   3fold=250 (61%)   2242s   ANOMALIES: 1   mean=0.501 LLR=-0.39 (game LLR=-0.24) [CONTINUE]
 413 games  +76 =263 -74   +2 Elo +/- 20   3fold=250 (61%)   2244s   ANOMALIES: 1   mean=0.502 LLR=-0.32 (game LLR=-0.17) [CONTINUE]
 414 games  +76 =263 -75   +1 Elo +/- 20   3fold=250 (60%)   2255s   ANOMALIES: 1   mean=0.501 LLR=-0.26 (game LLR=-0.24) [CONTINUE]
 415 games  +76 =264 -75   +1 Elo +/- 20   3fold=251 (60%)   2258s   ANOMALIES: 1   mean=0.501 LLR=-0.26 (game LLR=-0.24) [CONTINUE]
 416 games  +76 =264 -76   -0 Elo +/- 20   3fold=251 (60%)   2265s   ANOMALIES: 1   mean=0.500 LLR=-0.26 (game LLR=-0.30) [CONTINUE]
 417 games  +77 =264 -76   +1 Elo +/- 20   3fold=251 (60%)   2266s   ANOMALIES: 1   mean=0.501 LLR=-0.26 (game LLR=-0.24) [CONTINUE]
 418 games  +77 =264 -77   -0 Elo +/- 20   3fold=251 (60%)   2271s   ANOMALIES: 1   mean=0.500 LLR=-0.12 (game LLR=-0.30) [CONTINUE]
 419 games  +77 =265 -77   -0 Elo +/- 20   3fold=252 (60%)   2272s   ANOMALIES: 1   mean=0.500 LLR=-0.12 (game LLR=-0.30) [CONTINUE]
 420 games  +77 =266 -77   -0 Elo +/- 20   3fold=253 (60%)   2280s   ANOMALIES: 1   mean=0.500 LLR=-0.12 (game LLR=-0.30) [CONTINUE]
 421 games  +77 =267 -77   -0 Elo +/- 20   3fold=253 (60%)   2284s   ANOMALIES: 1   mean=0.500 LLR=-0.19 (game LLR=-0.30) [CONTINUE]
 422 games  +77 =268 -77   -0 Elo +/- 20   3fold=254 (60%)   2286s   ANOMALIES: 1   mean=0.500 LLR=-0.19 (game LLR=-0.31) [CONTINUE]
 423 games  +77 =268 -78   -1 Elo +/- 20   3fold=254 (60%)   2299s   ANOMALIES: 1   mean=0.499 LLR=-0.26 (game LLR=-0.37) [CONTINUE]
 424 games  +77 =268 -79   -2 Elo +/- 20   3fold=254 (60%)   2301s   ANOMALIES: 1   mean=0.498 LLR=-0.26 (game LLR=-0.43) [CONTINUE]
 425 games  +77 =269 -79   -2 Elo +/- 20   3fold=255 (60%)   2303s   ANOMALIES: 1   mean=0.498 LLR=-0.38 (game LLR=-0.43) [CONTINUE]
 426 games  +78 =269 -79   -1 Elo +/- 20   3fold=255 (60%)   2311s   ANOMALIES: 1   mean=0.499 LLR=-0.39 (game LLR=-0.37) [CONTINUE]
 427 games  +78 =270 -79   -1 Elo +/- 20   3fold=256 (60%)   2316s   ANOMALIES: 1   mean=0.499 LLR=-0.39 (game LLR=-0.37) [CONTINUE]
 428 games  +78 =271 -79   -1 Elo +/- 20   3fold=257 (60%)   2316s   ANOMALIES: 1   mean=0.499 LLR=-0.39 (game LLR=-0.37) [CONTINUE]
 429 games  +79 =271 -79   -0 Elo +/- 20   3fold=257 (60%)   2330s   ANOMALIES: 1   mean=0.500 LLR=-0.39 (game LLR=-0.31) [CONTINUE]
 430 games  +79 =271 -80   -1 Elo +/- 20   3fold=257 (60%)   2330s   ANOMALIES: 1   mean=0.499 LLR=-0.39 (game LLR=-0.37) [CONTINUE]
 431 games  +80 =271 -80   -0 Elo +/- 20   3fold=257 (60%)   2331s   ANOMALIES: 1   mean=0.500 LLR=-0.39 (game LLR=-0.31) [CONTINUE]
 432 games  +80 =271 -81   -1 Elo +/- 20   3fold=257 (59%)   2345s   ANOMALIES: 1   mean=0.499 LLR=-0.39 (game LLR=-0.37) [CONTINUE]
 433 games  +80 =272 -81   -1 Elo +/- 20   3fold=258 (60%)   2345s   ANOMALIES: 1   mean=0.499 LLR=-0.39 (game LLR=-0.37) [CONTINUE]
 434 games  +80 =272 -82   -2 Elo +/- 20   3fold=258 (59%)   2347s   ANOMALIES: 1   mean=0.498 LLR=-0.40 (game LLR=-0.43) [CONTINUE]
 435 games  +81 =272 -82   -1 Elo +/- 20   3fold=258 (59%)   2360s   ANOMALIES: 1   mean=0.499 LLR=-0.46 (game LLR=-0.37) [CONTINUE]
 436 games  +81 =272 -83   -2 Elo +/- 20   3fold=258 (59%)   2361s   ANOMALIES: 1   mean=0.498 LLR=-0.32 (game LLR=-0.43) [CONTINUE]
 437 games  +81 =272 -84   -2 Elo +/- 20   3fold=258 (59%)   2362s   ANOMALIES: 1   mean=0.497 LLR=-0.32 (game LLR=-0.49) [CONTINUE]
 438 games  +81 =273 -84   -2 Elo +/- 20   3fold=259 (59%)   2370s   ANOMALIES: 1   mean=0.497 LLR=-0.45 (game LLR=-0.49) [CONTINUE]
 439 games  +81 =274 -84   -2 Elo +/- 20   3fold=260 (59%)   2380s   ANOMALIES: 1   mean=0.497 LLR=-0.45 (game LLR=-0.49) [CONTINUE]
 440 games  +81 =275 -84   -2 Elo +/- 20   3fold=261 (59%)   2382s   ANOMALIES: 1   mean=0.497 LLR=-0.45 (game LLR=-0.50) [CONTINUE]
 441 games  +81 =276 -84   -2 Elo +/- 20   3fold=262 (59%)   2390s   ANOMALIES: 1   mean=0.497 LLR=-0.45 (game LLR=-0.50) [CONTINUE]
 442 games  +81 =276 -85   -3 Elo +/- 20   3fold=262 (59%)   2392s   ANOMALIES: 1   mean=0.495 LLR=-0.51 (game LLR=-0.56) [CONTINUE]
 443 games  +82 =276 -85   -2 Elo +/- 20   3fold=262 (59%)   2394s   ANOMALIES: 1   mean=0.497 LLR=-0.51 (game LLR=-0.49) [CONTINUE]
 444 games  +82 =277 -85   -2 Elo +/- 20   3fold=263 (59%)   2406s   ANOMALIES: 1   mean=0.497 LLR=-0.51 (game LLR=-0.50) [CONTINUE]
 445 games  +82 =278 -85   -2 Elo +/- 20   3fold=264 (59%)   2409s   ANOMALIES: 1   mean=0.497 LLR=-0.51 (game LLR=-0.50) [CONTINUE]
 446 games  +82 =278 -86   -3 Elo +/- 20   3fold=264 (59%)   2416s   ANOMALIES: 1   mean=0.496 LLR=-0.52 (game LLR=-0.56) [CONTINUE]
 447 games  +82 =279 -86   -3 Elo +/- 20   3fold=264 (59%)   2422s   ANOMALIES: 1   mean=0.496 LLR=-0.58 (game LLR=-0.56) [CONTINUE]
 448 games  +82 =280 -86   -3 Elo +/- 20   3fold=265 (59%)   2425s   ANOMALIES: 1   mean=0.496 LLR=-0.58 (game LLR=-0.56) [CONTINUE]
 449 games  +83 =280 -86   -2 Elo +/- 20   3fold=265 (59%)   2432s   ANOMALIES: 1   mean=0.497 LLR=-0.65 (game LLR=-0.50) [CONTINUE]
 450 games  +83 =281 -86   -2 Elo +/- 20   3fold=266 (59%)   2433s   ANOMALIES: 1   mean=0.497 LLR=-0.51 (game LLR=-0.50) [CONTINUE]
 451 games  +83 =282 -86   -2 Elo +/- 20   3fold=267 (59%)   2442s   ANOMALIES: 1   mean=0.497 LLR=-0.51 (game LLR=-0.50) [CONTINUE]
 452 games  +83 =283 -86   -2 Elo +/- 20   3fold=268 (59%)   2451s   ANOMALIES: 1   mean=0.497 LLR=-0.51 (game LLR=-0.51) [CONTINUE]
 453 games  +84 =283 -86   -2 Elo +/- 20   3fold=268 (59%)   2452s   ANOMALIES: 1   mean=0.498 LLR=-0.51 (game LLR=-0.44) [CONTINUE]
 454 games  +85 =283 -86   -1 Elo +/- 20   3fold=268 (59%)   2459s   ANOMALIES: 1   mean=0.499 LLR=-0.51 (game LLR=-0.38) [CONTINUE]
 455 games  +85 =283 -87   -2 Elo +/- 20   3fold=268 (59%)   2464s   ANOMALIES: 1   mean=0.498 LLR=-0.45 (game LLR=-0.44) [CONTINUE]
 456 games  +85 =284 -87   -2 Elo +/- 20   3fold=269 (59%)   2466s   ANOMALIES: 1   mean=0.498 LLR=-0.45 (game LLR=-0.44) [CONTINUE]
 457 games  +85 =285 -87   -2 Elo +/- 20   3fold=270 (59%)   2479s   ANOMALIES: 1   mean=0.498 LLR=-0.45 (game LLR=-0.44) [CONTINUE]
 458 games  +85 =286 -87   -2 Elo +/- 20   3fold=270 (59%)   2481s   ANOMALIES: 1   mean=0.498 LLR=-0.46 (game LLR=-0.45) [CONTINUE]
 459 games  +85 =286 -88   -2 Elo +/- 20   3fold=270 (59%)   2485s   ANOMALIES: 1   mean=0.497 LLR=-0.46 (game LLR=-0.51) [CONTINUE]
 460 games  +85 =287 -88   -2 Elo +/- 19   3fold=271 (59%)   2488s   ANOMALIES: 1   mean=0.497 LLR=-0.46 (game LLR=-0.51) [CONTINUE]
 461 games  +85 =288 -88   -2 Elo +/- 19   3fold=272 (59%)   2494s   ANOMALIES: 1   mean=0.497 LLR=-0.46 (game LLR=-0.51) [CONTINUE]
 462 games  +85 =289 -88   -2 Elo +/- 19   3fold=273 (59%)   2503s   ANOMALIES: 1   mean=0.497 LLR=-0.46 (game LLR=-0.51) [CONTINUE]
 463 games  +86 =289 -88   -2 Elo +/- 19   3fold=273 (59%)   2505s   ANOMALIES: 1   mean=0.498 LLR=-0.53 (game LLR=-0.45) [CONTINUE]
 464 games  +87 =289 -88   -1 Elo +/- 19   3fold=273 (59%)   2511s   ANOMALIES: 1   mean=0.499 LLR=-0.53 (game LLR=-0.39) [CONTINUE]
 465 games  +87 =289 -89   -1 Elo +/- 19   3fold=273 (59%)   2514s   ANOMALIES: 1   mean=0.498 LLR=-0.53 (game LLR=-0.45) [CONTINUE]
 466 games  +87 =289 -90   -2 Elo +/- 19   3fold=273 (59%)   2523s   ANOMALIES: 1   mean=0.497 LLR=-0.53 (game LLR=-0.51) [CONTINUE]
 467 games  +87 =290 -90   -2 Elo +/- 19   3fold=274 (59%)   2524s   ANOMALIES: 1   mean=0.497 LLR=-0.59 (game LLR=-0.51) [CONTINUE]
 468 games  +88 =290 -90   -1 Elo +/- 19   3fold=274 (59%)   2532s   ANOMALIES: 1   mean=0.498 LLR=-0.59 (game LLR=-0.45) [CONTINUE]
 469 games  +89 =290 -90   -1 Elo +/- 19   3fold=274 (58%)   2535s   ANOMALIES: 1   mean=0.499 LLR=-0.59 (game LLR=-0.39) [CONTINUE]
 470 games  +89 =291 -90   -1 Elo +/- 19   3fold=275 (59%)   2539s   ANOMALIES: 1   mean=0.499 LLR=-0.46 (game LLR=-0.39) [CONTINUE]
 471 games  +89 =292 -90   -1 Elo +/- 19   3fold=276 (59%)   2545s   ANOMALIES: 1   mean=0.499 LLR=-0.40 (game LLR=-0.39) [CONTINUE]
 472 games  +89 =292 -91   -1 Elo +/- 19   3fold=276 (58%)   2550s   ANOMALIES: 1   mean=0.498 LLR=-0.46 (game LLR=-0.45) [CONTINUE]
 473 games  +90 =292 -91   -1 Elo +/- 19   3fold=276 (58%)   2556s   ANOMALIES: 1   mean=0.499 LLR=-0.46 (game LLR=-0.39) [CONTINUE]
 474 games  +90 =292 -92   -1 Elo +/- 19   3fold=276 (58%)   2562s   ANOMALIES: 1   mean=0.498 LLR=-0.46 (game LLR=-0.45) [CONTINUE]
 475 games  +91 =292 -92   -1 Elo +/- 19   3fold=276 (58%)   2565s   ANOMALIES: 1   mean=0.499 LLR=-0.46 (game LLR=-0.39) [CONTINUE]
 476 games  +92 =292 -92   -0 Elo +/- 19   3fold=276 (58%)   2570s   ANOMALIES: 1   mean=0.500 LLR=-0.33 (game LLR=-0.33) [CONTINUE]
 477 games  +92 =292 -93   -1 Elo +/- 19   3fold=276 (58%)   2579s   ANOMALIES: 1   mean=0.499 LLR=-0.33 (game LLR=-0.39) [CONTINUE]
 478 games  +93 =292 -93   -0 Elo +/- 19   3fold=276 (58%)   2582s   ANOMALIES: 1   mean=0.500 LLR=-0.33 (game LLR=-0.33) [CONTINUE]
 479 games  +93 =293 -93   -0 Elo +/- 19   3fold=277 (58%)   2582s   ANOMALIES: 1   mean=0.500 LLR=-0.33 (game LLR=-0.33) [CONTINUE]
 480 games  +93 =294 -93   -0 Elo +/- 19   3fold=278 (58%)   2587s   ANOMALIES: 1   mean=0.500 LLR=-0.27 (game LLR=-0.33) [CONTINUE]
 481 games  +94 =294 -93   +1 Elo +/- 19   3fold=278 (58%)   2594s   ANOMALIES: 1   mean=0.501 LLR=-0.34 (game LLR=-0.27) [CONTINUE]
 482 games  +94 =294 -94   -0 Elo +/- 19   3fold=278 (58%)   2597s   ANOMALIES: 1   mean=0.500 LLR=-0.34 (game LLR=-0.33) [CONTINUE]
 483 games  +95 =294 -94   +1 Elo +/- 19   3fold=278 (58%)   2609s   ANOMALIES: 1   mean=0.501 LLR=-0.34 (game LLR=-0.27) [CONTINUE]
 484 games  +95 =295 -94   +1 Elo +/- 19   3fold=279 (58%)   2610s   ANOMALIES: 1   mean=0.501 LLR=-0.34 (game LLR=-0.27) [CONTINUE]
 485 games  +95 =296 -94   +1 Elo +/- 19   3fold=280 (58%)   2615s   ANOMALIES: 1   mean=0.501 LLR=-0.40 (game LLR=-0.27) [CONTINUE]
 486 games  +95 =297 -94   +1 Elo +/- 19   3fold=281 (58%)   2615s   ANOMALIES: 1   mean=0.501 LLR=-0.40 (game LLR=-0.27) [CONTINUE]
 487 games  +95 =298 -94   +1 Elo +/- 19   3fold=282 (58%)   2625s   ANOMALIES: 1   mean=0.501 LLR=-0.40 (game LLR=-0.27) [CONTINUE]
 488 games  +95 =298 -95   -0 Elo +/- 19   3fold=282 (58%)   2627s   ANOMALIES: 1   mean=0.500 LLR=-0.34 (game LLR=-0.33) [CONTINUE]
 489 games  +95 =298 -96   -1 Elo +/- 19   3fold=282 (58%)   2642s   ANOMALIES: 1   mean=0.499 LLR=-0.34 (game LLR=-0.39) [CONTINUE]
 490 games  +96 =298 -96   -0 Elo +/- 19   3fold=282 (58%)   2643s   ANOMALIES: 1   mean=0.500 LLR=-0.34 (game LLR=-0.33) [CONTINUE]
 491 games  +96 =299 -96   -0 Elo +/- 19   3fold=283 (58%)   2644s   ANOMALIES: 1   mean=0.500 LLR=-0.28 (game LLR=-0.33) [CONTINUE]
 492 games  +96 =300 -96   -0 Elo +/- 19   3fold=284 (58%)   2647s   ANOMALIES: 1   mean=0.500 LLR=-0.22 (game LLR=-0.33) [CONTINUE]
 493 games  +96 =301 -96   -0 Elo +/- 19   3fold=285 (58%)   2656s   ANOMALIES: 1   mean=0.500 LLR=-0.22 (game LLR=-0.34) [CONTINUE]
 494 games  +97 =301 -96   +1 Elo +/- 19   3fold=285 (58%)   2656s   ANOMALIES: 1   mean=0.501 LLR=-0.29 (game LLR=-0.28) [CONTINUE]
 495 games  +97 =302 -96   +1 Elo +/- 19   3fold=286 (58%)   2667s   ANOMALIES: 1   mean=0.501 LLR=-0.29 (game LLR=-0.28) [CONTINUE]
 496 games  +97 =303 -96   +1 Elo +/- 19   3fold=287 (58%)   2668s   ANOMALIES: 1   mean=0.501 LLR=-0.35 (game LLR=-0.28) [CONTINUE]
 497 games  +98 =303 -96   +1 Elo +/- 19   3fold=287 (58%)   2673s   ANOMALIES: 1   mean=0.502 LLR=-0.35 (game LLR=-0.22) [CONTINUE]
 498 games  +98 =304 -96   +1 Elo +/- 19   3fold=288 (58%)   2682s   ANOMALIES: 1   mean=0.502 LLR=-0.35 (game LLR=-0.22) [CONTINUE]
 499 games  +98 =305 -96   +1 Elo +/- 19   3fold=288 (58%)   2686s   ANOMALIES: 1   mean=0.502 LLR=-0.35 (game LLR=-0.22) [CONTINUE]
 500 games  +98 =305 -97   +1 Elo +/- 19   3fold=288 (58%)   2688s   ANOMALIES: 1   mean=0.501 LLR=-0.29 (game LLR=-0.28) [CONTINUE]
 501 games  +99 =305 -97   +1 Elo +/- 19   3fold=288 (57%)   2692s   ANOMALIES: 1   mean=0.502 LLR=-0.29 (game LLR=-0.22) [CONTINUE]
 502 games  +99 =305 -98   +1 Elo +/- 19   3fold=288 (57%)   2698s   ANOMALIES: 1   mean=0.501 LLR=-0.29 (game LLR=-0.28) [CONTINUE]
 503 games  +99 =305 -99   -0 Elo +/- 19   3fold=288 (57%)   2702s   ANOMALIES: 1   mean=0.500 LLR=-0.35 (game LLR=-0.34) [CONTINUE]
 504 games  +99 =305 -100   -1 Elo +/- 19   3fold=288 (57%)   2711s   ANOMALIES: 1   mean=0.499 LLR=-0.35 (game LLR=-0.40) [CONTINUE]
 505 games  +99 =306 -100   -1 Elo +/- 19   3fold=289 (57%)   2716s   ANOMALIES: 1   mean=0.499 LLR=-0.41 (game LLR=-0.40) [CONTINUE]
 506 games  +99 =307 -100   -1 Elo +/- 19   3fold=290 (57%)   2718s   ANOMALIES: 1   mean=0.499 LLR=-0.41 (game LLR=-0.40) [CONTINUE]
 507 games  +99 =308 -100   -1 Elo +/- 19   3fold=291 (57%)   2722s   ANOMALIES: 1   mean=0.499 LLR=-0.48 (game LLR=-0.40) [CONTINUE]
 508 games  +99 =309 -100   -1 Elo +/- 19   3fold=292 (57%)   2724s   ANOMALIES: 1   mean=0.499 LLR=-0.42 (game LLR=-0.40) [CONTINUE]
 509 games  +99 =309 -101   -1 Elo +/- 19   3fold=292 (57%)   2733s   ANOMALIES: 1   mean=0.498 LLR=-0.42 (game LLR=-0.46) [CONTINUE]
 510 games  +99 =310 -101   -1 Elo +/- 19   3fold=293 (57%)   2742s   ANOMALIES: 1   mean=0.498 LLR=-0.42 (game LLR=-0.46) [CONTINUE]
 511 games  +99 =311 -101   -1 Elo +/- 19   3fold=294 (58%)   2748s   ANOMALIES: 1   mean=0.498 LLR=-0.42 (game LLR=-0.46) [CONTINUE]
 512 games  +99 =311 -102   -2 Elo +/- 19   3fold=294 (57%)   2750s   ANOMALIES: 1   mean=0.497 LLR=-0.42 (game LLR=-0.52) [CONTINUE]
 513 games  +100 =311 -102   -1 Elo +/- 19   3fold=294 (57%)   2751s   ANOMALIES: 1   mean=0.498 LLR=-0.48 (game LLR=-0.46) [CONTINUE]
 514 games  +100 =312 -102   -1 Elo +/- 19   3fold=295 (57%)   2752s   ANOMALIES: 1   mean=0.498 LLR=-0.48 (game LLR=-0.46) [CONTINUE]
 515 games  +100 =312 -103   -2 Elo +/- 19   3fold=295 (57%)   2765s   ANOMALIES: 1   mean=0.497 LLR=-0.48 (game LLR=-0.52) [CONTINUE]
 516 games  +100 =312 -104   -3 Elo +/- 19   3fold=295 (57%)   2772s   ANOMALIES: 1   mean=0.496 LLR=-0.60 (game LLR=-0.58) [CONTINUE]
 517 games  +100 =312 -105   -3 Elo +/- 19   3fold=295 (57%)   2775s   ANOMALIES: 1   mean=0.495 LLR=-0.66 (game LLR=-0.64) [CONTINUE]
 518 games  +100 =312 -106   -4 Elo +/- 19   3fold=295 (57%)   2780s   ANOMALIES: 1   mean=0.494 LLR=-0.66 (game LLR=-0.69) [CONTINUE]
 519 games  +101 =312 -106   -3 Elo +/- 19   3fold=295 (57%)   2783s   ANOMALIES: 1   mean=0.495 LLR=-0.66 (game LLR=-0.63) [CONTINUE]
 520 games  +101 =313 -106   -3 Elo +/- 19   3fold=296 (57%)   2784s   ANOMALIES: 1   mean=0.495 LLR=-0.53 (game LLR=-0.64) [CONTINUE]
 521 games  +101 =313 -107   -4 Elo +/- 19   3fold=296 (57%)   2794s   ANOMALIES: 1   mean=0.494 LLR=-0.53 (game LLR=-0.69) [CONTINUE]
 522 games  +101 =314 -107   -4 Elo +/- 19   3fold=297 (57%)   2795s   ANOMALIES: 1   mean=0.494 LLR=-0.53 (game LLR=-0.69) [CONTINUE]
 523 games  +102 =314 -107   -3 Elo +/- 19   3fold=297 (57%)   2811s   ANOMALIES: 1   mean=0.495 LLR=-0.53 (game LLR=-0.64) [CONTINUE]
 524 games  +102 =315 -107   -3 Elo +/- 19   3fold=298 (57%)   2813s   ANOMALIES: 1   mean=0.495 LLR=-0.53 (game LLR=-0.64) [CONTINUE]
 525 games  +103 =315 -107   -3 Elo +/- 19   3fold=298 (57%)   2814s   ANOMALIES: 1   mean=0.496 LLR=-0.59 (game LLR=-0.58) [CONTINUE]
 526 games  +103 =315 -108   -3 Elo +/- 19   3fold=298 (57%)   2817s   ANOMALIES: 1   mean=0.495 LLR=-0.59 (game LLR=-0.63) [CONTINUE]
 527 games  +103 =316 -108   -3 Elo +/- 19   3fold=299 (57%)   2827s   ANOMALIES: 1   mean=0.495 LLR=-0.70 (game LLR=-0.64) [CONTINUE]
 528 games  +103 =317 -108   -3 Elo +/- 19   3fold=299 (57%)   2830s   ANOMALIES: 1   mean=0.495 LLR=-0.76 (game LLR=-0.64) [CONTINUE]
 529 games  +103 =318 -108   -3 Elo +/- 19   3fold=300 (57%)   2841s   ANOMALIES: 1   mean=0.495 LLR=-0.76 (game LLR=-0.64) [CONTINUE]
 530 games  +103 =319 -108   -3 Elo +/- 19   3fold=301 (57%)   2842s   ANOMALIES: 1   mean=0.495 LLR=-0.71 (game LLR=-0.64) [CONTINUE]
 531 games  +103 =320 -108   -3 Elo +/- 19   3fold=302 (57%)   2842s   ANOMALIES: 1   mean=0.495 LLR=-0.65 (game LLR=-0.64) [CONTINUE]
 532 games  +103 =321 -108   -3 Elo +/- 19   3fold=303 (57%)   2843s   ANOMALIES: 1   mean=0.495 LLR=-0.65 (game LLR=-0.65) [CONTINUE]
 533 games  +103 =322 -108   -3 Elo +/- 19   3fold=304 (57%)   2857s   ANOMALIES: 1   mean=0.495 LLR=-0.65 (game LLR=-0.65) [CONTINUE]
 534 games  +103 =323 -108   -3 Elo +/- 19   3fold=305 (57%)   2860s   ANOMALIES: 1   mean=0.495 LLR=-0.65 (game LLR=-0.65) [CONTINUE]
*** ANOMALY ***  crash:agent died as black (1-0) -- caused by agent@engine
 535 games  +103 =323 -109   -4 Elo +/- 19   3fold=305 (57%)   2865s   ANOMALIES: 2   mean=0.494 LLR=-0.65 (game LLR=-0.71) [CONTINUE]
*** ANOMALY ***  crash:agent died as white (1-0) -- caused by agent@checkpoints/syzygy
 536 games  +104 =323 -109   -3 Elo +/- 19   3fold=305 (57%)   2865s   ANOMALIES: 3   mean=0.495 LLR=-0.71 (game LLR=-0.65) [CONTINUE]
*** ANOMALY ***  crash:[Errno 22] Invalid argument as black (0-1) -- caused by agent@checkpoints/syzygy
 537 games  +105 =323 -109   -3 Elo +/- 19   3fold=305 (57%)   2865s   ANOMALIES: 4   mean=0.496 LLR=-0.71 (game LLR=-0.59) [CONTINUE]
*** ANOMALY ***  crash:[Errno 22] Invalid argument as white (1-0) -- caused by agent@checkpoints/syzygy
 538 games  +106 =323 -109   -2 Elo +/- 19   3fold=305 (57%)   2865s   ANOMALIES: 5   mean=0.497 LLR=-0.58 (game LLR=-0.53) [CONTINUE]
