gauntlet: agent@engine vs agent@checkpoints/v1 | SPRT elo0=0.0 elo1=8.0 alpha=0.025 beta=0.025 max_games=1500 | 10000ms+100ms | 3 workers
   1 games  +0 =1 -0   -0 Elo +/- 0   3fold=1 (100%)   122s      mean=0.500 LLR=+0.00 [CONTINUE]
   2 games  +0 =2 -0   -0 Elo +/- 0   3fold=2 (100%)   126s      mean=0.500 LLR=+0.00 [CONTINUE]
   3 games  +0 =2 -1   -120 Elo +/- 265   3fold=2 (67%)   133s      mean=0.333 LLR=-0.11 [CONTINUE]
   4 games  +1 =2 -1   -0 Elo +/- 297   3fold=2 (50%)   154s      mean=0.500 LLR=-0.00 [CONTINUE]
   5 games  +1 =3 -1   -0 Elo +/- 217   3fold=3 (60%)   155s      mean=0.500 LLR=-0.00 [CONTINUE]
   6 games  +1 =4 -1   -0 Elo +/- 174   3fold=4 (67%)   157s      mean=0.500 LLR=-0.00 [CONTINUE]
   7 games  +1 =5 -1   -0 Elo +/- 146   3fold=5 (71%)   177s      mean=0.500 LLR=-0.01 [CONTINUE]
   8 games  +1 =6 -1   -0 Elo +/- 126   3fold=6 (75%)   188s      mean=0.500 LLR=-0.01 [CONTINUE]
   9 games  +1 =7 -1   -0 Elo +/- 111   3fold=7 (78%)   192s      mean=0.500 LLR=-0.01 [CONTINUE]
  10 games  +2 =7 -1   +35 Elo +/- 122   3fold=7 (70%)   200s      mean=0.550 LLR=+0.07 [CONTINUE]
  11 games  +2 =8 -1   +32 Elo +/- 110   3fold=8 (73%)   219s      mean=0.545 LLR=+0.08 [CONTINUE]
  12 games  +2 =9 -1   +29 Elo +/- 100   3fold=9 (75%)   221s      mean=0.542 LLR=+0.08 [CONTINUE]
  13 games  +2 =10 -1   +27 Elo +/- 92   3fold=10 (77%)   228s      mean=0.538 LLR=+0.09 [CONTINUE]
  14 games  +2 =11 -1   +25 Elo +/- 85   3fold=11 (79%)   248s      mean=0.536 LLR=+0.09 [CONTINUE]
  15 games  +3 =11 -1   +47 Elo +/- 91   3fold=11 (73%)   250s      mean=0.567 LLR=+0.17 [CONTINUE]
  16 games  +3 =11 -2   +22 Elo +/- 97   3fold=11 (69%)   253s      mean=0.531 LLR=+0.06 [CONTINUE]
  17 games  +3 =12 -2   +20 Elo +/- 91   3fold=12 (71%)   270s      mean=0.529 LLR=+0.06 [CONTINUE]
  18 games  +3 =13 -2   +19 Elo +/- 86   3fold=13 (72%)   277s      mean=0.528 LLR=+0.07 [CONTINUE]
  19 games  +3 =14 -2   +18 Elo +/- 81   3fold=14 (74%)   283s      mean=0.526 LLR=+0.07 [CONTINUE]
  20 games  +3 =15 -2   +17 Elo +/- 77   3fold=15 (75%)   295s      mean=0.525 LLR=+0.07 [CONTINUE]
  21 games  +3 =16 -2   +17 Elo +/- 73   3fold=16 (76%)   302s      mean=0.524 LLR=+0.07 [CONTINUE]
  22 games  +3 =17 -2   +16 Elo +/- 70   3fold=17 (77%)   309s      mean=0.523 LLR=+0.08 [CONTINUE]
  23 games  +3 =18 -2   +15 Elo +/- 67   3fold=18 (78%)   318s      mean=0.522 LLR=+0.08 [CONTINUE]
  24 games  +3 =18 -3   -0 Elo +/- 70   3fold=18 (75%)   333s      mean=0.500 LLR=-0.03 [CONTINUE]
  25 games  +3 =19 -3   -0 Elo +/- 68   3fold=19 (76%)   334s      mean=0.500 LLR=-0.03 [CONTINUE]
  26 games  +4 =19 -3   +13 Elo +/- 70   3fold=19 (73%)   351s      mean=0.519 LLR=+0.06 [CONTINUE]
  27 games  +5 =19 -3   +26 Elo +/- 72   3fold=19 (70%)   364s      mean=0.537 LLR=+0.13 [CONTINUE]
  28 games  +6 =19 -3   +37 Elo +/- 74   3fold=19 (68%)   366s      mean=0.554 LLR=+0.20 [CONTINUE]
  29 games  +6 =20 -3   +36 Elo +/- 71   3fold=20 (69%)   376s      mean=0.552 LLR=+0.20 [CONTINUE]
  30 games  +6 =21 -3   +35 Elo +/- 69   3fold=21 (70%)   388s      mean=0.550 LLR=+0.21 [CONTINUE]
  31 games  +7 =21 -3   +45 Elo +/- 70   3fold=21 (68%)   396s      mean=0.565 LLR=+0.27 [CONTINUE]
  32 games  +7 =22 -3   +44 Elo +/- 68   3fold=22 (69%)   398s      mean=0.562 LLR=+0.28 [CONTINUE]
  33 games  +7 =22 -4   +32 Elo +/- 69   3fold=22 (67%)   417s      mean=0.545 LLR=+0.19 [CONTINUE]
  34 games  +7 =23 -4   +31 Elo +/- 67   3fold=23 (68%)   423s      mean=0.544 LLR=+0.19 [CONTINUE]
  35 games  +8 =23 -4   +40 Elo +/- 68   3fold=23 (66%)   432s      mean=0.557 LLR=+0.25 [CONTINUE]
  36 games  +9 =23 -4   +49 Elo +/- 69   3fold=23 (64%)   449s      mean=0.569 LLR=+0.31 [CONTINUE]
  37 games  +9 =24 -4   +47 Elo +/- 67   3fold=24 (65%)   449s      mean=0.568 LLR=+0.32 [CONTINUE]
  38 games  +9 =25 -4   +46 Elo +/- 65   3fold=25 (66%)   460s      mean=0.566 LLR=+0.32 [CONTINUE]
  39 games  +9 =26 -4   +45 Elo +/- 63   3fold=26 (67%)   480s      mean=0.564 LLR=+0.33 [CONTINUE]
  40 games  +10 =26 -4   +53 Elo +/- 64   3fold=26 (65%)   481s      mean=0.575 LLR=+0.39 [CONTINUE]
  41 games  +10 =27 -4   +51 Elo +/- 62   3fold=27 (66%)   483s      mean=0.573 LLR=+0.40 [CONTINUE]
  42 games  +10 =28 -4   +50 Elo +/- 61   3fold=28 (67%)   508s      mean=0.571 LLR=+0.41 [CONTINUE]
  43 games  +10 =29 -4   +49 Elo +/- 59   3fold=29 (67%)   509s      mean=0.570 LLR=+0.41 [CONTINUE]
  44 games  +10 =29 -5   +40 Elo +/- 60   3fold=29 (66%)   513s      mean=0.557 LLR=+0.32 [CONTINUE]
  45 games  +11 =29 -5   +47 Elo +/- 61   3fold=29 (64%)   542s      mean=0.567 LLR=+0.37 [CONTINUE]
  46 games  +12 =29 -5   +53 Elo +/- 61   3fold=29 (63%)   543s      mean=0.576 LLR=+0.43 [CONTINUE]
  47 games  +12 =30 -5   +52 Elo +/- 60   3fold=30 (64%)   544s      mean=0.574 LLR=+0.44 [CONTINUE]
  48 games  +13 =30 -5   +58 Elo +/- 60   3fold=30 (62%)   571s      mean=0.583 LLR=+0.49 [CONTINUE]
  49 games  +13 =30 -6   +50 Elo +/- 61   3fold=30 (61%)   576s      mean=0.571 LLR=+0.40 [CONTINUE]
  50 games  +14 =30 -6   +56 Elo +/- 61   3fold=30 (60%)   577s      mean=0.580 LLR=+0.46 [CONTINUE]
  51 games  +15 =30 -6   +62 Elo +/- 61   3fold=30 (59%)   598s      mean=0.588 LLR=+0.51 [CONTINUE]
  52 games  +15 =31 -6   +61 Elo +/- 60   3fold=31 (60%)   606s      mean=0.587 LLR=+0.52 [CONTINUE]
  53 games  +16 =31 -6   +66 Elo +/- 60   3fold=31 (58%)   607s      mean=0.594 LLR=+0.57 [CONTINUE]
  54 games  +16 =32 -6   +65 Elo +/- 59   3fold=32 (59%)   629s      mean=0.593 LLR=+0.58 [CONTINUE]
  55 games  +16 =33 -6   +64 Elo +/- 58   3fold=33 (60%)   631s      mean=0.591 LLR=+0.59 [CONTINUE]
  56 games  +16 =34 -6   +63 Elo +/- 57   3fold=34 (61%)   632s      mean=0.589 LLR=+0.60 [CONTINUE]
  57 games  +16 =35 -6   +62 Elo +/- 56   3fold=35 (61%)   657s      mean=0.588 LLR=+0.61 [CONTINUE]
  58 games  +16 =36 -6   +61 Elo +/- 55   3fold=36 (62%)   658s      mean=0.586 LLR=+0.61 [CONTINUE]
  59 games  +17 =36 -6   +66 Elo +/- 55   3fold=36 (61%)   658s      mean=0.593 LLR=+0.67 [CONTINUE]
  60 games  +17 =37 -6   +64 Elo +/- 54   3fold=37 (62%)   684s      mean=0.592 LLR=+0.68 [CONTINUE]
  61 games  +17 =37 -7   +57 Elo +/- 55   3fold=37 (61%)   687s      mean=0.582 LLR=+0.58 [CONTINUE]
  62 games  +18 =37 -7   +62 Elo +/- 55   3fold=37 (60%)   689s      mean=0.589 LLR=+0.64 [CONTINUE]
  63 games  +18 =37 -8   +56 Elo +/- 55   3fold=37 (59%)   710s      mean=0.579 LLR=+0.55 [CONTINUE]
  64 games  +19 =37 -8   +60 Elo +/- 55   3fold=37 (58%)   717s      mean=0.586 LLR=+0.60 [CONTINUE]
  65 games  +19 =38 -8   +59 Elo +/- 55   3fold=38 (58%)   720s      mean=0.585 LLR=+0.61 [CONTINUE]
  66 games  +19 =39 -8   +58 Elo +/- 54   3fold=39 (59%)   737s      mean=0.583 LLR=+0.62 [CONTINUE]
  67 games  +19 =40 -8   +58 Elo +/- 53   3fold=40 (60%)   745s      mean=0.582 LLR=+0.63 [CONTINUE]
  68 games  +20 =40 -8   +62 Elo +/- 53   3fold=40 (59%)   751s      mean=0.588 LLR=+0.68 [CONTINUE]
  69 games  +20 =40 -9   +56 Elo +/- 53   3fold=40 (58%)   770s      mean=0.580 LLR=+0.60 [CONTINUE]
  70 games  +21 =40 -9   +60 Elo +/- 53   3fold=40 (57%)   774s      mean=0.586 LLR=+0.65 [CONTINUE]
  71 games  +22 =40 -9   +64 Elo +/- 54   3fold=40 (56%)   784s      mean=0.592 LLR=+0.70 [CONTINUE]
  72 games  +22 =41 -9   +63 Elo +/- 53   3fold=41 (57%)   803s      mean=0.590 LLR=+0.70 [CONTINUE]
  73 games  +23 =41 -9   +67 Elo +/- 53   3fold=41 (56%)   806s      mean=0.596 LLR=+0.75 [CONTINUE]
  74 games  +23 =42 -9   +67 Elo +/- 52   3fold=42 (57%)   810s      mean=0.595 LLR=+0.76 [CONTINUE]
  75 games  +24 =42 -9   +70 Elo +/- 52   3fold=42 (56%)   829s      mean=0.600 LLR=+0.81 [CONTINUE]
  76 games  +24 =42 -10   +65 Elo +/- 52   3fold=42 (55%)   834s      mean=0.592 LLR=+0.73 [CONTINUE]
  77 games  +25 =42 -10   +69 Elo +/- 53   3fold=42 (55%)   839s      mean=0.597 LLR=+0.78 [CONTINUE]
  78 games  +25 =43 -10   +68 Elo +/- 52   3fold=43 (55%)   866s      mean=0.596 LLR=+0.79 [CONTINUE]
  79 games  +25 =44 -10   +67 Elo +/- 51   3fold=44 (56%)   866s      mean=0.595 LLR=+0.80 [CONTINUE]
  80 games  +26 =44 -10   +70 Elo +/- 51   3fold=44 (55%)   866s      mean=0.600 LLR=+0.85 [CONTINUE]
  81 games  +26 =45 -10   +70 Elo +/- 51   3fold=45 (56%)   894s      mean=0.599 LLR=+0.86 [CONTINUE]
  82 games  +26 =46 -10   +69 Elo +/- 50   3fold=46 (56%)   897s      mean=0.598 LLR=+0.86 [CONTINUE]
  83 games  +27 =46 -10   +72 Elo +/- 50   3fold=46 (55%)   898s      mean=0.602 LLR=+0.91 [CONTINUE]
  84 games  +27 =47 -10   +71 Elo +/- 49   3fold=47 (56%)   920s      mean=0.601 LLR=+0.92 [CONTINUE]
  85 games  +27 =48 -10   +70 Elo +/- 49   3fold=48 (56%)   926s      mean=0.600 LLR=+0.93 [CONTINUE]
  86 games  +27 =49 -10   +70 Elo +/- 48   3fold=49 (57%)   927s      mean=0.599 LLR=+0.94 [CONTINUE]
  87 games  +27 =49 -11   +65 Elo +/- 48   3fold=49 (56%)   948s      mean=0.592 LLR=+0.86 [CONTINUE]
  88 games  +27 =50 -11   +64 Elo +/- 48   3fold=50 (57%)   953s      mean=0.591 LLR=+0.87 [CONTINUE]
  89 games  +28 =50 -11   +67 Elo +/- 48   3fold=50 (56%)   957s      mean=0.596 LLR=+0.92 [CONTINUE]
  90 games  +28 =51 -11   +66 Elo +/- 47   3fold=51 (57%)   982s      mean=0.594 LLR=+0.92 [CONTINUE]
  91 games  +28 =52 -11   +66 Elo +/- 47   3fold=52 (57%)   984s      mean=0.593 LLR=+0.93 [CONTINUE]
  92 games  +29 =52 -11   +69 Elo +/- 47   3fold=52 (57%)   986s      mean=0.598 LLR=+0.98 [CONTINUE]
  93 games  +29 =53 -11   +68 Elo +/- 46   3fold=53 (57%)   1009s      mean=0.597 LLR=+0.99 [CONTINUE]
  94 games  +29 =53 -12   +64 Elo +/- 46   3fold=53 (56%)   1013s      mean=0.590 LLR=+0.91 [CONTINUE]
  95 games  +29 =54 -12   +63 Elo +/- 46   3fold=54 (57%)   1014s      mean=0.589 LLR=+0.92 [CONTINUE]
  96 games  +29 =55 -12   +62 Elo +/- 45   3fold=55 (57%)   1036s      mean=0.589 LLR=+0.92 [CONTINUE]
  97 games  +30 =55 -12   +65 Elo +/- 45   3fold=55 (57%)   1041s      mean=0.593 LLR=+0.98 [CONTINUE]
  98 games  +31 =55 -12   +68 Elo +/- 46   3fold=55 (56%)   1045s      mean=0.597 LLR=+1.03 [CONTINUE]
  99 games  +31 =56 -12   +68 Elo +/- 45   3fold=56 (57%)   1062s      mean=0.596 LLR=+1.03 [CONTINUE]
 100 games  +31 =57 -12   +67 Elo +/- 45   3fold=57 (57%)   1069s      mean=0.595 LLR=+1.04 [CONTINUE]
 101 games  +32 =57 -12   +70 Elo +/- 45   3fold=57 (56%)   1073s      mean=0.599 LLR=+1.09 [CONTINUE]
 102 games  +32 =57 -13   +65 Elo +/- 45   3fold=57 (56%)   1091s      mean=0.593 LLR=+1.01 [CONTINUE]
 103 games  +32 =57 -14   +61 Elo +/- 45   3fold=57 (55%)   1099s      mean=0.587 LLR=+0.93 [CONTINUE]
 104 games  +33 =57 -14   +64 Elo +/- 45   3fold=57 (55%)   1101s      mean=0.591 LLR=+0.98 [CONTINUE]
 105 games  +33 =57 -15   +60 Elo +/- 45   3fold=57 (54%)   1119s      mean=0.586 LLR=+0.90 [CONTINUE]
 106 games  +34 =57 -15   +63 Elo +/- 45   3fold=57 (54%)   1122s      mean=0.590 LLR=+0.95 [CONTINUE]
 107 games  +34 =58 -15   +62 Elo +/- 45   3fold=58 (54%)   1129s      mean=0.589 LLR=+0.96 [CONTINUE]
 108 games  +34 =58 -16   +58 Elo +/- 45   3fold=58 (54%)   1146s      mean=0.583 LLR=+0.89 [CONTINUE]
 109 games  +34 =59 -16   +58 Elo +/- 44   3fold=59 (54%)   1149s      mean=0.583 LLR=+0.89 [CONTINUE]
 110 games  +34 =60 -16   +57 Elo +/- 44   3fold=60 (55%)   1157s      mean=0.582 LLR=+0.90 [CONTINUE]
 111 games  +34 =60 -17   +54 Elo +/- 44   3fold=60 (54%)   1171s      mean=0.577 LLR=+0.83 [CONTINUE]
 112 games  +34 =61 -17   +53 Elo +/- 44   3fold=61 (54%)   1174s      mean=0.576 LLR=+0.84 [CONTINUE]
 113 games  +34 =62 -17   +53 Elo +/- 43   3fold=62 (55%)   1182s      mean=0.575 LLR=+0.84 [CONTINUE]
 114 games  +35 =62 -17   +55 Elo +/- 43   3fold=62 (54%)   1205s      mean=0.579 LLR=+0.89 [CONTINUE]
 115 games  +35 =63 -17   +55 Elo +/- 43   3fold=63 (55%)   1210s      mean=0.578 LLR=+0.90 [CONTINUE]
 116 games  +36 =63 -17   +57 Elo +/- 43   3fold=63 (54%)   1210s      mean=0.582 LLR=+0.95 [CONTINUE]
 117 games  +36 =64 -17   +57 Elo +/- 42   3fold=64 (55%)   1229s      mean=0.581 LLR=+0.95 [CONTINUE]
 118 games  +36 =65 -17   +56 Elo +/- 42   3fold=65 (55%)   1232s      mean=0.581 LLR=+0.96 [CONTINUE]
 119 games  +37 =65 -17   +59 Elo +/- 42   3fold=65 (55%)   1239s      mean=0.584 LLR=+1.01 [CONTINUE]
 120 games  +37 =66 -17   +58 Elo +/- 42   3fold=66 (55%)   1258s      mean=0.583 LLR=+1.02 [CONTINUE]
 121 games  +37 =66 -18   +55 Elo +/- 42   3fold=66 (55%)   1260s      mean=0.579 LLR=+0.94 [CONTINUE]
 122 games  +38 =66 -18   +57 Elo +/- 42   3fold=66 (54%)   1268s      mean=0.582 LLR=+0.99 [CONTINUE]
 123 games  +38 =67 -18   +57 Elo +/- 42   3fold=67 (54%)   1289s      mean=0.581 LLR=+1.00 [CONTINUE]
 124 games  +39 =67 -18   +59 Elo +/- 42   3fold=67 (54%)   1291s      mean=0.585 LLR=+1.05 [CONTINUE]
 125 games  +40 =67 -18   +62 Elo +/- 42   3fold=67 (54%)   1299s      mean=0.588 LLR=+1.09 [CONTINUE]
 126 games  +40 =68 -18   +61 Elo +/- 41   3fold=68 (54%)   1317s      mean=0.587 LLR=+1.10 [CONTINUE]
 127 games  +41 =68 -18   +64 Elo +/- 41   3fold=68 (54%)   1317s      mean=0.591 LLR=+1.15 [CONTINUE]
 128 games  +42 =68 -18   +66 Elo +/- 41   3fold=68 (53%)   1330s      mean=0.594 LLR=+1.20 [CONTINUE]
 129 games  +42 =69 -18   +65 Elo +/- 41   3fold=69 (53%)   1344s      mean=0.593 LLR=+1.20 [CONTINUE]
 130 games  +43 =69 -18   +68 Elo +/- 41   3fold=69 (53%)   1351s      mean=0.596 LLR=+1.25 [CONTINUE]
 131 games  +43 =69 -19   +64 Elo +/- 41   3fold=69 (53%)   1353s      mean=0.592 LLR=+1.18 [CONTINUE]
 132 games  +43 =70 -19   +64 Elo +/- 41   3fold=70 (53%)   1369s      mean=0.591 LLR=+1.19 [CONTINUE]
 133 games  +43 =70 -20   +61 Elo +/- 41   3fold=70 (53%)   1382s      mean=0.586 LLR=+1.11 [CONTINUE]
 134 games  +43 =71 -20   +60 Elo +/- 40   3fold=70 (52%)   1387s      mean=0.586 LLR=+1.12 [CONTINUE]
 135 games  +43 =72 -20   +60 Elo +/- 40   3fold=71 (53%)   1394s      mean=0.585 LLR=+1.13 [CONTINUE]
 136 games  +43 =73 -20   +59 Elo +/- 40   3fold=72 (53%)   1412s      mean=0.585 LLR=+1.14 [CONTINUE]
 137 games  +43 =73 -21   +56 Elo +/- 40   3fold=72 (53%)   1415s      mean=0.580 LLR=+1.07 [CONTINUE]
 138 games  +44 =73 -21   +58 Elo +/- 40   3fold=72 (52%)   1431s      mean=0.583 LLR=+1.11 [CONTINUE]
 139 games  +45 =73 -21   +61 Elo +/- 40   3fold=72 (52%)   1442s      mean=0.586 LLR=+1.16 [CONTINUE]
 140 games  +46 =73 -21   +63 Elo +/- 40   3fold=72 (51%)   1444s      mean=0.589 LLR=+1.21 [CONTINUE]
 141 games  +46 =74 -21   +62 Elo +/- 40   3fold=73 (52%)   1461s      mean=0.589 LLR=+1.21 [CONTINUE]
 142 games  +46 =75 -21   +62 Elo +/- 39   3fold=74 (52%)   1467s      mean=0.588 LLR=+1.22 [CONTINUE]
 143 games  +46 =76 -21   +61 Elo +/- 39   3fold=75 (52%)   1469s      mean=0.587 LLR=+1.23 [CONTINUE]
 144 games  +46 =77 -21   +61 Elo +/- 39   3fold=76 (53%)   1488s      mean=0.587 LLR=+1.23 [CONTINUE]
 145 games  +46 =77 -22   +58 Elo +/- 39   3fold=76 (52%)   1498s      mean=0.583 LLR=+1.16 [CONTINUE]
 146 games  +47 =77 -22   +60 Elo +/- 39   3fold=76 (52%)   1502s      mean=0.586 LLR=+1.21 [CONTINUE]
 147 games  +48 =77 -22   +62 Elo +/- 39   3fold=76 (52%)   1520s      mean=0.588 LLR=+1.26 [CONTINUE]
 148 games  +48 =78 -22   +62 Elo +/- 39   3fold=77 (52%)   1526s      mean=0.588 LLR=+1.27 [CONTINUE]
 149 games  +48 =79 -22   +61 Elo +/- 38   3fold=78 (52%)   1529s      mean=0.587 LLR=+1.27 [CONTINUE]
 150 games  +48 =80 -22   +61 Elo +/- 38   3fold=79 (53%)   1552s      mean=0.587 LLR=+1.28 [CONTINUE]
 151 games  +49 =80 -22   +63 Elo +/- 38   3fold=79 (52%)   1556s      mean=0.589 LLR=+1.33 [CONTINUE]
 152 games  +50 =80 -22   +65 Elo +/- 38   3fold=79 (52%)   1559s      mean=0.592 LLR=+1.37 [CONTINUE]
 153 games  +50 =81 -22   +64 Elo +/- 38   3fold=80 (52%)   1577s      mean=0.592 LLR=+1.38 [CONTINUE]
 154 games  +50 =82 -22   +64 Elo +/- 38   3fold=81 (53%)   1578s      mean=0.591 LLR=+1.39 [CONTINUE]
 155 games  +51 =82 -22   +66 Elo +/- 38   3fold=81 (52%)   1592s      mean=0.594 LLR=+1.44 [CONTINUE]
 156 games  +51 =83 -22   +65 Elo +/- 37   3fold=82 (53%)   1601s      mean=0.593 LLR=+1.45 [CONTINUE]
 157 games  +51 =84 -22   +65 Elo +/- 37   3fold=83 (53%)   1607s      mean=0.592 LLR=+1.45 [CONTINUE]
 158 games  +51 =85 -22   +65 Elo +/- 37   3fold=84 (53%)   1621s      mean=0.592 LLR=+1.46 [CONTINUE]
 159 games  +51 =86 -22   +64 Elo +/- 37   3fold=85 (53%)   1623s      mean=0.591 LLR=+1.47 [CONTINUE]
 160 games  +51 =87 -22   +64 Elo +/- 36   3fold=86 (54%)   1635s      mean=0.591 LLR=+1.48 [CONTINUE]
 161 games  +51 =88 -22   +63 Elo +/- 36   3fold=87 (54%)   1646s      mean=0.590 LLR=+1.48 [CONTINUE]
 162 games  +52 =88 -22   +65 Elo +/- 36   3fold=87 (54%)   1654s      mean=0.593 LLR=+1.53 [CONTINUE]
 163 games  +53 =88 -22   +67 Elo +/- 36   3fold=87 (53%)   1668s      mean=0.595 LLR=+1.58 [CONTINUE]
 164 games  +53 =89 -22   +66 Elo +/- 36   3fold=88 (54%)   1669s      mean=0.595 LLR=+1.59 [CONTINUE]
 165 games  +53 =90 -22   +66 Elo +/- 36   3fold=89 (54%)   1680s      mean=0.594 LLR=+1.60 [CONTINUE]
 166 games  +53 =91 -22   +66 Elo +/- 35   3fold=90 (54%)   1694s      mean=0.593 LLR=+1.61 [CONTINUE]
 167 games  +53 =92 -22   +65 Elo +/- 35   3fold=91 (54%)   1696s      mean=0.593 LLR=+1.61 [CONTINUE]
 168 games  +54 =92 -22   +67 Elo +/- 35   3fold=91 (54%)   1710s      mean=0.595 LLR=+1.66 [CONTINUE]
 169 games  +54 =93 -22   +67 Elo +/- 35   3fold=92 (54%)   1722s      mean=0.595 LLR=+1.67 [CONTINUE]
 170 games  +54 =94 -22   +66 Elo +/- 35   3fold=93 (55%)   1723s      mean=0.594 LLR=+1.68 [CONTINUE]
 171 games  +54 =95 -22   +66 Elo +/- 35   3fold=94 (55%)   1738s      mean=0.594 LLR=+1.69 [CONTINUE]
 172 games  +54 =96 -22   +65 Elo +/- 34   3fold=95 (55%)   1751s      mean=0.593 LLR=+1.70 [CONTINUE]
 173 games  +54 =97 -22   +65 Elo +/- 34   3fold=96 (55%)   1751s      mean=0.592 LLR=+1.71 [CONTINUE]
 174 games  +55 =97 -22   +67 Elo +/- 34   3fold=96 (55%)   1772s      mean=0.595 LLR=+1.76 [CONTINUE]
 175 games  +55 =97 -23   +64 Elo +/- 34   3fold=96 (55%)   1779s      mean=0.591 LLR=+1.67 [CONTINUE]
 176 games  +55 =97 -24   +62 Elo +/- 34   3fold=96 (55%)   1780s      mean=0.588 LLR=+1.60 [CONTINUE]
 177 games  +55 =98 -24   +61 Elo +/- 34   3fold=97 (55%)   1800s      mean=0.588 LLR=+1.60 [CONTINUE]
 178 games  +56 =98 -24   +63 Elo +/- 34   3fold=97 (54%)   1803s      mean=0.590 LLR=+1.65 [CONTINUE]
 179 games  +57 =98 -24   +65 Elo +/- 34   3fold=97 (54%)   1809s      mean=0.592 LLR=+1.70 [CONTINUE]
 180 games  +57 =99 -24   +64 Elo +/- 34   3fold=98 (54%)   1823s      mean=0.592 LLR=+1.71 [CONTINUE]
 181 games  +57 =100 -24   +64 Elo +/- 34   3fold=99 (55%)   1828s      mean=0.591 LLR=+1.72 [CONTINUE]
 182 games  +57 =101 -24   +64 Elo +/- 34   3fold=100 (55%)   1843s      mean=0.591 LLR=+1.73 [CONTINUE]
 183 games  +57 =102 -24   +63 Elo +/- 33   3fold=101 (55%)   1851s      mean=0.590 LLR=+1.73 [CONTINUE]
 184 games  +57 =103 -24   +63 Elo +/- 33   3fold=102 (55%)   1854s      mean=0.590 LLR=+1.74 [CONTINUE]
 185 games  +57 =104 -24   +63 Elo +/- 33   3fold=103 (56%)   1872s      mean=0.589 LLR=+1.75 [CONTINUE]
 186 games  +57 =105 -24   +62 Elo +/- 33   3fold=104 (56%)   1876s      mean=0.589 LLR=+1.76 [CONTINUE]
 187 games  +58 =105 -24   +64 Elo +/- 33   3fold=104 (56%)   1884s      mean=0.591 LLR=+1.81 [CONTINUE]
 188 games  +58 =106 -24   +64 Elo +/- 33   3fold=105 (56%)   1898s      mean=0.590 LLR=+1.82 [CONTINUE]
 189 games  +58 =107 -24   +63 Elo +/- 33   3fold=106 (56%)   1903s      mean=0.590 LLR=+1.82 [CONTINUE]
 190 games  +58 =108 -24   +63 Elo +/- 32   3fold=107 (56%)   1913s      mean=0.589 LLR=+1.83 [CONTINUE]
 191 games  +58 =109 -24   +63 Elo +/- 32   3fold=108 (57%)   1929s      mean=0.589 LLR=+1.84 [CONTINUE]
 192 games  +58 =110 -24   +62 Elo +/- 32   3fold=108 (56%)   1930s      mean=0.589 LLR=+1.85 [CONTINUE]
 193 games  +59 =110 -24   +64 Elo +/- 32   3fold=108 (56%)   1943s      mean=0.591 LLR=+1.90 [CONTINUE]
 194 games  +59 =111 -24   +63 Elo +/- 32   3fold=109 (56%)   1954s      mean=0.590 LLR=+1.91 [CONTINUE]
 195 games  +59 =112 -24   +63 Elo +/- 32   3fold=110 (56%)   1955s      mean=0.590 LLR=+1.92 [CONTINUE]
 196 games  +59 =113 -24   +63 Elo +/- 32   3fold=111 (57%)   1971s      mean=0.589 LLR=+1.93 [CONTINUE]
 197 games  +59 =114 -24   +62 Elo +/- 31   3fold=112 (57%)   1982s      mean=0.589 LLR=+1.93 [CONTINUE]
 198 games  +59 =115 -24   +62 Elo +/- 31   3fold=113 (57%)   1986s      mean=0.588 LLR=+1.94 [CONTINUE]
 199 games  +59 =116 -24   +62 Elo +/- 31   3fold=114 (57%)   1998s      mean=0.588 LLR=+1.95 [CONTINUE]
 200 games  +59 =117 -24   +61 Elo +/- 31   3fold=115 (58%)   2008s      mean=0.588 LLR=+1.96 [CONTINUE]
 201 games  +60 =117 -24   +63 Elo +/- 31   3fold=115 (57%)   2017s      mean=0.590 LLR=+2.01 [CONTINUE]
 202 games  +60 =118 -24   +63 Elo +/- 31   3fold=116 (57%)   2025s      mean=0.589 LLR=+2.02 [CONTINUE]
 203 games  +61 =118 -24   +64 Elo +/- 31   3fold=116 (57%)   2036s      mean=0.591 LLR=+2.07 [CONTINUE]
 204 games  +62 =118 -24   +65 Elo +/- 31   3fold=116 (57%)   2047s      mean=0.593 LLR=+2.12 [CONTINUE]
 205 games  +63 =118 -24   +67 Elo +/- 31   3fold=116 (57%)   2056s      mean=0.595 LLR=+2.17 [CONTINUE]
 206 games  +63 =119 -24   +67 Elo +/- 31   3fold=117 (57%)   2059s      mean=0.595 LLR=+2.18 [CONTINUE]
 207 games  +63 =119 -25   +65 Elo +/- 31   3fold=117 (57%)   2077s      mean=0.592 LLR=+2.09 [CONTINUE]
 208 games  +63 =119 -26   +62 Elo +/- 31   3fold=117 (56%)   2083s      mean=0.589 LLR=+2.01 [CONTINUE]
 209 games  +63 =120 -26   +62 Elo +/- 31   3fold=118 (56%)   2083s      mean=0.589 LLR=+2.02 [CONTINUE]
 210 games  +63 =120 -27   +60 Elo +/- 31   3fold=118 (56%)   2107s      mean=0.586 LLR=+1.94 [CONTINUE]
 211 games  +63 =121 -27   +60 Elo +/- 31   3fold=119 (56%)   2109s      mean=0.585 LLR=+1.94 [CONTINUE]
 212 games  +63 =122 -27   +60 Elo +/- 30   3fold=120 (57%)   2113s      mean=0.585 LLR=+1.95 [CONTINUE]
 213 games  +63 =122 -28   +58 Elo +/- 30   3fold=120 (56%)   2139s      mean=0.582 LLR=+1.87 [CONTINUE]
 214 games  +64 =122 -28   +59 Elo +/- 30   3fold=120 (56%)   2146s      mean=0.584 LLR=+1.92 [CONTINUE]
 215 games  +64 =123 -28   +59 Elo +/- 30   3fold=121 (56%)   2148s      mean=0.584 LLR=+1.93 [CONTINUE]
 216 games  +64 =124 -28   +58 Elo +/- 30   3fold=122 (56%)   2166s      mean=0.583 LLR=+1.94 [CONTINUE]
 217 games  +64 =125 -28   +58 Elo +/- 30   3fold=123 (57%)   2172s      mean=0.583 LLR=+1.95 [CONTINUE]
 218 games  +64 =126 -28   +58 Elo +/- 30   3fold=124 (57%)   2181s      mean=0.583 LLR=+1.95 [CONTINUE]
 219 games  +64 =127 -28   +58 Elo +/- 30   3fold=125 (57%)   2194s      mean=0.582 LLR=+1.96 [CONTINUE]
 220 games  +64 =128 -28   +57 Elo +/- 30   3fold=126 (57%)   2199s      mean=0.582 LLR=+1.97 [CONTINUE]
 221 games  +64 =129 -28   +57 Elo +/- 29   3fold=127 (57%)   2212s      mean=0.581 LLR=+1.98 [CONTINUE]
 222 games  +64 =130 -28   +57 Elo +/- 29   3fold=128 (58%)   2217s      mean=0.581 LLR=+1.98 [CONTINUE]
 223 games  +65 =130 -28   +58 Elo +/- 29   3fold=128 (57%)   2230s      mean=0.583 LLR=+2.04 [CONTINUE]
 224 games  +66 =130 -28   +60 Elo +/- 29   3fold=128 (57%)   2238s      mean=0.585 LLR=+2.09 [CONTINUE]
 225 games  +66 =131 -28   +59 Elo +/- 29   3fold=129 (57%)   2244s      mean=0.584 LLR=+2.09 [CONTINUE]
 226 games  +66 =131 -29   +57 Elo +/- 29   3fold=129 (57%)   2261s      mean=0.582 LLR=+2.01 [CONTINUE]
 227 games  +66 =132 -29   +57 Elo +/- 29   3fold=130 (57%)   2266s      mean=0.581 LLR=+2.02 [CONTINUE]
 228 games  +66 =133 -29   +57 Elo +/- 29   3fold=131 (57%)   2272s      mean=0.581 LLR=+2.03 [CONTINUE]
 229 games  +66 =134 -29   +57 Elo +/- 29   3fold=132 (58%)   2290s      mean=0.581 LLR=+2.04 [CONTINUE]
 230 games  +66 =135 -29   +56 Elo +/- 29   3fold=133 (58%)   2296s      mean=0.580 LLR=+2.04 [CONTINUE]
 231 games  +66 =136 -29   +56 Elo +/- 29   3fold=134 (58%)   2297s      mean=0.580 LLR=+2.05 [CONTINUE]
 232 games  +66 =137 -29   +56 Elo +/- 28   3fold=135 (58%)   2321s      mean=0.580 LLR=+2.06 [CONTINUE]
 233 games  +66 =138 -29   +56 Elo +/- 28   3fold=136 (58%)   2328s      mean=0.579 LLR=+2.07 [CONTINUE]
 234 games  +67 =138 -29   +57 Elo +/- 28   3fold=136 (58%)   2329s      mean=0.581 LLR=+2.12 [CONTINUE]
 235 games  +67 =138 -30   +55 Elo +/- 28   3fold=136 (58%)   2355s      mean=0.579 LLR=+2.03 [CONTINUE]
 236 games  +68 =138 -30   +56 Elo +/- 28   3fold=136 (58%)   2359s      mean=0.581 LLR=+2.09 [CONTINUE]
 237 games  +68 =139 -30   +56 Elo +/- 28   3fold=137 (58%)   2363s      mean=0.580 LLR=+2.09 [CONTINUE]
 238 games  +68 =140 -30   +56 Elo +/- 28   3fold=138 (58%)   2380s      mean=0.580 LLR=+2.10 [CONTINUE]
 239 games  +68 =141 -30   +56 Elo +/- 28   3fold=139 (58%)   2382s      mean=0.579 LLR=+2.11 [CONTINUE]
 240 games  +68 =142 -30   +55 Elo +/- 28   3fold=140 (58%)   2394s      mean=0.579 LLR=+2.12 [CONTINUE]
 241 games  +68 =143 -30   +55 Elo +/- 28   3fold=141 (59%)   2408s      mean=0.579 LLR=+2.12 [CONTINUE]
 242 games  +69 =143 -30   +56 Elo +/- 28   3fold=141 (58%)   2412s      mean=0.581 LLR=+2.18 [CONTINUE]
 243 games  +70 =143 -30   +58 Elo +/- 28   3fold=141 (58%)   2419s      mean=0.582 LLR=+2.23 [CONTINUE]
 244 games  +70 =144 -30   +57 Elo +/- 28   3fold=142 (58%)   2437s      mean=0.582 LLR=+2.24 [CONTINUE]
 245 games  +71 =144 -30   +59 Elo +/- 28   3fold=142 (58%)   2445s      mean=0.584 LLR=+2.29 [CONTINUE]
 246 games  +71 =145 -30   +58 Elo +/- 28   3fold=143 (58%)   2446s      mean=0.583 LLR=+2.30 [CONTINUE]
 247 games  +71 =146 -30   +58 Elo +/- 28   3fold=144 (58%)   2459s      mean=0.583 LLR=+2.30 [CONTINUE]
 248 games  +71 =147 -30   +58 Elo +/- 27   3fold=144 (58%)   2473s      mean=0.583 LLR=+2.31 [CONTINUE]
 249 games  +71 =148 -30   +58 Elo +/- 27   3fold=145 (58%)   2477s      mean=0.582 LLR=+2.32 [CONTINUE]
 250 games  +71 =149 -30   +57 Elo +/- 27   3fold=146 (58%)   2484s      mean=0.582 LLR=+2.33 [CONTINUE]
 251 games  +71 =150 -30   +57 Elo +/- 27   3fold=147 (59%)   2505s      mean=0.582 LLR=+2.34 [CONTINUE]
 252 games  +71 =151 -30   +57 Elo +/- 27   3fold=148 (59%)   2507s      mean=0.581 LLR=+2.34 [CONTINUE]
 253 games  +72 =151 -30   +58 Elo +/- 27   3fold=148 (58%)   2513s      mean=0.583 LLR=+2.40 [CONTINUE]
 254 games  +72 =152 -30   +58 Elo +/- 27   3fold=149 (59%)   2530s      mean=0.583 LLR=+2.40 [CONTINUE]
 255 games  +72 =152 -31   +56 Elo +/- 27   3fold=149 (58%)   2532s      mean=0.580 LLR=+2.32 [CONTINUE]
 256 games  +72 =153 -31   +56 Elo +/- 27   3fold=150 (59%)   2538s      mean=0.580 LLR=+2.33 [CONTINUE]
 257 games  +72 =154 -31   +56 Elo +/- 27   3fold=151 (59%)   2557s      mean=0.580 LLR=+2.33 [CONTINUE]
 258 games  +72 =155 -31   +56 Elo +/- 27   3fold=152 (59%)   2563s      mean=0.579 LLR=+2.34 [CONTINUE]
 259 games  +72 =156 -31   +55 Elo +/- 27   3fold=153 (59%)   2563s      mean=0.579 LLR=+2.35 [CONTINUE]
 260 games  +72 =157 -31   +55 Elo +/- 26   3fold=154 (59%)   2585s      mean=0.579 LLR=+2.36 [CONTINUE]
 261 games  +72 =157 -32   +54 Elo +/- 26   3fold=154 (59%)   2588s      mean=0.577 LLR=+2.27 [CONTINUE]
 262 games  +72 =158 -32   +53 Elo +/- 26   3fold=155 (59%)   2588s      mean=0.576 LLR=+2.28 [CONTINUE]
 263 games  +72 =159 -32   +53 Elo +/- 26   3fold=156 (59%)   2614s      mean=0.576 LLR=+2.29 [CONTINUE]
 264 games  +72 =160 -32   +53 Elo +/- 26   3fold=157 (59%)   2615s      mean=0.576 LLR=+2.29 [CONTINUE]
 265 games  +73 =160 -32   +54 Elo +/- 26   3fold=157 (59%)   2623s      mean=0.577 LLR=+2.35 [CONTINUE]
 266 games  +73 =161 -32   +54 Elo +/- 26   3fold=158 (59%)   2638s      mean=0.577 LLR=+2.35 [CONTINUE]
 267 games  +73 =162 -32   +54 Elo +/- 26   3fold=159 (60%)   2645s      mean=0.577 LLR=+2.36 [CONTINUE]
 268 games  +73 =163 -32   +54 Elo +/- 26   3fold=160 (60%)   2646s      mean=0.576 LLR=+2.37 [CONTINUE]
 269 games  +74 =163 -32   +55 Elo +/- 26   3fold=160 (59%)   2667s      mean=0.578 LLR=+2.42 [CONTINUE]
 270 games  +74 =164 -32   +54 Elo +/- 26   3fold=161 (60%)   2669s      mean=0.578 LLR=+2.43 [CONTINUE]
 271 games  +74 =165 -32   +54 Elo +/- 26   3fold=162 (60%)   2675s      mean=0.577 LLR=+2.44 [CONTINUE]
 272 games  +74 =166 -32   +54 Elo +/- 26   3fold=163 (60%)   2693s      mean=0.577 LLR=+2.45 [CONTINUE]
 273 games  +74 =167 -32   +54 Elo +/- 26   3fold=164 (60%)   2700s      mean=0.577 LLR=+2.45 [CONTINUE]
 274 games  +75 =167 -32   +55 Elo +/- 26   3fold=164 (60%)   2708s      mean=0.578 LLR=+2.51 [CONTINUE]
 275 games  +75 =168 -32   +55 Elo +/- 25   3fold=165 (60%)   2720s      mean=0.578 LLR=+2.51 [CONTINUE]
 276 games  +75 =169 -32   +55 Elo +/- 25   3fold=166 (60%)   2732s      mean=0.578 LLR=+2.52 [CONTINUE]
 277 games  +76 =169 -32   +56 Elo +/- 25   3fold=166 (60%)   2738s      mean=0.579 LLR=+2.58 [CONTINUE]
 278 games  +76 =170 -32   +55 Elo +/- 25   3fold=166 (60%)   2752s      mean=0.579 LLR=+2.58 [CONTINUE]
 279 games  +76 =171 -32   +55 Elo +/- 25   3fold=167 (60%)   2758s      mean=0.579 LLR=+2.59 [CONTINUE]
 280 games  +76 =172 -32   +55 Elo +/- 25   3fold=168 (60%)   2763s      mean=0.579 LLR=+2.60 [CONTINUE]
 281 games  +76 =173 -32   +55 Elo +/- 25   3fold=169 (60%)   2778s      mean=0.578 LLR=+2.61 [CONTINUE]
 282 games  +76 =174 -32   +55 Elo +/- 25   3fold=170 (60%)   2789s      mean=0.578 LLR=+2.62 [CONTINUE]
 283 games  +76 =175 -32   +54 Elo +/- 25   3fold=171 (60%)   2792s      mean=0.578 LLR=+2.62 [CONTINUE]
 284 games  +76 =176 -32   +54 Elo +/- 25   3fold=172 (61%)   2805s      mean=0.577 LLR=+2.63 [CONTINUE]
 285 games  +76 =177 -32   +54 Elo +/- 25   3fold=173 (61%)   2815s      mean=0.577 LLR=+2.64 [CONTINUE]
 286 games  +76 =177 -33   +53 Elo +/- 25   3fold=173 (60%)   2821s      mean=0.575 LLR=+2.55 [CONTINUE]
 287 games  +76 =178 -33   +52 Elo +/- 25   3fold=174 (61%)   2829s      mean=0.575 LLR=+2.56 [CONTINUE]
 288 games  +77 =178 -33   +53 Elo +/- 25   3fold=174 (60%)   2844s      mean=0.576 LLR=+2.61 [CONTINUE]
 289 games  +77 =179 -33   +53 Elo +/- 25   3fold=175 (61%)   2850s      mean=0.576 LLR=+2.62 [CONTINUE]
 290 games  +77 =180 -33   +53 Elo +/- 24   3fold=176 (61%)   2856s      mean=0.576 LLR=+2.63 [CONTINUE]
 291 games  +77 =181 -33   +53 Elo +/- 24   3fold=177 (61%)   2874s      mean=0.576 LLR=+2.64 [CONTINUE]
 292 games  +77 =182 -33   +53 Elo +/- 24   3fold=178 (61%)   2877s      mean=0.575 LLR=+2.64 [CONTINUE]
 293 games  +77 =183 -33   +53 Elo +/- 24   3fold=179 (61%)   2886s      mean=0.575 LLR=+2.65 [CONTINUE]
 294 games  +78 =183 -33   +54 Elo +/- 24   3fold=179 (61%)   2903s      mean=0.577 LLR=+2.71 [CONTINUE]
 295 games  +78 =184 -33   +53 Elo +/- 24   3fold=180 (61%)   2903s      mean=0.576 LLR=+2.71 [CONTINUE]
 296 games  +78 =185 -33   +53 Elo +/- 24   3fold=181 (61%)   2910s      mean=0.576 LLR=+2.72 [CONTINUE]
 297 games  +79 =185 -33   +54 Elo +/- 24   3fold=181 (61%)   2935s      mean=0.577 LLR=+2.78 [CONTINUE]
 298 games  +79 =186 -33   +54 Elo +/- 24   3fold=181 (61%)   2935s      mean=0.577 LLR=+2.78 [CONTINUE]
 299 games  +79 =186 -34   +53 Elo +/- 24   3fold=181 (61%)   2940s      mean=0.575 LLR=+2.69 [CONTINUE]
 300 games  +79 =187 -34   +53 Elo +/- 24   3fold=182 (61%)   2964s      mean=0.575 LLR=+2.70 [CONTINUE]
 301 games  +79 =188 -34   +52 Elo +/- 24   3fold=183 (61%)   2965s      mean=0.575 LLR=+2.71 [CONTINUE]
 302 games  +79 =189 -34   +52 Elo +/- 24   3fold=184 (61%)   2972s      mean=0.575 LLR=+2.72 [CONTINUE]
 303 games  +79 =189 -35   +51 Elo +/- 24   3fold=184 (61%)   2996s      mean=0.573 LLR=+2.63 [CONTINUE]
 304 games  +79 =190 -35   +51 Elo +/- 24   3fold=185 (61%)   2998s      mean=0.572 LLR=+2.63 [CONTINUE]
 305 games  +80 =190 -35   +52 Elo +/- 24   3fold=185 (61%)   3003s      mean=0.574 LLR=+2.69 [CONTINUE]
 306 games  +81 =190 -35   +53 Elo +/- 24   3fold=185 (60%)   3025s      mean=0.575 LLR=+2.74 [CONTINUE]
 307 games  +81 =191 -35   +52 Elo +/- 24   3fold=186 (61%)   3031s      mean=0.575 LLR=+2.75 [CONTINUE]
 308 games  +81 =191 -36   +51 Elo +/- 24   3fold=186 (60%)   3032s      mean=0.573 LLR=+2.66 [CONTINUE]
 309 games  +81 =192 -36   +51 Elo +/- 24   3fold=187 (61%)   3051s      mean=0.573 LLR=+2.67 [CONTINUE]
 310 games  +82 =192 -36   +52 Elo +/- 24   3fold=187 (60%)   3059s      mean=0.574 LLR=+2.72 [CONTINUE]
 311 games  +82 =193 -36   +52 Elo +/- 24   3fold=188 (60%)   3062s      mean=0.574 LLR=+2.73 [CONTINUE]
 312 games  +82 =194 -36   +52 Elo +/- 24   3fold=189 (61%)   3078s      mean=0.574 LLR=+2.74 [CONTINUE]
 313 games  +82 =195 -36   +51 Elo +/- 23   3fold=190 (61%)   3083s      mean=0.573 LLR=+2.75 [CONTINUE]
 314 games  +82 =196 -36   +51 Elo +/- 23   3fold=191 (61%)   3091s      mean=0.573 LLR=+2.75 [CONTINUE]
 315 games  +82 =196 -37   +50 Elo +/- 23   3fold=191 (61%)   3107s      mean=0.571 LLR=+2.67 [CONTINUE]
 316 games  +82 =197 -37   +50 Elo +/- 23   3fold=192 (61%)   3109s      mean=0.571 LLR=+2.67 [CONTINUE]
 317 games  +82 =198 -37   +50 Elo +/- 23   3fold=193 (61%)   3115s      mean=0.571 LLR=+2.68 [CONTINUE]
 318 games  +82 =199 -37   +49 Elo +/- 23   3fold=194 (61%)   3129s      mean=0.571 LLR=+2.69 [CONTINUE]
 319 games  +82 =200 -37   +49 Elo +/- 23   3fold=194 (61%)   3137s      mean=0.571 LLR=+2.69 [CONTINUE]
 320 games  +82 =200 -38   +48 Elo +/- 23   3fold=194 (61%)   3152s      mean=0.569 LLR=+2.61 [CONTINUE]
 321 games  +82 =201 -38   +48 Elo +/- 23   3fold=195 (61%)   3154s      mean=0.569 LLR=+2.61 [CONTINUE]
 322 games  +82 =202 -38   +48 Elo +/- 23   3fold=196 (61%)   3172s      mean=0.568 LLR=+2.62 [CONTINUE]
 323 games  +82 =203 -38   +48 Elo +/- 23   3fold=197 (61%)   3179s      mean=0.568 LLR=+2.63 [CONTINUE]
 324 games  +82 =204 -38   +47 Elo +/- 23   3fold=198 (61%)   3184s      mean=0.568 LLR=+2.63 [CONTINUE]
 325 games  +82 =205 -38   +47 Elo +/- 23   3fold=199 (61%)   3200s      mean=0.568 LLR=+2.64 [CONTINUE]
 326 games  +83 =205 -38   +48 Elo +/- 23   3fold=199 (61%)   3210s      mean=0.569 LLR=+2.70 [CONTINUE]
 327 games  +83 =205 -39   +47 Elo +/- 23   3fold=199 (61%)   3214s      mean=0.567 LLR=+2.61 [CONTINUE]
 328 games  +83 =206 -39   +47 Elo +/- 23   3fold=200 (61%)   3227s      mean=0.567 LLR=+2.62 [CONTINUE]
 329 games  +83 =207 -39   +47 Elo +/- 23   3fold=201 (61%)   3237s      mean=0.567 LLR=+2.62 [CONTINUE]
 330 games  +83 =207 -40   +46 Elo +/- 23   3fold=201 (61%)   3242s      mean=0.565 LLR=+2.54 [CONTINUE]
 331 games  +83 =208 -40   +45 Elo +/- 23   3fold=202 (61%)   3252s      mean=0.565 LLR=+2.54 [CONTINUE]
 332 games  +84 =208 -40   +46 Elo +/- 23   3fold=202 (61%)   3266s      mean=0.566 LLR=+2.60 [CONTINUE]
 333 games  +84 =209 -40   +46 Elo +/- 23   3fold=203 (61%)   3270s      mean=0.566 LLR=+2.61 [CONTINUE]
 334 games  +84 =210 -40   +46 Elo +/- 23   3fold=204 (61%)   3277s      mean=0.566 LLR=+2.61 [CONTINUE]
 335 games  +84 =211 -40   +46 Elo +/- 23   3fold=205 (61%)   3294s      mean=0.566 LLR=+2.62 [CONTINUE]
 336 games  +84 =212 -40   +46 Elo +/- 22   3fold=206 (61%)   3297s      mean=0.565 LLR=+2.63 [CONTINUE]
 337 games  +84 =213 -40   +46 Elo +/- 22   3fold=206 (61%)   3308s      mean=0.565 LLR=+2.63 [CONTINUE]
 338 games  +84 =214 -40   +45 Elo +/- 22   3fold=207 (61%)   3319s      mean=0.565 LLR=+2.64 [CONTINUE]
 339 games  +84 =215 -40   +45 Elo +/- 22   3fold=208 (61%)   3322s      mean=0.565 LLR=+2.65 [CONTINUE]
 340 games  +84 =216 -40   +45 Elo +/- 22   3fold=209 (61%)   3341s      mean=0.565 LLR=+2.65 [CONTINUE]
 341 games  +84 =217 -40   +45 Elo +/- 22   3fold=210 (62%)   3346s      mean=0.565 LLR=+2.66 [CONTINUE]
 342 games  +84 =218 -40   +45 Elo +/- 22   3fold=211 (62%)   3354s      mean=0.564 LLR=+2.67 [CONTINUE]
 343 games  +84 =219 -40   +45 Elo +/- 22   3fold=212 (62%)   3367s      mean=0.564 LLR=+2.67 [CONTINUE]
 344 games  +84 =220 -40   +45 Elo +/- 22   3fold=213 (62%)   3375s      mean=0.564 LLR=+2.68 [CONTINUE]
 345 games  +84 =221 -40   +45 Elo +/- 22   3fold=214 (62%)   3381s      mean=0.564 LLR=+2.69 [CONTINUE]
 346 games  +84 =221 -41   +43 Elo +/- 22   3fold=214 (62%)   3394s      mean=0.562 LLR=+2.60 [CONTINUE]
 347 games  +84 =221 -42   +42 Elo +/- 22   3fold=214 (62%)   3407s      mean=0.561 LLR=+2.51 [CONTINUE]
 348 games  +84 =222 -42   +42 Elo +/- 22   3fold=215 (62%)   3408s      mean=0.560 LLR=+2.52 [CONTINUE]
 349 games  +85 =222 -42   +43 Elo +/- 22   3fold=215 (62%)   3425s      mean=0.562 LLR=+2.57 [CONTINUE]
 350 games  +85 =222 -43   +42 Elo +/- 22   3fold=215 (61%)   3437s      mean=0.560 LLR=+2.49 [CONTINUE]
 351 games  +86 =222 -43   +43 Elo +/- 22   3fold=215 (61%)   3438s      mean=0.561 LLR=+2.54 [CONTINUE]
 352 games  +86 =223 -43   +43 Elo +/- 22   3fold=216 (61%)   3448s      mean=0.561 LLR=+2.55 [CONTINUE]
 353 games  +86 =224 -43   +43 Elo +/- 22   3fold=217 (61%)   3463s      mean=0.561 LLR=+2.56 [CONTINUE]
 354 games  +86 =225 -43   +42 Elo +/- 22   3fold=218 (62%)   3465s      mean=0.561 LLR=+2.56 [CONTINUE]
 355 games  +86 =226 -43   +42 Elo +/- 22   3fold=219 (62%)   3474s      mean=0.561 LLR=+2.57 [CONTINUE]
 356 games  +86 =227 -43   +42 Elo +/- 22   3fold=220 (62%)   3494s      mean=0.560 LLR=+2.58 [CONTINUE]
 357 games  +86 =228 -43   +42 Elo +/- 22   3fold=221 (62%)   3495s      mean=0.560 LLR=+2.58 [CONTINUE]
 358 games  +86 =229 -43   +42 Elo +/- 22   3fold=222 (62%)   3499s      mean=0.560 LLR=+2.59 [CONTINUE]
 359 games  +87 =229 -43   +43 Elo +/- 22   3fold=222 (62%)   3527s      mean=0.561 LLR=+2.64 [CONTINUE]
 360 games  +87 =229 -44   +42 Elo +/- 22   3fold=222 (62%)   3530s      mean=0.560 LLR=+2.56 [CONTINUE]
 361 games  +88 =229 -44   +43 Elo +/- 22   3fold=222 (61%)   3530s      mean=0.561 LLR=+2.61 [CONTINUE]
 362 games  +88 =230 -44   +42 Elo +/- 22   3fold=223 (62%)   3558s      mean=0.561 LLR=+2.62 [CONTINUE]
 363 games  +88 =231 -44   +42 Elo +/- 21   3fold=224 (62%)   3558s      mean=0.561 LLR=+2.63 [CONTINUE]
 364 games  +88 =231 -45   +41 Elo +/- 21   3fold=224 (62%)   3560s      mean=0.559 LLR=+2.54 [CONTINUE]
 365 games  +88 =232 -45   +41 Elo +/- 21   3fold=225 (62%)   3583s      mean=0.559 LLR=+2.55 [CONTINUE]
 366 games  +88 =233 -45   +41 Elo +/- 21   3fold=226 (62%)   3585s      mean=0.559 LLR=+2.55 [CONTINUE]
 367 games  +89 =233 -45   +42 Elo +/- 21   3fold=226 (62%)   3597s      mean=0.560 LLR=+2.61 [CONTINUE]
 368 games  +89 =234 -45   +42 Elo +/- 21   3fold=227 (62%)   3608s      mean=0.560 LLR=+2.62 [CONTINUE]
 369 games  +90 =234 -45   +43 Elo +/- 21   3fold=227 (62%)   3615s      mean=0.561 LLR=+2.67 [CONTINUE]
 370 games  +90 =235 -45   +42 Elo +/- 21   3fold=228 (62%)   3622s      mean=0.561 LLR=+2.68 [CONTINUE]
 371 games  +91 =235 -45   +43 Elo +/- 21   3fold=228 (61%)   3637s      mean=0.562 LLR=+2.74 [CONTINUE]
 372 games  +92 =235 -45   +44 Elo +/- 21   3fold=228 (61%)   3647s      mean=0.563 LLR=+2.79 [CONTINUE]
 373 games  +92 =235 -46   +43 Elo +/- 21   3fold=228 (61%)   3651s      mean=0.562 LLR=+2.71 [CONTINUE]
 374 games  +93 =235 -46   +44 Elo +/- 21   3fold=228 (61%)   3670s      mean=0.563 LLR=+2.76 [CONTINUE]
 375 games  +93 =236 -46   +44 Elo +/- 21   3fold=229 (61%)   3675s      mean=0.563 LLR=+2.77 [CONTINUE]
 376 games  +94 =236 -46   +45 Elo +/- 21   3fold=229 (61%)   3682s      mean=0.564 LLR=+2.82 [CONTINUE]
 377 games  +94 =237 -46   +44 Elo +/- 21   3fold=230 (61%)   3699s      mean=0.564 LLR=+2.83 [CONTINUE]
 378 games  +94 =237 -47   +43 Elo +/- 21   3fold=230 (61%)   3703s      mean=0.562 LLR=+2.75 [CONTINUE]
 379 games  +94 =237 -48   +42 Elo +/- 21   3fold=230 (61%)   3706s      mean=0.561 LLR=+2.66 [CONTINUE]
 380 games  +94 =237 -49   +41 Elo +/- 21   3fold=230 (61%)   3727s      mean=0.559 LLR=+2.58 [CONTINUE]
 381 games  +94 =238 -49   +41 Elo +/- 21   3fold=231 (61%)   3731s      mean=0.559 LLR=+2.59 [CONTINUE]
 382 games  +94 =239 -49   +41 Elo +/- 21   3fold=232 (61%)   3737s      mean=0.559 LLR=+2.59 [CONTINUE]
 383 games  +94 =240 -49   +41 Elo +/- 21   3fold=233 (61%)   3758s      mean=0.559 LLR=+2.60 [CONTINUE]
 384 games  +95 =240 -49   +42 Elo +/- 21   3fold=233 (61%)   3761s      mean=0.560 LLR=+2.65 [CONTINUE]
 385 games  +95 =241 -49   +42 Elo +/- 21   3fold=234 (61%)   3764s      mean=0.560 LLR=+2.66 [CONTINUE]
 386 games  +95 =242 -49   +42 Elo +/- 21   3fold=235 (61%)   3786s      mean=0.560 LLR=+2.67 [CONTINUE]
 387 games  +95 =242 -50   +41 Elo +/- 21   3fold=235 (61%)   3789s      mean=0.558 LLR=+2.58 [CONTINUE]
 388 games  +95 =242 -51   +40 Elo +/- 21   3fold=235 (61%)   3795s      mean=0.557 LLR=+2.50 [CONTINUE]
 389 games  +95 =243 -51   +39 Elo +/- 21   3fold=236 (61%)   3814s      mean=0.557 LLR=+2.51 [CONTINUE]
 390 games  +95 =244 -51   +39 Elo +/- 21   3fold=237 (61%)   3818s      mean=0.556 LLR=+2.52 [CONTINUE]
 391 games  +95 =245 -51   +39 Elo +/- 21   3fold=238 (61%)   3820s      mean=0.556 LLR=+2.52 [CONTINUE]
 392 games  +95 =246 -51   +39 Elo +/- 21   3fold=239 (61%)   3838s      mean=0.556 LLR=+2.53 [CONTINUE]
 393 games  +96 =246 -51   +40 Elo +/- 21   3fold=239 (61%)   3848s      mean=0.557 LLR=+2.58 [CONTINUE]
 394 games  +96 =247 -51   +40 Elo +/- 21   3fold=240 (61%)   3851s      mean=0.557 LLR=+2.59 [CONTINUE]
 395 games  +96 =248 -51   +40 Elo +/- 21   3fold=241 (61%)   3863s      mean=0.557 LLR=+2.59 [CONTINUE]
 396 games  +96 =249 -51   +40 Elo +/- 21   3fold=242 (61%)   3873s      mean=0.557 LLR=+2.60 [CONTINUE]
 397 games  +96 =249 -52   +39 Elo +/- 21   3fold=242 (61%)   3881s      mean=0.555 LLR=+2.52 [CONTINUE]
 398 games  +96 =250 -52   +39 Elo +/- 21   3fold=243 (61%)   3888s      mean=0.555 LLR=+2.52 [CONTINUE]
 399 games  +96 =251 -52   +38 Elo +/- 21   3fold=244 (61%)   3904s      mean=0.555 LLR=+2.53 [CONTINUE]
 400 games  +97 =251 -52   +39 Elo +/- 21   3fold=244 (61%)   3912s      mean=0.556 LLR=+2.58 [CONTINUE]
 401 games  +97 =252 -52   +39 Elo +/- 21   3fold=245 (61%)   3912s      mean=0.556 LLR=+2.59 [CONTINUE]
 402 games  +97 =252 -53   +38 Elo +/- 21   3fold=245 (61%)   3936s      mean=0.555 LLR=+2.51 [CONTINUE]
 403 games  +97 =253 -53   +38 Elo +/- 21   3fold=246 (61%)   3937s      mean=0.555 LLR=+2.52 [CONTINUE]
 404 games  +97 =254 -53   +38 Elo +/- 21   3fold=247 (61%)   3943s      mean=0.554 LLR=+2.52 [CONTINUE]
 405 games  +97 =255 -53   +38 Elo +/- 21   3fold=248 (61%)   3966s      mean=0.554 LLR=+2.53 [CONTINUE]
 406 games  +97 =255 -54   +37 Elo +/- 21   3fold=248 (61%)   3968s      mean=0.553 LLR=+2.45 [CONTINUE]
 407 games  +98 =255 -54   +38 Elo +/- 21   3fold=248 (61%)   3971s      mean=0.554 LLR=+2.50 [CONTINUE]
 408 games  +98 =256 -54   +38 Elo +/- 21   3fold=249 (61%)   3991s      mean=0.554 LLR=+2.51 [CONTINUE]
 409 games  +98 =257 -54   +38 Elo +/- 20   3fold=250 (61%)   3996s      mean=0.554 LLR=+2.51 [CONTINUE]
 410 games  +98 =258 -54   +37 Elo +/- 20   3fold=251 (61%)   4004s      mean=0.554 LLR=+2.52 [CONTINUE]
 411 games  +98 =259 -54   +37 Elo +/- 20   3fold=252 (61%)   4016s      mean=0.554 LLR=+2.52 [CONTINUE]
 412 games  +98 =260 -54   +37 Elo +/- 20   3fold=253 (61%)   4027s      mean=0.553 LLR=+2.53 [CONTINUE]
 413 games  +99 =260 -54   +38 Elo +/- 20   3fold=253 (61%)   4033s      mean=0.554 LLR=+2.58 [CONTINUE]
 414 games  +100 =260 -54   +39 Elo +/- 20   3fold=253 (61%)   4047s      mean=0.556 LLR=+2.64 [CONTINUE]
 415 games  +100 =261 -54   +39 Elo +/- 20   3fold=254 (61%)   4055s      mean=0.555 LLR=+2.65 [CONTINUE]
 416 games  +100 =262 -54   +39 Elo +/- 20   3fold=255 (61%)   4068s      mean=0.555 LLR=+2.65 [CONTINUE]
 417 games  +100 =263 -54   +38 Elo +/- 20   3fold=256 (61%)   4071s      mean=0.555 LLR=+2.66 [CONTINUE]
 418 games  +100 =264 -54   +38 Elo +/- 20   3fold=257 (61%)   4082s      mean=0.555 LLR=+2.66 [CONTINUE]
 419 games  +101 =264 -54   +39 Elo +/- 20   3fold=257 (61%)   4095s      mean=0.556 LLR=+2.72 [CONTINUE]
 420 games  +101 =265 -54   +39 Elo +/- 20   3fold=258 (61%)   4103s      mean=0.556 LLR=+2.72 [CONTINUE]
 421 games  +101 =266 -54   +39 Elo +/- 20   3fold=259 (62%)   4108s      mean=0.556 LLR=+2.73 [CONTINUE]
 422 games  +102 =266 -54   +40 Elo +/- 20   3fold=259 (61%)   4123s      mean=0.557 LLR=+2.78 [CONTINUE]
 423 games  +102 =267 -54   +40 Elo +/- 20   3fold=260 (61%)   4132s      mean=0.557 LLR=+2.79 [CONTINUE]
 424 games  +103 =267 -54   +40 Elo +/- 20   3fold=260 (61%)   4138s      mean=0.558 LLR=+2.85 [CONTINUE]
 425 games  +103 =268 -54   +40 Elo +/- 20   3fold=261 (61%)   4152s      mean=0.558 LLR=+2.85 [CONTINUE]
 426 games  +103 =269 -54   +40 Elo +/- 20   3fold=262 (62%)   4162s      mean=0.558 LLR=+2.86 [CONTINUE]
 427 games  +103 =270 -54   +40 Elo +/- 20   3fold=263 (62%)   4162s      mean=0.557 LLR=+2.86 [CONTINUE]
 428 games  +103 =271 -54   +40 Elo +/- 20   3fold=264 (62%)   4188s      mean=0.557 LLR=+2.87 [CONTINUE]
 429 games  +103 =271 -55   +39 Elo +/- 20   3fold=264 (62%)   4191s      mean=0.556 LLR=+2.79 [CONTINUE]
 430 games  +103 =272 -55   +39 Elo +/- 20   3fold=265 (62%)   4198s      mean=0.556 LLR=+2.79 [CONTINUE]
 431 games  +103 =273 -55   +39 Elo +/- 20   3fold=266 (62%)   4213s      mean=0.556 LLR=+2.80 [CONTINUE]
 432 games  +103 =274 -55   +39 Elo +/- 20   3fold=267 (62%)   4213s      mean=0.556 LLR=+2.80 [CONTINUE]
 433 games  +103 =275 -55   +39 Elo +/- 20   3fold=268 (62%)   4224s      mean=0.555 LLR=+2.81 [CONTINUE]
 434 games  +103 =275 -56   +38 Elo +/- 20   3fold=268 (62%)   4242s      mean=0.554 LLR=+2.73 [CONTINUE]
 435 games  +103 =275 -57   +37 Elo +/- 20   3fold=268 (62%)   4243s      mean=0.553 LLR=+2.65 [CONTINUE]
 436 games  +103 =276 -57   +37 Elo +/- 20   3fold=269 (62%)   4251s      mean=0.553 LLR=+2.65 [CONTINUE]
 437 games  +103 =277 -57   +37 Elo +/- 20   3fold=270 (62%)   4267s      mean=0.553 LLR=+2.66 [CONTINUE]
 438 games  +103 =278 -57   +37 Elo +/- 20   3fold=271 (62%)   4272s      mean=0.553 LLR=+2.66 [CONTINUE]
 439 games  +103 =278 -58   +36 Elo +/- 20   3fold=271 (62%)   4275s      mean=0.551 LLR=+2.58 [CONTINUE]
 440 games  +104 =278 -58   +36 Elo +/- 20   3fold=271 (62%)   4301s      mean=0.552 LLR=+2.64 [CONTINUE]
 441 games  +104 =279 -58   +36 Elo +/- 20   3fold=272 (62%)   4303s      mean=0.552 LLR=+2.64 [CONTINUE]
 442 games  +104 =280 -58   +36 Elo +/- 20   3fold=273 (62%)   4306s      mean=0.552 LLR=+2.65 [CONTINUE]
 443 games  +104 =281 -58   +36 Elo +/- 20   3fold=274 (62%)   4324s      mean=0.552 LLR=+2.65 [CONTINUE]
 444 games  +105 =281 -58   +37 Elo +/- 20   3fold=274 (62%)   4333s      mean=0.553 LLR=+2.71 [CONTINUE]
 445 games  +105 =282 -58   +37 Elo +/- 19   3fold=275 (62%)   4334s      mean=0.553 LLR=+2.71 [CONTINUE]
 446 games  +105 =283 -58   +37 Elo +/- 19   3fold=276 (62%)   4348s      mean=0.553 LLR=+2.72 [CONTINUE]
 447 games  +105 =284 -58   +37 Elo +/- 19   3fold=277 (62%)   4361s      mean=0.553 LLR=+2.73 [CONTINUE]
 448 games  +106 =284 -58   +37 Elo +/- 19   3fold=277 (62%)   4369s      mean=0.554 LLR=+2.78 [CONTINUE]
 449 games  +107 =284 -58   +38 Elo +/- 19   3fold=277 (62%)   4380s      mean=0.555 LLR=+2.84 [CONTINUE]
 450 games  +108 =284 -58   +39 Elo +/- 19   3fold=277 (62%)   4391s      mean=0.556 LLR=+2.89 [CONTINUE]
 451 games  +108 =285 -58   +39 Elo +/- 19   3fold=278 (62%)   4392s      mean=0.555 LLR=+2.90 [CONTINUE]
 452 games  +109 =285 -58   +39 Elo +/- 19   3fold=278 (62%)   4412s      mean=0.556 LLR=+2.96 [CONTINUE]
 453 games  +109 =286 -58   +39 Elo +/- 19   3fold=279 (62%)   4417s      mean=0.556 LLR=+2.96 [CONTINUE]
 454 games  +109 =286 -59   +38 Elo +/- 19   3fold=279 (61%)   4420s      mean=0.555 LLR=+2.88 [CONTINUE]
 455 games  +109 =287 -59   +38 Elo +/- 19   3fold=280 (62%)   4439s      mean=0.555 LLR=+2.89 [CONTINUE]
 456 games  +110 =287 -59   +39 Elo +/- 19   3fold=280 (61%)   4451s      mean=0.556 LLR=+2.94 [CONTINUE]
 457 games  +111 =287 -59   +40 Elo +/- 19   3fold=280 (61%)   4454s      mean=0.557 LLR=+3.00 [CONTINUE]
 458 games  +111 =288 -59   +40 Elo +/- 19   3fold=281 (61%)   4467s      mean=0.557 LLR=+3.00 [CONTINUE]
 459 games  +111 =289 -59   +40 Elo +/- 19   3fold=282 (61%)   4476s      mean=0.557 LLR=+3.01 [CONTINUE]
 460 games  +112 =289 -59   +40 Elo +/- 19   3fold=282 (61%)   4486s      mean=0.558 LLR=+3.06 [CONTINUE]
 461 games  +112 =290 -59   +40 Elo +/- 19   3fold=283 (61%)   4495s      mean=0.557 LLR=+3.07 [CONTINUE]
 462 games  +112 =291 -59   +40 Elo +/- 19   3fold=284 (61%)   4510s      mean=0.557 LLR=+3.08 [CONTINUE]
 463 games  +113 =291 -59   +41 Elo +/- 19   3fold=284 (61%)   4511s      mean=0.558 LLR=+3.13 [CONTINUE]
 464 games  +113 =292 -59   +41 Elo +/- 19   3fold=285 (61%)   4521s      mean=0.558 LLR=+3.14 [CONTINUE]
 465 games  +113 =293 -59   +41 Elo +/- 19   3fold=286 (62%)   4536s      mean=0.558 LLR=+3.14 [CONTINUE]
 466 games  +114 =293 -59   +41 Elo +/- 19   3fold=286 (61%)   4542s      mean=0.559 LLR=+3.20 [CONTINUE]
 467 games  +114 =294 -59   +41 Elo +/- 19   3fold=287 (61%)   4548s      mean=0.559 LLR=+3.20 [CONTINUE]
 468 games  +115 =294 -59   +42 Elo +/- 19   3fold=287 (61%)   4565s      mean=0.560 LLR=+3.26 [CONTINUE]
 469 games  +115 =295 -59   +42 Elo +/- 19   3fold=288 (61%)   4574s      mean=0.560 LLR=+3.27 [CONTINUE]
 470 games  +115 =296 -59   +42 Elo +/- 19   3fold=289 (61%)   4574s      mean=0.560 LLR=+3.27 [CONTINUE]
 471 games  +115 =297 -59   +42 Elo +/- 19   3fold=290 (62%)   4593s      mean=0.559 LLR=+3.28 [CONTINUE]
 472 games  +115 =298 -59   +41 Elo +/- 19   3fold=291 (62%)   4603s      mean=0.559 LLR=+3.28 [CONTINUE]
 473 games  +116 =298 -59   +42 Elo +/- 19   3fold=291 (62%)   4608s      mean=0.560 LLR=+3.34 [CONTINUE]
 474 games  +116 =299 -59   +42 Elo +/- 19   3fold=292 (62%)   4617s      mean=0.560 LLR=+3.35 [CONTINUE]
 475 games  +116 =300 -59   +42 Elo +/- 19   3fold=293 (62%)   4628s      mean=0.560 LLR=+3.35 [CONTINUE]
 476 games  +116 =300 -60   +41 Elo +/- 19   3fold=293 (62%)   4632s      mean=0.559 LLR=+3.27 [CONTINUE]
 477 games  +116 =301 -60   +41 Elo +/- 19   3fold=294 (62%)   4648s      mean=0.559 LLR=+3.27 [CONTINUE]
 478 games  +116 =302 -60   +41 Elo +/- 19   3fold=295 (62%)   4656s      mean=0.559 LLR=+3.28 [CONTINUE]
 479 games  +116 =303 -60   +41 Elo +/- 19   3fold=296 (62%)   4657s      mean=0.558 LLR=+3.29 [CONTINUE]
 480 games  +116 =304 -60   +41 Elo +/- 19   3fold=297 (62%)   4674s      mean=0.558 LLR=+3.29 [CONTINUE]
 481 games  +116 =304 -61   +40 Elo +/- 19   3fold=297 (62%)   4684s      mean=0.557 LLR=+3.21 [CONTINUE]
 482 games  +117 =304 -61   +41 Elo +/- 19   3fold=297 (62%)   4686s      mean=0.558 LLR=+3.26 [CONTINUE]
 483 games  +117 =305 -61   +40 Elo +/- 19   3fold=298 (62%)   4703s      mean=0.558 LLR=+3.27 [CONTINUE]
 484 games  +117 =306 -61   +40 Elo +/- 19   3fold=299 (62%)   4710s      mean=0.558 LLR=+3.28 [CONTINUE]
 485 games  +117 =307 -61   +40 Elo +/- 19   3fold=300 (62%)   4714s      mean=0.558 LLR=+3.28 [CONTINUE]
 486 games  +117 =308 -61   +40 Elo +/- 19   3fold=301 (62%)   4726s      mean=0.558 LLR=+3.29 [CONTINUE]
 487 games  +118 =308 -61   +41 Elo +/- 19   3fold=301 (62%)   4737s      mean=0.559 LLR=+3.34 [CONTINUE]
 488 games  +118 =309 -61   +41 Elo +/- 19   3fold=302 (62%)   4746s      mean=0.558 LLR=+3.35 [CONTINUE]
 489 games  +118 =310 -61   +41 Elo +/- 19   3fold=303 (62%)   4756s      mean=0.558 LLR=+3.36 [CONTINUE]
 490 games  +119 =310 -61   +41 Elo +/- 19   3fold=303 (62%)   4770s      mean=0.559 LLR=+3.41 [CONTINUE]
 491 games  +120 =310 -61   +42 Elo +/- 19   3fold=303 (62%)   4775s      mean=0.560 LLR=+3.47 [CONTINUE]
 492 games  +120 =311 -61   +42 Elo +/- 19   3fold=304 (62%)   4783s      mean=0.560 LLR=+3.47 [CONTINUE]
 493 games  +120 =312 -61   +42 Elo +/- 19   3fold=305 (62%)   4802s      mean=0.560 LLR=+3.48 [CONTINUE]
 494 games  +121 =312 -61   +42 Elo +/- 19   3fold=305 (62%)   4803s      mean=0.561 LLR=+3.54 [CONTINUE]
 495 games  +121 =312 -62   +42 Elo +/- 19   3fold=305 (62%)   4815s      mean=0.560 LLR=+3.45 [CONTINUE]
 496 games  +121 =313 -62   +42 Elo +/- 18   3fold=306 (62%)   4830s      mean=0.559 LLR=+3.46 [CONTINUE]
 497 games  +121 =314 -62   +41 Elo +/- 18   3fold=307 (62%)   4830s      mean=0.559 LLR=+3.46 [CONTINUE]
 498 games  +121 =315 -62   +41 Elo +/- 18   3fold=308 (62%)   4840s      mean=0.559 LLR=+3.47 [CONTINUE]
 499 games  +121 =316 -62   +41 Elo +/- 18   3fold=309 (62%)   4855s      mean=0.559 LLR=+3.48 [CONTINUE]
 500 games  +121 =317 -62   +41 Elo +/- 18   3fold=310 (62%)   4856s      mean=0.559 LLR=+3.48 [CONTINUE]
 501 games  +121 =318 -62   +41 Elo +/- 18   3fold=311 (62%)   4866s      mean=0.559 LLR=+3.49 [CONTINUE]
 502 games  +121 =319 -62   +41 Elo +/- 18   3fold=312 (62%)   4882s      mean=0.559 LLR=+3.49 [CONTINUE]
 503 games  +121 =320 -62   +41 Elo +/- 18   3fold=313 (62%)   4883s      mean=0.559 LLR=+3.50 [CONTINUE]
 504 games  +121 =321 -62   +41 Elo +/- 18   3fold=314 (62%)   4890s      mean=0.559 LLR=+3.51 [CONTINUE]
 505 games  +121 =322 -62   +41 Elo +/- 18   3fold=315 (62%)   4906s      mean=0.558 LLR=+3.51 [CONTINUE]
 506 games  +122 =322 -62   +41 Elo +/- 18   3fold=315 (62%)   4912s      mean=0.559 LLR=+3.57 [CONTINUE]
 507 games  +122 =323 -62   +41 Elo +/- 18   3fold=316 (62%)   4921s      mean=0.559 LLR=+3.57 [CONTINUE]
 508 games  +122 =324 -62   +41 Elo +/- 18   3fold=317 (62%)   4938s      mean=0.559 LLR=+3.58 [CONTINUE]
 509 games  +123 =324 -62   +42 Elo +/- 18   3fold=317 (62%)   4939s      mean=0.560 LLR=+3.64 [CONTINUE]
 510 games  +123 =325 -62   +42 Elo +/- 18   3fold=318 (62%)   4945s      mean=0.560 LLR=+3.64 [CONTINUE]
 511 games  +123 =326 -62   +42 Elo +/- 18   3fold=319 (62%)   4967s      mean=0.560 LLR=+3.65 [CONTINUE]
 512 games  +123 =326 -63   +41 Elo +/- 18   3fold=319 (62%)   4970s      mean=0.559 LLR=+3.56 [CONTINUE]
 513 games  +123 =327 -63   +41 Elo +/- 18   3fold=320 (62%)   4973s      mean=0.558 LLR=+3.57 [CONTINUE]
 514 games  +124 =327 -63   +41 Elo +/- 18   3fold=320 (62%)   5000s      mean=0.559 LLR=+3.63 [CONTINUE]
 515 games  +124 =328 -63   +41 Elo +/- 18   3fold=321 (62%)   5002s      mean=0.559 LLR=+3.63 [CONTINUE]
 516 games  +124 =329 -63   +41 Elo +/- 18   3fold=322 (62%)   5004s      mean=0.559 LLR=+3.64 [CONTINUE]
 517 games  +124 =330 -63   +41 Elo +/- 18   3fold=323 (62%)   5028s      mean=0.559 LLR=+3.64 [CONTINUE]
 518 games  +125 =330 -63   +42 Elo +/- 18   3fold=323 (62%)   5028s      mean=0.560 LLR=+3.70 [ACCEPT]
 519 games  +125 =331 -63   +42 Elo +/- 18   3fold=324 (62%)   5031s      mean=0.560 LLR=+3.71 [ACCEPT]
 520 games  +125 =332 -63   +42 Elo +/- 18   3fold=325 (62%)   5056s      mean=0.560 LLR=+3.71 [ACCEPT]
 521 games  +125 =333 -63   +42 Elo +/- 18   3fold=326 (63%)   5056s      mean=0.560 LLR=+3.72 [ACCEPT]
 522 games  +125 =334 -63   +41 Elo +/- 18   3fold=327 (63%)   5057s      mean=0.559 LLR=+3.72 [ACCEPT]

=== FINAL ===
+125 =334 -63  out of 522   score 55.9%   +41 Elo +/- 18
terminations:
  draw:threefold     327   62.6%
  mate               188   36.0%
  draw:material        7    1.3%
no crashes, illegal moves, or flags

=== SPRT ===
status=ACCEPT  LLR=+3.725  bounds=[-3.664, 3.664]  elo0=0.0 elo1=8.0 alpha=0.025 beta=0.025
