gauntlet: agent@engine vs agent@checkpoints/repfix | SPRT elo0=0.0 elo1=8.0 alpha=0.025 beta=0.025 max_games=1500 | 10000ms+100ms | 3 workers
   1 games  +1 =0 -0   +1600 Elo +/- 0   3fold=0 (0%)   132s      mean=1.000 LLR=+0.00 [CONTINUE]
   2 games  +1 =1 -0   +191 Elo +/- 834   3fold=1 (50%)   134s      mean=0.750 LLR=+0.09 [CONTINUE]
   3 games  +2 =1 -0   +280 Elo +/- 777   3fold=1 (33%)   135s      mean=0.833 LLR=+0.20 [CONTINUE]
   4 games  +2 =2 -0   +191 Elo +/- 458   3fold=1 (25%)   160s      mean=0.750 LLR=+0.18 [CONTINUE]
   5 games  +2 =2 -1   +70 Elo +/- 308   3fold=1 (20%)   163s      mean=0.600 LLR=+0.04 [CONTINUE]
   6 games  +2 =2 -2   -0 Elo +/- 271   3fold=1 (17%)   165s      mean=0.500 LLR=-0.00 [CONTINUE]
   7 games  +3 =2 -2   +50 Elo +/- 263   3fold=1 (14%)   196s      mean=0.571 LLR=+0.03 [CONTINUE]
   8 games  +4 =2 -2   +89 Elo +/- 262   3fold=1 (12%)   200s      mean=0.625 LLR=+0.06 [CONTINUE]
   9 games  +4 =3 -2   +79 Elo +/- 215   3fold=2 (22%)   201s      mean=0.611 LLR=+0.07 [CONTINUE]
  10 games  +4 =3 -3   +35 Elo +/- 201   3fold=2 (20%)   226s      mean=0.550 LLR=+0.03 [CONTINUE]
  11 games  +5 =3 -3   +64 Elo +/- 198   3fold=2 (18%)   231s      mean=0.591 LLR=+0.06 [CONTINUE]
  12 games  +6 =3 -3   +89 Elo +/- 196   3fold=2 (17%)   238s      mean=0.625 LLR=+0.10 [CONTINUE]
  13 games  +7 =3 -3   +110 Elo +/- 195   3fold=2 (15%)   254s      mean=0.654 LLR=+0.13 [CONTINUE]
  14 games  +8 =3 -3   +130 Elo +/- 194   3fold=2 (14%)   259s      mean=0.679 LLR=+0.17 [CONTINUE]
  15 games  +8 =4 -3   +120 Elo +/- 174   3fold=2 (13%)   269s      mean=0.667 LLR=+0.18 [CONTINUE]
  16 games  +9 =4 -3   +137 Elo +/- 173   3fold=2 (12%)   287s      mean=0.688 LLR=+0.22 [CONTINUE]
  17 games  +9 =4 -4   +105 Elo +/- 163   3fold=2 (12%)   289s      mean=0.647 LLR=+0.16 [CONTINUE]
  18 games  +9 =5 -4   +99 Elo +/- 151   3fold=3 (17%)   297s      mean=0.639 LLR=+0.17 [CONTINUE]
  19 games  +9 =6 -4   +94 Elo +/- 140   3fold=4 (21%)   313s      mean=0.632 LLR=+0.18 [CONTINUE]
  20 games  +9 =6 -5   +70 Elo +/- 136   3fold=4 (20%)   321s      mean=0.600 LLR=+0.13 [CONTINUE]
  21 games  +10 =6 -5   +84 Elo +/- 135   3fold=4 (19%)   331s      mean=0.619 LLR=+0.17 [CONTINUE]
  22 games  +10 =7 -5   +80 Elo +/- 128   3fold=5 (23%)   343s      mean=0.614 LLR=+0.17 [CONTINUE]
  23 games  +10 =8 -5   +77 Elo +/- 121   3fold=6 (26%)   348s      mean=0.609 LLR=+0.18 [CONTINUE]
  24 games  +10 =9 -5   +73 Elo +/- 115   3fold=7 (29%)   357s      mean=0.604 LLR=+0.19 [CONTINUE]
  25 games  +10 =10 -5   +70 Elo +/- 110   3fold=8 (32%)   371s      mean=0.600 LLR=+0.19 [CONTINUE]
  26 games  +11 =10 -5   +82 Elo +/- 110   3fold=8 (31%)   382s      mean=0.615 LLR=+0.23 [CONTINUE]
  27 games  +11 =11 -5   +79 Elo +/- 105   3fold=8 (30%)   393s      mean=0.611 LLR=+0.24 [CONTINUE]
  28 games  +11 =11 -6   +63 Elo +/- 104   3fold=8 (29%)   400s      mean=0.589 LLR=+0.19 [CONTINUE]
  29 games  +11 =11 -7   +48 Elo +/- 103   3fold=8 (28%)   414s      mean=0.569 LLR=+0.14 [CONTINUE]
  30 games  +12 =11 -7   +58 Elo +/- 103   3fold=8 (27%)   421s      mean=0.583 LLR=+0.18 [CONTINUE]
  31 games  +13 =11 -7   +68 Elo +/- 102   3fold=8 (26%)   428s      mean=0.597 LLR=+0.21 [CONTINUE]
  32 games  +13 =12 -7   +66 Elo +/- 99   3fold=8 (25%)   456s      mean=0.594 LLR=+0.22 [CONTINUE]
  33 games  +14 =12 -7   +75 Elo +/- 98   3fold=8 (24%)   458s      mean=0.606 LLR=+0.26 [CONTINUE]
  34 games  +14 =12 -8   +62 Elo +/- 97   3fold=8 (24%)   460s      mean=0.588 LLR=+0.21 [CONTINUE]
  35 games  +14 =13 -8   +60 Elo +/- 94   3fold=9 (26%)   485s      mean=0.586 LLR=+0.22 [CONTINUE]
  36 games  +14 =13 -9   +49 Elo +/- 93   3fold=9 (25%)   489s      mean=0.569 LLR=+0.17 [CONTINUE]
  37 games  +14 =14 -9   +47 Elo +/- 91   3fold=9 (24%)   495s      mean=0.568 LLR=+0.17 [CONTINUE]
  38 games  +14 =15 -9   +46 Elo +/- 88   3fold=10 (26%)   511s      mean=0.566 LLR=+0.18 [CONTINUE]
  39 games  +14 =16 -9   +45 Elo +/- 86   3fold=11 (28%)   517s      mean=0.564 LLR=+0.18 [CONTINUE]
  40 games  +15 =16 -9   +53 Elo +/- 86   3fold=11 (28%)   524s      mean=0.575 LLR=+0.22 [CONTINUE]
  41 games  +15 =16 -10   +43 Elo +/- 85   3fold=11 (27%)   540s      mean=0.561 LLR=+0.18 [CONTINUE]
  42 games  +15 =17 -10   +42 Elo +/- 83   3fold=11 (26%)   553s      mean=0.560 LLR=+0.18 [CONTINUE]
  43 games  +16 =17 -10   +49 Elo +/- 83   3fold=11 (26%)   562s      mean=0.570 LLR=+0.22 [CONTINUE]
  44 games  +16 =18 -10   +48 Elo +/- 81   3fold=12 (27%)   569s      mean=0.568 LLR=+0.22 [CONTINUE]
  45 games  +16 =19 -10   +47 Elo +/- 79   3fold=13 (29%)   577s      mean=0.567 LLR=+0.23 [CONTINUE]
  46 games  +16 =20 -10   +46 Elo +/- 77   3fold=14 (30%)   596s      mean=0.565 LLR=+0.23 [CONTINUE]
  47 games  +16 =21 -10   +45 Elo +/- 75   3fold=15 (32%)   596s      mean=0.564 LLR=+0.23 [CONTINUE]
  48 games  +16 =22 -10   +44 Elo +/- 74   3fold=16 (33%)   605s      mean=0.562 LLR=+0.24 [CONTINUE]
  49 games  +16 =23 -10   +43 Elo +/- 72   3fold=17 (35%)   629s      mean=0.561 LLR=+0.24 [CONTINUE]
  50 games  +17 =23 -10   +49 Elo +/- 72   3fold=17 (34%)   633s      mean=0.570 LLR=+0.28 [CONTINUE]
  51 games  +18 =23 -10   +55 Elo +/- 72   3fold=17 (33%)   635s      mean=0.578 LLR=+0.33 [CONTINUE]
  52 games  +19 =23 -10   +61 Elo +/- 72   3fold=17 (33%)   658s      mean=0.587 LLR=+0.37 [CONTINUE]
  53 games  +19 =24 -10   +60 Elo +/- 70   3fold=18 (34%)   664s      mean=0.585 LLR=+0.37 [CONTINUE]
  54 games  +19 =24 -11   +52 Elo +/- 70   3fold=18 (33%)   666s      mean=0.574 LLR=+0.32 [CONTINUE]
  55 games  +20 =24 -11   +57 Elo +/- 70   3fold=18 (33%)   684s      mean=0.582 LLR=+0.36 [CONTINUE]
  56 games  +21 =24 -11   +63 Elo +/- 70   3fold=18 (32%)   697s      mean=0.589 LLR=+0.40 [CONTINUE]
  57 games  +21 =25 -11   +62 Elo +/- 69   3fold=19 (33%)   697s      mean=0.588 LLR=+0.41 [CONTINUE]
  58 games  +21 =25 -12   +54 Elo +/- 69   3fold=19 (33%)   715s      mean=0.578 LLR=+0.35 [CONTINUE]
  59 games  +21 =26 -12   +53 Elo +/- 67   3fold=20 (34%)   725s      mean=0.576 LLR=+0.36 [CONTINUE]
  60 games  +21 =26 -13   +47 Elo +/- 67   3fold=20 (33%)   729s      mean=0.567 LLR=+0.31 [CONTINUE]
  61 games  +21 =26 -14   +40 Elo +/- 67   3fold=20 (33%)   747s      mean=0.557 LLR=+0.26 [CONTINUE]
  62 games  +21 =27 -14   +39 Elo +/- 66   3fold=21 (34%)   749s      mean=0.556 LLR=+0.26 [CONTINUE]
  63 games  +22 =27 -14   +44 Elo +/- 66   3fold=21 (33%)   758s      mean=0.563 LLR=+0.30 [CONTINUE]
  64 games  +22 =27 -15   +38 Elo +/- 66   3fold=21 (33%)   780s      mean=0.555 LLR=+0.25 [CONTINUE]
  65 games  +22 =27 -16   +32 Elo +/- 65   3fold=21 (32%)   787s      mean=0.546 LLR=+0.21 [CONTINUE]
  66 games  +23 =27 -16   +37 Elo +/- 65   3fold=21 (32%)   787s      mean=0.553 LLR=+0.25 [CONTINUE]
  67 games  +23 =28 -16   +36 Elo +/- 64   3fold=21 (31%)   812s      mean=0.552 LLR=+0.25 [CONTINUE]
  68 games  +23 =29 -16   +36 Elo +/- 63   3fold=21 (31%)   822s      mean=0.551 LLR=+0.25 [CONTINUE]
  69 games  +23 =30 -16   +35 Elo +/- 62   3fold=21 (30%)   824s      mean=0.551 LLR=+0.26 [CONTINUE]
  70 games  +23 =30 -17   +30 Elo +/- 62   3fold=21 (30%)   843s      mean=0.543 LLR=+0.21 [CONTINUE]
  71 games  +24 =30 -17   +34 Elo +/- 62   3fold=21 (30%)   852s      mean=0.549 LLR=+0.25 [CONTINUE]
  72 games  +24 =30 -18   +29 Elo +/- 62   3fold=21 (29%)   854s      mean=0.542 LLR=+0.21 [CONTINUE]
  73 games  +24 =30 -19   +24 Elo +/- 62   3fold=21 (29%)   880s      mean=0.534 LLR=+0.16 [CONTINUE]
  74 games  +24 =31 -19   +24 Elo +/- 61   3fold=21 (28%)   884s      mean=0.534 LLR=+0.17 [CONTINUE]
  75 games  +24 =32 -19   +23 Elo +/- 60   3fold=21 (28%)   899s      mean=0.533 LLR=+0.17 [CONTINUE]
  76 games  +24 =33 -19   +23 Elo +/- 59   3fold=22 (29%)   914s      mean=0.533 LLR=+0.17 [CONTINUE]
  77 games  +25 =33 -19   +27 Elo +/- 59   3fold=22 (29%)   914s      mean=0.539 LLR=+0.21 [CONTINUE]
  78 games  +26 =33 -19   +31 Elo +/- 59   3fold=22 (28%)   940s      mean=0.545 LLR=+0.25 [CONTINUE]
  79 games  +26 =34 -19   +31 Elo +/- 58   3fold=23 (29%)   942s      mean=0.544 LLR=+0.25 [CONTINUE]
  80 games  +26 =35 -19   +30 Elo +/- 58   3fold=24 (30%)   947s      mean=0.544 LLR=+0.25 [CONTINUE]
  81 games  +26 =36 -19   +30 Elo +/- 57   3fold=25 (31%)   966s      mean=0.543 LLR=+0.25 [CONTINUE]
  82 games  +26 =37 -19   +30 Elo +/- 56   3fold=26 (32%)   980s      mean=0.543 LLR=+0.26 [CONTINUE]
  83 games  +26 =38 -19   +29 Elo +/- 56   3fold=27 (33%)   981s      mean=0.542 LLR=+0.26 [CONTINUE]
  84 games  +27 =38 -19   +33 Elo +/- 56   3fold=27 (32%)   997s      mean=0.548 LLR=+0.30 [CONTINUE]
  85 games  +27 =39 -19   +33 Elo +/- 55   3fold=28 (33%)   1006s      mean=0.547 LLR=+0.30 [CONTINUE]
  86 games  +28 =39 -19   +36 Elo +/- 55   3fold=28 (33%)   1013s      mean=0.552 LLR=+0.34 [CONTINUE]
  87 games  +29 =39 -19   +40 Elo +/- 55   3fold=28 (32%)   1023s      mean=0.557 LLR=+0.38 [CONTINUE]
  88 games  +29 =40 -19   +40 Elo +/- 54   3fold=29 (33%)   1037s      mean=0.557 LLR=+0.39 [CONTINUE]
  89 games  +29 =41 -19   +39 Elo +/- 53   3fold=30 (34%)   1052s      mean=0.556 LLR=+0.39 [CONTINUE]
  90 games  +29 =42 -19   +39 Elo +/- 53   3fold=31 (34%)   1052s      mean=0.556 LLR=+0.40 [CONTINUE]
  91 games  +29 =43 -19   +38 Elo +/- 52   3fold=31 (34%)   1075s      mean=0.555 LLR=+0.40 [CONTINUE]
  92 games  +30 =43 -19   +42 Elo +/- 52   3fold=31 (34%)   1083s      mean=0.560 LLR=+0.44 [CONTINUE]
  93 games  +30 =44 -19   +41 Elo +/- 52   3fold=31 (33%)   1092s      mean=0.559 LLR=+0.45 [CONTINUE]
  94 games  +30 =44 -20   +37 Elo +/- 52   3fold=31 (33%)   1107s      mean=0.553 LLR=+0.39 [CONTINUE]
  95 games  +30 =45 -20   +37 Elo +/- 51   3fold=32 (34%)   1114s      mean=0.553 LLR=+0.40 [CONTINUE]
  96 games  +30 =46 -20   +36 Elo +/- 51   3fold=33 (34%)   1124s      mean=0.552 LLR=+0.40 [CONTINUE]
  97 games  +31 =46 -20   +40 Elo +/- 51   3fold=33 (34%)   1140s      mean=0.557 LLR=+0.44 [CONTINUE]
  98 games  +31 =46 -21   +36 Elo +/- 50   3fold=33 (34%)   1146s      mean=0.551 LLR=+0.39 [CONTINUE]
  99 games  +32 =46 -21   +39 Elo +/- 50   3fold=33 (33%)   1153s      mean=0.556 LLR=+0.43 [CONTINUE]
 100 games  +32 =47 -21   +38 Elo +/- 50   3fold=33 (33%)   1170s      mean=0.555 LLR=+0.44 [CONTINUE]
 101 games  +33 =47 -21   +41 Elo +/- 50   3fold=33 (33%)   1186s      mean=0.559 LLR=+0.48 [CONTINUE]
 102 games  +34 =47 -21   +45 Elo +/- 50   3fold=33 (32%)   1189s      mean=0.564 LLR=+0.52 [CONTINUE]
 103 games  +35 =47 -21   +48 Elo +/- 50   3fold=33 (32%)   1198s      mean=0.568 LLR=+0.56 [CONTINUE]
 104 games  +36 =47 -21   +50 Elo +/- 50   3fold=33 (32%)   1217s      mean=0.572 LLR=+0.60 [CONTINUE]
 105 games  +36 =47 -22   +47 Elo +/- 50   3fold=33 (31%)   1217s      mean=0.567 LLR=+0.55 [CONTINUE]
 106 games  +36 =47 -23   +43 Elo +/- 50   3fold=33 (31%)   1225s      mean=0.561 LLR=+0.50 [CONTINUE]
 107 games  +36 =48 -23   +42 Elo +/- 49   3fold=34 (32%)   1245s      mean=0.561 LLR=+0.50 [CONTINUE]
 108 games  +36 =49 -23   +42 Elo +/- 49   3fold=35 (32%)   1249s      mean=0.560 LLR=+0.51 [CONTINUE]
 109 games  +37 =49 -23   +45 Elo +/- 49   3fold=35 (32%)   1255s      mean=0.564 LLR=+0.55 [CONTINUE]
 110 games  +37 =50 -23   +44 Elo +/- 48   3fold=36 (33%)   1274s      mean=0.564 LLR=+0.55 [CONTINUE]
 111 games  +37 =50 -24   +41 Elo +/- 48   3fold=36 (32%)   1285s      mean=0.559 LLR=+0.50 [CONTINUE]
 112 games  +37 =51 -24   +41 Elo +/- 48   3fold=37 (33%)   1290s      mean=0.558 LLR=+0.51 [CONTINUE]
 113 games  +37 =52 -24   +40 Elo +/- 47   3fold=38 (34%)   1302s      mean=0.558 LLR=+0.51 [CONTINUE]
 114 games  +38 =52 -24   +43 Elo +/- 47   3fold=38 (33%)   1318s      mean=0.561 LLR=+0.55 [CONTINUE]
 115 games  +38 =53 -24   +43 Elo +/- 47   3fold=39 (34%)   1321s      mean=0.561 LLR=+0.56 [CONTINUE]
 116 games  +38 =53 -25   +39 Elo +/- 47   3fold=39 (34%)   1326s      mean=0.556 LLR=+0.51 [CONTINUE]
 117 games  +38 =54 -25   +39 Elo +/- 47   3fold=40 (34%)   1345s      mean=0.556 LLR=+0.51 [CONTINUE]
 118 games  +38 =55 -25   +38 Elo +/- 46   3fold=41 (35%)   1355s      mean=0.555 LLR=+0.51 [CONTINUE]
 119 games  +38 =55 -26   +35 Elo +/- 46   3fold=41 (34%)   1356s      mean=0.550 LLR=+0.46 [CONTINUE]
 120 games  +38 =55 -27   +32 Elo +/- 46   3fold=41 (34%)   1380s      mean=0.546 LLR=+0.42 [CONTINUE]
 121 games  +38 =56 -27   +32 Elo +/- 46   3fold=42 (35%)   1383s      mean=0.545 LLR=+0.42 [CONTINUE]
 122 games  +39 =56 -27   +34 Elo +/- 46   3fold=42 (34%)   1386s      mean=0.549 LLR=+0.46 [CONTINUE]
 123 games  +40 =56 -27   +37 Elo +/- 46   3fold=42 (34%)   1411s      mean=0.553 LLR=+0.50 [CONTINUE]
 124 games  +40 =56 -28   +34 Elo +/- 46   3fold=42 (34%)   1415s      mean=0.548 LLR=+0.45 [CONTINUE]
 125 games  +40 =57 -28   +33 Elo +/- 45   3fold=43 (34%)   1417s      mean=0.548 LLR=+0.45 [CONTINUE]
 126 games  +40 =58 -28   +33 Elo +/- 45   3fold=44 (35%)   1444s      mean=0.548 LLR=+0.46 [CONTINUE]
 127 games  +41 =58 -28   +36 Elo +/- 45   3fold=44 (35%)   1447s      mean=0.551 LLR=+0.50 [CONTINUE]
 128 games  +42 =58 -28   +38 Elo +/- 45   3fold=44 (34%)   1447s      mean=0.555 LLR=+0.54 [CONTINUE]
 129 games  +42 =58 -29   +35 Elo +/- 45   3fold=44 (34%)   1471s      mean=0.550 LLR=+0.49 [CONTINUE]
 130 games  +42 =58 -30   +32 Elo +/- 45   3fold=44 (34%)   1473s      mean=0.546 LLR=+0.44 [CONTINUE]
 131 games  +42 =59 -30   +32 Elo +/- 44   3fold=44 (34%)   1487s      mean=0.546 LLR=+0.45 [CONTINUE]
 132 games  +42 =60 -30   +32 Elo +/- 44   3fold=45 (34%)   1495s      mean=0.545 LLR=+0.45 [CONTINUE]
 133 games  +42 =61 -30   +31 Elo +/- 44   3fold=46 (35%)   1500s      mean=0.545 LLR=+0.45 [CONTINUE]
 134 games  +42 =62 -30   +31 Elo +/- 43   3fold=47 (35%)   1515s      mean=0.545 LLR=+0.45 [CONTINUE]
 135 games  +42 =62 -31   +28 Elo +/- 43   3fold=47 (35%)   1528s      mean=0.541 LLR=+0.41 [CONTINUE]
 136 games  +42 =62 -32   +26 Elo +/- 43   3fold=47 (35%)   1533s      mean=0.537 LLR=+0.36 [CONTINUE]
 137 games  +42 =63 -32   +25 Elo +/- 43   3fold=48 (35%)   1544s      mean=0.536 LLR=+0.36 [CONTINUE]
 138 games  +43 =63 -32   +28 Elo +/- 43   3fold=48 (35%)   1559s      mean=0.540 LLR=+0.40 [CONTINUE]
 139 games  +43 =63 -33   +25 Elo +/- 43   3fold=48 (35%)   1563s      mean=0.536 LLR=+0.36 [CONTINUE]
 140 games  +43 =64 -33   +25 Elo +/- 43   3fold=49 (35%)   1578s      mean=0.536 LLR=+0.36 [CONTINUE]
 141 games  +44 =64 -33   +27 Elo +/- 43   3fold=49 (35%)   1592s      mean=0.539 LLR=+0.40 [CONTINUE]
 142 games  +45 =64 -33   +29 Elo +/- 43   3fold=49 (35%)   1597s      mean=0.542 LLR=+0.44 [CONTINUE]
 143 games  +45 =65 -33   +29 Elo +/- 42   3fold=50 (35%)   1608s      mean=0.542 LLR=+0.44 [CONTINUE]
 144 games  +46 =65 -33   +31 Elo +/- 42   3fold=50 (35%)   1625s      mean=0.545 LLR=+0.48 [CONTINUE]
 145 games  +47 =65 -33   +34 Elo +/- 42   3fold=50 (34%)   1632s      mean=0.548 LLR=+0.52 [CONTINUE]
 146 games  +48 =65 -33   +36 Elo +/- 42   3fold=50 (34%)   1638s      mean=0.551 LLR=+0.56 [CONTINUE]
 147 games  +48 =66 -33   +36 Elo +/- 42   3fold=50 (34%)   1657s      mean=0.551 LLR=+0.57 [CONTINUE]
 148 games  +48 =67 -33   +35 Elo +/- 42   3fold=51 (34%)   1659s      mean=0.551 LLR=+0.57 [CONTINUE]
 149 games  +48 =68 -33   +35 Elo +/- 41   3fold=51 (34%)   1677s      mean=0.550 LLR=+0.57 [CONTINUE]
 150 games  +48 =69 -33   +35 Elo +/- 41   3fold=52 (35%)   1687s      mean=0.550 LLR=+0.58 [CONTINUE]
 151 games  +49 =69 -33   +37 Elo +/- 41   3fold=52 (34%)   1692s      mean=0.553 LLR=+0.62 [CONTINUE]
 152 games  +50 =69 -33   +39 Elo +/- 41   3fold=52 (34%)   1712s      mean=0.556 LLR=+0.66 [CONTINUE]
 153 games  +50 =69 -34   +36 Elo +/- 41   3fold=52 (34%)   1715s      mean=0.552 LLR=+0.61 [CONTINUE]
 154 games  +50 =70 -34   +36 Elo +/- 41   3fold=53 (34%)   1721s      mean=0.552 LLR=+0.61 [CONTINUE]
 155 games  +50 =71 -34   +36 Elo +/- 40   3fold=54 (35%)   1742s      mean=0.552 LLR=+0.62 [CONTINUE]
 156 games  +51 =71 -34   +38 Elo +/- 40   3fold=54 (35%)   1749s      mean=0.554 LLR=+0.66 [CONTINUE]
 157 games  +52 =71 -34   +40 Elo +/- 40   3fold=54 (34%)   1750s      mean=0.557 LLR=+0.70 [CONTINUE]
 158 games  +52 =72 -34   +40 Elo +/- 40   3fold=55 (35%)   1770s      mean=0.557 LLR=+0.70 [CONTINUE]
 159 games  +52 =73 -34   +40 Elo +/- 40   3fold=56 (35%)   1775s      mean=0.557 LLR=+0.70 [CONTINUE]
 160 games  +52 =74 -34   +39 Elo +/- 40   3fold=57 (36%)   1776s      mean=0.556 LLR=+0.71 [CONTINUE]
 161 games  +53 =74 -34   +41 Elo +/- 40   3fold=57 (35%)   1802s      mean=0.559 LLR=+0.75 [CONTINUE]
 162 games  +53 =74 -35   +39 Elo +/- 40   3fold=57 (35%)   1805s      mean=0.556 LLR=+0.70 [CONTINUE]
 163 games  +53 =75 -35   +39 Elo +/- 39   3fold=58 (36%)   1807s      mean=0.555 LLR=+0.70 [CONTINUE]
 164 games  +53 =75 -36   +36 Elo +/- 39   3fold=58 (35%)   1830s      mean=0.552 LLR=+0.65 [CONTINUE]
 165 games  +53 =76 -36   +36 Elo +/- 39   3fold=59 (36%)   1833s      mean=0.552 LLR=+0.66 [CONTINUE]
 166 games  +53 =77 -36   +36 Elo +/- 39   3fold=60 (36%)   1841s      mean=0.551 LLR=+0.66 [CONTINUE]
 167 games  +54 =77 -36   +38 Elo +/- 39   3fold=60 (36%)   1862s      mean=0.554 LLR=+0.70 [CONTINUE]
 168 games  +54 =78 -36   +37 Elo +/- 39   3fold=61 (36%)   1867s      mean=0.554 LLR=+0.71 [CONTINUE]
 169 games  +54 =79 -36   +37 Elo +/- 38   3fold=62 (37%)   1869s      mean=0.553 LLR=+0.71 [CONTINUE]
 170 games  +55 =79 -36   +39 Elo +/- 38   3fold=62 (36%)   1893s      mean=0.556 LLR=+0.75 [CONTINUE]
 171 games  +56 =79 -36   +41 Elo +/- 38   3fold=62 (36%)   1895s      mean=0.558 LLR=+0.79 [CONTINUE]
 172 games  +56 =79 -37   +39 Elo +/- 38   3fold=62 (36%)   1897s      mean=0.555 LLR=+0.74 [CONTINUE]
 173 games  +57 =79 -37   +40 Elo +/- 38   3fold=62 (36%)   1921s      mean=0.558 LLR=+0.78 [CONTINUE]
 174 games  +57 =80 -37   +40 Elo +/- 38   3fold=63 (36%)   1924s      mean=0.557 LLR=+0.79 [CONTINUE]
 175 games  +58 =80 -37   +42 Elo +/- 38   3fold=63 (36%)   1926s      mean=0.560 LLR=+0.83 [CONTINUE]
 176 games  +58 =81 -37   +42 Elo +/- 38   3fold=64 (36%)   1955s      mean=0.560 LLR=+0.83 [CONTINUE]
 177 games  +58 =81 -38   +39 Elo +/- 38   3fold=64 (36%)   1956s      mean=0.556 LLR=+0.78 [CONTINUE]
 178 games  +59 =81 -38   +41 Elo +/- 38   3fold=64 (36%)   1963s      mean=0.559 LLR=+0.82 [CONTINUE]
 179 games  +59 =82 -38   +41 Elo +/- 38   3fold=65 (36%)   1985s      mean=0.559 LLR=+0.83 [CONTINUE]
 180 games  +60 =82 -38   +43 Elo +/- 38   3fold=65 (36%)   1985s      mean=0.561 LLR=+0.87 [CONTINUE]
 181 games  +60 =83 -38   +42 Elo +/- 37   3fold=66 (36%)   2001s      mean=0.561 LLR=+0.87 [CONTINUE]
 182 games  +60 =84 -38   +42 Elo +/- 37   3fold=67 (37%)   2007s      mean=0.560 LLR=+0.87 [CONTINUE]
 183 games  +60 =85 -38   +42 Elo +/- 37   3fold=68 (37%)   2009s      mean=0.560 LLR=+0.88 [CONTINUE]
 184 games  +61 =85 -38   +44 Elo +/- 37   3fold=68 (37%)   2029s      mean=0.562 LLR=+0.92 [CONTINUE]
 185 games  +62 =85 -38   +45 Elo +/- 37   3fold=68 (37%)   2040s      mean=0.565 LLR=+0.96 [CONTINUE]
 186 games  +62 =86 -38   +45 Elo +/- 37   3fold=69 (37%)   2047s      mean=0.565 LLR=+0.97 [CONTINUE]
 187 games  +62 =87 -38   +45 Elo +/- 37   3fold=70 (37%)   2058s      mean=0.564 LLR=+0.97 [CONTINUE]
 188 games  +62 =87 -39   +43 Elo +/- 37   3fold=70 (37%)   2071s      mean=0.561 LLR=+0.92 [CONTINUE]
 189 games  +62 =87 -40   +41 Elo +/- 37   3fold=70 (37%)   2074s      mean=0.558 LLR=+0.87 [CONTINUE]
 190 games  +62 =87 -41   +39 Elo +/- 37   3fold=70 (37%)   2087s      mean=0.555 LLR=+0.82 [CONTINUE]
 191 games  +62 =88 -41   +38 Elo +/- 36   3fold=71 (37%)   2101s      mean=0.555 LLR=+0.82 [CONTINUE]
 192 games  +62 =88 -42   +36 Elo +/- 36   3fold=71 (37%)   2106s      mean=0.552 LLR=+0.77 [CONTINUE]
 193 games  +62 =88 -43   +34 Elo +/- 36   3fold=71 (37%)   2119s      mean=0.549 LLR=+0.72 [CONTINUE]
 194 games  +62 =88 -44   +32 Elo +/- 36   3fold=71 (37%)   2133s      mean=0.546 LLR=+0.67 [CONTINUE]
 195 games  +62 =88 -45   +30 Elo +/- 36   3fold=71 (36%)   2133s      mean=0.544 LLR=+0.63 [CONTINUE]
 196 games  +62 =89 -45   +30 Elo +/- 36   3fold=72 (37%)   2149s      mean=0.543 LLR=+0.63 [CONTINUE]
 197 games  +62 =89 -46   +28 Elo +/- 36   3fold=72 (37%)   2161s      mean=0.541 LLR=+0.58 [CONTINUE]
 198 games  +62 =90 -46   +28 Elo +/- 36   3fold=73 (37%)   2163s      mean=0.540 LLR=+0.59 [CONTINUE]
 199 games  +62 =90 -47   +26 Elo +/- 36   3fold=73 (37%)   2174s      mean=0.538 LLR=+0.54 [CONTINUE]
 200 games  +62 =91 -47   +26 Elo +/- 36   3fold=74 (37%)   2190s      mean=0.537 LLR=+0.54 [CONTINUE]
 201 games  +62 =92 -47   +26 Elo +/- 36   3fold=74 (37%)   2194s      mean=0.537 LLR=+0.54 [CONTINUE]
 202 games  +62 =92 -48   +24 Elo +/- 35   3fold=74 (37%)   2202s      mean=0.535 LLR=+0.50 [CONTINUE]
 203 games  +62 =93 -48   +24 Elo +/- 35   3fold=75 (37%)   2215s      mean=0.534 LLR=+0.50 [CONTINUE]
 204 games  +62 =94 -48   +24 Elo +/- 35   3fold=76 (37%)   2221s      mean=0.534 LLR=+0.50 [CONTINUE]
 205 games  +62 =95 -48   +24 Elo +/- 35   3fold=77 (38%)   2240s      mean=0.534 LLR=+0.50 [CONTINUE]
 206 games  +62 =96 -48   +24 Elo +/- 35   3fold=78 (38%)   2243s      mean=0.534 LLR=+0.51 [CONTINUE]
 207 games  +63 =96 -48   +25 Elo +/- 35   3fold=78 (38%)   2253s      mean=0.536 LLR=+0.55 [CONTINUE]
 208 games  +63 =96 -49   +23 Elo +/- 35   3fold=78 (38%)   2267s      mean=0.534 LLR=+0.50 [CONTINUE]
 209 games  +64 =96 -49   +25 Elo +/- 35   3fold=78 (37%)   2272s      mean=0.536 LLR=+0.54 [CONTINUE]
 210 games  +64 =96 -50   +23 Elo +/- 35   3fold=78 (37%)   2283s      mean=0.533 LLR=+0.50 [CONTINUE]
 211 games  +64 =96 -51   +21 Elo +/- 35   3fold=78 (37%)   2296s      mean=0.531 LLR=+0.45 [CONTINUE]
 212 games  +64 =97 -51   +21 Elo +/- 35   3fold=79 (37%)   2296s      mean=0.531 LLR=+0.45 [CONTINUE]
 213 games  +64 =98 -51   +21 Elo +/- 34   3fold=80 (38%)   2309s      mean=0.531 LLR=+0.45 [CONTINUE]
 214 games  +64 =98 -52   +20 Elo +/- 34   3fold=80 (37%)   2320s      mean=0.528 LLR=+0.41 [CONTINUE]
 215 games  +64 =98 -53   +18 Elo +/- 34   3fold=80 (37%)   2329s      mean=0.526 LLR=+0.36 [CONTINUE]
 216 games  +65 =98 -53   +19 Elo +/- 34   3fold=80 (37%)   2348s      mean=0.528 LLR=+0.40 [CONTINUE]
 217 games  +66 =98 -53   +21 Elo +/- 34   3fold=80 (37%)   2354s      mean=0.530 LLR=+0.44 [CONTINUE]
 218 games  +66 =98 -54   +19 Elo +/- 34   3fold=80 (37%)   2362s      mean=0.528 LLR=+0.40 [CONTINUE]
 219 games  +66 =98 -55   +17 Elo +/- 34   3fold=80 (37%)   2381s      mean=0.525 LLR=+0.35 [CONTINUE]
 220 games  +66 =98 -56   +16 Elo +/- 34   3fold=80 (36%)   2383s      mean=0.523 LLR=+0.31 [CONTINUE]
 221 games  +67 =98 -56   +17 Elo +/- 34   3fold=80 (36%)   2394s      mean=0.525 LLR=+0.35 [CONTINUE]
 222 games  +67 =99 -56   +17 Elo +/- 34   3fold=81 (36%)   2408s      mean=0.525 LLR=+0.35 [CONTINUE]
 223 games  +68 =99 -56   +19 Elo +/- 34   3fold=81 (36%)   2417s      mean=0.527 LLR=+0.39 [CONTINUE]
 224 games  +69 =99 -56   +20 Elo +/- 34   3fold=81 (36%)   2425s      mean=0.529 LLR=+0.43 [CONTINUE]
 225 games  +69 =100 -56   +20 Elo +/- 34   3fold=82 (36%)   2431s      mean=0.529 LLR=+0.43 [CONTINUE]
 226 games  +70 =100 -56   +22 Elo +/- 34   3fold=82 (36%)   2451s      mean=0.531 LLR=+0.47 [CONTINUE]
 227 games  +70 =100 -57   +20 Elo +/- 34   3fold=82 (36%)   2458s      mean=0.529 LLR=+0.43 [CONTINUE]
 228 games  +70 =101 -57   +20 Elo +/- 34   3fold=83 (36%)   2461s      mean=0.529 LLR=+0.43 [CONTINUE]
 229 games  +70 =101 -58   +18 Elo +/- 34   3fold=83 (36%)   2482s      mean=0.526 LLR=+0.39 [CONTINUE]
 230 games  +70 =102 -58   +18 Elo +/- 34   3fold=84 (37%)   2483s      mean=0.526 LLR=+0.39 [CONTINUE]
 231 games  +71 =102 -58   +20 Elo +/- 34   3fold=84 (36%)   2497s      mean=0.528 LLR=+0.43 [CONTINUE]
 232 games  +71 =102 -59   +18 Elo +/- 34   3fold=84 (36%)   2512s      mean=0.526 LLR=+0.39 [CONTINUE]
 233 games  +71 =103 -59   +18 Elo +/- 33   3fold=84 (36%)   2516s      mean=0.526 LLR=+0.39 [CONTINUE]
 234 games  +71 =104 -59   +18 Elo +/- 33   3fold=85 (36%)   2533s      mean=0.526 LLR=+0.39 [CONTINUE]
 235 games  +71 =105 -59   +18 Elo +/- 33   3fold=86 (37%)   2543s      mean=0.526 LLR=+0.39 [CONTINUE]
 236 games  +72 =105 -59   +19 Elo +/- 33   3fold=86 (36%)   2549s      mean=0.528 LLR=+0.43 [CONTINUE]
 237 games  +72 =105 -60   +18 Elo +/- 33   3fold=86 (36%)   2563s      mean=0.525 LLR=+0.39 [CONTINUE]
 238 games  +72 =106 -60   +18 Elo +/- 33   3fold=87 (37%)   2580s      mean=0.525 LLR=+0.39 [CONTINUE]
 239 games  +72 =107 -60   +17 Elo +/- 33   3fold=87 (36%)   2585s      mean=0.525 LLR=+0.39 [CONTINUE]
 240 games  +73 =107 -60   +19 Elo +/- 33   3fold=87 (36%)   2598s      mean=0.527 LLR=+0.43 [CONTINUE]
 241 games  +73 =107 -61   +17 Elo +/- 33   3fold=87 (36%)   2613s      mean=0.525 LLR=+0.38 [CONTINUE]
 242 games  +73 =108 -61   +17 Elo +/- 33   3fold=88 (36%)   2613s      mean=0.525 LLR=+0.38 [CONTINUE]
 243 games  +73 =108 -62   +16 Elo +/- 33   3fold=88 (36%)   2629s      mean=0.523 LLR=+0.34 [CONTINUE]
 244 games  +73 =109 -62   +16 Elo +/- 33   3fold=89 (36%)   2639s      mean=0.523 LLR=+0.34 [CONTINUE]
 245 games  +73 =110 -62   +16 Elo +/- 32   3fold=90 (37%)   2645s      mean=0.522 LLR=+0.34 [CONTINUE]
 246 games  +73 =111 -62   +16 Elo +/- 32   3fold=91 (37%)   2657s      mean=0.522 LLR=+0.34 [CONTINUE]
 247 games  +74 =111 -62   +17 Elo +/- 32   3fold=91 (37%)   2672s      mean=0.524 LLR=+0.38 [CONTINUE]
 248 games  +75 =111 -62   +18 Elo +/- 32   3fold=91 (37%)   2680s      mean=0.526 LLR=+0.42 [CONTINUE]
 249 games  +75 =112 -62   +18 Elo +/- 32   3fold=92 (37%)   2696s      mean=0.526 LLR=+0.43 [CONTINUE]
 250 games  +75 =113 -62   +18 Elo +/- 32   3fold=93 (37%)   2705s      mean=0.526 LLR=+0.43 [CONTINUE]
 251 games  +75 =114 -62   +18 Elo +/- 32   3fold=94 (37%)   2707s      mean=0.526 LLR=+0.43 [CONTINUE]
 252 games  +76 =114 -62   +19 Elo +/- 32   3fold=94 (37%)   2725s      mean=0.528 LLR=+0.47 [CONTINUE]
 253 games  +77 =114 -62   +21 Elo +/- 32   3fold=94 (37%)   2734s      mean=0.530 LLR=+0.51 [CONTINUE]
 254 games  +78 =114 -62   +22 Elo +/- 32   3fold=94 (37%)   2736s      mean=0.531 LLR=+0.55 [CONTINUE]
 255 games  +79 =114 -62   +23 Elo +/- 32   3fold=94 (37%)   2761s      mean=0.533 LLR=+0.59 [CONTINUE]
 256 games  +79 =114 -63   +22 Elo +/- 32   3fold=94 (37%)   2764s      mean=0.531 LLR=+0.55 [CONTINUE]
 257 games  +79 =115 -63   +22 Elo +/- 32   3fold=95 (37%)   2765s      mean=0.531 LLR=+0.55 [CONTINUE]
 258 games  +79 =116 -63   +22 Elo +/- 32   3fold=96 (37%)   2786s      mean=0.531 LLR=+0.55 [CONTINUE]
 259 games  +80 =116 -63   +23 Elo +/- 32   3fold=96 (37%)   2794s      mean=0.533 LLR=+0.59 [CONTINUE]
 260 games  +80 =117 -63   +23 Elo +/- 31   3fold=96 (37%)   2807s      mean=0.533 LLR=+0.59 [CONTINUE]
 261 games  +80 =117 -64   +21 Elo +/- 31   3fold=96 (37%)   2818s      mean=0.531 LLR=+0.55 [CONTINUE]
 262 games  +80 =118 -64   +21 Elo +/- 31   3fold=97 (37%)   2825s      mean=0.531 LLR=+0.55 [CONTINUE]
 263 games  +80 =118 -65   +20 Elo +/- 31   3fold=97 (37%)   2839s      mean=0.529 LLR=+0.50 [CONTINUE]
 264 games  +80 =118 -66   +18 Elo +/- 31   3fold=97 (37%)   2852s      mean=0.527 LLR=+0.46 [CONTINUE]
 265 games  +80 =118 -67   +17 Elo +/- 31   3fold=97 (37%)   2854s      mean=0.525 LLR=+0.41 [CONTINUE]
 266 games  +80 =119 -67   +17 Elo +/- 31   3fold=98 (37%)   2864s      mean=0.524 LLR=+0.42 [CONTINUE]
 267 games  +80 =120 -67   +17 Elo +/- 31   3fold=99 (37%)   2879s      mean=0.524 LLR=+0.42 [CONTINUE]
 268 games  +81 =120 -67   +18 Elo +/- 31   3fold=99 (37%)   2883s      mean=0.526 LLR=+0.46 [CONTINUE]
 269 games  +81 =120 -68   +17 Elo +/- 31   3fold=99 (37%)   2894s      mean=0.524 LLR=+0.41 [CONTINUE]
 270 games  +81 =121 -68   +17 Elo +/- 31   3fold=100 (37%)   2906s      mean=0.524 LLR=+0.41 [CONTINUE]
 271 games  +81 =122 -68   +17 Elo +/- 31   3fold=101 (37%)   2915s      mean=0.524 LLR=+0.42 [CONTINUE]
 272 games  +81 =122 -69   +15 Elo +/- 31   3fold=101 (37%)   2930s      mean=0.522 LLR=+0.37 [CONTINUE]
 273 games  +81 =123 -69   +15 Elo +/- 31   3fold=102 (37%)   2933s      mean=0.522 LLR=+0.37 [CONTINUE]
 274 games  +82 =123 -69   +16 Elo +/- 31   3fold=102 (37%)   2943s      mean=0.524 LLR=+0.41 [CONTINUE]
 275 games  +82 =123 -70   +15 Elo +/- 31   3fold=102 (37%)   2965s      mean=0.522 LLR=+0.37 [CONTINUE]
 276 games  +82 =124 -70   +15 Elo +/- 31   3fold=103 (37%)   2967s      mean=0.522 LLR=+0.37 [CONTINUE]
 277 games  +82 =125 -70   +15 Elo +/- 30   3fold=103 (37%)   2970s      mean=0.522 LLR=+0.37 [CONTINUE]
 278 games  +82 =126 -70   +15 Elo +/- 30   3fold=104 (37%)   2995s      mean=0.522 LLR=+0.37 [CONTINUE]
 279 games  +82 =127 -70   +15 Elo +/- 30   3fold=104 (37%)   3000s      mean=0.522 LLR=+0.37 [CONTINUE]
 280 games  +83 =127 -70   +16 Elo +/- 30   3fold=104 (37%)   3009s      mean=0.523 LLR=+0.41 [CONTINUE]
 281 games  +83 =127 -71   +15 Elo +/- 30   3fold=104 (37%)   3028s      mean=0.521 LLR=+0.37 [CONTINUE]
 282 games  +83 =127 -72   +14 Elo +/- 30   3fold=104 (37%)   3029s      mean=0.520 LLR=+0.33 [CONTINUE]
 283 games  +83 =128 -72   +14 Elo +/- 30   3fold=105 (37%)   3033s      mean=0.519 LLR=+0.33 [CONTINUE]
 284 games  +83 =129 -72   +13 Elo +/- 30   3fold=106 (37%)   3060s      mean=0.519 LLR=+0.33 [CONTINUE]
 285 games  +84 =129 -72   +15 Elo +/- 30   3fold=106 (37%)   3060s      mean=0.521 LLR=+0.37 [CONTINUE]
 286 games  +84 =129 -73   +13 Elo +/- 30   3fold=106 (37%)   3063s      mean=0.519 LLR=+0.32 [CONTINUE]
 287 games  +84 =130 -73   +13 Elo +/- 30   3fold=107 (37%)   3089s      mean=0.519 LLR=+0.32 [CONTINUE]
 288 games  +84 =131 -73   +13 Elo +/- 30   3fold=107 (37%)   3091s      mean=0.519 LLR=+0.33 [CONTINUE]
 289 games  +84 =132 -73   +13 Elo +/- 30   3fold=108 (37%)   3104s      mean=0.519 LLR=+0.33 [CONTINUE]
 290 games  +85 =132 -73   +14 Elo +/- 30   3fold=108 (37%)   3116s      mean=0.521 LLR=+0.37 [CONTINUE]
 291 games  +85 =132 -74   +13 Elo +/- 30   3fold=108 (37%)   3123s      mean=0.519 LLR=+0.32 [CONTINUE]
 292 games  +86 =132 -74   +14 Elo +/- 30   3fold=108 (37%)   3137s      mean=0.521 LLR=+0.36 [CONTINUE]
 293 games  +87 =132 -74   +15 Elo +/- 30   3fold=108 (37%)   3148s      mean=0.522 LLR=+0.40 [CONTINUE]
 294 games  +87 =132 -75   +14 Elo +/- 30   3fold=108 (37%)   3152s      mean=0.520 LLR=+0.36 [CONTINUE]
 295 games  +87 =133 -75   +14 Elo +/- 29   3fold=109 (37%)   3164s      mean=0.520 LLR=+0.36 [CONTINUE]
 296 games  +87 =133 -76   +13 Elo +/- 29   3fold=109 (37%)   3184s      mean=0.519 LLR=+0.32 [CONTINUE]
 297 games  +88 =133 -76   +14 Elo +/- 29   3fold=109 (37%)   3185s      mean=0.520 LLR=+0.36 [CONTINUE]
 298 games  +88 =134 -76   +14 Elo +/- 29   3fold=110 (37%)   3187s      mean=0.520 LLR=+0.36 [CONTINUE]
 299 games  +88 =134 -77   +13 Elo +/- 29   3fold=110 (37%)   3212s      mean=0.518 LLR=+0.32 [CONTINUE]
 300 games  +88 =135 -77   +13 Elo +/- 29   3fold=111 (37%)   3215s      mean=0.518 LLR=+0.32 [CONTINUE]
 301 games  +88 =136 -77   +13 Elo +/- 29   3fold=111 (37%)   3224s      mean=0.518 LLR=+0.32 [CONTINUE]
 302 games  +88 =137 -77   +13 Elo +/- 29   3fold=112 (37%)   3235s      mean=0.518 LLR=+0.32 [CONTINUE]
 303 games  +89 =137 -77   +14 Elo +/- 29   3fold=112 (37%)   3243s      mean=0.520 LLR=+0.36 [CONTINUE]
 304 games  +89 =137 -78   +13 Elo +/- 29   3fold=112 (37%)   3256s      mean=0.518 LLR=+0.32 [CONTINUE]
 305 games  +89 =137 -79   +11 Elo +/- 29   3fold=112 (37%)   3268s      mean=0.516 LLR=+0.27 [CONTINUE]
 306 games  +89 =137 -80   +10 Elo +/- 29   3fold=112 (37%)   3273s      mean=0.515 LLR=+0.23 [CONTINUE]
 307 games  +89 =138 -80   +10 Elo +/- 29   3fold=113 (37%)   3281s      mean=0.515 LLR=+0.23 [CONTINUE]
 308 games  +90 =138 -80   +11 Elo +/- 29   3fold=113 (37%)   3298s      mean=0.516 LLR=+0.27 [CONTINUE]
 309 games  +90 =138 -81   +10 Elo +/- 29   3fold=113 (37%)   3301s      mean=0.515 LLR=+0.23 [CONTINUE]
 310 games  +90 =139 -81   +10 Elo +/- 29   3fold=114 (37%)   3308s      mean=0.515 LLR=+0.23 [CONTINUE]
 311 games  +90 =139 -82   +9 Elo +/- 29   3fold=114 (37%)   3327s      mean=0.513 LLR=+0.18 [CONTINUE]
 312 games  +90 =139 -83   +8 Elo +/- 29   3fold=114 (37%)   3331s      mean=0.511 LLR=+0.14 [CONTINUE]
 313 games  +91 =139 -83   +9 Elo +/- 29   3fold=114 (36%)   3336s      mean=0.513 LLR=+0.18 [CONTINUE]
 314 games  +91 =140 -83   +9 Elo +/- 29   3fold=115 (37%)   3349s      mean=0.513 LLR=+0.18 [CONTINUE]
 315 games  +91 =141 -83   +9 Elo +/- 29   3fold=116 (37%)   3357s      mean=0.513 LLR=+0.18 [CONTINUE]
 316 games  +92 =141 -83   +10 Elo +/- 29   3fold=116 (37%)   3362s      mean=0.514 LLR=+0.22 [CONTINUE]
 317 games  +93 =141 -83   +11 Elo +/- 29   3fold=116 (37%)   3382s      mean=0.516 LLR=+0.26 [CONTINUE]
 318 games  +94 =141 -83   +12 Elo +/- 29   3fold=116 (36%)   3391s      mean=0.517 LLR=+0.30 [CONTINUE]
 319 games  +94 =141 -84   +11 Elo +/- 29   3fold=116 (36%)   3393s      mean=0.516 LLR=+0.26 [CONTINUE]
 320 games  +95 =141 -84   +12 Elo +/- 29   3fold=116 (36%)   3412s      mean=0.517 LLR=+0.30 [CONTINUE]
 321 games  +95 =142 -84   +12 Elo +/- 28   3fold=117 (36%)   3428s      mean=0.517 LLR=+0.30 [CONTINUE]
 322 games  +95 =143 -84   +12 Elo +/- 28   3fold=117 (36%)   3433s      mean=0.517 LLR=+0.30 [CONTINUE]
 323 games  +95 =143 -85   +11 Elo +/- 28   3fold=117 (36%)   3441s      mean=0.515 LLR=+0.26 [CONTINUE]
 324 games  +95 =143 -86   +10 Elo +/- 28   3fold=117 (36%)   3456s      mean=0.514 LLR=+0.22 [CONTINUE]
 325 games  +95 =144 -86   +10 Elo +/- 28   3fold=118 (36%)   3457s      mean=0.514 LLR=+0.22 [CONTINUE]
 326 games  +95 =145 -86   +10 Elo +/- 28   3fold=119 (37%)   3476s      mean=0.514 LLR=+0.22 [CONTINUE]
 327 games  +95 =146 -86   +10 Elo +/- 28   3fold=120 (37%)   3485s      mean=0.514 LLR=+0.22 [CONTINUE]
 328 games  +96 =146 -86   +11 Elo +/- 28   3fold=120 (37%)   3487s      mean=0.515 LLR=+0.26 [CONTINUE]
 329 games  +96 =147 -86   +11 Elo +/- 28   3fold=121 (37%)   3503s      mean=0.515 LLR=+0.26 [CONTINUE]
 330 games  +96 =148 -86   +11 Elo +/- 28   3fold=122 (37%)   3509s      mean=0.515 LLR=+0.26 [CONTINUE]
 331 games  +97 =148 -86   +12 Elo +/- 28   3fold=122 (37%)   3530s      mean=0.517 LLR=+0.30 [CONTINUE]
 332 games  +97 =149 -86   +12 Elo +/- 28   3fold=123 (37%)   3537s      mean=0.517 LLR=+0.30 [CONTINUE]
 333 games  +98 =149 -86   +13 Elo +/- 28   3fold=123 (37%)   3537s      mean=0.518 LLR=+0.34 [CONTINUE]
 334 games  +98 =150 -86   +12 Elo +/- 28   3fold=124 (37%)   3561s      mean=0.518 LLR=+0.34 [CONTINUE]
 335 games  +98 =150 -87   +11 Elo +/- 28   3fold=124 (37%)   3569s      mean=0.516 LLR=+0.30 [CONTINUE]
 336 games  +98 =151 -87   +11 Elo +/- 28   3fold=125 (37%)   3574s      mean=0.516 LLR=+0.30 [CONTINUE]
 337 games  +98 =152 -87   +11 Elo +/- 28   3fold=126 (37%)   3595s      mean=0.516 LLR=+0.30 [CONTINUE]
 338 games  +98 =153 -87   +11 Elo +/- 27   3fold=127 (38%)   3600s      mean=0.516 LLR=+0.30 [CONTINUE]
 339 games  +98 =154 -87   +11 Elo +/- 27   3fold=128 (38%)   3601s      mean=0.516 LLR=+0.30 [CONTINUE]
 340 games  +98 =154 -88   +10 Elo +/- 27   3fold=128 (38%)   3628s      mean=0.515 LLR=+0.26 [CONTINUE]
 341 games  +98 =155 -88   +10 Elo +/- 27   3fold=129 (38%)   3629s      mean=0.515 LLR=+0.26 [CONTINUE]
 342 games  +98 =155 -89   +9 Elo +/- 27   3fold=129 (38%)   3629s      mean=0.513 LLR=+0.21 [CONTINUE]
 343 games  +98 =156 -89   +9 Elo +/- 27   3fold=130 (38%)   3658s      mean=0.513 LLR=+0.21 [CONTINUE]
 344 games  +99 =156 -89   +10 Elo +/- 27   3fold=130 (38%)   3666s      mean=0.515 LLR=+0.25 [CONTINUE]
 345 games  +100 =156 -89   +11 Elo +/- 27   3fold=130 (38%)   3668s      mean=0.516 LLR=+0.30 [CONTINUE]
 346 games  +100 =157 -89   +11 Elo +/- 27   3fold=131 (38%)   3688s      mean=0.516 LLR=+0.30 [CONTINUE]
 347 games  +100 =158 -89   +11 Elo +/- 27   3fold=132 (38%)   3690s      mean=0.516 LLR=+0.30 [CONTINUE]
 348 games  +100 =159 -89   +11 Elo +/- 27   3fold=133 (38%)   3698s      mean=0.516 LLR=+0.30 [CONTINUE]
 349 games  +100 =160 -89   +11 Elo +/- 27   3fold=134 (38%)   3716s      mean=0.516 LLR=+0.30 [CONTINUE]
 350 games  +100 =161 -89   +11 Elo +/- 27   3fold=135 (39%)   3719s      mean=0.516 LLR=+0.30 [CONTINUE]
 351 games  +100 =162 -89   +11 Elo +/- 27   3fold=135 (38%)   3727s      mean=0.516 LLR=+0.30 [CONTINUE]
 352 games  +100 =162 -90   +10 Elo +/- 27   3fold=135 (38%)   3744s      mean=0.514 LLR=+0.25 [CONTINUE]
 353 games  +100 =163 -90   +10 Elo +/- 27   3fold=136 (39%)   3753s      mean=0.514 LLR=+0.25 [CONTINUE]
 354 games  +100 =164 -90   +10 Elo +/- 27   3fold=137 (39%)   3756s      mean=0.514 LLR=+0.25 [CONTINUE]
 355 games  +100 =165 -90   +10 Elo +/- 26   3fold=138 (39%)   3768s      mean=0.514 LLR=+0.25 [CONTINUE]
 356 games  +100 =165 -91   +9 Elo +/- 26   3fold=138 (39%)   3782s      mean=0.513 LLR=+0.21 [CONTINUE]
 357 games  +101 =165 -91   +10 Elo +/- 26   3fold=138 (39%)   3785s      mean=0.514 LLR=+0.25 [CONTINUE]
 358 games  +101 =166 -91   +10 Elo +/- 26   3fold=139 (39%)   3802s      mean=0.514 LLR=+0.25 [CONTINUE]
 359 games  +101 =167 -91   +10 Elo +/- 26   3fold=140 (39%)   3807s      mean=0.514 LLR=+0.25 [CONTINUE]
 360 games  +101 =168 -91   +10 Elo +/- 26   3fold=141 (39%)   3821s      mean=0.514 LLR=+0.25 [CONTINUE]
 361 games  +101 =169 -91   +10 Elo +/- 26   3fold=142 (39%)   3826s      mean=0.514 LLR=+0.25 [CONTINUE]
 362 games  +102 =169 -91   +11 Elo +/- 26   3fold=142 (39%)   3837s      mean=0.515 LLR=+0.30 [CONTINUE]
 363 games  +102 =169 -92   +10 Elo +/- 26   3fold=142 (39%)   3853s      mean=0.514 LLR=+0.25 [CONTINUE]
 364 games  +102 =170 -92   +10 Elo +/- 26   3fold=143 (39%)   3859s      mean=0.514 LLR=+0.25 [CONTINUE]
 365 games  +103 =170 -92   +10 Elo +/- 26   3fold=143 (39%)   3866s      mean=0.515 LLR=+0.29 [CONTINUE]
 366 games  +103 =171 -92   +10 Elo +/- 26   3fold=144 (39%)   3875s      mean=0.515 LLR=+0.29 [CONTINUE]
 367 games  +103 =172 -92   +10 Elo +/- 26   3fold=145 (40%)   3896s      mean=0.515 LLR=+0.29 [CONTINUE]
 368 games  +103 =172 -93   +9 Elo +/- 26   3fold=145 (39%)   3897s      mean=0.514 LLR=+0.25 [CONTINUE]
 369 games  +103 =172 -94   +8 Elo +/- 26   3fold=145 (39%)   3903s      mean=0.512 LLR=+0.21 [CONTINUE]
 370 games  +103 =173 -94   +8 Elo +/- 26   3fold=146 (39%)   3921s      mean=0.512 LLR=+0.21 [CONTINUE]
 371 games  +103 =174 -94   +8 Elo +/- 26   3fold=147 (40%)   3930s      mean=0.512 LLR=+0.21 [CONTINUE]
 372 games  +104 =174 -94   +9 Elo +/- 26   3fold=147 (40%)   3932s      mean=0.513 LLR=+0.25 [CONTINUE]
 373 games  +104 =175 -94   +9 Elo +/- 26   3fold=148 (40%)   3943s      mean=0.513 LLR=+0.25 [CONTINUE]
 374 games  +104 =176 -94   +9 Elo +/- 26   3fold=149 (40%)   3959s      mean=0.513 LLR=+0.25 [CONTINUE]
 375 games  +105 =176 -94   +10 Elo +/- 26   3fold=149 (40%)   3967s      mean=0.515 LLR=+0.29 [CONTINUE]
 376 games  +106 =176 -94   +11 Elo +/- 26   3fold=149 (40%)   3976s      mean=0.516 LLR=+0.33 [CONTINUE]
 377 games  +106 =177 -94   +11 Elo +/- 26   3fold=150 (40%)   3979s      mean=0.516 LLR=+0.33 [CONTINUE]
 378 games  +106 =178 -94   +11 Elo +/- 26   3fold=151 (40%)   3991s      mean=0.516 LLR=+0.33 [CONTINUE]
 379 games  +106 =178 -95   +10 Elo +/- 26   3fold=151 (40%)   4004s      mean=0.515 LLR=+0.29 [CONTINUE]
 380 games  +106 =179 -95   +10 Elo +/- 25   3fold=151 (40%)   4008s      mean=0.514 LLR=+0.29 [CONTINUE]
 381 games  +106 =180 -95   +10 Elo +/- 25   3fold=151 (40%)   4021s      mean=0.514 LLR=+0.29 [CONTINUE]
 382 games  +106 =181 -95   +10 Elo +/- 25   3fold=151 (40%)   4036s      mean=0.514 LLR=+0.29 [CONTINUE]
 383 games  +106 =182 -95   +10 Elo +/- 25   3fold=152 (40%)   4038s      mean=0.514 LLR=+0.29 [CONTINUE]
 384 games  +106 =183 -95   +10 Elo +/- 25   3fold=153 (40%)   4046s      mean=0.514 LLR=+0.29 [CONTINUE]
 385 games  +106 =184 -95   +10 Elo +/- 25   3fold=154 (40%)   4062s      mean=0.514 LLR=+0.29 [CONTINUE]
 386 games  +106 =185 -95   +10 Elo +/- 25   3fold=155 (40%)   4069s      mean=0.514 LLR=+0.29 [CONTINUE]
 387 games  +106 =186 -95   +10 Elo +/- 25   3fold=156 (40%)   4071s      mean=0.514 LLR=+0.29 [CONTINUE]
 388 games  +106 =186 -96   +9 Elo +/- 25   3fold=156 (40%)   4090s      mean=0.513 LLR=+0.25 [CONTINUE]
 389 games  +107 =186 -96   +10 Elo +/- 25   3fold=156 (40%)   4098s      mean=0.514 LLR=+0.29 [CONTINUE]
 390 games  +108 =186 -96   +11 Elo +/- 25   3fold=156 (40%)   4103s      mean=0.515 LLR=+0.33 [CONTINUE]
 391 games  +109 =186 -96   +12 Elo +/- 25   3fold=156 (40%)   4121s      mean=0.517 LLR=+0.37 [CONTINUE]
 392 games  +110 =186 -96   +12 Elo +/- 25   3fold=156 (40%)   4125s      mean=0.518 LLR=+0.42 [CONTINUE]
 393 games  +111 =186 -96   +13 Elo +/- 25   3fold=156 (40%)   4134s      mean=0.519 LLR=+0.46 [CONTINUE]
 394 games  +111 =187 -96   +13 Elo +/- 25   3fold=157 (40%)   4147s      mean=0.519 LLR=+0.46 [CONTINUE]
 395 games  +111 =188 -96   +13 Elo +/- 25   3fold=158 (40%)   4152s      mean=0.519 LLR=+0.46 [CONTINUE]
 396 games  +111 =189 -96   +13 Elo +/- 25   3fold=159 (40%)   4163s      mean=0.519 LLR=+0.46 [CONTINUE]
 397 games  +112 =189 -96   +14 Elo +/- 25   3fold=159 (40%)   4176s      mean=0.520 LLR=+0.50 [CONTINUE]
 398 games  +112 =189 -97   +13 Elo +/- 25   3fold=159 (40%)   4176s      mean=0.519 LLR=+0.46 [CONTINUE]
 399 games  +113 =189 -97   +14 Elo +/- 25   3fold=159 (40%)   4194s      mean=0.520 LLR=+0.50 [CONTINUE]
 400 games  +113 =190 -97   +14 Elo +/- 25   3fold=160 (40%)   4203s      mean=0.520 LLR=+0.50 [CONTINUE]
 401 games  +114 =190 -97   +15 Elo +/- 25   3fold=160 (40%)   4212s      mean=0.521 LLR=+0.54 [CONTINUE]
 402 games  +114 =191 -97   +15 Elo +/- 25   3fold=161 (40%)   4227s      mean=0.521 LLR=+0.54 [CONTINUE]
 403 games  +115 =191 -97   +16 Elo +/- 25   3fold=161 (40%)   4229s      mean=0.522 LLR=+0.59 [CONTINUE]
 404 games  +115 =192 -97   +15 Elo +/- 25   3fold=162 (40%)   4241s      mean=0.522 LLR=+0.59 [CONTINUE]
 405 games  +115 =192 -98   +15 Elo +/- 25   3fold=162 (40%)   4258s      mean=0.521 LLR=+0.54 [CONTINUE]
 406 games  +116 =192 -98   +15 Elo +/- 25   3fold=162 (40%)   4260s      mean=0.522 LLR=+0.58 [CONTINUE]
 407 games  +117 =192 -98   +16 Elo +/- 25   3fold=162 (40%)   4269s      mean=0.523 LLR=+0.63 [CONTINUE]
 408 games  +117 =192 -99   +15 Elo +/- 25   3fold=162 (40%)   4290s      mean=0.522 LLR=+0.58 [CONTINUE]
 409 games  +118 =192 -99   +16 Elo +/- 25   3fold=162 (40%)   4292s      mean=0.523 LLR=+0.62 [CONTINUE]
 410 games  +118 =193 -99   +16 Elo +/- 25   3fold=162 (40%)   4300s      mean=0.523 LLR=+0.62 [CONTINUE]
 411 games  +119 =193 -99   +17 Elo +/- 25   3fold=162 (39%)   4322s      mean=0.524 LLR=+0.67 [CONTINUE]
 412 games  +119 =194 -99   +17 Elo +/- 24   3fold=163 (40%)   4323s      mean=0.524 LLR=+0.67 [CONTINUE]
 413 games  +119 =195 -99   +17 Elo +/- 24   3fold=163 (39%)   4327s      mean=0.524 LLR=+0.67 [CONTINUE]
 414 games  +119 =196 -99   +17 Elo +/- 24   3fold=164 (40%)   4348s      mean=0.524 LLR=+0.67 [CONTINUE]
 415 games  +120 =196 -99   +18 Elo +/- 24   3fold=164 (40%)   4358s      mean=0.525 LLR=+0.71 [CONTINUE]
 416 games  +121 =196 -99   +18 Elo +/- 24   3fold=164 (39%)   4361s      mean=0.526 LLR=+0.75 [CONTINUE]
 417 games  +121 =197 -99   +18 Elo +/- 24   3fold=165 (40%)   4383s      mean=0.526 LLR=+0.75 [CONTINUE]
 418 games  +121 =198 -99   +18 Elo +/- 24   3fold=166 (40%)   4384s      mean=0.526 LLR=+0.76 [CONTINUE]
 419 games  +122 =198 -99   +19 Elo +/- 24   3fold=166 (40%)   4390s      mean=0.527 LLR=+0.80 [CONTINUE]
 420 games  +122 =199 -99   +19 Elo +/- 24   3fold=167 (40%)   4410s      mean=0.527 LLR=+0.80 [CONTINUE]
 421 games  +122 =200 -99   +19 Elo +/- 24   3fold=168 (40%)   4410s      mean=0.527 LLR=+0.80 [CONTINUE]
 422 games  +122 =201 -99   +19 Elo +/- 24   3fold=168 (40%)   4430s      mean=0.527 LLR=+0.80 [CONTINUE]
 423 games  +122 =202 -99   +19 Elo +/- 24   3fold=169 (40%)   4436s      mean=0.527 LLR=+0.80 [CONTINUE]
 424 games  +122 =203 -99   +19 Elo +/- 24   3fold=170 (40%)   4454s      mean=0.527 LLR=+0.80 [CONTINUE]
 425 games  +122 =204 -99   +19 Elo +/- 24   3fold=171 (40%)   4464s      mean=0.527 LLR=+0.81 [CONTINUE]
 426 games  +122 =204 -100   +18 Elo +/- 24   3fold=171 (40%)   4466s      mean=0.526 LLR=+0.76 [CONTINUE]
 427 games  +122 =205 -100   +18 Elo +/- 24   3fold=172 (40%)   4485s      mean=0.526 LLR=+0.76 [CONTINUE]
 428 games  +123 =205 -100   +19 Elo +/- 24   3fold=172 (40%)   4493s      mean=0.527 LLR=+0.80 [CONTINUE]
 429 games  +123 =206 -100   +19 Elo +/- 24   3fold=173 (40%)   4496s      mean=0.527 LLR=+0.80 [CONTINUE]
 430 games  +123 =206 -101   +18 Elo +/- 24   3fold=173 (40%)   4514s      mean=0.526 LLR=+0.76 [CONTINUE]
 431 games  +123 =206 -102   +17 Elo +/- 24   3fold=173 (40%)   4523s      mean=0.524 LLR=+0.71 [CONTINUE]
 432 games  +123 =207 -102   +17 Elo +/- 24   3fold=174 (40%)   4524s      mean=0.524 LLR=+0.71 [CONTINUE]
 433 games  +123 =208 -102   +17 Elo +/- 24   3fold=175 (40%)   4545s      mean=0.524 LLR=+0.71 [CONTINUE]
 434 games  +123 =208 -103   +16 Elo +/- 24   3fold=175 (40%)   4548s      mean=0.523 LLR=+0.67 [CONTINUE]
 435 games  +123 =208 -104   +15 Elo +/- 24   3fold=175 (40%)   4553s      mean=0.522 LLR=+0.62 [CONTINUE]
 436 games  +123 =208 -105   +14 Elo +/- 24   3fold=175 (40%)   4578s      mean=0.521 LLR=+0.57 [CONTINUE]
 437 games  +123 =209 -105   +14 Elo +/- 24   3fold=176 (40%)   4581s      mean=0.521 LLR=+0.57 [CONTINUE]
 438 games  +123 =209 -106   +13 Elo +/- 24   3fold=176 (40%)   4584s      mean=0.519 LLR=+0.53 [CONTINUE]
 439 games  +124 =209 -106   +14 Elo +/- 24   3fold=176 (40%)   4607s      mean=0.521 LLR=+0.57 [CONTINUE]
 440 games  +124 =210 -106   +14 Elo +/- 24   3fold=177 (40%)   4607s      mean=0.520 LLR=+0.57 [CONTINUE]
 441 games  +125 =210 -106   +15 Elo +/- 24   3fold=177 (40%)   4613s      mean=0.522 LLR=+0.61 [CONTINUE]
 442 games  +125 =210 -107   +14 Elo +/- 24   3fold=177 (40%)   4634s      mean=0.520 LLR=+0.57 [CONTINUE]
 443 games  +125 =211 -107   +14 Elo +/- 23   3fold=178 (40%)   4636s      mean=0.520 LLR=+0.57 [CONTINUE]
 444 games  +125 =212 -107   +14 Elo +/- 23   3fold=179 (40%)   4638s      mean=0.520 LLR=+0.57 [CONTINUE]
 445 games  +125 =212 -108   +13 Elo +/- 23   3fold=179 (40%)   4666s      mean=0.519 LLR=+0.52 [CONTINUE]
 446 games  +126 =212 -108   +14 Elo +/- 23   3fold=179 (40%)   4666s      mean=0.520 LLR=+0.57 [CONTINUE]
 447 games  +126 =212 -109   +13 Elo +/- 23   3fold=179 (40%)   4671s      mean=0.519 LLR=+0.52 [CONTINUE]
 448 games  +126 =213 -109   +13 Elo +/- 23   3fold=180 (40%)   4697s      mean=0.519 LLR=+0.52 [CONTINUE]
 449 games  +126 =213 -110   +12 Elo +/- 23   3fold=180 (40%)   4697s      mean=0.518 LLR=+0.48 [CONTINUE]
 450 games  +127 =213 -110   +13 Elo +/- 23   3fold=180 (40%)   4701s      mean=0.519 LLR=+0.52 [CONTINUE]
 451 games  +127 =214 -110   +13 Elo +/- 23   3fold=181 (40%)   4727s      mean=0.519 LLR=+0.52 [CONTINUE]
 452 games  +127 =214 -111   +12 Elo +/- 23   3fold=181 (40%)   4730s      mean=0.518 LLR=+0.47 [CONTINUE]
 453 games  +127 =215 -111   +12 Elo +/- 23   3fold=182 (40%)   4733s      mean=0.518 LLR=+0.47 [CONTINUE]
 454 games  +128 =215 -111   +13 Elo +/- 23   3fold=182 (40%)   4756s      mean=0.519 LLR=+0.52 [CONTINUE]
 455 games  +129 =215 -111   +14 Elo +/- 23   3fold=182 (40%)   4763s      mean=0.520 LLR=+0.56 [CONTINUE]
 456 games  +129 =216 -111   +14 Elo +/- 23   3fold=183 (40%)   4767s      mean=0.520 LLR=+0.56 [CONTINUE]
 457 games  +129 =216 -112   +13 Elo +/- 23   3fold=183 (40%)   4790s      mean=0.519 LLR=+0.51 [CONTINUE]
 458 games  +129 =217 -112   +13 Elo +/- 23   3fold=184 (40%)   4792s      mean=0.519 LLR=+0.51 [CONTINUE]
 459 games  +130 =217 -112   +14 Elo +/- 23   3fold=184 (40%)   4796s      mean=0.520 LLR=+0.56 [CONTINUE]
 460 games  +130 =218 -112   +14 Elo +/- 23   3fold=185 (40%)   4822s      mean=0.520 LLR=+0.56 [CONTINUE]
 461 games  +130 =218 -113   +13 Elo +/- 23   3fold=185 (40%)   4824s      mean=0.518 LLR=+0.51 [CONTINUE]
 462 games  +130 =219 -113   +13 Elo +/- 23   3fold=186 (40%)   4828s      mean=0.518 LLR=+0.51 [CONTINUE]
 463 games  +131 =219 -113   +14 Elo +/- 23   3fold=186 (40%)   4852s      mean=0.519 LLR=+0.56 [CONTINUE]
 464 games  +131 =220 -113   +13 Elo +/- 23   3fold=187 (40%)   4854s      mean=0.519 LLR=+0.56 [CONTINUE]
 465 games  +131 =221 -113   +13 Elo +/- 23   3fold=188 (40%)   4868s      mean=0.519 LLR=+0.56 [CONTINUE]
 466 games  +131 =222 -113   +13 Elo +/- 23   3fold=189 (41%)   4878s      mean=0.519 LLR=+0.56 [CONTINUE]
 467 games  +131 =222 -114   +13 Elo +/- 23   3fold=189 (40%)   4886s      mean=0.518 LLR=+0.51 [CONTINUE]
 468 games  +132 =222 -114   +13 Elo +/- 23   3fold=189 (40%)   4899s      mean=0.519 LLR=+0.55 [CONTINUE]
 469 games  +132 =223 -114   +13 Elo +/- 23   3fold=190 (41%)   4910s      mean=0.519 LLR=+0.55 [CONTINUE]
 470 games  +133 =223 -114   +14 Elo +/- 23   3fold=190 (40%)   4918s      mean=0.520 LLR=+0.60 [CONTINUE]
 471 games  +133 =223 -115   +13 Elo +/- 23   3fold=190 (40%)   4931s      mean=0.519 LLR=+0.55 [CONTINUE]
 472 games  +133 =223 -116   +13 Elo +/- 23   3fold=190 (40%)   4940s      mean=0.518 LLR=+0.51 [CONTINUE]
 473 games  +133 =223 -117   +12 Elo +/- 23   3fold=190 (40%)   4947s      mean=0.517 LLR=+0.46 [CONTINUE]
 474 games  +134 =223 -117   +12 Elo +/- 23   3fold=190 (40%)   4963s      mean=0.518 LLR=+0.50 [CONTINUE]
 475 games  +134 =224 -117   +12 Elo +/- 23   3fold=191 (40%)   4971s      mean=0.518 LLR=+0.50 [CONTINUE]
 476 games  +134 =225 -117   +12 Elo +/- 23   3fold=191 (40%)   4980s      mean=0.518 LLR=+0.50 [CONTINUE]
 477 games  +134 =226 -117   +12 Elo +/- 23   3fold=192 (40%)   4997s      mean=0.518 LLR=+0.50 [CONTINUE]
 478 games  +135 =226 -117   +13 Elo +/- 23   3fold=192 (40%)   5005s      mean=0.519 LLR=+0.55 [CONTINUE]
 479 games  +135 =227 -117   +13 Elo +/- 23   3fold=193 (40%)   5006s      mean=0.519 LLR=+0.55 [CONTINUE]
 480 games  +136 =227 -117   +14 Elo +/- 23   3fold=193 (40%)   5026s      mean=0.520 LLR=+0.59 [CONTINUE]
 481 games  +136 =228 -117   +14 Elo +/- 23   3fold=194 (40%)   5029s      mean=0.520 LLR=+0.59 [CONTINUE]
 482 games  +136 =229 -117   +14 Elo +/- 23   3fold=195 (40%)   5031s      mean=0.520 LLR=+0.59 [CONTINUE]
 483 games  +136 =230 -117   +14 Elo +/- 22   3fold=196 (41%)   5049s      mean=0.520 LLR=+0.59 [CONTINUE]
 484 games  +137 =230 -117   +14 Elo +/- 22   3fold=196 (40%)   5056s      mean=0.521 LLR=+0.64 [CONTINUE]
 485 games  +138 =230 -117   +15 Elo +/- 22   3fold=196 (40%)   5059s      mean=0.522 LLR=+0.68 [CONTINUE]
 486 games  +138 =231 -117   +15 Elo +/- 22   3fold=197 (41%)   5078s      mean=0.522 LLR=+0.68 [CONTINUE]
 487 games  +138 =232 -117   +15 Elo +/- 22   3fold=198 (41%)   5081s      mean=0.522 LLR=+0.68 [CONTINUE]
 488 games  +138 =232 -118   +14 Elo +/- 22   3fold=198 (41%)   5090s      mean=0.520 LLR=+0.63 [CONTINUE]
 489 games  +138 =233 -118   +14 Elo +/- 22   3fold=199 (41%)   5111s      mean=0.520 LLR=+0.63 [CONTINUE]
 490 games  +139 =233 -118   +15 Elo +/- 22   3fold=199 (41%)   5112s      mean=0.521 LLR=+0.68 [CONTINUE]
 491 games  +139 =233 -119   +14 Elo +/- 22   3fold=199 (41%)   5119s      mean=0.520 LLR=+0.63 [CONTINUE]
 492 games  +139 =234 -119   +14 Elo +/- 22   3fold=200 (41%)   5136s      mean=0.520 LLR=+0.63 [CONTINUE]
 493 games  +139 =235 -119   +14 Elo +/- 22   3fold=201 (41%)   5137s      mean=0.520 LLR=+0.63 [CONTINUE]
 494 games  +140 =235 -119   +15 Elo +/- 22   3fold=201 (41%)   5151s      mean=0.521 LLR=+0.67 [CONTINUE]
*** ANOMALY ***  crash:agent died as white (0-1) -- caused by agent@engine
 495 games  +140 =235 -120   +14 Elo +/- 22   3fold=201 (41%)   5160s   ANOMALIES: 1   mean=0.520 LLR=+0.63 [CONTINUE]
