gauntlet: agent@engine vs agent@checkpoints/clockcap | SPRT elo0=0.0 elo1=8.0 alpha=0.025 beta=0.025 max_games=1500 | 10000ms+100ms | 3 workers
   1 games  +0 =0 -1   -1600 Elo +/- 0   3fold=0 (0%)   142s      mean=0.000 LLR=+0.00 [CONTINUE]
   2 games  +0 =0 -2   -1600 Elo +/- 0   3fold=0 (0%)   143s      mean=0.000 LLR=+0.00 [CONTINUE]
   3 games  +0 =1 -2   -280 Elo +/- 777   3fold=1 (33%)   147s      mean=0.167 LLR=-0.21 [CONTINUE]
   4 games  +0 =2 -2   -191 Elo +/- 458   3fold=2 (50%)   172s      mean=0.250 LLR=-0.19 [CONTINUE]
   5 games  +0 =2 -3   -241 Elo +/- 770   3fold=2 (40%)   174s      mean=0.200 LLR=-0.29 [CONTINUE]
   6 games  +1 =2 -3   -120 Elo +/- 335   3fold=2 (33%)   178s      mean=0.333 LLR=-0.09 [CONTINUE]
   7 games  +2 =2 -3   -50 Elo +/- 263   3fold=2 (29%)   205s      mean=0.429 LLR=-0.04 [CONTINUE]
   8 games  +2 =3 -3   -44 Elo +/- 216   3fold=3 (38%)   205s      mean=0.438 LLR=-0.04 [CONTINUE]
   9 games  +2 =4 -3   -39 Elo +/- 186   3fold=4 (44%)   210s      mean=0.444 LLR=-0.05 [CONTINUE]
  10 games  +2 =4 -4   -70 Elo +/- 186   3fold=4 (40%)   234s      mean=0.400 LLR=-0.09 [CONTINUE]
  11 games  +2 =5 -4   -64 Elo +/- 164   3fold=5 (45%)   239s      mean=0.409 LLR=-0.10 [CONTINUE]
  12 games  +3 =5 -4   -29 Elo +/- 161   3fold=5 (42%)   240s      mean=0.458 LLR=-0.05 [CONTINUE]
  13 games  +4 =5 -4   -0 Elo +/- 158   3fold=5 (38%)   266s      mean=0.500 LLR=-0.01 [CONTINUE]
  14 games  +5 =5 -4   +25 Elo +/- 156   3fold=5 (36%)   271s      mean=0.536 LLR=+0.03 [CONTINUE]
  15 games  +5 =6 -4   +23 Elo +/- 144   3fold=6 (40%)   275s      mean=0.533 LLR=+0.03 [CONTINUE]
  16 games  +6 =6 -4   +44 Elo +/- 143   3fold=6 (38%)   298s      mean=0.562 LLR=+0.07 [CONTINUE]
  17 games  +7 =6 -4   +62 Elo +/- 142   3fold=6 (35%)   303s      mean=0.588 LLR=+0.10 [CONTINUE]
  18 games  +7 =7 -4   +58 Elo +/- 133   3fold=6 (33%)   305s      mean=0.583 LLR=+0.11 [CONTINUE]
  19 games  +7 =8 -4   +55 Elo +/- 125   3fold=7 (37%)   329s      mean=0.579 LLR=+0.12 [CONTINUE]
  20 games  +7 =8 -5   +35 Elo +/- 123   3fold=7 (35%)   337s      mean=0.550 LLR=+0.07 [CONTINUE]
  21 games  +8 =8 -5   +50 Elo +/- 123   3fold=7 (33%)   338s      mean=0.571 LLR=+0.11 [CONTINUE]
  22 games  +8 =9 -5   +48 Elo +/- 116   3fold=7 (32%)   359s      mean=0.568 LLR=+0.11 [CONTINUE]
  23 games  +8 =9 -6   +30 Elo +/- 115   3fold=7 (30%)   367s      mean=0.543 LLR=+0.07 [CONTINUE]
  24 games  +8 =9 -7   +14 Elo +/- 114   3fold=7 (29%)   368s      mean=0.521 LLR=+0.03 [CONTINUE]
  25 games  +8 =10 -7   +14 Elo +/- 109   3fold=8 (32%)   392s      mean=0.520 LLR=+0.03 [CONTINUE]
  26 games  +9 =10 -7   +27 Elo +/- 108   3fold=8 (31%)   395s      mean=0.538 LLR=+0.06 [CONTINUE]
  27 games  +9 =10 -8   +13 Elo +/- 107   3fold=8 (30%)   395s      mean=0.519 LLR=+0.03 [CONTINUE]
  28 games  +9 =10 -9   -0 Elo +/- 106   3fold=8 (29%)   424s      mean=0.500 LLR=-0.01 [CONTINUE]
  29 games  +10 =10 -9   +12 Elo +/- 106   3fold=8 (28%)   424s      mean=0.517 LLR=+0.02 [CONTINUE]
  30 games  +10 =11 -9   +12 Elo +/- 102   3fold=8 (27%)   426s      mean=0.517 LLR=+0.02 [CONTINUE]
  31 games  +11 =11 -9   +22 Elo +/- 101   3fold=8 (26%)   454s      mean=0.532 LLR=+0.06 [CONTINUE]
  32 games  +12 =11 -9   +33 Elo +/- 101   3fold=8 (25%)   456s      mean=0.547 LLR=+0.09 [CONTINUE]
  33 games  +13 =11 -9   +42 Elo +/- 100   3fold=8 (24%)   456s      mean=0.561 LLR=+0.13 [CONTINUE]
  34 games  +13 =11 -10   +31 Elo +/- 99   3fold=8 (24%)   482s      mean=0.544 LLR=+0.09 [CONTINUE]
  35 games  +13 =11 -11   +20 Elo +/- 98   3fold=8 (23%)   484s      mean=0.529 LLR=+0.05 [CONTINUE]
  36 games  +13 =11 -12   +10 Elo +/- 97   3fold=8 (22%)   486s      mean=0.514 LLR=+0.02 [CONTINUE]
  37 games  +13 =12 -12   +9 Elo +/- 94   3fold=9 (24%)   508s      mean=0.514 LLR=+0.02 [CONTINUE]
  38 games  +14 =12 -12   +18 Elo +/- 94   3fold=9 (24%)   513s      mean=0.526 LLR=+0.05 [CONTINUE]
  39 games  +14 =12 -13   +9 Elo +/- 93   3fold=9 (23%)   524s      mean=0.513 LLR=+0.02 [CONTINUE]
  40 games  +15 =12 -13   +17 Elo +/- 92   3fold=9 (22%)   544s      mean=0.525 LLR=+0.05 [CONTINUE]
  41 games  +15 =13 -13   +17 Elo +/- 90   3fold=9 (22%)   548s      mean=0.524 LLR=+0.05 [CONTINUE]
  42 games  +15 =14 -13   +17 Elo +/- 88   3fold=10 (24%)   552s      mean=0.524 LLR=+0.05 [CONTINUE]
  43 games  +15 =15 -13   +16 Elo +/- 86   3fold=11 (26%)   574s      mean=0.523 LLR=+0.05 [CONTINUE]
  44 games  +16 =15 -13   +24 Elo +/- 85   3fold=11 (25%)   576s      mean=0.534 LLR=+0.09 [CONTINUE]
  45 games  +17 =15 -13   +31 Elo +/- 85   3fold=11 (24%)   587s      mean=0.544 LLR=+0.12 [CONTINUE]
  46 games  +17 =16 -13   +30 Elo +/- 83   3fold=12 (26%)   605s      mean=0.543 LLR=+0.12 [CONTINUE]
  47 games  +17 =17 -13   +30 Elo +/- 81   3fold=13 (28%)   605s      mean=0.543 LLR=+0.13 [CONTINUE]
  48 games  +17 =18 -13   +29 Elo +/- 79   3fold=14 (29%)   613s      mean=0.542 LLR=+0.13 [CONTINUE]
  49 games  +17 =18 -14   +21 Elo +/- 79   3fold=14 (29%)   634s      mean=0.531 LLR=+0.09 [CONTINUE]
  50 games  +18 =18 -14   +28 Elo +/- 78   3fold=14 (28%)   635s      mean=0.540 LLR=+0.12 [CONTINUE]
  51 games  +18 =19 -14   +27 Elo +/- 77   3fold=14 (27%)   652s      mean=0.539 LLR=+0.13 [CONTINUE]
  52 games  +18 =20 -14   +27 Elo +/- 75   3fold=15 (29%)   666s      mean=0.538 LLR=+0.13 [CONTINUE]
  53 games  +18 =21 -14   +26 Elo +/- 74   3fold=16 (30%)   667s      mean=0.538 LLR=+0.13 [CONTINUE]
  54 games  +18 =21 -15   +19 Elo +/- 74   3fold=16 (30%)   683s      mean=0.528 LLR=+0.09 [CONTINUE]
  55 games  +18 =22 -15   +19 Elo +/- 72   3fold=17 (31%)   694s      mean=0.527 LLR=+0.09 [CONTINUE]
  56 games  +18 =23 -15   +19 Elo +/- 71   3fold=17 (30%)   710s      mean=0.527 LLR=+0.09 [CONTINUE]
  57 games  +19 =23 -15   +24 Elo +/- 71   3fold=17 (30%)   716s      mean=0.535 LLR=+0.13 [CONTINUE]
  58 games  +19 =24 -15   +24 Elo +/- 69   3fold=18 (31%)   720s      mean=0.534 LLR=+0.13 [CONTINUE]
  59 games  +19 =24 -16   +18 Elo +/- 69   3fold=18 (31%)   742s      mean=0.525 LLR=+0.09 [CONTINUE]
  60 games  +19 =25 -16   +17 Elo +/- 68   3fold=19 (32%)   745s      mean=0.525 LLR=+0.09 [CONTINUE]
  61 games  +19 =26 -16   +17 Elo +/- 67   3fold=20 (33%)   747s      mean=0.525 LLR=+0.09 [CONTINUE]
  62 games  +19 =26 -17   +11 Elo +/- 67   3fold=20 (32%)   769s      mean=0.516 LLR=+0.05 [CONTINUE]
  63 games  +20 =26 -17   +17 Elo +/- 67   3fold=20 (32%)   777s      mean=0.524 LLR=+0.09 [CONTINUE]
  64 games  +20 =26 -18   +11 Elo +/- 66   3fold=20 (31%)   777s      mean=0.516 LLR=+0.05 [CONTINUE]
  65 games  +20 =26 -19   +5 Elo +/- 66   3fold=20 (31%)   801s      mean=0.508 LLR=+0.01 [CONTINUE]
  66 games  +20 =27 -19   +5 Elo +/- 65   3fold=21 (32%)   805s      mean=0.508 LLR=+0.01 [CONTINUE]
  67 games  +20 =27 -20   -0 Elo +/- 65   3fold=21 (31%)   808s      mean=0.500 LLR=-0.03 [CONTINUE]
  68 games  +20 =28 -20   -0 Elo +/- 64   3fold=22 (32%)   825s      mean=0.500 LLR=-0.03 [CONTINUE]
  69 games  +21 =28 -20   +5 Elo +/- 64   3fold=22 (32%)   833s      mean=0.507 LLR=+0.01 [CONTINUE]
  70 games  +21 =28 -21   -0 Elo +/- 64   3fold=22 (31%)   847s      mean=0.500 LLR=-0.03 [CONTINUE]
  71 games  +21 =28 -22   -5 Elo +/- 64   3fold=22 (31%)   858s      mean=0.493 LLR=-0.07 [CONTINUE]
  72 games  +21 =29 -22   -5 Elo +/- 63   3fold=23 (32%)   860s      mean=0.493 LLR=-0.07 [CONTINUE]
  73 games  +21 =30 -22   -5 Elo +/- 62   3fold=24 (33%)   882s      mean=0.493 LLR=-0.07 [CONTINUE]
  74 games  +21 =30 -23   -9 Elo +/- 62   3fold=24 (32%)   886s      mean=0.486 LLR=-0.11 [CONTINUE]
  75 games  +21 =30 -24   -14 Elo +/- 62   3fold=24 (32%)   888s      mean=0.480 LLR=-0.15 [CONTINUE]
  76 games  +22 =30 -24   -9 Elo +/- 61   3fold=24 (32%)   911s      mean=0.487 LLR=-0.11 [CONTINUE]
  77 games  +23 =30 -24   -5 Elo +/- 61   3fold=24 (31%)   919s      mean=0.494 LLR=-0.07 [CONTINUE]
  78 games  +24 =30 -24   -0 Elo +/- 61   3fold=24 (31%)   919s      mean=0.500 LLR=-0.03 [CONTINUE]
  79 games  +24 =30 -25   -4 Elo +/- 61   3fold=24 (30%)   941s      mean=0.494 LLR=-0.07 [CONTINUE]
  80 games  +25 =30 -25   -0 Elo +/- 61   3fold=24 (30%)   949s      mean=0.500 LLR=-0.03 [CONTINUE]
  81 games  +25 =31 -25   -0 Elo +/- 60   3fold=25 (31%)   958s      mean=0.500 LLR=-0.03 [CONTINUE]
  82 games  +25 =31 -26   -4 Elo +/- 60   3fold=25 (30%)   967s      mean=0.494 LLR=-0.07 [CONTINUE]
  83 games  +25 =31 -27   -8 Elo +/- 60   3fold=25 (30%)   981s      mean=0.488 LLR=-0.11 [CONTINUE]
  84 games  +25 =31 -28   -12 Elo +/- 60   3fold=25 (30%)   986s      mean=0.482 LLR=-0.15 [CONTINUE]
  85 games  +25 =31 -29   -16 Elo +/- 59   3fold=25 (29%)   996s      mean=0.476 LLR=-0.18 [CONTINUE]
  86 games  +25 =32 -29   -16 Elo +/- 59   3fold=26 (30%)   1005s      mean=0.477 LLR=-0.18 [CONTINUE]
  87 games  +25 =33 -29   -16 Elo +/- 58   3fold=27 (31%)   1013s      mean=0.477 LLR=-0.19 [CONTINUE]
  88 games  +25 =34 -29   -16 Elo +/- 57   3fold=28 (32%)   1032s      mean=0.477 LLR=-0.19 [CONTINUE]
  89 games  +26 =34 -29   -12 Elo +/- 57   3fold=28 (31%)   1034s      mean=0.483 LLR=-0.15 [CONTINUE]
  90 games  +26 =35 -29   -12 Elo +/- 57   3fold=29 (32%)   1046s      mean=0.483 LLR=-0.15 [CONTINUE]
  91 games  +26 =35 -30   -15 Elo +/- 57   3fold=29 (32%)   1059s      mean=0.478 LLR=-0.19 [CONTINUE]
  92 games  +26 =35 -31   -19 Elo +/- 56   3fold=29 (32%)   1065s      mean=0.473 LLR=-0.23 [CONTINUE]
  93 games  +26 =35 -32   -22 Elo +/- 56   3fold=29 (31%)   1081s      mean=0.468 LLR=-0.26 [CONTINUE]
  94 games  +26 =36 -32   -22 Elo +/- 56   3fold=30 (32%)   1082s      mean=0.468 LLR=-0.27 [CONTINUE]
  95 games  +26 =36 -33   -26 Elo +/- 56   3fold=30 (32%)   1095s      mean=0.463 LLR=-0.30 [CONTINUE]
  96 games  +27 =36 -33   -22 Elo +/- 55   3fold=30 (31%)   1111s      mean=0.469 LLR=-0.26 [CONTINUE]
  97 games  +27 =36 -34   -25 Elo +/- 55   3fold=30 (31%)   1113s      mean=0.464 LLR=-0.30 [CONTINUE]
  98 games  +27 =37 -34   -25 Elo +/- 55   3fold=30 (31%)   1124s      mean=0.464 LLR=-0.30 [CONTINUE]
  99 games  +27 =37 -35   -28 Elo +/- 55   3fold=30 (30%)   1146s      mean=0.460 LLR=-0.34 [CONTINUE]
 100 games  +27 =37 -36   -31 Elo +/- 55   3fold=30 (30%)   1147s      mean=0.455 LLR=-0.38 [CONTINUE]
 101 games  +28 =37 -36   -28 Elo +/- 54   3fold=30 (30%)   1153s      mean=0.460 LLR=-0.34 [CONTINUE]
 102 games  +29 =37 -36   -24 Elo +/- 54   3fold=30 (29%)   1176s      mean=0.466 LLR=-0.30 [CONTINUE]
 103 games  +30 =37 -36   -20 Elo +/- 54   3fold=30 (29%)   1178s      mean=0.471 LLR=-0.26 [CONTINUE]
 104 games  +30 =37 -37   -23 Elo +/- 54   3fold=30 (29%)   1183s      mean=0.466 LLR=-0.30 [CONTINUE]
 105 games  +30 =38 -37   -23 Elo +/- 54   3fold=31 (30%)   1208s      mean=0.467 LLR=-0.30 [CONTINUE]
 106 games  +31 =38 -37   -20 Elo +/- 53   3fold=31 (29%)   1214s      mean=0.472 LLR=-0.26 [CONTINUE]
 107 games  +32 =38 -37   -16 Elo +/- 53   3fold=31 (29%)   1216s      mean=0.477 LLR=-0.22 [CONTINUE]
 108 games  +33 =38 -37   -13 Elo +/- 53   3fold=31 (29%)   1239s      mean=0.481 LLR=-0.19 [CONTINUE]
 109 games  +33 =38 -38   -16 Elo +/- 53   3fold=31 (28%)   1245s      mean=0.477 LLR=-0.22 [CONTINUE]
 110 games  +34 =38 -38   -13 Elo +/- 53   3fold=31 (28%)   1251s      mean=0.482 LLR=-0.19 [CONTINUE]
 111 games  +35 =38 -38   -9 Elo +/- 53   3fold=31 (28%)   1270s      mean=0.486 LLR=-0.15 [CONTINUE]
 112 games  +35 =38 -39   -12 Elo +/- 53   3fold=31 (28%)   1272s      mean=0.482 LLR=-0.18 [CONTINUE]
 113 games  +36 =38 -39   -9 Elo +/- 53   3fold=31 (27%)   1284s      mean=0.487 LLR=-0.15 [CONTINUE]
 114 games  +36 =39 -39   -9 Elo +/- 52   3fold=32 (28%)   1297s      mean=0.487 LLR=-0.15 [CONTINUE]
 115 games  +36 =39 -40   -12 Elo +/- 52   3fold=32 (28%)   1308s      mean=0.483 LLR=-0.19 [CONTINUE]
 116 games  +36 =39 -41   -15 Elo +/- 52   3fold=32 (28%)   1311s      mean=0.478 LLR=-0.22 [CONTINUE]
 117 games  +36 =40 -41   -15 Elo +/- 51   3fold=32 (27%)   1340s      mean=0.479 LLR=-0.22 [CONTINUE]
 118 games  +37 =40 -41   -12 Elo +/- 51   3fold=32 (27%)   1343s      mean=0.483 LLR=-0.19 [CONTINUE]
 119 games  +37 =40 -42   -15 Elo +/- 51   3fold=32 (27%)   1343s      mean=0.479 LLR=-0.22 [CONTINUE]
 120 games  +37 =40 -43   -17 Elo +/- 51   3fold=32 (27%)   1370s      mean=0.475 LLR=-0.26 [CONTINUE]
 121 games  +37 =41 -43   -17 Elo +/- 51   3fold=33 (27%)   1372s      mean=0.475 LLR=-0.26 [CONTINUE]
 122 games  +38 =41 -43   -14 Elo +/- 51   3fold=33 (27%)   1373s      mean=0.480 LLR=-0.22 [CONTINUE]
 123 games  +39 =41 -43   -11 Elo +/- 51   3fold=33 (27%)   1401s      mean=0.484 LLR=-0.19 [CONTINUE]
 124 games  +39 =42 -43   -11 Elo +/- 50   3fold=34 (27%)   1403s      mean=0.484 LLR=-0.19 [CONTINUE]
 125 games  +40 =42 -43   -8 Elo +/- 50   3fold=34 (27%)   1403s      mean=0.488 LLR=-0.15 [CONTINUE]
 126 games  +40 =42 -44   -11 Elo +/- 50   3fold=34 (27%)   1431s      mean=0.484 LLR=-0.19 [CONTINUE]
 127 games  +41 =42 -44   -8 Elo +/- 50   3fold=34 (27%)   1432s      mean=0.488 LLR=-0.15 [CONTINUE]
 128 games  +41 =42 -45   -11 Elo +/- 50   3fold=34 (27%)   1438s      mean=0.484 LLR=-0.19 [CONTINUE]
 129 games  +41 =43 -45   -11 Elo +/- 49   3fold=35 (27%)   1455s      mean=0.484 LLR=-0.19 [CONTINUE]
 130 games  +41 =43 -46   -13 Elo +/- 49   3fold=35 (27%)   1462s      mean=0.481 LLR=-0.22 [CONTINUE]
 131 games  +41 =44 -46   -13 Elo +/- 49   3fold=36 (27%)   1466s      mean=0.481 LLR=-0.23 [CONTINUE]
 132 games  +41 =45 -46   -13 Elo +/- 48   3fold=36 (27%)   1483s      mean=0.481 LLR=-0.23 [CONTINUE]
 133 games  +42 =45 -46   -10 Elo +/- 48   3fold=36 (27%)   1489s      mean=0.485 LLR=-0.19 [CONTINUE]
 134 games  +43 =45 -46   -8 Elo +/- 48   3fold=36 (27%)   1496s      mean=0.489 LLR=-0.16 [CONTINUE]
 135 games  +44 =45 -46   -5 Elo +/- 48   3fold=36 (27%)   1512s      mean=0.493 LLR=-0.12 [CONTINUE]
 136 games  +44 =46 -46   -5 Elo +/- 48   3fold=36 (26%)   1530s      mean=0.493 LLR=-0.12 [CONTINUE]
 137 games  +44 =46 -47   -8 Elo +/- 48   3fold=36 (26%)   1531s      mean=0.489 LLR=-0.16 [CONTINUE]
 138 games  +44 =46 -48   -10 Elo +/- 48   3fold=36 (26%)   1544s      mean=0.486 LLR=-0.19 [CONTINUE]
 139 games  +44 =46 -49   -13 Elo +/- 48   3fold=36 (26%)   1559s      mean=0.482 LLR=-0.23 [CONTINUE]
 140 games  +44 =47 -49   -12 Elo +/- 47   3fold=37 (26%)   1562s      mean=0.482 LLR=-0.23 [CONTINUE]
 141 games  +44 =48 -49   -12 Elo +/- 47   3fold=38 (27%)   1568s      mean=0.482 LLR=-0.23 [CONTINUE]
 142 games  +44 =49 -49   -12 Elo +/- 47   3fold=39 (27%)   1586s      mean=0.482 LLR=-0.23 [CONTINUE]
 143 games  +44 =50 -49   -12 Elo +/- 46   3fold=40 (28%)   1591s      mean=0.483 LLR=-0.24 [CONTINUE]
 144 games  +45 =50 -49   -10 Elo +/- 46   3fold=40 (28%)   1602s      mean=0.486 LLR=-0.20 [CONTINUE]
 145 games  +45 =51 -49   -10 Elo +/- 46   3fold=41 (28%)   1616s      mean=0.486 LLR=-0.20 [CONTINUE]
 146 games  +46 =51 -49   -7 Elo +/- 46   3fold=41 (28%)   1619s      mean=0.490 LLR=-0.17 [CONTINUE]
 147 games  +46 =52 -49   -7 Elo +/- 45   3fold=41 (28%)   1631s      mean=0.490 LLR=-0.17 [CONTINUE]
 148 games  +46 =52 -50   -9 Elo +/- 45   3fold=41 (28%)   1649s      mean=0.486 LLR=-0.20 [CONTINUE]
 149 games  +46 =53 -50   -9 Elo +/- 45   3fold=42 (28%)   1654s      mean=0.487 LLR=-0.20 [CONTINUE]
 150 games  +46 =53 -51   -12 Elo +/- 45   3fold=42 (28%)   1668s      mean=0.483 LLR=-0.24 [CONTINUE]
 151 games  +46 =53 -52   -14 Elo +/- 45   3fold=42 (28%)   1675s      mean=0.480 LLR=-0.28 [CONTINUE]
 152 games  +46 =54 -52   -14 Elo +/- 45   3fold=43 (28%)   1686s      mean=0.480 LLR=-0.28 [CONTINUE]
 153 games  +47 =54 -52   -11 Elo +/- 45   3fold=43 (28%)   1700s      mean=0.484 LLR=-0.24 [CONTINUE]
 154 games  +47 =55 -52   -11 Elo +/- 44   3fold=44 (29%)   1704s      mean=0.484 LLR=-0.24 [CONTINUE]
 155 games  +47 =55 -53   -13 Elo +/- 44   3fold=44 (28%)   1715s      mean=0.481 LLR=-0.28 [CONTINUE]
 156 games  +48 =55 -53   -11 Elo +/- 44   3fold=44 (28%)   1732s      mean=0.484 LLR=-0.24 [CONTINUE]
 157 games  +48 =55 -54   -13 Elo +/- 44   3fold=44 (28%)   1733s      mean=0.481 LLR=-0.28 [CONTINUE]
 158 games  +49 =55 -54   -11 Elo +/- 44   3fold=44 (28%)   1749s      mean=0.484 LLR=-0.24 [CONTINUE]
 159 games  +50 =55 -54   -9 Elo +/- 44   3fold=44 (28%)   1765s      mean=0.487 LLR=-0.21 [CONTINUE]
 160 games  +50 =55 -55   -11 Elo +/- 44   3fold=44 (28%)   1766s      mean=0.484 LLR=-0.24 [CONTINUE]
 161 games  +51 =55 -55   -9 Elo +/- 44   3fold=44 (27%)   1784s      mean=0.488 LLR=-0.20 [CONTINUE]
 162 games  +51 =55 -56   -11 Elo +/- 44   3fold=44 (27%)   1798s      mean=0.485 LLR=-0.24 [CONTINUE]
 163 games  +51 =55 -57   -13 Elo +/- 44   3fold=44 (27%)   1799s      mean=0.482 LLR=-0.27 [CONTINUE]
 164 games  +51 =56 -57   -13 Elo +/- 43   3fold=44 (27%)   1821s      mean=0.482 LLR=-0.28 [CONTINUE]
 165 games  +51 =57 -57   -13 Elo +/- 43   3fold=45 (27%)   1828s      mean=0.482 LLR=-0.28 [CONTINUE]
 166 games  +51 =58 -57   -13 Elo +/- 43   3fold=45 (27%)   1840s      mean=0.482 LLR=-0.28 [CONTINUE]
 167 games  +51 =59 -57   -12 Elo +/- 43   3fold=46 (28%)   1854s      mean=0.482 LLR=-0.28 [CONTINUE]
 168 games  +52 =59 -57   -10 Elo +/- 43   3fold=46 (27%)   1860s      mean=0.485 LLR=-0.25 [CONTINUE]
 169 games  +52 =59 -58   -12 Elo +/- 42   3fold=46 (27%)   1872s      mean=0.482 LLR=-0.28 [CONTINUE]
*** ANOMALY ***  crash:agent died as white (1-0) -- caused by agent@checkpoints/clockcap
 170 games  +53 =59 -58   -10 Elo +/- 42   3fold=46 (27%)   1872s   ANOMALIES: 1   mean=0.485 LLR=-0.25 [CONTINUE]
