game   1  rep=0 opening=rnbqkb1r/pppppppp/5n result=0.5  samples=7  total=7
game   2  rep=0 opening=rnbqkb1r/pppppppp/5n result=0.5  samples=4  total=11
game   3  rep=0 opening=r1bqkbnr/pppp1ppp/2n result=0.0  samples=15  total=26
game   4  rep=0 opening=r1bqkbnr/pppp1ppp/2n result=0.5  samples=9  total=35
game   5  rep=0 opening=r1bqkbnr/pp1ppppp/2n result=0.5  samples=15  total=50
game   6  rep=0 opening=r1bqkbnr/pp1ppppp/2n result=0.5  samples=9  total=59
game   7  rep=0 opening=rnbqkbnr/pp3ppp/4p3/ result=0.5  samples=13  total=72
game   8  rep=0 opening=rnbqkbnr/pp3ppp/4p3/ result=0.5  samples=11  total=83
game   9  rep=0 opening=rnbqkb1r/pp2pppp/2p2 result=0.5  samples=12  total=95
game  10  rep=0 opening=rnbqkb1r/pp2pppp/2p2 result=0.5  samples=9  total=104
game  11  rep=0 opening=r1bqkb1r/pppp1ppp/2n result=0.5  samples=13  total=117
game  12  rep=0 opening=r1bqkb1r/pppp1ppp/2n result=1.0  samples=8  total=125
game  13  rep=0 opening=rnbqkb1r/pp1ppppp/5n result=1.0  samples=7  total=132
game  14  rep=0 opening=rnbqkb1r/pp1ppppp/5n result=0.0  samples=22  total=154
game  15  rep=0 opening=r1bqk2r/pppp1ppp/2n2 result=0.5  samples=16  total=170
game  16  rep=0 opening=r1bqk2r/pppp1ppp/2n2 result=0.5  samples=16  total=186
game  17  rep=0 opening=rnbqkbnr/pp2pppp/8/2 result=0.0  samples=20  total=206
game  18  rep=0 opening=rnbqkbnr/pp2pppp/8/2 result=0.5  samples=23  total=229
game  19  rep=0 opening=rnbqkb1r/pppp1ppp/5n result=0.5  samples=8  total=237
game  20  rep=0 opening=rnbqkb1r/pppp1ppp/5n result=0.5  samples=13  total=250
game  21  rep=0 opening=r1bqkbnr/pppp1ppp/2n result=0.5  samples=5  total=255
game  22  rep=0 opening=r1bqkbnr/pppp1ppp/2n result=0.5  samples=5  total=260
game  23  rep=0 opening=rnbqkb1r/ppp1pppp/5n result=0.5  samples=14  total=274
game  24  rep=0 opening=rnbqkb1r/ppp1pppp/5n result=0.5  samples=13  total=287
game  25  rep=1 opening=rnbqkb1r/pppppppp/5n result=1.0  samples=22  total=309
game  26  rep=1 opening=rnbqkb1r/pppppppp/5n result=0.5  samples=1  total=310
game  27  rep=1 opening=r1bqkbnr/pppp1ppp/2n result=0.5  samples=15  total=325
game  28  rep=1 opening=r1bqkbnr/pppp1ppp/2n result=0.5  samples=17  total=342
game  29  rep=1 opening=r1bqkbnr/pp1ppppp/2n result=0.0  samples=14  total=356
game  30  rep=1 opening=r1bqkbnr/pp1ppppp/2n result=0.5  samples=7  total=363
game  31  rep=1 opening=rnbqkbnr/pp3ppp/4p3/ result=1.0  samples=11  total=374
game  32  rep=1 opening=rnbqkbnr/pp3ppp/4p3/ result=0.5  samples=9  total=383
game  33  rep=1 opening=rnbqkb1r/pp2pppp/2p2 result=1.0  samples=16  total=399
game  34  rep=1 opening=rnbqkb1r/pp2pppp/2p2 result=0.5  samples=13  total=412
game  35  rep=1 opening=r1bqkb1r/pppp1ppp/2n result=0.5  samples=6  total=418
game  36  rep=1 opening=r1bqkb1r/pppp1ppp/2n result=0.5  samples=5  total=423
game  37  rep=1 opening=rnbqkb1r/pp1ppppp/5n result=1.0  samples=17  total=440
game  38  rep=1 opening=rnbqkb1r/pp1ppppp/5n result=0.5  samples=13  total=453
game  39  rep=1 opening=r1bqk2r/pppp1ppp/2n2 result=0.5  samples=11  total=464
game  40  rep=1 opening=r1bqk2r/pppp1ppp/2n2 result=1.0  samples=22  total=486
game  41  rep=1 opening=rnbqkbnr/pp2pppp/8/2 result=0.5  samples=4  total=490
game  42  rep=1 opening=rnbqkbnr/pp2pppp/8/2 result=0.5  samples=15  total=505
game  43  rep=1 opening=rnbqkb1r/pppp1ppp/5n result=0.5  samples=15  total=520
game  44  rep=1 opening=rnbqkb1r/pppp1ppp/5n result=1.0  samples=22  total=542
game  45  rep=1 opening=r1bqkbnr/pppp1ppp/2n result=0.5  samples=15  total=557
game  46  rep=1 opening=r1bqkbnr/pppp1ppp/2n result=0.5  samples=11  total=568
game  47  rep=1 opening=rnbqkb1r/ppp1pppp/5n result=0.5  samples=7  total=575
game  48  rep=1 opening=rnbqkb1r/ppp1pppp/5n result=1.0  samples=13  total=588
game  49  rep=2 opening=rnbqkb1r/pppppppp/5n result=0.5  samples=22  total=610
game  50  rep=2 opening=rnbqkb1r/pppppppp/5n result=1.0  samples=21  total=631
game  51  rep=2 opening=r1bqkbnr/pppp1ppp/2n result=1.0  samples=9  total=640
game  52  rep=2 opening=r1bqkbnr/pppp1ppp/2n result=0.5  samples=11  total=651
game  53  rep=2 opening=r1bqkbnr/pp1ppppp/2n result=0.5  samples=14  total=665
game  54  rep=2 opening=r1bqkbnr/pp1ppppp/2n result=1.0  samples=13  total=678
game  55  rep=2 opening=rnbqkbnr/pp3ppp/4p3/ result=1.0  samples=20  total=698
game  56  rep=2 opening=rnbqkbnr/pp3ppp/4p3/ result=0.5  samples=12  total=710
game  57  rep=2 opening=rnbqkb1r/pp2pppp/2p2 result=0.5  samples=15  total=725
game  58  rep=2 opening=rnbqkb1r/pp2pppp/2p2 result=0.5  samples=2  total=727
game  59  rep=2 opening=r1bqkb1r/pppp1ppp/2n result=0.5  samples=20  total=747
game  60  rep=2 opening=r1bqkb1r/pppp1ppp/2n result=1.0  samples=20  total=767
game  61  rep=2 opening=rnbqkb1r/pp1ppppp/5n result=0.5  samples=20  total=787
game  62  rep=2 opening=rnbqkb1r/pp1ppppp/5n result=0.0  samples=10  total=797
game  63  rep=2 opening=r1bqk2r/pppp1ppp/2n2 result=0.5  samples=11  total=808
game  64  rep=2 opening=r1bqk2r/pppp1ppp/2n2 result=0.5  samples=11  total=819
game  65  rep=2 opening=rnbqkbnr/pp2pppp/8/2 result=0.0  samples=14  total=833
game  66  rep=2 opening=rnbqkbnr/pp2pppp/8/2 result=0.5  samples=8  total=841
game  67  rep=2 opening=rnbqkb1r/pppp1ppp/5n result=0.5  samples=16  total=857
game  68  rep=2 opening=rnbqkb1r/pppp1ppp/5n result=1.0  samples=15  total=872
game  69  rep=2 opening=r1bqkbnr/pppp1ppp/2n result=1.0  samples=10  total=882
game  70  rep=2 opening=r1bqkbnr/pppp1ppp/2n result=0.0  samples=26  total=908
game  71  rep=2 opening=rnbqkb1r/ppp1pppp/5n result=0.5  samples=13  total=921
game  72  rep=2 opening=rnbqkb1r/ppp1pppp/5n result=0.0  samples=36  total=957
game  73  rep=3 opening=rnbqkb1r/pppppppp/5n result=0.5  samples=6  total=963
game  74  rep=3 opening=rnbqkb1r/pppppppp/5n result=0.0  samples=15  total=978
game  75  rep=3 opening=r1bqkbnr/pppp1ppp/2n result=0.5  samples=8  total=986
game  76  rep=3 opening=r1bqkbnr/pppp1ppp/2n result=0.5  samples=10  total=996
game  77  rep=3 opening=r1bqkbnr/pp1ppppp/2n result=0.0  samples=26  total=1022
game  78  rep=3 opening=r1bqkbnr/pp1ppppp/2n result=0.5  samples=7  total=1029
game  79  rep=3 opening=rnbqkbnr/pp3ppp/4p3/ result=0.5  samples=10  total=1039
game  80  rep=3 opening=rnbqkbnr/pp3ppp/4p3/ result=1.0  samples=8  total=1047
game  81  rep=3 opening=rnbqkb1r/pp2pppp/2p2 result=0.5  samples=4  total=1051
game  82  rep=3 opening=rnbqkb1r/pp2pppp/2p2 result=0.5  samples=6  total=1057
game  83  rep=3 opening=r1bqkb1r/pppp1ppp/2n result=0.5  samples=11  total=1068
game  84  rep=3 opening=r1bqkb1r/pppp1ppp/2n result=0.0  samples=22  total=1090
game  85  rep=3 opening=rnbqkb1r/pp1ppppp/5n result=0.5  samples=15  total=1105
game  86  rep=3 opening=rnbqkb1r/pp1ppppp/5n result=0.5  samples=9  total=1114
game  87  rep=3 opening=r1bqk2r/pppp1ppp/2n2 result=0.5  samples=13  total=1127
game  88  rep=3 opening=r1bqk2r/pppp1ppp/2n2 result=0.5  samples=10  total=1137
game  89  rep=3 opening=rnbqkbnr/pp2pppp/8/2 result=0.5  samples=16  total=1153
game  90  rep=3 opening=rnbqkbnr/pp2pppp/8/2 result=0.5  samples=6  total=1159
game  91  rep=3 opening=rnbqkb1r/pppp1ppp/5n result=0.5  samples=21  total=1180
game  92  rep=3 opening=rnbqkb1r/pppp1ppp/5n result=1.0  samples=21  total=1201
game  93  rep=3 opening=r1bqkbnr/pppp1ppp/2n result=0.5  samples=5  total=1206
game  94  rep=3 opening=r1bqkbnr/pppp1ppp/2n result=0.5  samples=21  total=1227
game  95  rep=3 opening=rnbqkb1r/ppp1pppp/5n result=0.5  samples=11  total=1238
game  96  rep=3 opening=rnbqkb1r/ppp1pppp/5n result=0.5  samples=20  total=1258
game  97  rep=4 opening=rnbqkb1r/pppppppp/5n result=1.0  samples=13  total=1271
game  98  rep=4 opening=rnbqkb1r/pppppppp/5n result=0.0  samples=27  total=1298
game  99  rep=4 opening=r1bqkbnr/pppp1ppp/2n result=0.5  samples=19  total=1317
game 100  rep=4 opening=r1bqkbnr/pppp1ppp/2n result=0.5  samples=9  total=1326
game 101  rep=4 opening=r1bqkbnr/pp1ppppp/2n result=0.5  samples=9  total=1335
game 102  rep=4 opening=r1bqkbnr/pp1ppppp/2n result=1.0  samples=15  total=1350
game 103  rep=4 opening=rnbqkbnr/pp3ppp/4p3/ result=0.5  samples=10  total=1360
game 104  rep=4 opening=rnbqkbnr/pp3ppp/4p3/ result=0.5  samples=16  total=1376
game 105  rep=4 opening=rnbqkb1r/pp2pppp/2p2 result=0.5  samples=7  total=1383
game 106  rep=4 opening=rnbqkb1r/pp2pppp/2p2 result=0.5  samples=8  total=1391
game 107  rep=4 opening=r1bqkb1r/pppp1ppp/2n result=1.0  samples=26  total=1417
game 108  rep=4 opening=r1bqkb1r/pppp1ppp/2n result=0.5  samples=12  total=1429
game 109  rep=4 opening=rnbqkb1r/pp1ppppp/5n result=0.5  samples=20  total=1449
game 110  rep=4 opening=rnbqkb1r/pp1ppppp/5n result=0.5  samples=2  total=1451
game 111  rep=4 opening=r1bqk2r/pppp1ppp/2n2 result=0.5  samples=14  total=1465
game 112  rep=4 opening=r1bqk2r/pppp1ppp/2n2 result=1.0  samples=23  total=1488
game 113  rep=4 opening=rnbqkbnr/pp2pppp/8/2 result=0.5  samples=6  total=1494
game 114  rep=4 opening=rnbqkbnr/pp2pppp/8/2 result=0.5  samples=12  total=1506
game 115  rep=4 opening=rnbqkb1r/pppp1ppp/5n result=0.0  samples=18  total=1524
game 116  rep=4 opening=rnbqkb1r/pppp1ppp/5n result=0.5  samples=11  total=1535
game 117  rep=4 opening=r1bqkbnr/pppp1ppp/2n result=0.0  samples=12  total=1547
game 118  rep=4 opening=r1bqkbnr/pppp1ppp/2n result=0.0  samples=9  total=1556
game 119  rep=4 opening=rnbqkb1r/ppp1pppp/5n result=0.5  samples=10  total=1566
game 120  rep=4 opening=rnbqkb1r/ppp1pppp/5n result=0.5  samples=5  total=1571
game 121  rep=5 opening=rnbqkb1r/pppppppp/5n result=1.0  samples=17  total=1588
game 122  rep=5 opening=rnbqkb1r/pppppppp/5n result=0.0  samples=17  total=1605
game 123  rep=5 opening=r1bqkbnr/pppp1ppp/2n result=0.5  samples=8  total=1613
game 124  rep=5 opening=r1bqkbnr/pppp1ppp/2n result=0.5  samples=9  total=1622
game 125  rep=5 opening=r1bqkbnr/pp1ppppp/2n result=0.5  samples=13  total=1635
game 126  rep=5 opening=r1bqkbnr/pp1ppppp/2n result=0.5  samples=15  total=1650
game 127  rep=5 opening=rnbqkbnr/pp3ppp/4p3/ result=1.0  samples=14  total=1664
game 128  rep=5 opening=rnbqkbnr/pp3ppp/4p3/ result=0.5  samples=8  total=1672
game 129  rep=5 opening=rnbqkb1r/pp2pppp/2p2 result=0.5  samples=17  total=1689
game 130  rep=5 opening=rnbqkb1r/pp2pppp/2p2 result=0.0  samples=12  total=1701
game 131  rep=5 opening=r1bqkb1r/pppp1ppp/2n result=0.5  samples=4  total=1705
game 132  rep=5 opening=r1bqkb1r/pppp1ppp/2n result=0.5  samples=19  total=1724
game 133  rep=5 opening=rnbqkb1r/pp1ppppp/5n result=0.5  samples=15  total=1739
game 134  rep=5 opening=rnbqkb1r/pp1ppppp/5n result=1.0  samples=12  total=1751
game 135  rep=5 opening=r1bqk2r/pppp1ppp/2n2 result=0.5  samples=7  total=1758
game 136  rep=5 opening=r1bqk2r/pppp1ppp/2n2 result=1.0  samples=6  total=1764
game 137  rep=5 opening=rnbqkbnr/pp2pppp/8/2 result=0.5  samples=7  total=1771
game 138  rep=5 opening=rnbqkbnr/pp2pppp/8/2 result=0.5  samples=15  total=1786
game 139  rep=5 opening=rnbqkb1r/pppp1ppp/5n result=1.0  samples=20  total=1806
game 140  rep=5 opening=rnbqkb1r/pppp1ppp/5n result=0.5  samples=5  total=1811
game 141  rep=5 opening=r1bqkbnr/pppp1ppp/2n result=0.0  samples=25  total=1836
game 142  rep=5 opening=r1bqkbnr/pppp1ppp/2n result=0.5  samples=14  total=1850
game 143  rep=5 opening=rnbqkb1r/ppp1pppp/5n result=0.5  samples=9  total=1859
game 144  rep=5 opening=rnbqkb1r/ppp1pppp/5n result=0.5  samples=16  total=1875
game 145  rep=6 opening=rnbqkb1r/pppppppp/5n result=0.0  samples=14  total=1889
game 146  rep=6 opening=rnbqkb1r/pppppppp/5n result=0.5  samples=15  total=1904
game 147  rep=6 opening=r1bqkbnr/pppp1ppp/2n result=1.0  samples=25  total=1929
game 148  rep=6 opening=r1bqkbnr/pppp1ppp/2n result=0.5  samples=13  total=1942
game 149  rep=6 opening=r1bqkbnr/pp1ppppp/2n result=0.5  samples=9  total=1951
game 150  rep=6 opening=r1bqkbnr/pp1ppppp/2n result=0.0  samples=15  total=1966
game 151  rep=6 opening=rnbqkbnr/pp3ppp/4p3/ result=0.0  samples=29  total=1995
game 152  rep=6 opening=rnbqkbnr/pp3ppp/4p3/ result=1.0  samples=16  total=2011
game 153  rep=6 opening=rnbqkb1r/pp2pppp/2p2 result=0.5  samples=15  total=2026
game 154  rep=6 opening=rnbqkb1r/pp2pppp/2p2 result=0.0  samples=13  total=2039
game 155  rep=6 opening=r1bqkb1r/pppp1ppp/2n result=0.0  samples=14  total=2053
game 156  rep=6 opening=r1bqkb1r/pppp1ppp/2n result=0.5  samples=11  total=2064
game 157  rep=6 opening=rnbqkb1r/pp1ppppp/5n result=1.0  samples=16  total=2080
game 158  rep=6 opening=rnbqkb1r/pp1ppppp/5n result=0.0  samples=22  total=2102
game 159  rep=6 opening=r1bqk2r/pppp1ppp/2n2 result=0.5  samples=18  total=2120
game 160  rep=6 opening=r1bqk2r/pppp1ppp/2n2 result=0.5  samples=4  total=2124
game 161  rep=6 opening=rnbqkbnr/pp2pppp/8/2 result=0.0  samples=19  total=2143
game 162  rep=6 opening=rnbqkbnr/pp2pppp/8/2 result=1.0  samples=2  total=2145
game 163  rep=6 opening=rnbqkb1r/pppp1ppp/5n result=0.5  samples=6  total=2151
game 164  rep=6 opening=rnbqkb1r/pppp1ppp/5n result=0.5  samples=15  total=2166
game 165  rep=6 opening=r1bqkbnr/pppp1ppp/2n result=0.5  samples=26  total=2192
game 166  rep=6 opening=r1bqkbnr/pppp1ppp/2n result=0.5  samples=15  total=2207
game 167  rep=6 opening=rnbqkb1r/ppp1pppp/5n result=0.5  samples=1  total=2208
game 168  rep=6 opening=rnbqkb1r/ppp1pppp/5n result=0.5  samples=11  total=2219
game 169  rep=7 opening=rnbqkb1r/pppppppp/5n result=1.0  samples=18  total=2237
game 170  rep=7 opening=rnbqkb1r/pppppppp/5n result=0.5  samples=22  total=2259
game 171  rep=7 opening=r1bqkbnr/pppp1ppp/2n result=0.5  samples=12  total=2271
game 172  rep=7 opening=r1bqkbnr/pppp1ppp/2n result=0.5  samples=12  total=2283
game 173  rep=7 opening=r1bqkbnr/pp1ppppp/2n result=0.5  samples=15  total=2298
game 174  rep=7 opening=r1bqkbnr/pp1ppppp/2n result=0.5  samples=9  total=2307
game 175  rep=7 opening=rnbqkbnr/pp3ppp/4p3/ result=0.5  samples=12  total=2319
game 176  rep=7 opening=rnbqkbnr/pp3ppp/4p3/ result=1.0  samples=18  total=2337
game 177  rep=7 opening=rnbqkb1r/pp2pppp/2p2 result=0.0  samples=16  total=2353
game 178  rep=7 opening=rnbqkb1r/pp2pppp/2p2 result=0.5  samples=12  total=2365
game 179  rep=7 opening=r1bqkb1r/pppp1ppp/2n result=0.0  samples=19  total=2384
game 180  rep=7 opening=r1bqkb1r/pppp1ppp/2n result=0.0  samples=25  total=2409
game 181  rep=7 opening=rnbqkb1r/pp1ppppp/5n result=1.0  samples=14  total=2423
game 182  rep=7 opening=rnbqkb1r/pp1ppppp/5n result=0.5  samples=13  total=2436
game 183  rep=7 opening=r1bqk2r/pppp1ppp/2n2 result=0.0  samples=21  total=2457
game 184  rep=7 opening=r1bqk2r/pppp1ppp/2n2 result=0.0  samples=20  total=2477
game 185  rep=7 opening=rnbqkbnr/pp2pppp/8/2 result=0.0  samples=20  total=2497
game 186  rep=7 opening=rnbqkbnr/pp2pppp/8/2 result=0.0  samples=3  total=2500
game 187  rep=7 opening=rnbqkb1r/pppp1ppp/5n result=1.0  samples=22  total=2522
game 188  rep=7 opening=rnbqkb1r/pppp1ppp/5n result=0.5  samples=8  total=2530
game 189  rep=7 opening=r1bqkbnr/pppp1ppp/2n result=0.5  samples=15  total=2545
game 190  rep=7 opening=r1bqkbnr/pppp1ppp/2n result=0.5  samples=10  total=2555
game 191  rep=7 opening=rnbqkb1r/ppp1pppp/5n result=1.0  samples=6  total=2561
game 192  rep=7 opening=rnbqkb1r/ppp1pppp/5n result=0.5  samples=10  total=2571
wrote 2571 samples to tools/texel_data_big.txt
