openings: 400 positions from tests/openings_gen.fen
gauntlet: agent@engine vs agent@checkpoints/book | SPRT elo0=0.0 elo1=8.0 alpha=0.025 beta=0.025 max_games=1500 | 10000ms+100ms | 6 workers
   1 games  +0 =1 -0   -0 Elo +/- 0   3fold=1 (100%)   154s      mean=0.500 LLR=+0.00 (game LLR=+0.00) [CONTINUE]
   2 games  +0 =2 -0   -0 Elo +/- 0   3fold=2 (100%)   156s      mean=0.500 LLR=+0.00 (game LLR=+0.00) [CONTINUE]
   3 games  +0 =3 -0   -0 Elo +/- 0   3fold=3 (100%)   157s      mean=0.500 LLR=+0.00 (game LLR=+0.00) [CONTINUE]
   4 games  +0 =4 -0   -0 Elo +/- 0   3fold=4 (100%)   158s      mean=0.500 LLR=+0.00 (game LLR=+0.00) [CONTINUE]
   5 games  +0 =5 -0   -0 Elo +/- 0   3fold=5 (100%)   161s      mean=0.500 LLR=+0.00 (game LLR=+0.00) [CONTINUE]
   6 games  +0 =6 -0   -0 Elo +/- 0   3fold=6 (100%)   170s      mean=0.500 LLR=+0.00 (game LLR=+0.00) [CONTINUE]
   7 games  +0 =6 -1   -50 Elo +/- 94   3fold=6 (86%)   180s      mean=0.429 LLR=+0.00 (game LLR=-0.20) [CONTINUE]
   8 games  +1 =6 -1   -0 Elo +/- 126   3fold=6 (75%)   186s      mean=0.500 LLR=+0.00 (game LLR=-0.01) [CONTINUE]
   9 games  +1 =7 -1   -0 Elo +/- 111   3fold=7 (78%)   186s      mean=0.500 LLR=-0.00 (game LLR=-0.01) [CONTINUE]
  10 games  +1 =8 -1   -0 Elo +/- 99   3fold=8 (80%)   189s      mean=0.500 LLR=-0.00 (game LLR=-0.01) [CONTINUE]
  11 games  +1 =8 -2   -32 Elo +/- 110   3fold=8 (73%)   195s      mean=0.455 LLR=-0.01 (game LLR=-0.10) [CONTINUE]
  12 games  +1 =9 -2   -29 Elo +/- 100   3fold=9 (75%)   199s      mean=0.458 LLR=-0.09 (game LLR=-0.11) [CONTINUE]
  13 games  +2 =9 -2   -0 Elo +/- 108   3fold=9 (69%)   213s      mean=0.500 LLR=-0.11 (game LLR=-0.01) [CONTINUE]
  14 games  +2 =10 -2   -0 Elo +/- 100   3fold=10 (71%)   213s      mean=0.500 LLR=-0.11 (game LLR=-0.01) [CONTINUE]
  15 games  +2 =11 -2   -0 Elo +/- 93   3fold=11 (73%)   220s      mean=0.500 LLR=-0.11 (game LLR=-0.01) [CONTINUE]
  16 games  +3 =11 -2   +22 Elo +/- 97   3fold=11 (69%)   220s      mean=0.531 LLR=-0.11 (game LLR=+0.06) [CONTINUE]
  17 games  +4 =11 -2   +41 Elo +/- 100   3fold=11 (65%)   229s      mean=0.559 LLR=-0.11 (game LLR=+0.12) [CONTINUE]
  18 games  +4 =12 -2   +39 Elo +/- 94   3fold=12 (67%)   238s      mean=0.556 LLR=-0.11 (game LLR=+0.13) [CONTINUE]
  19 games  +4 =13 -2   +37 Elo +/- 89   3fold=13 (68%)   241s      mean=0.553 LLR=-0.11 (game LLR=+0.13) [CONTINUE]
  20 games  +4 =14 -2   +35 Elo +/- 85   3fold=14 (70%)   242s      mean=0.550 LLR=-0.13 (game LLR=+0.14) [CONTINUE]
  21 games  +5 =14 -2   +50 Elo +/- 87   3fold=14 (67%)   245s      mean=0.571 LLR=-0.15 (game LLR=+0.20) [CONTINUE]
  22 games  +6 =14 -2   +64 Elo +/- 88   3fold=14 (64%)   249s      mean=0.591 LLR=+0.05 (game LLR=+0.26) [CONTINUE]
  23 games  +6 =15 -2   +61 Elo +/- 84   3fold=15 (65%)   257s      mean=0.587 LLR=+0.13 (game LLR=+0.27) [CONTINUE]
  24 games  +6 =15 -3   +44 Elo +/- 86   3fold=15 (62%)   270s      mean=0.562 LLR=+0.18 (game LLR=+0.17) [CONTINUE]
  25 games  +6 =15 -4   +28 Elo +/- 88   3fold=15 (60%)   271s      mean=0.540 LLR=+0.12 (game LLR=+0.10) [CONTINUE]
  26 games  +7 =15 -4   +40 Elo +/- 89   3fold=15 (58%)   274s      mean=0.558 LLR=+0.12 (game LLR=+0.15) [CONTINUE]
  27 games  +7 =16 -4   +39 Elo +/- 85   3fold=16 (59%)   276s      mean=0.556 LLR=+0.12 (game LLR=+0.16) [CONTINUE]
  28 games  +7 =17 -4   +37 Elo +/- 82   3fold=17 (61%)   281s      mean=0.554 LLR=+0.12 (game LLR=+0.16) [CONTINUE]
  29 games  +8 =17 -4   +48 Elo +/- 83   3fold=17 (59%)   287s      mean=0.569 LLR=+0.12 (game LLR=+0.21) [CONTINUE]
  30 games  +8 =18 -4   +47 Elo +/- 80   3fold=18 (60%)   297s      mean=0.567 LLR=+0.12 (game LLR=+0.22) [CONTINUE]
  31 games  +8 =19 -4   +45 Elo +/- 77   3fold=19 (61%)   302s      mean=0.565 LLR=+0.12 (game LLR=+0.23) [CONTINUE]
  32 games  +8 =19 -5   +33 Elo +/- 78   3fold=19 (59%)   305s      mean=0.547 LLR=+0.07 (game LLR=+0.15) [CONTINUE]
  33 games  +9 =19 -5   +42 Elo +/- 78   3fold=19 (58%)   308s      mean=0.561 LLR=+0.08 (game LLR=+0.20) [CONTINUE]
  34 games  +9 =19 -6   +31 Elo +/- 79   3fold=19 (56%)   314s      mean=0.544 LLR=+0.13 (game LLR=+0.14) [CONTINUE]
  35 games  +9 =20 -6   +30 Elo +/- 76   3fold=20 (57%)   318s      mean=0.543 LLR=+0.08 (game LLR=+0.14) [CONTINUE]
  36 games  +9 =20 -7   +19 Elo +/- 77   3fold=20 (56%)   325s      mean=0.528 LLR=+0.12 (game LLR=+0.08) [CONTINUE]
  37 games  +9 =20 -8   +9 Elo +/- 77   3fold=20 (54%)   330s      mean=0.514 LLR=+0.07 (game LLR=+0.03) [CONTINUE]
  38 games  +9 =21 -8   +9 Elo +/- 75   3fold=21 (55%)   333s      mean=0.513 LLR=+0.07 (game LLR=+0.03) [CONTINUE]
  39 games  +9 =22 -8   +9 Elo +/- 73   3fold=22 (56%)   341s      mean=0.513 LLR=+0.07 (game LLR=+0.03) [CONTINUE]
  40 games  +9 =23 -8   +9 Elo +/- 71   3fold=23 (58%)   347s      mean=0.512 LLR=+0.07 (game LLR=+0.03) [CONTINUE]
  41 games  +10 =23 -8   +17 Elo +/- 71   3fold=23 (56%)   348s      mean=0.524 LLR=+0.07 (game LLR=+0.08) [CONTINUE]
  42 games  +10 =24 -8   +17 Elo +/- 70   3fold=24 (57%)   354s      mean=0.524 LLR=+0.07 (game LLR=+0.08) [CONTINUE]
  43 games  +10 =25 -8   +16 Elo +/- 68   3fold=25 (58%)   363s      mean=0.523 LLR=+0.07 (game LLR=+0.08) [CONTINUE]
  44 games  +11 =25 -8   +24 Elo +/- 68   3fold=25 (57%)   364s      mean=0.534 LLR=+0.08 (game LLR=+0.13) [CONTINUE]
  45 games  +11 =25 -9   +15 Elo +/- 69   3fold=25 (56%)   365s      mean=0.522 LLR=+0.13 (game LLR=+0.08) [CONTINUE]
  46 games  +11 =26 -9   +15 Elo +/- 67   3fold=26 (57%)   373s      mean=0.522 LLR=+0.02 (game LLR=+0.08) [CONTINUE]
  47 games  +11 =27 -9   +15 Elo +/- 66   3fold=27 (57%)   378s      mean=0.521 LLR=+0.06 (game LLR=+0.08) [CONTINUE]
  48 games  +11 =28 -9   +14 Elo +/- 64   3fold=28 (58%)   381s      mean=0.521 LLR=+0.07 (game LLR=+0.08) [CONTINUE]
  49 games  +11 =28 -10   +7 Elo +/- 64   3fold=28 (57%)   392s      mean=0.510 LLR=+0.07 (game LLR=+0.02) [CONTINUE]
  50 games  +11 =29 -10   +7 Elo +/- 63   3fold=29 (58%)   394s      mean=0.510 LLR=+0.07 (game LLR=+0.02) [CONTINUE]
  51 games  +11 =30 -10   +7 Elo +/- 62   3fold=30 (59%)   395s      mean=0.510 LLR=+0.07 (game LLR=+0.02) [CONTINUE]
  52 games  +12 =30 -10   +13 Elo +/- 62   3fold=30 (58%)   402s      mean=0.519 LLR=+0.07 (game LLR=+0.08) [CONTINUE]
  53 games  +12 =30 -11   +7 Elo +/- 62   3fold=30 (57%)   409s      mean=0.509 LLR=+0.07 (game LLR=+0.02) [CONTINUE]
  54 games  +12 =31 -11   +6 Elo +/- 61   3fold=31 (57%)   414s      mean=0.509 LLR=+0.07 (game LLR=+0.02) [CONTINUE]
  55 games  +12 =32 -11   +6 Elo +/- 60   3fold=32 (58%)   420s      mean=0.509 LLR=+0.07 (game LLR=+0.02) [CONTINUE]
  56 games  +12 =33 -11   +6 Elo +/- 59   3fold=33 (59%)   422s      mean=0.509 LLR=+0.07 (game LLR=+0.02) [CONTINUE]
  57 games  +12 =33 -12   -0 Elo +/- 59   3fold=33 (58%)   426s      mean=0.500 LLR=+0.07 (game LLR=-0.04) [CONTINUE]
  58 games  +12 =33 -13   -6 Elo +/- 59   3fold=33 (57%)   429s      mean=0.491 LLR=+0.07 (game LLR=-0.09) [CONTINUE]
  59 games  +12 =34 -13   -6 Elo +/- 58   3fold=34 (58%)   436s      mean=0.492 LLR=-0.03 (game LLR=-0.09) [CONTINUE]
  60 games  +13 =34 -13   -0 Elo +/- 58   3fold=34 (57%)   445s      mean=0.500 LLR=-0.08 (game LLR=-0.04) [CONTINUE]
  61 games  +14 =34 -13   +6 Elo +/- 59   3fold=34 (56%)   449s      mean=0.508 LLR=-0.03 (game LLR=+0.02) [CONTINUE]
  62 games  +14 =35 -13   +6 Elo +/- 58   3fold=35 (56%)   455s      mean=0.508 LLR=-0.03 (game LLR=+0.02) [CONTINUE]
  63 games  +14 =36 -13   +6 Elo +/- 57   3fold=36 (57%)   458s      mean=0.508 LLR=-0.03 (game LLR=+0.01) [CONTINUE]
  64 games  +14 =37 -13   +5 Elo +/- 56   3fold=37 (58%)   462s      mean=0.508 LLR=-0.03 (game LLR=+0.01) [CONTINUE]
  65 games  +15 =37 -13   +11 Elo +/- 56   3fold=37 (57%)   466s      mean=0.515 LLR=-0.03 (game LLR=+0.07) [CONTINUE]
  66 games  +15 =38 -13   +11 Elo +/- 55   3fold=38 (58%)   470s      mean=0.515 LLR=-0.03 (game LLR=+0.07) [CONTINUE]
  67 games  +15 =39 -13   +10 Elo +/- 54   3fold=39 (58%)   484s      mean=0.515 LLR=-0.03 (game LLR=+0.07) [CONTINUE]
  68 games  +15 =40 -13   +10 Elo +/- 53   3fold=40 (59%)   488s      mean=0.515 LLR=-0.03 (game LLR=+0.07) [CONTINUE]
  69 games  +15 =41 -13   +10 Elo +/- 53   3fold=41 (59%)   489s      mean=0.514 LLR=-0.04 (game LLR=+0.07) [CONTINUE]
  70 games  +15 =42 -13   +10 Elo +/- 52   3fold=42 (60%)   492s      mean=0.514 LLR=-0.04 (game LLR=+0.07) [CONTINUE]
  71 games  +15 =42 -14   +5 Elo +/- 52   3fold=42 (59%)   496s      mean=0.507 LLR=+0.01 (game LLR=+0.01) [CONTINUE]
  72 games  +15 =43 -14   +5 Elo +/- 51   3fold=43 (60%)   497s      mean=0.507 LLR=+0.01 (game LLR=+0.01) [CONTINUE]
  73 games  +16 =43 -14   +10 Elo +/- 51   3fold=43 (59%)   515s      mean=0.514 LLR=+0.01 (game LLR=+0.07) [CONTINUE]
  74 games  +16 =44 -14   +9 Elo +/- 51   3fold=44 (59%)   519s      mean=0.514 LLR=+0.01 (game LLR=+0.07) [CONTINUE]
  75 games  +16 =45 -14   +9 Elo +/- 50   3fold=45 (60%)   520s      mean=0.513 LLR=+0.01 (game LLR=+0.07) [CONTINUE]
  76 games  +16 =45 -15   +5 Elo +/- 50   3fold=45 (59%)   520s      mean=0.507 LLR=+0.01 (game LLR=+0.01) [CONTINUE]
  77 games  +16 =46 -15   +5 Elo +/- 50   3fold=46 (60%)   521s      mean=0.506 LLR=+0.01 (game LLR=+0.01) [CONTINUE]
  78 games  +17 =46 -15   +9 Elo +/- 50   3fold=46 (59%)   533s      mean=0.513 LLR=+0.01 (game LLR=+0.06) [CONTINUE]
  79 games  +17 =46 -16   +4 Elo +/- 50   3fold=46 (58%)   542s      mean=0.506 LLR=+0.01 (game LLR=+0.00) [CONTINUE]
  80 games  +17 =47 -16   +4 Elo +/- 49   3fold=47 (59%)   548s      mean=0.506 LLR=+0.01 (game LLR=+0.00) [CONTINUE]
  81 games  +18 =47 -16   +9 Elo +/- 49   3fold=47 (58%)   553s      mean=0.512 LLR=+0.01 (game LLR=+0.06) [CONTINUE]
  82 games  +19 =47 -16   +13 Elo +/- 49   3fold=47 (57%)   555s      mean=0.518 LLR=+0.06 (game LLR=+0.11) [CONTINUE]
  83 games  +19 =48 -16   +13 Elo +/- 49   3fold=48 (58%)   556s      mean=0.518 LLR=+0.12 (game LLR=+0.11) [CONTINUE]
  84 games  +19 =49 -16   +12 Elo +/- 48   3fold=49 (58%)   566s      mean=0.518 LLR=+0.06 (game LLR=+0.11) [CONTINUE]
  85 games  +19 =50 -16   +12 Elo +/- 48   3fold=50 (59%)   570s      mean=0.518 LLR=+0.11 (game LLR=+0.11) [CONTINUE]
  86 games  +19 =51 -16   +12 Elo +/- 47   3fold=51 (59%)   575s      mean=0.517 LLR=+0.11 (game LLR=+0.11) [CONTINUE]
  87 games  +19 =52 -16   +12 Elo +/- 47   3fold=52 (60%)   578s      mean=0.517 LLR=+0.11 (game LLR=+0.11) [CONTINUE]
  88 games  +19 =52 -17   +8 Elo +/- 47   3fold=52 (59%)   585s      mean=0.511 LLR=+0.11 (game LLR=+0.06) [CONTINUE]
  89 games  +19 =52 -18   +4 Elo +/- 47   3fold=52 (58%)   586s      mean=0.506 LLR=+0.11 (game LLR=-0.00) [CONTINUE]
  90 games  +19 =53 -18   +4 Elo +/- 46   3fold=53 (59%)   596s      mean=0.506 LLR=+0.11 (game LLR=-0.00) [CONTINUE]
  91 games  +19 =54 -18   +4 Elo +/- 46   3fold=54 (59%)   600s      mean=0.505 LLR=+0.11 (game LLR=-0.00) [CONTINUE]
  92 games  +19 =55 -18   +4 Elo +/- 45   3fold=54 (59%)   604s      mean=0.505 LLR=+0.11 (game LLR=-0.00) [CONTINUE]
  93 games  +19 =56 -18   +4 Elo +/- 45   3fold=54 (58%)   610s      mean=0.505 LLR=+0.12 (game LLR=-0.00) [CONTINUE]
  94 games  +19 =57 -18   +4 Elo +/- 44   3fold=55 (59%)   611s      mean=0.505 LLR=+0.12 (game LLR=-0.00) [CONTINUE]
  95 games  +19 =58 -18   +4 Elo +/- 44   3fold=56 (59%)   618s      mean=0.505 LLR=+0.06 (game LLR=-0.01) [CONTINUE]
  96 games  +19 =59 -18   +4 Elo +/- 43   3fold=57 (59%)   627s      mean=0.505 LLR=-0.00 (game LLR=-0.01) [CONTINUE]
  97 games  +19 =60 -18   +4 Elo +/- 43   3fold=58 (60%)   628s      mean=0.505 LLR=-0.00 (game LLR=-0.01) [CONTINUE]
  98 games  +19 =61 -18   +4 Elo +/- 42   3fold=59 (60%)   639s      mean=0.505 LLR=-0.01 (game LLR=-0.01) [CONTINUE]
  99 games  +19 =61 -19   -0 Elo +/- 43   3fold=59 (60%)   643s      mean=0.500 LLR=-0.01 (game LLR=-0.07) [CONTINUE]
 100 games  +19 =62 -19   -0 Elo +/- 42   3fold=60 (60%)   644s      mean=0.500 LLR=-0.01 (game LLR=-0.07) [CONTINUE]
 101 games  +19 =63 -19   -0 Elo +/- 42   3fold=61 (60%)   647s      mean=0.500 LLR=-0.01 (game LLR=-0.07) [CONTINUE]
 102 games  +19 =64 -19   -0 Elo +/- 41   3fold=62 (61%)   656s      mean=0.500 LLR=-0.01 (game LLR=-0.07) [CONTINUE]
 103 games  +19 =65 -19   -0 Elo +/- 41   3fold=63 (61%)   658s      mean=0.500 LLR=-0.01 (game LLR=-0.07) [CONTINUE]
 104 games  +19 =66 -19   -0 Elo +/- 41   3fold=63 (61%)   672s      mean=0.500 LLR=-0.01 (game LLR=-0.08) [CONTINUE]
 105 games  +19 =67 -19   -0 Elo +/- 40   3fold=64 (61%)   673s      mean=0.500 LLR=-0.01 (game LLR=-0.08) [CONTINUE]
 106 games  +19 =68 -19   -0 Elo +/- 40   3fold=65 (61%)   676s      mean=0.500 LLR=-0.01 (game LLR=-0.08) [CONTINUE]
 107 games  +20 =68 -19   +3 Elo +/- 40   3fold=65 (61%)   680s      mean=0.505 LLR=-0.08 (game LLR=-0.01) [CONTINUE]
 108 games  +20 =69 -19   +3 Elo +/- 40   3fold=66 (61%)   683s      mean=0.505 LLR=-0.01 (game LLR=-0.02) [CONTINUE]
 109 games  +20 =69 -20   -0 Elo +/- 40   3fold=66 (61%)   699s      mean=0.500 LLR=-0.01 (game LLR=-0.08) [CONTINUE]
 110 games  +20 =70 -20   -0 Elo +/- 39   3fold=67 (61%)   699s      mean=0.500 LLR=-0.01 (game LLR=-0.08) [CONTINUE]
 111 games  +20 =71 -20   -0 Elo +/- 39   3fold=68 (61%)   704s      mean=0.500 LLR=-0.02 (game LLR=-0.08) [CONTINUE]
 112 games  +21 =71 -20   +3 Elo +/- 39   3fold=68 (61%)   707s      mean=0.504 LLR=-0.02 (game LLR=-0.02) [CONTINUE]
 113 games  +21 =72 -20   +3 Elo +/- 39   3fold=69 (61%)   714s      mean=0.504 LLR=-0.02 (game LLR=-0.02) [CONTINUE]
 114 games  +21 =73 -20   +3 Elo +/- 38   3fold=70 (61%)   717s      mean=0.504 LLR=-0.02 (game LLR=-0.02) [CONTINUE]
 115 games  +21 =74 -20   +3 Elo +/- 38   3fold=71 (62%)   727s      mean=0.504 LLR=-0.02 (game LLR=-0.02) [CONTINUE]
 116 games  +21 =75 -20   +3 Elo +/- 38   3fold=72 (62%)   728s      mean=0.504 LLR=-0.02 (game LLR=-0.02) [CONTINUE]
 117 games  +21 =76 -20   +3 Elo +/- 37   3fold=73 (62%)   732s      mean=0.504 LLR=-0.08 (game LLR=-0.02) [CONTINUE]
 118 games  +22 =76 -20   +6 Elo +/- 38   3fold=73 (62%)   734s      mean=0.508 LLR=-0.09 (game LLR=+0.04) [CONTINUE]
 119 games  +22 =77 -20   +6 Elo +/- 37   3fold=74 (62%)   745s      mean=0.508 LLR=+0.04 (game LLR=+0.04) [CONTINUE]
 120 games  +22 =78 -20   +6 Elo +/- 37   3fold=75 (62%)   753s      mean=0.508 LLR=+0.04 (game LLR=+0.04) [CONTINUE]
 121 games  +23 =78 -20   +9 Elo +/- 37   3fold=75 (62%)   756s      mean=0.512 LLR=+0.04 (game LLR=+0.10) [CONTINUE]
 122 games  +23 =79 -20   +9 Elo +/- 37   3fold=76 (62%)   762s      mean=0.512 LLR=+0.10 (game LLR=+0.10) [CONTINUE]
 123 games  +23 =80 -20   +8 Elo +/- 36   3fold=77 (63%)   763s      mean=0.512 LLR=+0.10 (game LLR=+0.10) [CONTINUE]
 124 games  +23 =81 -20   +8 Elo +/- 36   3fold=78 (63%)   767s      mean=0.512 LLR=+0.10 (game LLR=+0.10) [CONTINUE]
 125 games  +23 =82 -20   +8 Elo +/- 36   3fold=79 (63%)   774s      mean=0.512 LLR=+0.10 (game LLR=+0.10) [CONTINUE]
 126 games  +23 =82 -21   +6 Elo +/- 36   3fold=79 (63%)   784s      mean=0.508 LLR=+0.10 (game LLR=+0.04) [CONTINUE]
 127 games  +23 =83 -21   +5 Elo +/- 36   3fold=80 (63%)   784s      mean=0.508 LLR=+0.10 (game LLR=+0.04) [CONTINUE]
 128 games  +23 =84 -21   +5 Elo +/- 35   3fold=81 (63%)   786s      mean=0.508 LLR=+0.10 (game LLR=+0.04) [CONTINUE]
 129 games  +23 =85 -21   +5 Elo +/- 35   3fold=82 (64%)   791s      mean=0.508 LLR=+0.10 (game LLR=+0.03) [CONTINUE]
 130 games  +23 =86 -21   +5 Elo +/- 35   3fold=83 (64%)   795s      mean=0.508 LLR=+0.10 (game LLR=+0.03) [CONTINUE]
 131 games  +23 =87 -21   +5 Elo +/- 35   3fold=84 (64%)   805s      mean=0.508 LLR=+0.10 (game LLR=+0.03) [CONTINUE]
 132 games  +24 =87 -21   +8 Elo +/- 35   3fold=84 (64%)   811s      mean=0.511 LLR=+0.10 (game LLR=+0.10) [CONTINUE]
 133 games  +24 =87 -22   +5 Elo +/- 35   3fold=84 (63%)   813s      mean=0.508 LLR=+0.10 (game LLR=+0.03) [CONTINUE]
 134 games  +24 =88 -22   +5 Elo +/- 35   3fold=85 (63%)   814s      mean=0.507 LLR=+0.03 (game LLR=+0.03) [CONTINUE]
 135 games  +24 =89 -22   +5 Elo +/- 34   3fold=86 (64%)   820s      mean=0.507 LLR=+0.03 (game LLR=+0.03) [CONTINUE]
 136 games  +24 =90 -22   +5 Elo +/- 34   3fold=87 (64%)   825s      mean=0.507 LLR=+0.03 (game LLR=+0.03) [CONTINUE]
 137 games  +24 =91 -22   +5 Elo +/- 34   3fold=88 (64%)   828s      mean=0.507 LLR=+0.03 (game LLR=+0.03) [CONTINUE]
 138 games  +25 =91 -22   +8 Elo +/- 34   3fold=88 (64%)   841s      mean=0.511 LLR=+0.03 (game LLR=+0.10) [CONTINUE]
 139 games  +25 =92 -22   +7 Elo +/- 34   3fold=89 (64%)   842s      mean=0.511 LLR=+0.03 (game LLR=+0.10) [CONTINUE]
 140 games  +25 =92 -23   +5 Elo +/- 34   3fold=89 (64%)   849s      mean=0.507 LLR=+0.03 (game LLR=+0.03) [CONTINUE]
 141 games  +25 =93 -23   +5 Elo +/- 34   3fold=90 (64%)   854s      mean=0.507 LLR=+0.03 (game LLR=+0.03) [CONTINUE]
 142 games  +25 =94 -23   +5 Elo +/- 33   3fold=91 (64%)   857s      mean=0.507 LLR=+0.03 (game LLR=+0.02) [CONTINUE]
 143 games  +26 =94 -23   +7 Elo +/- 33   3fold=91 (64%)   861s      mean=0.510 LLR=+0.03 (game LLR=+0.09) [CONTINUE]
 144 games  +26 =94 -24   +5 Elo +/- 34   3fold=91 (63%)   872s      mean=0.507 LLR=+0.03 (game LLR=+0.02) [CONTINUE]
 145 games  +26 =95 -24   +5 Elo +/- 33   3fold=92 (63%)   874s      mean=0.507 LLR=+0.03 (game LLR=+0.02) [CONTINUE]
 146 games  +26 =96 -24   +5 Elo +/- 33   3fold=93 (64%)   875s      mean=0.507 LLR=+0.03 (game LLR=+0.02) [CONTINUE]
 147 games  +26 =97 -24   +5 Elo +/- 33   3fold=94 (64%)   878s      mean=0.507 LLR=+0.03 (game LLR=+0.02) [CONTINUE]
 148 games  +26 =98 -24   +5 Elo +/- 33   3fold=95 (64%)   886s      mean=0.507 LLR=-0.05 (game LLR=+0.02) [CONTINUE]
 149 games  +26 =99 -24   +5 Elo +/- 32   3fold=96 (64%)   888s      mean=0.507 LLR=+0.02 (game LLR=+0.02) [CONTINUE]
 150 games  +27 =99 -24   +7 Elo +/- 33   3fold=96 (64%)   902s      mean=0.510 LLR=+0.02 (game LLR=+0.09) [CONTINUE]
 151 games  +27 =100 -24   +7 Elo +/- 32   3fold=97 (64%)   904s      mean=0.510 LLR=+0.02 (game LLR=+0.09) [CONTINUE]
 152 games  +27 =100 -25   +5 Elo +/- 32   3fold=97 (64%)   904s      mean=0.507 LLR=+0.02 (game LLR=+0.02) [CONTINUE]
 153 games  +27 =101 -25   +5 Elo +/- 32   3fold=98 (64%)   904s      mean=0.507 LLR=+0.02 (game LLR=+0.02) [CONTINUE]
 154 games  +27 =102 -25   +5 Elo +/- 32   3fold=99 (64%)   915s      mean=0.506 LLR=+0.02 (game LLR=+0.02) [CONTINUE]
 155 games  +28 =102 -25   +7 Elo +/- 32   3fold=99 (64%)   917s      mean=0.510 LLR=+0.02 (game LLR=+0.08) [CONTINUE]
 156 games  +28 =103 -25   +7 Elo +/- 32   3fold=100 (64%)   930s      mean=0.510 LLR=+0.09 (game LLR=+0.08) [CONTINUE]
 157 games  +28 =103 -26   +4 Elo +/- 32   3fold=100 (64%)   931s      mean=0.506 LLR=+0.09 (game LLR=+0.01) [CONTINUE]
 158 games  +29 =103 -26   +7 Elo +/- 32   3fold=100 (63%)   932s      mean=0.509 LLR=-0.05 (game LLR=+0.08) [CONTINUE]
 159 games  +29 =104 -26   +7 Elo +/- 32   3fold=101 (64%)   933s      mean=0.509 LLR=+0.08 (game LLR=+0.08) [CONTINUE]
 160 games  +29 =105 -26   +7 Elo +/- 32   3fold=102 (64%)   942s      mean=0.509 LLR=+0.08 (game LLR=+0.08) [CONTINUE]
 161 games  +29 =106 -26   +6 Elo +/- 31   3fold=103 (64%)   945s      mean=0.509 LLR=+0.08 (game LLR=+0.08) [CONTINUE]
 162 games  +30 =106 -26   +9 Elo +/- 32   3fold=103 (64%)   958s      mean=0.512 LLR=+0.08 (game LLR=+0.14) [CONTINUE]
 163 games  +31 =106 -26   +11 Elo +/- 32   3fold=103 (63%)   959s      mean=0.515 LLR=+0.08 (game LLR=+0.21) [CONTINUE]
 164 games  +31 =106 -27   +8 Elo +/- 32   3fold=103 (63%)   963s      mean=0.512 LLR=+0.14 (game LLR=+0.14) [CONTINUE]
 165 games  +31 =107 -27   +8 Elo +/- 32   3fold=104 (63%)   964s      mean=0.512 LLR=+0.07 (game LLR=+0.14) [CONTINUE]
 166 games  +31 =108 -27   +8 Elo +/- 31   3fold=105 (63%)   968s      mean=0.512 LLR=+0.07 (game LLR=+0.14) [CONTINUE]
 167 games  +31 =109 -27   +8 Elo +/- 31   3fold=106 (63%)   981s      mean=0.512 LLR=+0.07 (game LLR=+0.14) [CONTINUE]
 168 games  +31 =110 -27   +8 Elo +/- 31   3fold=107 (64%)   986s      mean=0.512 LLR=+0.07 (game LLR=+0.14) [CONTINUE]
 169 games  +32 =110 -27   +10 Elo +/- 31   3fold=107 (63%)   989s      mean=0.515 LLR=+0.13 (game LLR=+0.20) [CONTINUE]
 170 games  +33 =110 -27   +12 Elo +/- 31   3fold=107 (63%)   992s      mean=0.518 LLR=+0.13 (game LLR=+0.26) [CONTINUE]
 171 games  +33 =111 -27   +12 Elo +/- 31   3fold=108 (63%)   995s      mean=0.518 LLR=+0.13 (game LLR=+0.27) [CONTINUE]
 172 games  +33 =111 -28   +10 Elo +/- 31   3fold=108 (63%)   997s      mean=0.515 LLR=+0.13 (game LLR=+0.20) [CONTINUE]
 173 games  +33 =112 -28   +10 Elo +/- 31   3fold=109 (63%)   1010s      mean=0.514 LLR=+0.07 (game LLR=+0.20) [CONTINUE]
 174 games  +33 =113 -28   +10 Elo +/- 31   3fold=110 (63%)   1015s      mean=0.514 LLR=+0.07 (game LLR=+0.20) [CONTINUE]
 175 games  +33 =113 -29   +8 Elo +/- 31   3fold=110 (63%)   1016s      mean=0.511 LLR=+0.13 (game LLR=+0.13) [CONTINUE]
 176 games  +34 =113 -29   +10 Elo +/- 31   3fold=110 (62%)   1025s      mean=0.514 LLR=+0.13 (game LLR=+0.19) [CONTINUE]
 177 games  +35 =113 -29   +12 Elo +/- 31   3fold=110 (62%)   1026s      mean=0.517 LLR=+0.13 (game LLR=+0.25) [CONTINUE]
 178 games  +35 =114 -29   +12 Elo +/- 31   3fold=111 (62%)   1027s      mean=0.517 LLR=+0.24 (game LLR=+0.25) [CONTINUE]
 179 games  +35 =115 -29   +12 Elo +/- 30   3fold=112 (63%)   1037s      mean=0.517 LLR=+0.24 (game LLR=+0.25) [CONTINUE]
 180 games  +35 =116 -29   +12 Elo +/- 30   3fold=113 (63%)   1046s      mean=0.517 LLR=+0.25 (game LLR=+0.26) [CONTINUE]
 181 games  +36 =116 -29   +13 Elo +/- 30   3fold=113 (62%)   1051s      mean=0.519 LLR=+0.18 (game LLR=+0.32) [CONTINUE]
 182 games  +37 =116 -29   +15 Elo +/- 30   3fold=113 (62%)   1055s      mean=0.522 LLR=+0.18 (game LLR=+0.38) [CONTINUE]
 183 games  +38 =116 -29   +17 Elo +/- 31   3fold=113 (62%)   1058s      mean=0.525 LLR=+0.29 (game LLR=+0.44) [CONTINUE]
 184 games  +38 =117 -29   +17 Elo +/- 30   3fold=114 (62%)   1061s      mean=0.524 LLR=+0.29 (game LLR=+0.44) [CONTINUE]
 185 games  +39 =117 -29   +19 Elo +/- 30   3fold=114 (62%)   1063s      mean=0.527 LLR=+0.29 (game LLR=+0.50) [CONTINUE]
 186 games  +39 =118 -29   +19 Elo +/- 30   3fold=115 (62%)   1079s      mean=0.527 LLR=+0.29 (game LLR=+0.50) [CONTINUE]
 187 games  +39 =119 -29   +19 Elo +/- 30   3fold=116 (62%)   1081s      mean=0.527 LLR=+0.29 (game LLR=+0.50) [CONTINUE]
 188 games  +39 =120 -29   +18 Elo +/- 30   3fold=117 (62%)   1087s      mean=0.527 LLR=+0.35 (game LLR=+0.50) [CONTINUE]
 189 games  +39 =120 -30   +17 Elo +/- 30   3fold=117 (62%)   1091s      mean=0.524 LLR=+0.35 (game LLR=+0.43) [CONTINUE]
 190 games  +39 =120 -31   +15 Elo +/- 30   3fold=117 (62%)   1093s      mean=0.521 LLR=+0.35 (game LLR=+0.36) [CONTINUE]
 191 games  +40 =120 -31   +16 Elo +/- 30   3fold=117 (61%)   1094s      mean=0.524 LLR=+0.35 (game LLR=+0.42) [CONTINUE]
 192 games  +40 =121 -31   +16 Elo +/- 30   3fold=118 (61%)   1106s      mean=0.523 LLR=+0.45 (game LLR=+0.43) [CONTINUE]
 193 games  +40 =122 -31   +16 Elo +/- 30   3fold=119 (62%)   1111s      mean=0.523 LLR=+0.46 (game LLR=+0.43) [CONTINUE]
 194 games  +40 =123 -31   +16 Elo +/- 30   3fold=120 (62%)   1117s      mean=0.523 LLR=+0.46 (game LLR=+0.43) [CONTINUE]
 195 games  +40 =123 -32   +14 Elo +/- 30   3fold=120 (62%)   1122s      mean=0.521 LLR=+0.46 (game LLR=+0.36) [CONTINUE]
 196 games  +40 =123 -33   +12 Elo +/- 30   3fold=120 (61%)   1125s      mean=0.518 LLR=+0.46 (game LLR=+0.29) [CONTINUE]
 197 games  +41 =123 -33   +14 Elo +/- 30   3fold=120 (61%)   1128s      mean=0.520 LLR=+0.46 (game LLR=+0.35) [CONTINUE]
 198 games  +42 =123 -33   +16 Elo +/- 30   3fold=120 (61%)   1134s      mean=0.523 LLR=+0.46 (game LLR=+0.41) [CONTINUE]
 199 games  +42 =124 -33   +16 Elo +/- 30   3fold=121 (61%)   1140s      mean=0.523 LLR=+0.46 (game LLR=+0.41) [CONTINUE]
 200 games  +42 =125 -33   +16 Elo +/- 30   3fold=122 (61%)   1147s      mean=0.522 LLR=+0.47 (game LLR=+0.41) [CONTINUE]
 201 games  +42 =125 -34   +14 Elo +/- 30   3fold=122 (61%)   1153s      mean=0.520 LLR=+0.47 (game LLR=+0.35) [CONTINUE]
 202 games  +42 =126 -34   +14 Elo +/- 29   3fold=122 (60%)   1156s      mean=0.520 LLR=+0.33 (game LLR=+0.35) [CONTINUE]
 203 games  +42 =127 -34   +14 Elo +/- 29   3fold=122 (60%)   1160s      mean=0.520 LLR=+0.27 (game LLR=+0.35) [CONTINUE]
 204 games  +42 =127 -35   +12 Elo +/- 29   3fold=122 (60%)   1163s      mean=0.517 LLR=+0.27 (game LLR=+0.28) [CONTINUE]
 205 games  +43 =127 -35   +14 Elo +/- 29   3fold=122 (60%)   1170s      mean=0.520 LLR=+0.27 (game LLR=+0.34) [CONTINUE]
 206 games  +43 =127 -36   +12 Elo +/- 29   3fold=122 (59%)   1176s      mean=0.517 LLR=+0.27 (game LLR=+0.28) [CONTINUE]
 207 games  +44 =127 -36   +13 Elo +/- 29   3fold=122 (59%)   1184s      mean=0.519 LLR=+0.21 (game LLR=+0.34) [CONTINUE]
 208 games  +44 =127 -37   +12 Elo +/- 30   3fold=122 (59%)   1189s      mean=0.517 LLR=+0.21 (game LLR=+0.27) [CONTINUE]
 209 games  +44 =127 -38   +10 Elo +/- 30   3fold=122 (58%)   1192s      mean=0.514 LLR=+0.21 (game LLR=+0.21) [CONTINUE]
 210 games  +44 =127 -39   +8 Elo +/- 30   3fold=122 (58%)   1194s      mean=0.512 LLR=+0.15 (game LLR=+0.15) [CONTINUE]
 211 games  +44 =128 -39   +8 Elo +/- 29   3fold=123 (58%)   1205s      mean=0.512 LLR=+0.15 (game LLR=+0.15) [CONTINUE]
 212 games  +44 =129 -39   +8 Elo +/- 29   3fold=124 (58%)   1208s      mean=0.512 LLR=+0.21 (game LLR=+0.15) [CONTINUE]
 213 games  +45 =129 -39   +10 Elo +/- 29   3fold=124 (58%)   1214s      mean=0.514 LLR=+0.21 (game LLR=+0.21) [CONTINUE]
 214 games  +46 =129 -39   +11 Elo +/- 29   3fold=124 (58%)   1216s      mean=0.516 LLR=+0.31 (game LLR=+0.26) [CONTINUE]
 215 games  +46 =130 -39   +11 Elo +/- 29   3fold=125 (58%)   1220s      mean=0.516 LLR=+0.31 (game LLR=+0.26) [CONTINUE]
 216 games  +46 =131 -39   +11 Elo +/- 29   3fold=126 (58%)   1222s      mean=0.516 LLR=+0.31 (game LLR=+0.26) [CONTINUE]
 217 games  +46 =132 -39   +11 Elo +/- 29   3fold=127 (59%)   1236s      mean=0.516 LLR=+0.25 (game LLR=+0.27) [CONTINUE]
 218 games  +46 =132 -40   +10 Elo +/- 29   3fold=127 (58%)   1240s      mean=0.514 LLR=+0.25 (game LLR=+0.20) [CONTINUE]
 219 games  +47 =132 -40   +11 Elo +/- 29   3fold=127 (58%)   1245s      mean=0.516 LLR=+0.19 (game LLR=+0.26) [CONTINUE]
 220 games  +47 =133 -40   +11 Elo +/- 29   3fold=128 (58%)   1246s      mean=0.516 LLR=+0.19 (game LLR=+0.26) [CONTINUE]
 221 games  +47 =133 -41   +9 Elo +/- 29   3fold=128 (58%)   1249s      mean=0.514 LLR=+0.20 (game LLR=+0.20) [CONTINUE]
 222 games  +47 =133 -42   +8 Elo +/- 29   3fold=128 (58%)   1251s      mean=0.511 LLR=+0.20 (game LLR=+0.14) [CONTINUE]
 223 games  +47 =134 -42   +8 Elo +/- 29   3fold=129 (58%)   1268s      mean=0.511 LLR=+0.20 (game LLR=+0.14) [CONTINUE]
 224 games  +48 =134 -42   +9 Elo +/- 29   3fold=129 (58%)   1269s      mean=0.513 LLR=+0.20 (game LLR=+0.20) [CONTINUE]
 225 games  +48 =135 -42   +9 Elo +/- 29   3fold=130 (58%)   1272s      mean=0.513 LLR=+0.20 (game LLR=+0.20) [CONTINUE]
 226 games  +48 =136 -42   +9 Elo +/- 29   3fold=131 (58%)   1275s      mean=0.513 LLR=+0.25 (game LLR=+0.20) [CONTINUE]
 227 games  +48 =137 -42   +9 Elo +/- 29   3fold=132 (58%)   1280s      mean=0.513 LLR=+0.25 (game LLR=+0.20) [CONTINUE]
 228 games  +48 =138 -42   +9 Elo +/- 28   3fold=133 (58%)   1282s      mean=0.513 LLR=+0.19 (game LLR=+0.20) [CONTINUE]
 229 games  +48 =139 -42   +9 Elo +/- 28   3fold=134 (59%)   1302s      mean=0.513 LLR=+0.13 (game LLR=+0.20) [CONTINUE]
 230 games  +48 =139 -43   +8 Elo +/- 28   3fold=134 (58%)   1302s      mean=0.511 LLR=+0.19 (game LLR=+0.14) [CONTINUE]
 231 games  +48 =140 -43   +8 Elo +/- 28   3fold=135 (58%)   1306s      mean=0.511 LLR=+0.19 (game LLR=+0.14) [CONTINUE]
 232 games  +48 =141 -43   +7 Elo +/- 28   3fold=136 (59%)   1306s      mean=0.511 LLR=+0.19 (game LLR=+0.14) [CONTINUE]
 233 games  +48 =142 -43   +7 Elo +/- 28   3fold=137 (59%)   1309s      mean=0.511 LLR=+0.19 (game LLR=+0.14) [CONTINUE]
 234 games  +48 =143 -43   +7 Elo +/- 28   3fold=138 (59%)   1312s      mean=0.511 LLR=+0.19 (game LLR=+0.14) [CONTINUE]
 235 games  +49 =143 -43   +9 Elo +/- 28   3fold=138 (59%)   1331s      mean=0.513 LLR=+0.19 (game LLR=+0.19) [CONTINUE]
 236 games  +49 =143 -44   +7 Elo +/- 28   3fold=138 (58%)   1334s      mean=0.511 LLR=+0.19 (game LLR=+0.13) [CONTINUE]
 237 games  +49 =144 -44   +7 Elo +/- 28   3fold=139 (59%)   1335s      mean=0.511 LLR=+0.19 (game LLR=+0.13) [CONTINUE]
 238 games  +49 =145 -44   +7 Elo +/- 28   3fold=140 (59%)   1335s      mean=0.511 LLR=+0.13 (game LLR=+0.13) [CONTINUE]
 239 games  +49 =146 -44   +7 Elo +/- 28   3fold=141 (59%)   1338s      mean=0.510 LLR=+0.13 (game LLR=+0.13) [CONTINUE]
 240 games  +49 =147 -44   +7 Elo +/- 27   3fold=142 (59%)   1343s      mean=0.510 LLR=+0.13 (game LLR=+0.13) [CONTINUE]
 241 games  +49 =148 -44   +7 Elo +/- 27   3fold=143 (59%)   1357s      mean=0.510 LLR=+0.13 (game LLR=+0.13) [CONTINUE]
 242 games  +49 =149 -44   +7 Elo +/- 27   3fold=144 (60%)   1360s      mean=0.510 LLR=+0.07 (game LLR=+0.13) [CONTINUE]
 243 games  +49 =150 -44   +7 Elo +/- 27   3fold=145 (60%)   1364s      mean=0.510 LLR=+0.13 (game LLR=+0.13) [CONTINUE]
 244 games  +49 =151 -44   +7 Elo +/- 27   3fold=145 (59%)   1364s      mean=0.510 LLR=+0.13 (game LLR=+0.13) [CONTINUE]
 245 games  +50 =151 -44   +9 Elo +/- 27   3fold=145 (59%)   1366s      mean=0.512 LLR=+0.13 (game LLR=+0.19) [CONTINUE]
 246 games  +50 =151 -45   +7 Elo +/- 27   3fold=145 (59%)   1368s      mean=0.510 LLR=+0.13 (game LLR=+0.13) [CONTINUE]
*** ANOMALY ***  crash:agent died as white (0-1) -- caused by agent@engine
 247 games  +50 =151 -46   +6 Elo +/- 27   3fold=145 (59%)   1382s   ANOMALIES: 1   mean=0.508 LLR=+0.13 (game LLR=+0.07) [CONTINUE]
*** ANOMALY ***  crash:[Errno 22] Invalid argument as black (1-0) -- caused by agent@engine
 248 games  +50 =151 -47   +4 Elo +/- 27   3fold=145 (58%)   1382s   ANOMALIES: 2   mean=0.506 LLR=+0.13 (game LLR=+0.01) [CONTINUE]
*** ANOMALY ***  crash:[Errno 22] Invalid argument as white (0-1) -- caused by agent@engine
 249 games  +50 =151 -48   +3 Elo +/- 27   3fold=145 (58%)   1382s   ANOMALIES: 3   mean=0.504 LLR=+0.01 (game LLR=-0.05) [CONTINUE]
*** ANOMALY ***  crash:agent died as black (1-0) -- caused by agent@engine
 250 games  +50 =151 -49   +1 Elo +/- 27   3fold=145 (58%)   1382s   ANOMALIES: 4   mean=0.502 LLR=+0.01 (game LLR=-0.11) [CONTINUE]
*** ANOMALY ***  crash:[Errno 22] Invalid argument as white (0-1) -- caused by agent@engine
 251 games  +50 =151 -50   -0 Elo +/- 27   3fold=145 (58%)   1382s   ANOMALIES: 5   mean=0.500 LLR=+0.01 (game LLR=-0.17) [CONTINUE]
*** ANOMALY ***  crash:agent died as white (1-0) -- caused by agent@checkpoints/book
 252 games  +51 =151 -50   +1 Elo +/- 27   3fold=145 (58%)   1382s   ANOMALIES: 6   mean=0.502 LLR=+0.01 (game LLR=-0.11) [CONTINUE]
*** ANOMALY ***  crash:[Errno 22] Invalid argument as black (1-0) -- caused by agent@engine
 253 games  +51 =151 -51   -0 Elo +/- 27   3fold=145 (57%)   1382s   ANOMALIES: 7   mean=0.500 LLR=+0.01 (game LLR=-0.17) [CONTINUE]
*** ANOMALY ***  crash:[Errno 22] Invalid argument as white (0-1) -- caused by agent@engine
 254 games  +51 =151 -52   -1 Elo +/- 27   3fold=145 (57%)   1382s   ANOMALIES: 8   mean=0.498 LLR=+0.01 (game LLR=-0.22) [CONTINUE]
