gauntlet: agent@engine vs agent@checkpoints/clockcap | SPRT elo0=0.0 elo1=8.0 alpha=0.025 beta=0.025 max_games=1500 | 10000ms+100ms | 3 workers
   1 games  +0 =1 -0   -0 Elo +/- 0   3fold=1 (100%)   131s      mean=0.500 LLR=+0.00 [CONTINUE]
   2 games  +1 =1 -0   +191 Elo +/- 834   3fold=1 (50%)   139s      mean=0.750 LLR=+0.09 [CONTINUE]
   3 games  +1 =2 -0   +120 Elo +/- 265   3fold=2 (67%)   142s      mean=0.667 LLR=+0.10 [CONTINUE]
   4 games  +1 =2 -1   -0 Elo +/- 297   3fold=2 (50%)   161s      mean=0.500 LLR=-0.00 [CONTINUE]
   5 games  +2 =2 -1   +70 Elo +/- 308   3fold=2 (40%)   168s      mean=0.600 LLR=+0.04 [CONTINUE]
   6 games  +2 =3 -1   +58 Elo +/- 227   3fold=3 (50%)   182s      mean=0.583 LLR=+0.05 [CONTINUE]
   7 games  +2 =4 -1   +50 Elo +/- 185   3fold=4 (57%)   190s      mean=0.571 LLR=+0.05 [CONTINUE]
   8 games  +3 =4 -1   +89 Elo +/- 190   3fold=4 (50%)   205s      mean=0.625 LLR=+0.10 [CONTINUE]
   9 games  +3 =5 -1   +79 Elo +/- 163   3fold=5 (56%)   212s      mean=0.611 LLR=+0.11 [CONTINUE]
  10 games  +3 =6 -1   +70 Elo +/- 143   3fold=6 (60%)   219s      mean=0.600 LLR=+0.12 [CONTINUE]
  11 games  +3 =6 -2   +32 Elo +/- 147   3fold=6 (55%)   233s      mean=0.545 LLR=+0.05 [CONTINUE]
  12 games  +4 =6 -2   +58 Elo +/- 148   3fold=6 (50%)   241s      mean=0.583 LLR=+0.09 [CONTINUE]
  13 games  +5 =6 -2   +82 Elo +/- 149   3fold=6 (46%)   249s      mean=0.615 LLR=+0.14 [CONTINUE]
  14 games  +6 =6 -2   +102 Elo +/- 149   3fold=6 (43%)   263s      mean=0.643 LLR=+0.18 [CONTINUE]
  15 games  +6 =6 -3   +70 Elo +/- 146   3fold=6 (40%)   273s      mean=0.600 LLR=+0.12 [CONTINUE]
  16 games  +6 =7 -3   +66 Elo +/- 135   3fold=6 (38%)   289s      mean=0.594 LLR=+0.12 [CONTINUE]
  17 games  +6 =8 -3   +62 Elo +/- 126   3fold=7 (41%)   297s      mean=0.588 LLR=+0.13 [CONTINUE]
  18 games  +6 =9 -3   +58 Elo +/- 118   3fold=8 (44%)   301s      mean=0.583 LLR=+0.14 [CONTINUE]
  19 games  +6 =10 -3   +55 Elo +/- 111   3fold=8 (42%)   328s      mean=0.579 LLR=+0.14 [CONTINUE]
  20 games  +6 =11 -3   +53 Elo +/- 105   3fold=9 (45%)   335s      mean=0.575 LLR=+0.15 [CONTINUE]
  21 games  +6 =12 -3   +50 Elo +/- 100   3fold=9 (43%)   339s      mean=0.571 LLR=+0.16 [CONTINUE]
  22 games  +6 =12 -4   +32 Elo +/- 101   3fold=9 (41%)   358s      mean=0.545 LLR=+0.09 [CONTINUE]
  23 games  +6 =13 -4   +30 Elo +/- 96   3fold=10 (43%)   364s      mean=0.543 LLR=+0.09 [CONTINUE]
  24 games  +6 =14 -4   +29 Elo +/- 92   3fold=10 (42%)   367s      mean=0.542 LLR=+0.10 [CONTINUE]
  25 games  +6 =14 -5   +14 Elo +/- 92   3fold=10 (40%)   390s      mean=0.520 LLR=+0.04 [CONTINUE]
  26 games  +6 =14 -6   -0 Elo +/- 93   3fold=10 (38%)   392s      mean=0.500 LLR=-0.01 [CONTINUE]
  27 games  +6 =15 -6   -0 Elo +/- 89   3fold=10 (37%)   405s      mean=0.500 LLR=-0.02 [CONTINUE]
  28 games  +6 =16 -6   -0 Elo +/- 86   3fold=11 (39%)   418s      mean=0.500 LLR=-0.02 [CONTINUE]
  29 games  +6 =16 -7   -12 Elo +/- 86   3fold=11 (38%)   422s      mean=0.483 LLR=-0.07 [CONTINUE]
  30 games  +6 =17 -7   -12 Elo +/- 83   3fold=11 (37%)   448s      mean=0.483 LLR=-0.07 [CONTINUE]
  31 games  +6 =18 -7   -11 Elo +/- 81   3fold=11 (35%)   451s      mean=0.484 LLR=-0.07 [CONTINUE]
  32 games  +7 =18 -7   -0 Elo +/- 81   3fold=11 (34%)   453s      mean=0.500 LLR=-0.02 [CONTINUE]
  33 games  +7 =18 -8   -11 Elo +/- 81   3fold=11 (33%)   474s      mean=0.485 LLR=-0.07 [CONTINUE]
  34 games  +7 =19 -8   -10 Elo +/- 79   3fold=12 (35%)   480s      mean=0.485 LLR=-0.07 [CONTINUE]
  35 games  +7 =20 -8   -10 Elo +/- 77   3fold=12 (34%)   486s      mean=0.486 LLR=-0.08 [CONTINUE]
  36 games  +7 =21 -8   -10 Elo +/- 74   3fold=13 (36%)   511s      mean=0.486 LLR=-0.08 [CONTINUE]
  37 games  +7 =21 -9   -19 Elo +/- 75   3fold=13 (35%)   511s      mean=0.473 LLR=-0.13 [CONTINUE]
  38 games  +7 =22 -9   -18 Elo +/- 73   3fold=14 (37%)   519s      mean=0.474 LLR=-0.13 [CONTINUE]
  39 games  +7 =23 -9   -18 Elo +/- 71   3fold=15 (38%)   538s      mean=0.474 LLR=-0.14 [CONTINUE]
  40 games  +7 =23 -10   -26 Elo +/- 71   3fold=15 (38%)   540s      mean=0.463 LLR=-0.19 [CONTINUE]
  41 games  +8 =23 -10   -17 Elo +/- 71   3fold=15 (37%)   551s      mean=0.476 LLR=-0.13 [CONTINUE]
  42 games  +9 =23 -10   -8 Elo +/- 72   3fold=15 (36%)   570s      mean=0.488 LLR=-0.08 [CONTINUE]
  43 games  +10 =23 -10   -0 Elo +/- 72   3fold=15 (35%)   572s      mean=0.500 LLR=-0.02 [CONTINUE]
  44 games  +10 =23 -11   -8 Elo +/- 72   3fold=15 (34%)   577s      mean=0.489 LLR=-0.07 [CONTINUE]
  45 games  +10 =24 -11   -8 Elo +/- 70   3fold=16 (36%)   599s      mean=0.489 LLR=-0.07 [CONTINUE]
  46 games  +10 =24 -12   -15 Elo +/- 70   3fold=16 (35%)   601s      mean=0.478 LLR=-0.12 [CONTINUE]
  47 games  +11 =24 -12   -7 Elo +/- 70   3fold=16 (34%)   611s      mean=0.489 LLR=-0.07 [CONTINUE]
  48 games  +11 =25 -12   -7 Elo +/- 69   3fold=17 (35%)   628s      mean=0.490 LLR=-0.07 [CONTINUE]
  49 games  +11 =26 -12   -7 Elo +/- 67   3fold=18 (37%)   633s      mean=0.490 LLR=-0.08 [CONTINUE]
  50 games  +11 =26 -13   -14 Elo +/- 68   3fold=18 (36%)   635s      mean=0.480 LLR=-0.12 [CONTINUE]
  51 games  +11 =26 -14   -20 Elo +/- 68   3fold=18 (35%)   661s      mean=0.471 LLR=-0.17 [CONTINUE]
  52 games  +12 =26 -14   -13 Elo +/- 68   3fold=18 (35%)   666s      mean=0.481 LLR=-0.12 [CONTINUE]
  53 games  +13 =26 -14   -7 Elo +/- 68   3fold=18 (34%)   674s      mean=0.491 LLR=-0.07 [CONTINUE]
  54 games  +13 =26 -15   -13 Elo +/- 68   3fold=18 (33%)   695s      mean=0.481 LLR=-0.12 [CONTINUE]
  55 games  +13 =26 -16   -19 Elo +/- 68   3fold=18 (33%)   699s      mean=0.473 LLR=-0.16 [CONTINUE]
  56 games  +13 =27 -16   -19 Elo +/- 66   3fold=19 (34%)   701s      mean=0.473 LLR=-0.16 [CONTINUE]
  57 games  +14 =27 -16   -12 Elo +/- 66   3fold=19 (33%)   721s      mean=0.482 LLR=-0.12 [CONTINUE]
  58 games  +14 =28 -16   -12 Elo +/- 65   3fold=20 (34%)   724s      mean=0.483 LLR=-0.12 [CONTINUE]
  59 games  +14 =28 -17   -18 Elo +/- 65   3fold=20 (34%)   732s      mean=0.475 LLR=-0.16 [CONTINUE]
  60 games  +14 =28 -18   -23 Elo +/- 65   3fold=20 (33%)   751s      mean=0.467 LLR=-0.20 [CONTINUE]
  61 games  +15 =28 -18   -17 Elo +/- 65   3fold=20 (33%)   752s      mean=0.475 LLR=-0.16 [CONTINUE]
  62 games  +15 =29 -18   -17 Elo +/- 64   3fold=21 (34%)   772s      mean=0.476 LLR=-0.16 [CONTINUE]
  63 games  +15 =30 -18   -17 Elo +/- 63   3fold=22 (35%)   783s      mean=0.476 LLR=-0.16 [CONTINUE]
  64 games  +15 =31 -18   -16 Elo +/- 62   3fold=23 (36%)   791s      mean=0.477 LLR=-0.17 [CONTINUE]
  65 games  +15 =31 -19   -21 Elo +/- 62   3fold=23 (35%)   805s      mean=0.469 LLR=-0.21 [CONTINUE]
  66 games  +15 =31 -20   -26 Elo +/- 62   3fold=23 (35%)   815s      mean=0.462 LLR=-0.25 [CONTINUE]
  67 games  +15 =31 -21   -31 Elo +/- 62   3fold=23 (34%)   822s      mean=0.455 LLR=-0.29 [CONTINUE]
  68 games  +15 =32 -21   -31 Elo +/- 61   3fold=24 (35%)   834s      mean=0.456 LLR=-0.30 [CONTINUE]
  69 games  +15 =32 -22   -35 Elo +/- 61   3fold=24 (35%)   840s      mean=0.449 LLR=-0.34 [CONTINUE]
  70 games  +15 =32 -23   -40 Elo +/- 61   3fold=24 (34%)   850s      mean=0.443 LLR=-0.38 [CONTINUE]
  71 games  +15 =33 -23   -39 Elo +/- 60   3fold=24 (34%)   869s      mean=0.444 LLR=-0.39 [CONTINUE]
  72 games  +16 =33 -23   -34 Elo +/- 60   3fold=24 (33%)   872s      mean=0.451 LLR=-0.34 [CONTINUE]
  73 games  +16 =34 -23   -33 Elo +/- 59   3fold=25 (34%)   874s      mean=0.452 LLR=-0.34 [CONTINUE]
  74 games  +16 =34 -24   -38 Elo +/- 59   3fold=25 (34%)   901s      mean=0.446 LLR=-0.39 [CONTINUE]
  75 games  +17 =34 -24   -33 Elo +/- 59   3fold=25 (33%)   906s      mean=0.453 LLR=-0.34 [CONTINUE]
  76 games  +18 =34 -24   -27 Elo +/- 59   3fold=25 (33%)   918s      mean=0.461 LLR=-0.29 [CONTINUE]
  77 games  +18 =34 -25   -32 Elo +/- 59   3fold=25 (32%)   933s      mean=0.455 LLR=-0.33 [CONTINUE]
  78 games  +18 =34 -26   -36 Elo +/- 59   3fold=25 (32%)   939s      mean=0.449 LLR=-0.37 [CONTINUE]
  79 games  +18 =35 -26   -35 Elo +/- 58   3fold=26 (33%)   945s      mean=0.449 LLR=-0.38 [CONTINUE]
  80 games  +19 =35 -26   -30 Elo +/- 58   3fold=26 (32%)   968s      mean=0.456 LLR=-0.33 [CONTINUE]
  81 games  +19 =35 -27   -34 Elo +/- 58   3fold=26 (32%)   972s      mean=0.451 LLR=-0.37 [CONTINUE]
  82 games  +19 =36 -27   -34 Elo +/- 57   3fold=27 (33%)   978s      mean=0.451 LLR=-0.37 [CONTINUE]
  83 games  +20 =36 -27   -29 Elo +/- 57   3fold=27 (33%)   997s      mean=0.458 LLR=-0.33 [CONTINUE]
  84 games  +21 =36 -27   -25 Elo +/- 57   3fold=27 (32%)   1000s      mean=0.464 LLR=-0.28 [CONTINUE]
  85 games  +21 =37 -27   -25 Elo +/- 56   3fold=27 (32%)   1020s      mean=0.465 LLR=-0.29 [CONTINUE]
  86 games  +21 =38 -27   -24 Elo +/- 55   3fold=27 (31%)   1031s      mean=0.465 LLR=-0.29 [CONTINUE]
  87 games  +21 =38 -28   -28 Elo +/- 55   3fold=27 (31%)   1031s      mean=0.460 LLR=-0.33 [CONTINUE]
  88 games  +21 =39 -28   -28 Elo +/- 55   3fold=28 (32%)   1049s      mean=0.460 LLR=-0.34 [CONTINUE]
  89 games  +21 =40 -28   -27 Elo +/- 54   3fold=29 (33%)   1057s      mean=0.461 LLR=-0.34 [CONTINUE]
  90 games  +21 =40 -29   -31 Elo +/- 54   3fold=29 (32%)   1065s      mean=0.456 LLR=-0.38 [CONTINUE]
  91 games  +21 =41 -29   -31 Elo +/- 53   3fold=30 (33%)   1076s      mean=0.456 LLR=-0.38 [CONTINUE]
  92 games  +21 =41 -30   -34 Elo +/- 53   3fold=30 (33%)   1094s      mean=0.451 LLR=-0.43 [CONTINUE]
  93 games  +21 =42 -30   -34 Elo +/- 53   3fold=31 (33%)   1096s      mean=0.452 LLR=-0.43 [CONTINUE]
  94 games  +21 =42 -31   -37 Elo +/- 53   3fold=31 (33%)   1104s      mean=0.447 LLR=-0.47 [CONTINUE]
  95 games  +21 =42 -32   -40 Elo +/- 53   3fold=31 (33%)   1124s      mean=0.442 LLR=-0.51 [CONTINUE]
  96 games  +22 =42 -32   -36 Elo +/- 53   3fold=31 (32%)   1132s      mean=0.448 LLR=-0.46 [CONTINUE]
  97 games  +23 =42 -32   -32 Elo +/- 53   3fold=31 (32%)   1134s      mean=0.454 LLR=-0.42 [CONTINUE]
  98 games  +23 =43 -32   -32 Elo +/- 52   3fold=32 (33%)   1160s      mean=0.454 LLR=-0.42 [CONTINUE]
  99 games  +24 =43 -32   -28 Elo +/- 52   3fold=32 (32%)   1161s      mean=0.460 LLR=-0.38 [CONTINUE]
 100 games  +24 =44 -32   -28 Elo +/- 51   3fold=33 (33%)   1162s      mean=0.460 LLR=-0.38 [CONTINUE]
 101 games  +25 =44 -32   -24 Elo +/- 51   3fold=33 (33%)   1199s      mean=0.465 LLR=-0.34 [CONTINUE]
 102 games  +25 =44 -33   -27 Elo +/- 51   3fold=33 (32%)   1210s      mean=0.461 LLR=-0.38 [CONTINUE]
 103 games  +25 =45 -33   -27 Elo +/- 51   3fold=34 (33%)   1210s      mean=0.461 LLR=-0.38 [CONTINUE]
 104 games  +25 =45 -34   -30 Elo +/- 51   3fold=34 (33%)   1228s      mean=0.457 LLR=-0.42 [CONTINUE]
 105 games  +25 =46 -34   -30 Elo +/- 50   3fold=34 (32%)   1243s      mean=0.457 LLR=-0.42 [CONTINUE]
 106 games  +26 =46 -34   -26 Elo +/- 50   3fold=34 (32%)   1246s      mean=0.462 LLR=-0.38 [CONTINUE]
 107 games  +26 =47 -34   -26 Elo +/- 50   3fold=35 (33%)   1250s      mean=0.463 LLR=-0.38 [CONTINUE]
 108 games  +27 =47 -34   -23 Elo +/- 50   3fold=35 (32%)   1278s      mean=0.468 LLR=-0.34 [CONTINUE]
 109 games  +28 =47 -34   -19 Elo +/- 50   3fold=35 (32%)   1281s      mean=0.472 LLR=-0.30 [CONTINUE]
 110 games  +28 =47 -35   -22 Elo +/- 49   3fold=35 (32%)   1283s      mean=0.468 LLR=-0.33 [CONTINUE]
 111 games  +28 =48 -35   -22 Elo +/- 49   3fold=36 (32%)   1303s      mean=0.468 LLR=-0.34 [CONTINUE]
 112 games  +29 =48 -35   -19 Elo +/- 49   3fold=36 (32%)   1319s      mean=0.473 LLR=-0.30 [CONTINUE]
 113 games  +29 =49 -35   -18 Elo +/- 49   3fold=36 (32%)   1325s      mean=0.473 LLR=-0.30 [CONTINUE]
 114 games  +29 =49 -36   -21 Elo +/- 48   3fold=36 (32%)   1334s      mean=0.469 LLR=-0.34 [CONTINUE]
 115 games  +29 =50 -36   -21 Elo +/- 48   3fold=37 (32%)   1345s      mean=0.470 LLR=-0.34 [CONTINUE]
 116 games  +29 =50 -37   -24 Elo +/- 48   3fold=37 (32%)   1354s      mean=0.466 LLR=-0.38 [CONTINUE]
 117 games  +30 =50 -37   -21 Elo +/- 48   3fold=37 (32%)   1367s      mean=0.470 LLR=-0.34 [CONTINUE]
 118 games  +31 =50 -37   -18 Elo +/- 48   3fold=37 (31%)   1375s      mean=0.475 LLR=-0.30 [CONTINUE]
 119 games  +31 =51 -37   -18 Elo +/- 47   3fold=38 (32%)   1393s      mean=0.475 LLR=-0.30 [CONTINUE]
 120 games  +32 =51 -37   -14 Elo +/- 47   3fold=38 (32%)   1395s      mean=0.479 LLR=-0.26 [CONTINUE]
 121 games  +32 =52 -37   -14 Elo +/- 47   3fold=39 (32%)   1405s      mean=0.479 LLR=-0.26 [CONTINUE]
 122 games  +33 =52 -37   -11 Elo +/- 47   3fold=39 (32%)   1424s      mean=0.484 LLR=-0.22 [CONTINUE]
 123 games  +33 =53 -37   -11 Elo +/- 47   3fold=40 (33%)   1425s      mean=0.484 LLR=-0.22 [CONTINUE]
 124 games  +33 =54 -37   -11 Elo +/- 46   3fold=40 (32%)   1443s      mean=0.484 LLR=-0.22 [CONTINUE]
 125 games  +34 =54 -37   -8 Elo +/- 46   3fold=40 (32%)   1455s      mean=0.488 LLR=-0.18 [CONTINUE]
 126 games  +35 =54 -37   -6 Elo +/- 46   3fold=40 (32%)   1462s      mean=0.492 LLR=-0.14 [CONTINUE]
 127 games  +36 =54 -37   -3 Elo +/- 46   3fold=40 (31%)   1471s      mean=0.496 LLR=-0.10 [CONTINUE]
 128 games  +37 =54 -37   -0 Elo +/- 46   3fold=40 (31%)   1486s      mean=0.500 LLR=-0.06 [CONTINUE]
 129 games  +37 =54 -38   -3 Elo +/- 46   3fold=40 (31%)   1503s      mean=0.496 LLR=-0.10 [CONTINUE]
 130 games  +37 =55 -38   -3 Elo +/- 46   3fold=41 (32%)   1509s      mean=0.496 LLR=-0.10 [CONTINUE]
 131 games  +38 =55 -38   -0 Elo +/- 46   3fold=41 (31%)   1515s      mean=0.500 LLR=-0.06 [CONTINUE]
 132 games  +38 =56 -38   -0 Elo +/- 45   3fold=42 (32%)   1530s      mean=0.500 LLR=-0.06 [CONTINUE]
 133 games  +38 =57 -38   -0 Elo +/- 45   3fold=43 (32%)   1543s      mean=0.500 LLR=-0.06 [CONTINUE]
 134 games  +39 =57 -38   +3 Elo +/- 45   3fold=43 (32%)   1557s      mean=0.504 LLR=-0.02 [CONTINUE]
 135 games  +39 =58 -38   +3 Elo +/- 45   3fold=44 (33%)   1575s      mean=0.504 LLR=-0.02 [CONTINUE]
 136 games  +39 =58 -39   -0 Elo +/- 44   3fold=44 (32%)   1575s      mean=0.500 LLR=-0.06 [CONTINUE]
 137 games  +39 =58 -40   -3 Elo +/- 44   3fold=44 (32%)   1590s      mean=0.496 LLR=-0.10 [CONTINUE]
 138 games  +39 =59 -40   -3 Elo +/- 44   3fold=45 (33%)   1602s      mean=0.496 LLR=-0.10 [CONTINUE]
 139 games  +39 =60 -40   -2 Elo +/- 44   3fold=46 (33%)   1610s      mean=0.496 LLR=-0.11 [CONTINUE]
 140 games  +39 =60 -41   -5 Elo +/- 44   3fold=46 (33%)   1614s      mean=0.493 LLR=-0.15 [CONTINUE]
 141 games  +39 =61 -41   -5 Elo +/- 43   3fold=47 (33%)   1632s      mean=0.493 LLR=-0.15 [CONTINUE]
 142 games  +40 =61 -41   -2 Elo +/- 43   3fold=47 (33%)   1641s      mean=0.496 LLR=-0.11 [CONTINUE]
 143 games  +41 =61 -41   -0 Elo +/- 43   3fold=47 (33%)   1642s      mean=0.500 LLR=-0.07 [CONTINUE]
 144 games  +42 =61 -41   +2 Elo +/- 43   3fold=47 (33%)   1659s      mean=0.503 LLR=-0.03 [CONTINUE]
 145 games  +42 =61 -42   -0 Elo +/- 43   3fold=47 (32%)   1671s      mean=0.500 LLR=-0.07 [CONTINUE]
 146 games  +42 =62 -42   -0 Elo +/- 43   3fold=48 (33%)   1675s      mean=0.500 LLR=-0.07 [CONTINUE]
 147 games  +42 =63 -42   -0 Elo +/- 43   3fold=48 (33%)   1690s      mean=0.500 LLR=-0.07 [CONTINUE]
 148 games  +42 =64 -42   -0 Elo +/- 42   3fold=49 (33%)   1701s      mean=0.500 LLR=-0.07 [CONTINUE]
 149 games  +42 =65 -42   -0 Elo +/- 42   3fold=50 (34%)   1702s      mean=0.500 LLR=-0.07 [CONTINUE]
 150 games  +42 =65 -43   -2 Elo +/- 42   3fold=50 (33%)   1719s      mean=0.497 LLR=-0.11 [CONTINUE]
 151 games  +42 =66 -43   -2 Elo +/- 42   3fold=50 (33%)   1735s      mean=0.497 LLR=-0.11 [CONTINUE]
 152 games  +43 =66 -43   -0 Elo +/- 42   3fold=50 (33%)   1743s      mean=0.500 LLR=-0.07 [CONTINUE]
 153 games  +44 =66 -43   +2 Elo +/- 42   3fold=50 (33%)   1748s      mean=0.503 LLR=-0.03 [CONTINUE]
 154 games  +44 =67 -43   +2 Elo +/- 41   3fold=50 (32%)   1770s      mean=0.503 LLR=-0.03 [CONTINUE]
 155 games  +44 =68 -43   +2 Elo +/- 41   3fold=51 (33%)   1773s      mean=0.503 LLR=-0.03 [CONTINUE]
 156 games  +44 =68 -44   -0 Elo +/- 41   3fold=51 (33%)   1778s      mean=0.500 LLR=-0.07 [CONTINUE]
 157 games  +45 =68 -44   +2 Elo +/- 41   3fold=51 (32%)   1804s      mean=0.503 LLR=-0.03 [CONTINUE]
 158 games  +45 =68 -45   -0 Elo +/- 41   3fold=51 (32%)   1806s      mean=0.500 LLR=-0.07 [CONTINUE]
 159 games  +45 =68 -46   -2 Elo +/- 41   3fold=51 (32%)   1813s      mean=0.497 LLR=-0.11 [CONTINUE]
 160 games  +45 =69 -46   -2 Elo +/- 41   3fold=52 (32%)   1830s      mean=0.497 LLR=-0.12 [CONTINUE]
 161 games  +45 =70 -46   -2 Elo +/- 41   3fold=52 (32%)   1838s      mean=0.497 LLR=-0.12 [CONTINUE]
 162 games  +45 =71 -46   -2 Elo +/- 40   3fold=53 (33%)   1839s      mean=0.497 LLR=-0.12 [CONTINUE]
 163 games  +45 =72 -46   -2 Elo +/- 40   3fold=54 (33%)   1865s      mean=0.497 LLR=-0.12 [CONTINUE]
 164 games  +45 =73 -46   -2 Elo +/- 40   3fold=54 (33%)   1867s      mean=0.497 LLR=-0.12 [CONTINUE]
 165 games  +45 =74 -46   -2 Elo +/- 40   3fold=54 (33%)   1888s      mean=0.497 LLR=-0.12 [CONTINUE]
 166 games  +45 =74 -47   -4 Elo +/- 40   3fold=54 (33%)   1891s      mean=0.494 LLR=-0.16 [CONTINUE]
 167 games  +45 =74 -48   -6 Elo +/- 39   3fold=54 (32%)   1905s      mean=0.491 LLR=-0.20 [CONTINUE]
 168 games  +45 =75 -48   -6 Elo +/- 39   3fold=55 (33%)   1914s      mean=0.491 LLR=-0.21 [CONTINUE]
 169 games  +46 =75 -48   -4 Elo +/- 39   3fold=55 (33%)   1919s      mean=0.494 LLR=-0.16 [CONTINUE]
 170 games  +46 =75 -49   -6 Elo +/- 39   3fold=55 (32%)   1938s      mean=0.491 LLR=-0.20 [CONTINUE]
 171 games  +47 =75 -49   -4 Elo +/- 39   3fold=55 (32%)   1943s      mean=0.494 LLR=-0.16 [CONTINUE]
 172 games  +47 =75 -50   -6 Elo +/- 39   3fold=55 (32%)   1947s      mean=0.491 LLR=-0.20 [CONTINUE]
 173 games  +47 =75 -51   -8 Elo +/- 39   3fold=55 (32%)   1974s      mean=0.488 LLR=-0.24 [CONTINUE]
 174 games  +48 =75 -51   -6 Elo +/- 39   3fold=55 (32%)   1977s      mean=0.491 LLR=-0.20 [CONTINUE]
 175 games  +49 =75 -51   -4 Elo +/- 39   3fold=55 (31%)   1978s      mean=0.494 LLR=-0.16 [CONTINUE]
 176 games  +49 =76 -51   -4 Elo +/- 39   3fold=55 (31%)   2005s      mean=0.494 LLR=-0.16 [CONTINUE]
 177 games  +50 =76 -51   -2 Elo +/- 39   3fold=55 (31%)   2009s      mean=0.497 LLR=-0.12 [CONTINUE]
 178 games  +50 =77 -51   -2 Elo +/- 39   3fold=56 (31%)   2015s      mean=0.497 LLR=-0.12 [CONTINUE]
 179 games  +50 =78 -51   -2 Elo +/- 38   3fold=57 (32%)   2037s      mean=0.497 LLR=-0.12 [CONTINUE]
 180 games  +50 =79 -51   -2 Elo +/- 38   3fold=58 (32%)   2037s      mean=0.497 LLR=-0.13 [CONTINUE]
 181 games  +50 =79 -52   -4 Elo +/- 38   3fold=58 (32%)   2039s      mean=0.494 LLR=-0.17 [CONTINUE]
 182 games  +51 =79 -52   -2 Elo +/- 38   3fold=58 (32%)   2068s      mean=0.497 LLR=-0.13 [CONTINUE]
 183 games  +51 =79 -53   -4 Elo +/- 38   3fold=58 (32%)   2069s      mean=0.495 LLR=-0.17 [CONTINUE]
 184 games  +51 =79 -54   -6 Elo +/- 38   3fold=58 (32%)   2070s      mean=0.492 LLR=-0.21 [CONTINUE]
 185 games  +51 =79 -55   -8 Elo +/- 38   3fold=58 (31%)   2097s      mean=0.489 LLR=-0.25 [CONTINUE]
 186 games  +52 =79 -55   -6 Elo +/- 38   3fold=58 (31%)   2098s      mean=0.492 LLR=-0.21 [CONTINUE]
 187 games  +52 =79 -56   -7 Elo +/- 38   3fold=58 (31%)   2103s      mean=0.489 LLR=-0.25 [CONTINUE]
 188 games  +53 =79 -56   -6 Elo +/- 38   3fold=58 (31%)   2128s      mean=0.492 LLR=-0.21 [CONTINUE]
 189 games  +53 =80 -56   -6 Elo +/- 38   3fold=59 (31%)   2129s      mean=0.492 LLR=-0.21 [CONTINUE]
 190 games  +54 =80 -56   -4 Elo +/- 38   3fold=59 (31%)   2135s      mean=0.495 LLR=-0.17 [CONTINUE]
 191 games  +54 =81 -56   -4 Elo +/- 38   3fold=60 (31%)   2158s      mean=0.495 LLR=-0.17 [CONTINUE]
 192 games  +54 =82 -56   -4 Elo +/- 37   3fold=60 (31%)   2167s      mean=0.495 LLR=-0.17 [CONTINUE]
 193 games  +54 =82 -57   -5 Elo +/- 37   3fold=60 (31%)   2169s      mean=0.492 LLR=-0.21 [CONTINUE]
 194 games  +54 =82 -58   -7 Elo +/- 37   3fold=60 (31%)   2192s      mean=0.490 LLR=-0.25 [CONTINUE]
 195 games  +55 =82 -58   -5 Elo +/- 37   3fold=60 (31%)   2198s      mean=0.492 LLR=-0.21 [CONTINUE]
 196 games  +55 =83 -58   -5 Elo +/- 37   3fold=60 (31%)   2201s      mean=0.492 LLR=-0.21 [CONTINUE]
 197 games  +55 =84 -58   -5 Elo +/- 37   3fold=61 (31%)   2218s      mean=0.492 LLR=-0.21 [CONTINUE]
 198 games  +55 =84 -59   -7 Elo +/- 37   3fold=61 (31%)   2228s      mean=0.490 LLR=-0.25 [CONTINUE]
 199 games  +56 =84 -59   -5 Elo +/- 37   3fold=61 (31%)   2229s      mean=0.492 LLR=-0.21 [CONTINUE]
 200 games  +56 =85 -59   -5 Elo +/- 37   3fold=61 (30%)   2258s      mean=0.492 LLR=-0.21 [CONTINUE]
 201 games  +57 =85 -59   -3 Elo +/- 37   3fold=61 (30%)   2259s      mean=0.495 LLR=-0.17 [CONTINUE]
 202 games  +57 =85 -60   -5 Elo +/- 37   3fold=61 (30%)   2259s      mean=0.493 LLR=-0.21 [CONTINUE]
 203 games  +58 =85 -60   -3 Elo +/- 37   3fold=61 (30%)   2289s      mean=0.495 LLR=-0.17 [CONTINUE]
 204 games  +59 =85 -60   -2 Elo +/- 37   3fold=61 (30%)   2289s      mean=0.498 LLR=-0.13 [CONTINUE]
 205 games  +60 =85 -60   -0 Elo +/- 37   3fold=61 (30%)   2297s      mean=0.500 LLR=-0.09 [CONTINUE]
 206 games  +60 =86 -60   -0 Elo +/- 36   3fold=62 (30%)   2319s      mean=0.500 LLR=-0.09 [CONTINUE]
 207 games  +60 =86 -61   -2 Elo +/- 36   3fold=62 (30%)   2325s      mean=0.498 LLR=-0.13 [CONTINUE]
 208 games  +60 =87 -61   -2 Elo +/- 36   3fold=63 (30%)   2334s      mean=0.498 LLR=-0.13 [CONTINUE]
 209 games  +60 =87 -62   -3 Elo +/- 36   3fold=63 (30%)   2347s      mean=0.495 LLR=-0.17 [CONTINUE]
 210 games  +61 =87 -62   -2 Elo +/- 36   3fold=63 (30%)   2357s      mean=0.498 LLR=-0.13 [CONTINUE]
 211 games  +61 =87 -63   -3 Elo +/- 36   3fold=63 (30%)   2365s      mean=0.495 LLR=-0.17 [CONTINUE]
 212 games  +61 =87 -64   -5 Elo +/- 36   3fold=63 (30%)   2379s      mean=0.493 LLR=-0.21 [CONTINUE]
 213 games  +61 =88 -64   -5 Elo +/- 36   3fold=64 (30%)   2388s      mean=0.493 LLR=-0.21 [CONTINUE]
 214 games  +61 =88 -65   -6 Elo +/- 36   3fold=64 (30%)   2392s      mean=0.491 LLR=-0.25 [CONTINUE]
 215 games  +62 =88 -65   -5 Elo +/- 36   3fold=64 (30%)   2415s      mean=0.493 LLR=-0.21 [CONTINUE]
 216 games  +62 =89 -65   -5 Elo +/- 36   3fold=65 (30%)   2416s      mean=0.493 LLR=-0.21 [CONTINUE]
 217 games  +63 =89 -65   -3 Elo +/- 36   3fold=65 (30%)   2426s      mean=0.495 LLR=-0.18 [CONTINUE]
 218 games  +63 =89 -66   -5 Elo +/- 36   3fold=65 (30%)   2447s      mean=0.493 LLR=-0.21 [CONTINUE]
 219 games  +64 =89 -66   -3 Elo +/- 36   3fold=65 (30%)   2449s      mean=0.495 LLR=-0.18 [CONTINUE]
 220 games  +64 =90 -66   -3 Elo +/- 35   3fold=66 (30%)   2455s      mean=0.495 LLR=-0.18 [CONTINUE]
 221 games  +65 =90 -66   -2 Elo +/- 35   3fold=66 (30%)   2476s      mean=0.498 LLR=-0.14 [CONTINUE]
 222 games  +65 =90 -67   -3 Elo +/- 35   3fold=66 (30%)   2479s      mean=0.495 LLR=-0.18 [CONTINUE]
 223 games  +66 =90 -67   -2 Elo +/- 35   3fold=66 (30%)   2490s      mean=0.498 LLR=-0.14 [CONTINUE]
 224 games  +67 =90 -67   -0 Elo +/- 35   3fold=66 (29%)   2508s      mean=0.500 LLR=-0.10 [CONTINUE]
 225 games  +67 =91 -67   -0 Elo +/- 35   3fold=67 (30%)   2516s      mean=0.500 LLR=-0.10 [CONTINUE]
 226 games  +67 =91 -68   -2 Elo +/- 35   3fold=67 (30%)   2520s      mean=0.498 LLR=-0.14 [CONTINUE]
 227 games  +67 =92 -68   -2 Elo +/- 35   3fold=68 (30%)   2542s      mean=0.498 LLR=-0.14 [CONTINUE]
 228 games  +68 =92 -68   -0 Elo +/- 35   3fold=68 (30%)   2552s      mean=0.500 LLR=-0.10 [CONTINUE]
 229 games  +69 =92 -68   +2 Elo +/- 35   3fold=68 (30%)   2557s      mean=0.502 LLR=-0.06 [CONTINUE]
 230 games  +69 =93 -68   +2 Elo +/- 35   3fold=69 (30%)   2574s      mean=0.502 LLR=-0.06 [CONTINUE]
 231 games  +69 =94 -68   +2 Elo +/- 35   3fold=70 (30%)   2582s      mean=0.502 LLR=-0.06 [CONTINUE]
 232 games  +69 =95 -68   +1 Elo +/- 34   3fold=71 (31%)   2583s      mean=0.502 LLR=-0.07 [CONTINUE]
 233 games  +69 =96 -68   +1 Elo +/- 34   3fold=72 (31%)   2602s      mean=0.502 LLR=-0.07 [CONTINUE]
 234 games  +69 =96 -69   -0 Elo +/- 34   3fold=72 (31%)   2625s      mean=0.500 LLR=-0.11 [CONTINUE]
 235 games  +69 =97 -69   -0 Elo +/- 34   3fold=72 (31%)   2627s      mean=0.500 LLR=-0.11 [CONTINUE]
 236 games  +69 =98 -69   -0 Elo +/- 34   3fold=73 (31%)   2634s      mean=0.500 LLR=-0.11 [CONTINUE]
 237 games  +69 =98 -70   -1 Elo +/- 34   3fold=73 (31%)   2663s      mean=0.498 LLR=-0.15 [CONTINUE]
 238 games  +70 =98 -70   -0 Elo +/- 34   3fold=73 (31%)   2664s      mean=0.500 LLR=-0.11 [CONTINUE]
 239 games  +70 =99 -70   -0 Elo +/- 34   3fold=73 (31%)   2666s      mean=0.500 LLR=-0.11 [CONTINUE]
 240 games  +71 =99 -70   +1 Elo +/- 34   3fold=73 (30%)   2693s      mean=0.502 LLR=-0.07 [CONTINUE]
 241 games  +72 =99 -70   +3 Elo +/- 34   3fold=73 (30%)   2695s      mean=0.504 LLR=-0.03 [CONTINUE]
 242 games  +72 =99 -71   +1 Elo +/- 34   3fold=73 (30%)   2698s      mean=0.502 LLR=-0.07 [CONTINUE]
 243 games  +73 =99 -71   +3 Elo +/- 34   3fold=73 (30%)   2721s      mean=0.504 LLR=-0.03 [CONTINUE]
 244 games  +73 =100 -71   +3 Elo +/- 34   3fold=74 (30%)   2722s      mean=0.504 LLR=-0.03 [CONTINUE]
 245 games  +73 =101 -71   +3 Elo +/- 33   3fold=75 (31%)   2729s      mean=0.504 LLR=-0.03 [CONTINUE]
 246 games  +74 =101 -71   +4 Elo +/- 33   3fold=75 (30%)   2750s      mean=0.506 LLR=+0.01 [CONTINUE]
 247 games  +75 =101 -71   +6 Elo +/- 33   3fold=75 (30%)   2760s      mean=0.508 LLR=+0.05 [CONTINUE]
 248 games  +76 =101 -71   +7 Elo +/- 33   3fold=75 (30%)   2761s      mean=0.510 LLR=+0.08 [CONTINUE]
 249 games  +77 =101 -71   +8 Elo +/- 33   3fold=75 (30%)   2781s      mean=0.512 LLR=+0.12 [CONTINUE]
 250 games  +77 =102 -71   +8 Elo +/- 33   3fold=76 (30%)   2789s      mean=0.512 LLR=+0.12 [CONTINUE]
 251 games  +78 =102 -71   +10 Elo +/- 33   3fold=76 (30%)   2790s      mean=0.514 LLR=+0.16 [CONTINUE]
 252 games  +78 =102 -72   +8 Elo +/- 33   3fold=76 (30%)   2812s      mean=0.512 LLR=+0.12 [CONTINUE]
 253 games  +78 =102 -73   +7 Elo +/- 33   3fold=76 (30%)   2818s      mean=0.510 LLR=+0.08 [CONTINUE]
 254 games  +79 =102 -73   +8 Elo +/- 33   3fold=76 (30%)   2823s      mean=0.512 LLR=+0.12 [CONTINUE]
 255 games  +79 =103 -73   +8 Elo +/- 33   3fold=77 (30%)   2845s      mean=0.512 LLR=+0.12 [CONTINUE]
 256 games  +79 =104 -73   +8 Elo +/- 33   3fold=78 (30%)   2852s      mean=0.512 LLR=+0.12 [CONTINUE]
 257 games  +79 =105 -73   +8 Elo +/- 33   3fold=79 (31%)   2854s      mean=0.512 LLR=+0.12 [CONTINUE]
 258 games  +80 =105 -73   +9 Elo +/- 33   3fold=79 (31%)   2875s      mean=0.514 LLR=+0.16 [CONTINUE]
 259 games  +80 =105 -74   +8 Elo +/- 33   3fold=79 (31%)   2884s      mean=0.512 LLR=+0.12 [CONTINUE]
 260 games  +80 =106 -74   +8 Elo +/- 33   3fold=80 (31%)   2889s      mean=0.512 LLR=+0.12 [CONTINUE]
 261 games  +80 =107 -74   +8 Elo +/- 32   3fold=81 (31%)   2904s      mean=0.511 LLR=+0.12 [CONTINUE]
 262 games  +80 =107 -75   +7 Elo +/- 32   3fold=81 (31%)   2913s      mean=0.510 LLR=+0.08 [CONTINUE]
 263 games  +80 =108 -75   +7 Elo +/- 32   3fold=81 (31%)   2921s      mean=0.510 LLR=+0.08 [CONTINUE]
 264 games  +81 =108 -75   +8 Elo +/- 32   3fold=81 (31%)   2935s      mean=0.511 LLR=+0.12 [CONTINUE]
 265 games  +81 =109 -75   +8 Elo +/- 32   3fold=81 (31%)   2942s      mean=0.511 LLR=+0.12 [CONTINUE]
 266 games  +81 =110 -75   +8 Elo +/- 32   3fold=82 (31%)   2959s      mean=0.511 LLR=+0.12 [CONTINUE]
 267 games  +81 =110 -76   +7 Elo +/- 32   3fold=82 (31%)   2962s      mean=0.509 LLR=+0.08 [CONTINUE]
 268 games  +82 =110 -76   +8 Elo +/- 32   3fold=82 (31%)   2973s      mean=0.511 LLR=+0.11 [CONTINUE]
 269 games  +83 =110 -76   +9 Elo +/- 32   3fold=82 (30%)   2992s      mean=0.513 LLR=+0.15 [CONTINUE]
 270 games  +83 =111 -76   +9 Elo +/- 32   3fold=83 (31%)   2994s      mean=0.513 LLR=+0.15 [CONTINUE]
 271 games  +83 =112 -76   +9 Elo +/- 32   3fold=84 (31%)   2995s      mean=0.513 LLR=+0.15 [CONTINUE]
 272 games  +83 =113 -76   +9 Elo +/- 32   3fold=85 (31%)   3020s      mean=0.513 LLR=+0.15 [CONTINUE]
 273 games  +83 =114 -76   +9 Elo +/- 32   3fold=85 (31%)   3025s      mean=0.513 LLR=+0.15 [CONTINUE]
 274 games  +83 =115 -76   +9 Elo +/- 31   3fold=85 (31%)   3039s      mean=0.513 LLR=+0.15 [CONTINUE]
 275 games  +83 =115 -77   +8 Elo +/- 31   3fold=85 (31%)   3055s      mean=0.511 LLR=+0.11 [CONTINUE]
 276 games  +83 =116 -77   +8 Elo +/- 31   3fold=86 (31%)   3065s      mean=0.511 LLR=+0.11 [CONTINUE]
 277 games  +83 =117 -77   +8 Elo +/- 31   3fold=87 (31%)   3065s      mean=0.511 LLR=+0.11 [CONTINUE]
 278 games  +83 =118 -77   +7 Elo +/- 31   3fold=88 (32%)   3081s      mean=0.511 LLR=+0.11 [CONTINUE]
 279 games  +83 =118 -78   +6 Elo +/- 31   3fold=88 (32%)   3089s      mean=0.509 LLR=+0.07 [CONTINUE]
 280 games  +84 =118 -78   +7 Elo +/- 31   3fold=88 (31%)   3098s      mean=0.511 LLR=+0.11 [CONTINUE]
 281 games  +84 =119 -78   +7 Elo +/- 31   3fold=89 (32%)   3115s      mean=0.511 LLR=+0.11 [CONTINUE]
 282 games  +84 =120 -78   +7 Elo +/- 31   3fold=90 (32%)   3115s      mean=0.511 LLR=+0.11 [CONTINUE]
 283 games  +84 =121 -78   +7 Elo +/- 31   3fold=90 (32%)   3140s      mean=0.511 LLR=+0.11 [CONTINUE]
 284 games  +84 =122 -78   +7 Elo +/- 31   3fold=91 (32%)   3140s      mean=0.511 LLR=+0.11 [CONTINUE]
 285 games  +84 =123 -78   +7 Elo +/- 30   3fold=92 (32%)   3145s      mean=0.511 LLR=+0.11 [CONTINUE]
 286 games  +84 =124 -78   +7 Elo +/- 30   3fold=93 (33%)   3169s      mean=0.510 LLR=+0.11 [CONTINUE]
 287 games  +84 =125 -78   +7 Elo +/- 30   3fold=94 (33%)   3172s      mean=0.510 LLR=+0.11 [CONTINUE]
 288 games  +84 =125 -79   +6 Elo +/- 30   3fold=94 (33%)   3172s      mean=0.509 LLR=+0.07 [CONTINUE]
 289 games  +84 =126 -79   +6 Elo +/- 30   3fold=95 (33%)   3199s      mean=0.509 LLR=+0.07 [CONTINUE]
 290 games  +84 =127 -79   +6 Elo +/- 30   3fold=96 (33%)   3201s      mean=0.509 LLR=+0.07 [CONTINUE]
 291 games  +84 =128 -79   +6 Elo +/- 30   3fold=97 (33%)   3207s      mean=0.509 LLR=+0.07 [CONTINUE]
 292 games  +84 =128 -80   +5 Elo +/- 30   3fold=97 (33%)   3229s      mean=0.507 LLR=+0.03 [CONTINUE]
 293 games  +84 =129 -80   +5 Elo +/- 30   3fold=97 (33%)   3238s      mean=0.507 LLR=+0.03 [CONTINUE]
 294 games  +84 =129 -81   +4 Elo +/- 30   3fold=97 (33%)   3244s      mean=0.505 LLR=-0.02 [CONTINUE]
 295 games  +84 =130 -81   +4 Elo +/- 30   3fold=98 (33%)   3257s      mean=0.505 LLR=-0.02 [CONTINUE]
 296 games  +84 =130 -82   +2 Elo +/- 30   3fold=98 (33%)   3269s      mean=0.503 LLR=-0.06 [CONTINUE]
 297 games  +84 =130 -83   +1 Elo +/- 30   3fold=98 (33%)   3276s      mean=0.502 LLR=-0.10 [CONTINUE]
 298 games  +84 =131 -83   +1 Elo +/- 30   3fold=98 (33%)   3296s      mean=0.502 LLR=-0.10 [CONTINUE]
 299 games  +84 =132 -83   +1 Elo +/- 30   3fold=98 (33%)   3306s      mean=0.502 LLR=-0.10 [CONTINUE]
 300 games  +84 =133 -83   +1 Elo +/- 29   3fold=98 (33%)   3306s      mean=0.502 LLR=-0.10 [CONTINUE]
 301 games  +84 =133 -84   -0 Elo +/- 29   3fold=98 (33%)   3329s      mean=0.500 LLR=-0.14 [CONTINUE]
 302 games  +84 =134 -84   -0 Elo +/- 29   3fold=99 (33%)   3336s      mean=0.500 LLR=-0.14 [CONTINUE]
 303 games  +84 =134 -85   -1 Elo +/- 29   3fold=99 (33%)   3339s      mean=0.498 LLR=-0.19 [CONTINUE]
 304 games  +84 =134 -86   -2 Elo +/- 29   3fold=99 (33%)   3362s      mean=0.497 LLR=-0.23 [CONTINUE]
 305 games  +84 =135 -86   -2 Elo +/- 29   3fold=99 (32%)   3368s      mean=0.497 LLR=-0.23 [CONTINUE]
 306 games  +85 =135 -86   -1 Elo +/- 29   3fold=99 (32%)   3374s      mean=0.498 LLR=-0.19 [CONTINUE]
 307 games  +85 =135 -87   -2 Elo +/- 29   3fold=99 (32%)   3392s      mean=0.497 LLR=-0.23 [CONTINUE]
 308 games  +86 =135 -87   -1 Elo +/- 29   3fold=99 (32%)   3398s      mean=0.498 LLR=-0.19 [CONTINUE]
 309 games  +86 =136 -87   -1 Elo +/- 29   3fold=100 (32%)   3400s      mean=0.498 LLR=-0.19 [CONTINUE]
 310 games  +87 =136 -87   -0 Elo +/- 29   3fold=100 (32%)   3420s      mean=0.500 LLR=-0.15 [CONTINUE]
 311 games  +88 =136 -87   +1 Elo +/- 29   3fold=100 (32%)   3428s      mean=0.502 LLR=-0.11 [CONTINUE]
 312 games  +88 =137 -87   +1 Elo +/- 29   3fold=100 (32%)   3436s      mean=0.502 LLR=-0.11 [CONTINUE]
 313 games  +89 =137 -87   +2 Elo +/- 29   3fold=100 (32%)   3452s      mean=0.503 LLR=-0.07 [CONTINUE]
 314 games  +90 =137 -87   +3 Elo +/- 29   3fold=100 (32%)   3459s      mean=0.505 LLR=-0.03 [CONTINUE]
 315 games  +90 =137 -88   +2 Elo +/- 29   3fold=100 (32%)   3467s      mean=0.503 LLR=-0.07 [CONTINUE]
 316 games  +90 =138 -88   +2 Elo +/- 29   3fold=101 (32%)   3487s      mean=0.503 LLR=-0.07 [CONTINUE]
 317 games  +91 =138 -88   +3 Elo +/- 29   3fold=101 (32%)   3489s      mean=0.505 LLR=-0.03 [CONTINUE]
 318 games  +91 =139 -88   +3 Elo +/- 29   3fold=102 (32%)   3505s      mean=0.505 LLR=-0.03 [CONTINUE]
 319 games  +91 =140 -88   +3 Elo +/- 29   3fold=103 (32%)   3512s      mean=0.505 LLR=-0.03 [CONTINUE]
 320 games  +91 =141 -88   +3 Elo +/- 29   3fold=103 (32%)   3523s      mean=0.505 LLR=-0.03 [CONTINUE]
 321 games  +92 =141 -88   +4 Elo +/- 29   3fold=103 (32%)   3540s      mean=0.506 LLR=+0.01 [CONTINUE]
 322 games  +92 =141 -89   +3 Elo +/- 29   3fold=103 (32%)   3544s      mean=0.505 LLR=-0.03 [CONTINUE]
 323 games  +92 =142 -89   +3 Elo +/- 28   3fold=104 (32%)   3567s      mean=0.505 LLR=-0.03 [CONTINUE]
 324 games  +92 =143 -89   +3 Elo +/- 28   3fold=105 (32%)   3569s      mean=0.505 LLR=-0.03 [CONTINUE]
 325 games  +92 =144 -89   +3 Elo +/- 28   3fold=106 (33%)   3578s      mean=0.505 LLR=-0.03 [CONTINUE]
 326 games  +93 =144 -89   +4 Elo +/- 28   3fold=106 (33%)   3595s      mean=0.506 LLR=+0.01 [CONTINUE]
 327 games  +94 =144 -89   +5 Elo +/- 28   3fold=106 (32%)   3597s      mean=0.508 LLR=+0.05 [CONTINUE]
 328 games  +95 =144 -89   +6 Elo +/- 28   3fold=106 (32%)   3610s      mean=0.509 LLR=+0.09 [CONTINUE]
 329 games  +95 =145 -89   +6 Elo +/- 28   3fold=107 (33%)   3627s      mean=0.509 LLR=+0.09 [CONTINUE]
 330 games  +95 =146 -89   +6 Elo +/- 28   3fold=107 (32%)   3634s      mean=0.509 LLR=+0.09 [CONTINUE]
 331 games  +95 =146 -90   +5 Elo +/- 28   3fold=107 (32%)   3641s      mean=0.508 LLR=+0.05 [CONTINUE]
 332 games  +95 =147 -90   +5 Elo +/- 28   3fold=107 (32%)   3661s      mean=0.508 LLR=+0.05 [CONTINUE]
 333 games  +95 =148 -90   +5 Elo +/- 28   3fold=108 (32%)   3662s      mean=0.508 LLR=+0.05 [CONTINUE]
 334 games  +95 =149 -90   +5 Elo +/- 28   3fold=109 (33%)   3670s      mean=0.507 LLR=+0.05 [CONTINUE]
 335 games  +96 =149 -90   +6 Elo +/- 28   3fold=109 (33%)   3692s      mean=0.509 LLR=+0.09 [CONTINUE]
 336 games  +97 =149 -90   +7 Elo +/- 28   3fold=109 (32%)   3693s      mean=0.510 LLR=+0.13 [CONTINUE]
 337 games  +98 =149 -90   +8 Elo +/- 28   3fold=109 (32%)   3701s      mean=0.512 LLR=+0.17 [CONTINUE]
 338 games  +98 =149 -91   +7 Elo +/- 28   3fold=109 (32%)   3720s      mean=0.510 LLR=+0.13 [CONTINUE]
 339 games  +98 =150 -91   +7 Elo +/- 28   3fold=110 (32%)   3728s      mean=0.510 LLR=+0.13 [CONTINUE]
 340 games  +99 =150 -91   +8 Elo +/- 28   3fold=110 (32%)   3732s      mean=0.512 LLR=+0.17 [CONTINUE]
 341 games  +100 =150 -91   +9 Elo +/- 28   3fold=110 (32%)   3749s      mean=0.513 LLR=+0.21 [CONTINUE]
 342 games  +100 =151 -91   +9 Elo +/- 28   3fold=111 (32%)   3754s      mean=0.513 LLR=+0.21 [CONTINUE]
 343 games  +100 =152 -91   +9 Elo +/- 27   3fold=111 (32%)   3759s      mean=0.513 LLR=+0.21 [CONTINUE]
 344 games  +100 =152 -92   +8 Elo +/- 27   3fold=111 (32%)   3781s      mean=0.512 LLR=+0.17 [CONTINUE]
 345 games  +100 =152 -93   +7 Elo +/- 27   3fold=111 (32%)   3784s      mean=0.510 LLR=+0.12 [CONTINUE]
 346 games  +100 =153 -93   +7 Elo +/- 27   3fold=112 (32%)   3798s      mean=0.510 LLR=+0.12 [CONTINUE]
 347 games  +100 =154 -93   +7 Elo +/- 27   3fold=113 (33%)   3811s      mean=0.510 LLR=+0.12 [CONTINUE]
 348 games  +100 =155 -93   +7 Elo +/- 27   3fold=113 (32%)   3818s      mean=0.510 LLR=+0.12 [CONTINUE]
 349 games  +101 =155 -93   +8 Elo +/- 27   3fold=113 (32%)   3838s      mean=0.511 LLR=+0.17 [CONTINUE]
 350 games  +102 =155 -93   +9 Elo +/- 27   3fold=113 (32%)   3840s      mean=0.513 LLR=+0.21 [CONTINUE]
 351 games  +103 =155 -93   +10 Elo +/- 27   3fold=113 (32%)   3855s      mean=0.514 LLR=+0.25 [CONTINUE]
 352 games  +104 =155 -93   +11 Elo +/- 27   3fold=113 (32%)   3869s      mean=0.516 LLR=+0.29 [CONTINUE]
 353 games  +105 =155 -93   +12 Elo +/- 27   3fold=113 (32%)   3870s      mean=0.517 LLR=+0.33 [CONTINUE]
 354 games  +105 =155 -94   +11 Elo +/- 27   3fold=113 (32%)   3883s      mean=0.516 LLR=+0.28 [CONTINUE]
 355 games  +105 =156 -94   +11 Elo +/- 27   3fold=114 (32%)   3897s      mean=0.515 LLR=+0.28 [CONTINUE]
 356 games  +106 =156 -94   +12 Elo +/- 27   3fold=114 (32%)   3900s      mean=0.517 LLR=+0.32 [CONTINUE]
 357 games  +106 =157 -94   +12 Elo +/- 27   3fold=115 (32%)   3907s      mean=0.517 LLR=+0.32 [CONTINUE]
 358 games  +106 =158 -94   +12 Elo +/- 27   3fold=116 (32%)   3923s      mean=0.517 LLR=+0.33 [CONTINUE]
 359 games  +107 =158 -94   +13 Elo +/- 27   3fold=116 (32%)   3932s      mean=0.518 LLR=+0.37 [CONTINUE]
 360 games  +108 =158 -94   +14 Elo +/- 27   3fold=116 (32%)   3938s      mean=0.519 LLR=+0.41 [CONTINUE]
 361 games  +109 =158 -94   +14 Elo +/- 27   3fold=116 (32%)   3956s      mean=0.521 LLR=+0.45 [CONTINUE]
 362 games  +110 =158 -94   +15 Elo +/- 27   3fold=116 (32%)   3961s      mean=0.522 LLR=+0.49 [CONTINUE]
 363 games  +110 =159 -94   +15 Elo +/- 27   3fold=117 (32%)   3971s      mean=0.522 LLR=+0.49 [CONTINUE]
 364 games  +110 =159 -95   +14 Elo +/- 27   3fold=117 (32%)   3982s      mean=0.521 LLR=+0.44 [CONTINUE]
 365 games  +110 =160 -95   +14 Elo +/- 27   3fold=118 (32%)   3987s      mean=0.521 LLR=+0.44 [CONTINUE]
 366 games  +110 =161 -95   +14 Elo +/- 27   3fold=119 (33%)   4001s      mean=0.520 LLR=+0.44 [CONTINUE]
 367 games  +110 =161 -96   +13 Elo +/- 27   3fold=119 (32%)   4015s      mean=0.519 LLR=+0.40 [CONTINUE]
 368 games  +111 =161 -96   +14 Elo +/- 27   3fold=119 (32%)   4019s      mean=0.520 LLR=+0.44 [CONTINUE]
 369 games  +112 =161 -96   +15 Elo +/- 27   3fold=119 (32%)   4032s      mean=0.522 LLR=+0.48 [CONTINUE]
 370 games  +112 =161 -97   +14 Elo +/- 27   3fold=119 (32%)   4047s      mean=0.520 LLR=+0.44 [CONTINUE]
 371 games  +112 =162 -97   +14 Elo +/- 27   3fold=120 (32%)   4053s      mean=0.520 LLR=+0.44 [CONTINUE]
 372 games  +112 =163 -97   +14 Elo +/- 27   3fold=121 (33%)   4062s      mean=0.520 LLR=+0.44 [CONTINUE]
 373 games  +112 =164 -97   +14 Elo +/- 26   3fold=122 (33%)   4075s      mean=0.520 LLR=+0.44 [CONTINUE]
 374 games  +112 =165 -97   +14 Elo +/- 26   3fold=123 (33%)   4086s      mean=0.520 LLR=+0.44 [CONTINUE]
 375 games  +112 =165 -98   +13 Elo +/- 26   3fold=123 (33%)   4094s      mean=0.519 LLR=+0.40 [CONTINUE]
 376 games  +112 =166 -98   +13 Elo +/- 26   3fold=123 (33%)   4112s      mean=0.519 LLR=+0.40 [CONTINUE]
 377 games  +112 =167 -98   +13 Elo +/- 26   3fold=124 (33%)   4113s      mean=0.519 LLR=+0.40 [CONTINUE]
 378 games  +112 =167 -99   +12 Elo +/- 26   3fold=124 (33%)   4124s      mean=0.517 LLR=+0.36 [CONTINUE]
 379 games  +112 =168 -99   +12 Elo +/- 26   3fold=125 (33%)   4138s      mean=0.517 LLR=+0.36 [CONTINUE]
 380 games  +113 =168 -99   +13 Elo +/- 26   3fold=125 (33%)   4147s      mean=0.518 LLR=+0.40 [CONTINUE]
 381 games  +113 =169 -99   +13 Elo +/- 26   3fold=126 (33%)   4162s      mean=0.518 LLR=+0.40 [CONTINUE]
 382 games  +113 =170 -99   +13 Elo +/- 26   3fold=127 (33%)   4177s      mean=0.518 LLR=+0.40 [CONTINUE]
 383 games  +113 =171 -99   +13 Elo +/- 26   3fold=127 (33%)   4177s      mean=0.518 LLR=+0.40 [CONTINUE]
 384 games  +113 =171 -100   +12 Elo +/- 26   3fold=127 (33%)   4194s      mean=0.517 LLR=+0.36 [CONTINUE]
 385 games  +113 =172 -100   +12 Elo +/- 26   3fold=128 (33%)   4209s      mean=0.517 LLR=+0.36 [CONTINUE]
 386 games  +113 =172 -101   +11 Elo +/- 26   3fold=128 (33%)   4210s      mean=0.516 LLR=+0.31 [CONTINUE]
 387 games  +113 =173 -101   +11 Elo +/- 26   3fold=129 (33%)   4226s      mean=0.516 LLR=+0.31 [CONTINUE]
 388 games  +113 =173 -102   +10 Elo +/- 26   3fold=129 (33%)   4234s      mean=0.514 LLR=+0.27 [CONTINUE]
 389 games  +113 =173 -103   +9 Elo +/- 26   3fold=129 (33%)   4244s      mean=0.513 LLR=+0.23 [CONTINUE]
 390 games  +113 =174 -103   +9 Elo +/- 26   3fold=130 (33%)   4260s      mean=0.513 LLR=+0.23 [CONTINUE]
 391 games  +114 =174 -103   +10 Elo +/- 26   3fold=130 (33%)   4266s      mean=0.514 LLR=+0.27 [CONTINUE]
 392 games  +114 =175 -103   +10 Elo +/- 26   3fold=131 (33%)   4269s      mean=0.514 LLR=+0.27 [CONTINUE]
 393 games  +114 =176 -103   +10 Elo +/- 26   3fold=132 (34%)   4300s      mean=0.514 LLR=+0.27 [CONTINUE]
 394 games  +114 =177 -103   +10 Elo +/- 26   3fold=133 (34%)   4301s      mean=0.514 LLR=+0.27 [CONTINUE]
 395 games  +114 =178 -103   +10 Elo +/- 25   3fold=133 (34%)   4314s      mean=0.514 LLR=+0.27 [CONTINUE]
 396 games  +114 =178 -104   +9 Elo +/- 25   3fold=133 (34%)   4325s      mean=0.513 LLR=+0.23 [CONTINUE]
 397 games  +115 =178 -104   +10 Elo +/- 25   3fold=133 (34%)   4332s      mean=0.514 LLR=+0.27 [CONTINUE]
 398 games  +115 =179 -104   +10 Elo +/- 25   3fold=133 (33%)   4348s      mean=0.514 LLR=+0.27 [CONTINUE]
 399 games  +115 =179 -105   +9 Elo +/- 25   3fold=133 (33%)   4358s      mean=0.513 LLR=+0.23 [CONTINUE]
 400 games  +115 =180 -105   +9 Elo +/- 25   3fold=134 (34%)   4370s      mean=0.512 LLR=+0.23 [CONTINUE]
 401 games  +115 =180 -106   +8 Elo +/- 25   3fold=134 (33%)   4382s      mean=0.511 LLR=+0.18 [CONTINUE]
 402 games  +115 =181 -106   +8 Elo +/- 25   3fold=134 (33%)   4393s      mean=0.511 LLR=+0.18 [CONTINUE]
 403 games  +115 =181 -107   +7 Elo +/- 25   3fold=134 (33%)   4418s      mean=0.510 LLR=+0.14 [CONTINUE]
 404 games  +116 =181 -107   +8 Elo +/- 25   3fold=134 (33%)   4421s      mean=0.511 LLR=+0.18 [CONTINUE]
 405 games  +116 =182 -107   +8 Elo +/- 25   3fold=134 (33%)   4422s      mean=0.511 LLR=+0.18 [CONTINUE]
 406 games  +116 =182 -108   +7 Elo +/- 25   3fold=134 (33%)   4448s      mean=0.510 LLR=+0.14 [CONTINUE]
 407 games  +117 =182 -108   +8 Elo +/- 25   3fold=134 (33%)   4456s      mean=0.511 LLR=+0.18 [CONTINUE]
 408 games  +118 =182 -108   +9 Elo +/- 25   3fold=134 (33%)   4458s      mean=0.512 LLR=+0.22 [CONTINUE]
 409 games  +118 =182 -109   +8 Elo +/- 25   3fold=134 (33%)   4479s      mean=0.511 LLR=+0.18 [CONTINUE]
 410 games  +118 =182 -110   +7 Elo +/- 25   3fold=134 (33%)   4487s      mean=0.510 LLR=+0.14 [CONTINUE]
 411 games  +119 =182 -110   +8 Elo +/- 25   3fold=134 (33%)   4489s      mean=0.511 LLR=+0.18 [CONTINUE]
 412 games  +119 =182 -111   +7 Elo +/- 25   3fold=134 (33%)   4511s      mean=0.510 LLR=+0.13 [CONTINUE]
 413 games  +120 =182 -111   +8 Elo +/- 25   3fold=134 (32%)   4516s      mean=0.511 LLR=+0.17 [CONTINUE]
 414 games  +120 =183 -111   +8 Elo +/- 25   3fold=135 (33%)   4524s      mean=0.511 LLR=+0.17 [CONTINUE]
 415 games  +120 =183 -112   +7 Elo +/- 25   3fold=135 (33%)   4539s      mean=0.510 LLR=+0.13 [CONTINUE]
 416 games  +120 =184 -112   +7 Elo +/- 25   3fold=136 (33%)   4549s      mean=0.510 LLR=+0.13 [CONTINUE]
 417 games  +120 =185 -112   +7 Elo +/- 25   3fold=137 (33%)   4554s      mean=0.510 LLR=+0.13 [CONTINUE]
 418 games  +120 =186 -112   +7 Elo +/- 25   3fold=138 (33%)   4562s      mean=0.510 LLR=+0.13 [CONTINUE]
 419 games  +120 =186 -113   +6 Elo +/- 25   3fold=138 (33%)   4580s      mean=0.508 LLR=+0.09 [CONTINUE]
 420 games  +120 =187 -113   +6 Elo +/- 25   3fold=139 (33%)   4581s      mean=0.508 LLR=+0.09 [CONTINUE]
 421 games  +121 =187 -113   +7 Elo +/- 25   3fold=139 (33%)   4589s      mean=0.510 LLR=+0.13 [CONTINUE]
 422 games  +122 =187 -113   +7 Elo +/- 25   3fold=139 (33%)   4607s      mean=0.511 LLR=+0.17 [CONTINUE]
 423 games  +122 =187 -114   +7 Elo +/- 25   3fold=139 (33%)   4609s      mean=0.509 LLR=+0.13 [CONTINUE]
 424 games  +122 =188 -114   +7 Elo +/- 25   3fold=140 (33%)   4613s      mean=0.509 LLR=+0.13 [CONTINUE]
 425 games  +123 =188 -114   +7 Elo +/- 25   3fold=140 (33%)   4640s      mean=0.511 LLR=+0.17 [CONTINUE]
 426 games  +123 =189 -114   +7 Elo +/- 25   3fold=141 (33%)   4641s      mean=0.511 LLR=+0.17 [CONTINUE]
 427 games  +123 =190 -114   +7 Elo +/- 25   3fold=141 (33%)   4642s      mean=0.511 LLR=+0.17 [CONTINUE]
 428 games  +123 =190 -115   +6 Elo +/- 25   3fold=141 (33%)   4666s      mean=0.509 LLR=+0.13 [CONTINUE]
 429 games  +124 =190 -115   +7 Elo +/- 25   3fold=141 (33%)   4672s      mean=0.510 LLR=+0.17 [CONTINUE]
 430 games  +124 =190 -116   +6 Elo +/- 25   3fold=141 (33%)   4674s      mean=0.509 LLR=+0.13 [CONTINUE]
 431 games  +124 =191 -116   +6 Elo +/- 25   3fold=142 (33%)   4697s      mean=0.509 LLR=+0.13 [CONTINUE]
 432 games  +125 =191 -116   +7 Elo +/- 25   3fold=142 (33%)   4701s      mean=0.510 LLR=+0.17 [CONTINUE]
 433 games  +125 =192 -116   +7 Elo +/- 24   3fold=143 (33%)   4703s      mean=0.510 LLR=+0.17 [CONTINUE]
 434 games  +126 =192 -116   +8 Elo +/- 24   3fold=143 (33%)   4730s      mean=0.512 LLR=+0.21 [CONTINUE]
 435 games  +126 =193 -116   +8 Elo +/- 24   3fold=144 (33%)   4730s      mean=0.511 LLR=+0.21 [CONTINUE]
 436 games  +127 =193 -116   +9 Elo +/- 24   3fold=144 (33%)   4735s      mean=0.513 LLR=+0.25 [CONTINUE]
 437 games  +128 =193 -116   +10 Elo +/- 24   3fold=144 (33%)   4754s      mean=0.514 LLR=+0.29 [CONTINUE]
 438 games  +128 =194 -116   +10 Elo +/- 24   3fold=145 (33%)   4765s      mean=0.514 LLR=+0.29 [CONTINUE]
 439 games  +128 =195 -116   +9 Elo +/- 24   3fold=145 (33%)   4772s      mean=0.514 LLR=+0.29 [CONTINUE]
 440 games  +128 =195 -117   +9 Elo +/- 24   3fold=145 (33%)   4787s      mean=0.512 LLR=+0.25 [CONTINUE]
 441 games  +128 =196 -117   +9 Elo +/- 24   3fold=146 (33%)   4795s      mean=0.512 LLR=+0.25 [CONTINUE]
 442 games  +128 =197 -117   +9 Elo +/- 24   3fold=147 (33%)   4811s      mean=0.512 LLR=+0.25 [CONTINUE]
 443 games  +129 =197 -117   +9 Elo +/- 24   3fold=147 (33%)   4815s      mean=0.514 LLR=+0.29 [CONTINUE]
 444 games  +129 =197 -118   +9 Elo +/- 24   3fold=147 (33%)   4827s      mean=0.512 LLR=+0.24 [CONTINUE]
 445 games  +130 =197 -118   +9 Elo +/- 24   3fold=147 (33%)   4839s      mean=0.513 LLR=+0.28 [CONTINUE]
 446 games  +131 =197 -118   +10 Elo +/- 24   3fold=147 (33%)   4844s      mean=0.515 LLR=+0.32 [CONTINUE]
 447 games  +131 =197 -119   +9 Elo +/- 24   3fold=147 (33%)   4861s      mean=0.513 LLR=+0.28 [CONTINUE]
 448 games  +132 =197 -119   +10 Elo +/- 24   3fold=147 (33%)   4876s      mean=0.515 LLR=+0.32 [CONTINUE]
 449 games  +132 =198 -119   +10 Elo +/- 24   3fold=148 (33%)   4877s      mean=0.514 LLR=+0.32 [CONTINUE]
 450 games  +132 =198 -120   +9 Elo +/- 24   3fold=148 (33%)   4892s      mean=0.513 LLR=+0.28 [CONTINUE]
 451 games  +132 =199 -120   +9 Elo +/- 24   3fold=148 (33%)   4908s      mean=0.513 LLR=+0.28 [CONTINUE]
 452 games  +132 =199 -121   +8 Elo +/- 24   3fold=148 (33%)   4911s      mean=0.512 LLR=+0.24 [CONTINUE]
 453 games  +132 =199 -122   +8 Elo +/- 24   3fold=148 (33%)   4925s      mean=0.511 LLR=+0.20 [CONTINUE]
 454 games  +132 =200 -122   +8 Elo +/- 24   3fold=149 (33%)   4944s      mean=0.511 LLR=+0.20 [CONTINUE]
 455 games  +132 =201 -122   +8 Elo +/- 24   3fold=149 (33%)   4947s      mean=0.511 LLR=+0.20 [CONTINUE]
 456 games  +133 =201 -122   +8 Elo +/- 24   3fold=149 (33%)   4958s      mean=0.512 LLR=+0.24 [CONTINUE]
 457 games  +133 =202 -122   +8 Elo +/- 24   3fold=150 (33%)   4972s      mean=0.512 LLR=+0.24 [CONTINUE]
 458 games  +133 =203 -122   +8 Elo +/- 24   3fold=151 (33%)   4978s      mean=0.512 LLR=+0.24 [CONTINUE]
 459 games  +133 =204 -122   +8 Elo +/- 24   3fold=152 (33%)   4986s      mean=0.512 LLR=+0.24 [CONTINUE]
 460 games  +133 =204 -123   +8 Elo +/- 24   3fold=152 (33%)   5001s      mean=0.511 LLR=+0.19 [CONTINUE]
 461 games  +134 =204 -123   +8 Elo +/- 24   3fold=152 (33%)   5008s      mean=0.512 LLR=+0.24 [CONTINUE]
 462 games  +134 =205 -123   +8 Elo +/- 24   3fold=153 (33%)   5016s      mean=0.512 LLR=+0.24 [CONTINUE]
 463 games  +134 =205 -124   +8 Elo +/- 24   3fold=153 (33%)   5034s      mean=0.511 LLR=+0.19 [CONTINUE]
 464 games  +134 =206 -124   +7 Elo +/- 24   3fold=154 (33%)   5042s      mean=0.511 LLR=+0.19 [CONTINUE]
 465 games  +134 =207 -124   +7 Elo +/- 24   3fold=155 (33%)   5047s      mean=0.511 LLR=+0.19 [CONTINUE]
 466 games  +135 =207 -124   +8 Elo +/- 24   3fold=155 (33%)   5068s      mean=0.512 LLR=+0.23 [CONTINUE]
 467 games  +135 =208 -124   +8 Elo +/- 24   3fold=156 (33%)   5071s      mean=0.512 LLR=+0.23 [CONTINUE]
 468 games  +136 =208 -124   +9 Elo +/- 23   3fold=156 (33%)   5072s      mean=0.513 LLR=+0.27 [CONTINUE]
 469 games  +136 =208 -125   +8 Elo +/- 23   3fold=156 (33%)   5096s      mean=0.512 LLR=+0.23 [CONTINUE]
 470 games  +137 =208 -125   +9 Elo +/- 23   3fold=156 (33%)   5099s      mean=0.513 LLR=+0.27 [CONTINUE]
 471 games  +138 =208 -125   +10 Elo +/- 23   3fold=156 (33%)   5103s      mean=0.514 LLR=+0.31 [CONTINUE]
 472 games  +138 =208 -126   +9 Elo +/- 23   3fold=156 (33%)   5126s      mean=0.513 LLR=+0.27 [CONTINUE]
 473 games  +139 =208 -126   +10 Elo +/- 23   3fold=156 (33%)   5129s      mean=0.514 LLR=+0.31 [CONTINUE]
 474 games  +140 =208 -126   +10 Elo +/- 23   3fold=156 (33%)   5134s      mean=0.515 LLR=+0.35 [CONTINUE]
 475 games  +140 =209 -126   +10 Elo +/- 23   3fold=157 (33%)   5152s      mean=0.515 LLR=+0.35 [CONTINUE]
 476 games  +141 =209 -126   +11 Elo +/- 23   3fold=157 (33%)   5165s      mean=0.516 LLR=+0.39 [CONTINUE]
 477 games  +141 =210 -126   +11 Elo +/- 23   3fold=158 (33%)   5174s      mean=0.516 LLR=+0.39 [CONTINUE]
 478 games  +142 =210 -126   +12 Elo +/- 23   3fold=158 (33%)   5200s      mean=0.517 LLR=+0.43 [CONTINUE]
 479 games  +142 =211 -126   +12 Elo +/- 23   3fold=158 (33%)   5201s      mean=0.517 LLR=+0.43 [CONTINUE]
 480 games  +143 =211 -126   +12 Elo +/- 23   3fold=158 (33%)   5207s      mean=0.518 LLR=+0.47 [CONTINUE]
 481 games  +144 =211 -126   +13 Elo +/- 23   3fold=158 (33%)   5229s      mean=0.519 LLR=+0.51 [CONTINUE]
 482 games  +144 =211 -127   +12 Elo +/- 23   3fold=158 (33%)   5232s      mean=0.518 LLR=+0.47 [CONTINUE]
 483 games  +144 =212 -127   +12 Elo +/- 23   3fold=159 (33%)   5232s      mean=0.518 LLR=+0.47 [CONTINUE]
 484 games  +144 =213 -127   +12 Elo +/- 23   3fold=160 (33%)   5252s      mean=0.518 LLR=+0.47 [CONTINUE]
 485 games  +144 =214 -127   +12 Elo +/- 23   3fold=161 (33%)   5261s      mean=0.518 LLR=+0.47 [CONTINUE]
 486 games  +144 =215 -127   +12 Elo +/- 23   3fold=162 (33%)   5267s      mean=0.517 LLR=+0.47 [CONTINUE]
 487 games  +144 =215 -128   +11 Elo +/- 23   3fold=162 (33%)   5292s      mean=0.516 LLR=+0.43 [CONTINUE]
 488 games  +144 =215 -129   +11 Elo +/- 23   3fold=162 (33%)   5295s      mean=0.515 LLR=+0.39 [CONTINUE]
 489 games  +144 =216 -129   +11 Elo +/- 23   3fold=163 (33%)   5298s      mean=0.515 LLR=+0.39 [CONTINUE]
 490 games  +144 =217 -129   +11 Elo +/- 23   3fold=163 (33%)   5322s      mean=0.515 LLR=+0.39 [CONTINUE]
 491 games  +145 =217 -129   +11 Elo +/- 23   3fold=163 (33%)   5325s      mean=0.516 LLR=+0.43 [CONTINUE]
 492 games  +146 =217 -129   +12 Elo +/- 23   3fold=163 (33%)   5331s      mean=0.517 LLR=+0.47 [CONTINUE]
 493 games  +146 =218 -129   +12 Elo +/- 23   3fold=164 (33%)   5350s      mean=0.517 LLR=+0.47 [CONTINUE]
 494 games  +146 =219 -129   +12 Elo +/- 23   3fold=164 (33%)   5361s      mean=0.517 LLR=+0.47 [CONTINUE]
 495 games  +147 =219 -129   +13 Elo +/- 23   3fold=164 (33%)   5364s      mean=0.518 LLR=+0.51 [CONTINUE]
 496 games  +148 =219 -129   +13 Elo +/- 23   3fold=164 (33%)   5384s      mean=0.519 LLR=+0.55 [CONTINUE]
 497 games  +148 =220 -129   +13 Elo +/- 23   3fold=165 (33%)   5399s      mean=0.519 LLR=+0.55 [CONTINUE]
 498 games  +148 =221 -129   +13 Elo +/- 23   3fold=166 (33%)   5400s      mean=0.519 LLR=+0.55 [CONTINUE]
 499 games  +148 =222 -129   +13 Elo +/- 23   3fold=167 (33%)   5411s      mean=0.519 LLR=+0.55 [CONTINUE]
 500 games  +148 =223 -129   +13 Elo +/- 23   3fold=167 (33%)   5429s      mean=0.519 LLR=+0.55 [CONTINUE]
 501 games  +148 =223 -130   +12 Elo +/- 23   3fold=167 (33%)   5433s      mean=0.518 LLR=+0.51 [CONTINUE]
 502 games  +149 =223 -130   +13 Elo +/- 23   3fold=167 (33%)   5442s      mean=0.519 LLR=+0.55 [CONTINUE]
 503 games  +150 =223 -130   +14 Elo +/- 23   3fold=167 (33%)   5460s      mean=0.520 LLR=+0.59 [CONTINUE]
 504 games  +150 =224 -130   +14 Elo +/- 23   3fold=168 (33%)   5467s      mean=0.520 LLR=+0.59 [CONTINUE]
 505 games  +150 =225 -130   +14 Elo +/- 23   3fold=168 (33%)   5472s      mean=0.520 LLR=+0.59 [CONTINUE]
 506 games  +150 =226 -130   +14 Elo +/- 23   3fold=169 (33%)   5491s      mean=0.520 LLR=+0.59 [CONTINUE]
 507 games  +150 =227 -130   +14 Elo +/- 23   3fold=170 (34%)   5498s      mean=0.520 LLR=+0.59 [CONTINUE]
 508 games  +151 =227 -130   +14 Elo +/- 23   3fold=170 (33%)   5498s      mean=0.521 LLR=+0.63 [CONTINUE]
 509 games  +151 =228 -130   +14 Elo +/- 22   3fold=171 (34%)   5521s      mean=0.521 LLR=+0.63 [CONTINUE]
 510 games  +151 =229 -130   +14 Elo +/- 22   3fold=172 (34%)   5525s      mean=0.521 LLR=+0.63 [CONTINUE]
 511 games  +151 =230 -130   +14 Elo +/- 22   3fold=173 (34%)   5529s      mean=0.521 LLR=+0.63 [CONTINUE]
 512 games  +152 =230 -130   +15 Elo +/- 22   3fold=173 (34%)   5548s      mean=0.521 LLR=+0.68 [CONTINUE]
 513 games  +153 =230 -130   +16 Elo +/- 22   3fold=173 (34%)   5553s      mean=0.522 LLR=+0.72 [CONTINUE]
 514 games  +153 =231 -130   +16 Elo +/- 22   3fold=174 (34%)   5564s      mean=0.522 LLR=+0.72 [CONTINUE]
 515 games  +153 =232 -130   +16 Elo +/- 22   3fold=175 (34%)   5578s      mean=0.522 LLR=+0.72 [CONTINUE]
 516 games  +153 =232 -131   +15 Elo +/- 22   3fold=175 (34%)   5586s      mean=0.521 LLR=+0.67 [CONTINUE]
 517 games  +154 =232 -131   +15 Elo +/- 22   3fold=175 (34%)   5596s      mean=0.522 LLR=+0.71 [CONTINUE]
 518 games  +155 =232 -131   +16 Elo +/- 22   3fold=175 (34%)   5617s      mean=0.523 LLR=+0.76 [CONTINUE]
 519 games  +155 =233 -131   +16 Elo +/- 22   3fold=175 (34%)   5625s      mean=0.523 LLR=+0.76 [CONTINUE]
 520 games  +156 =233 -131   +17 Elo +/- 22   3fold=175 (34%)   5628s      mean=0.524 LLR=+0.80 [CONTINUE]
 521 games  +156 =234 -131   +17 Elo +/- 22   3fold=176 (34%)   5650s      mean=0.524 LLR=+0.80 [CONTINUE]
 522 games  +156 =234 -132   +16 Elo +/- 22   3fold=176 (34%)   5656s      mean=0.523 LLR=+0.75 [CONTINUE]
 523 games  +157 =234 -132   +17 Elo +/- 22   3fold=176 (34%)   5661s      mean=0.524 LLR=+0.79 [CONTINUE]
 524 games  +157 =234 -133   +16 Elo +/- 22   3fold=176 (34%)   5683s      mean=0.523 LLR=+0.75 [CONTINUE]
 525 games  +157 =235 -133   +16 Elo +/- 22   3fold=177 (34%)   5685s      mean=0.523 LLR=+0.75 [CONTINUE]
 526 games  +157 =236 -133   +16 Elo +/- 22   3fold=178 (34%)   5687s      mean=0.523 LLR=+0.75 [CONTINUE]
 527 games  +157 =237 -133   +16 Elo +/- 22   3fold=178 (34%)   5713s      mean=0.523 LLR=+0.75 [CONTINUE]
 528 games  +157 =238 -133   +16 Elo +/- 22   3fold=179 (34%)   5719s      mean=0.523 LLR=+0.75 [CONTINUE]
 529 games  +158 =238 -133   +16 Elo +/- 22   3fold=179 (34%)   5721s      mean=0.524 LLR=+0.79 [CONTINUE]
 530 games  +158 =238 -134   +16 Elo +/- 22   3fold=179 (34%)   5746s      mean=0.523 LLR=+0.75 [CONTINUE]
 531 games  +158 =239 -134   +16 Elo +/- 22   3fold=180 (34%)   5749s      mean=0.523 LLR=+0.75 [CONTINUE]
 532 games  +158 =240 -134   +16 Elo +/- 22   3fold=180 (34%)   5758s      mean=0.523 LLR=+0.75 [CONTINUE]
 533 games  +158 =241 -134   +16 Elo +/- 22   3fold=180 (34%)   5782s      mean=0.523 LLR=+0.75 [CONTINUE]
 534 games  +158 =242 -134   +16 Elo +/- 22   3fold=181 (34%)   5785s      mean=0.522 LLR=+0.75 [CONTINUE]
 535 games  +158 =243 -134   +16 Elo +/- 22   3fold=182 (34%)   5787s      mean=0.522 LLR=+0.76 [CONTINUE]
 536 games  +158 =244 -134   +16 Elo +/- 22   3fold=183 (34%)   5812s      mean=0.522 LLR=+0.76 [CONTINUE]
 537 games  +158 =244 -135   +15 Elo +/- 22   3fold=183 (34%)   5818s      mean=0.521 LLR=+0.71 [CONTINUE]
 538 games  +159 =244 -135   +16 Elo +/- 22   3fold=183 (34%)   5818s      mean=0.522 LLR=+0.75 [CONTINUE]
 539 games  +159 =245 -135   +15 Elo +/- 22   3fold=183 (34%)   5841s      mean=0.522 LLR=+0.75 [CONTINUE]
 540 games  +159 =245 -136   +15 Elo +/- 22   3fold=183 (34%)   5846s      mean=0.521 LLR=+0.71 [CONTINUE]
 541 games  +159 =245 -137   +14 Elo +/- 22   3fold=183 (34%)   5856s      mean=0.520 LLR=+0.67 [CONTINUE]
 542 games  +159 =245 -138   +13 Elo +/- 22   3fold=183 (34%)   5872s      mean=0.519 LLR=+0.62 [CONTINUE]
 543 games  +160 =245 -138   +14 Elo +/- 22   3fold=183 (34%)   5878s      mean=0.520 LLR=+0.66 [CONTINUE]
 544 games  +160 =246 -138   +14 Elo +/- 22   3fold=184 (34%)   5879s      mean=0.520 LLR=+0.66 [CONTINUE]
 545 games  +161 =246 -138   +15 Elo +/- 22   3fold=184 (34%)   5902s      mean=0.521 LLR=+0.70 [CONTINUE]
 546 games  +161 =246 -139   +14 Elo +/- 22   3fold=184 (34%)   5912s      mean=0.520 LLR=+0.66 [CONTINUE]
 547 games  +161 =247 -139   +14 Elo +/- 22   3fold=185 (34%)   5913s      mean=0.520 LLR=+0.66 [CONTINUE]
 548 games  +162 =247 -139   +15 Elo +/- 22   3fold=185 (34%)   5930s      mean=0.521 LLR=+0.70 [CONTINUE]
 549 games  +163 =247 -139   +15 Elo +/- 22   3fold=185 (34%)   5942s      mean=0.522 LLR=+0.74 [CONTINUE]
 550 games  +164 =247 -139   +16 Elo +/- 22   3fold=185 (34%)   5942s      mean=0.523 LLR=+0.78 [CONTINUE]
 551 games  +164 =248 -139   +16 Elo +/- 22   3fold=186 (34%)   5960s      mean=0.523 LLR=+0.78 [CONTINUE]
 552 games  +165 =248 -139   +16 Elo +/- 22   3fold=186 (34%)   5968s      mean=0.524 LLR=+0.82 [CONTINUE]
 553 games  +165 =248 -140   +16 Elo +/- 22   3fold=186 (34%)   5978s      mean=0.523 LLR=+0.78 [CONTINUE]
 554 games  +166 =248 -140   +16 Elo +/- 22   3fold=186 (34%)   5994s      mean=0.523 LLR=+0.82 [CONTINUE]
 555 games  +167 =248 -140   +17 Elo +/- 22   3fold=186 (34%)   6000s      mean=0.524 LLR=+0.86 [CONTINUE]
 556 games  +167 =249 -140   +17 Elo +/- 21   3fold=187 (34%)   6008s      mean=0.524 LLR=+0.86 [CONTINUE]
 557 games  +168 =249 -140   +17 Elo +/- 21   3fold=187 (34%)   6024s      mean=0.525 LLR=+0.90 [CONTINUE]
 558 games  +168 =250 -140   +17 Elo +/- 21   3fold=188 (34%)   6035s      mean=0.525 LLR=+0.90 [CONTINUE]
 559 games  +168 =250 -141   +17 Elo +/- 21   3fold=188 (34%)   6037s      mean=0.524 LLR=+0.86 [CONTINUE]
 560 games  +169 =250 -141   +17 Elo +/- 21   3fold=188 (34%)   6061s      mean=0.525 LLR=+0.90 [CONTINUE]
 561 games  +169 =251 -141   +17 Elo +/- 21   3fold=189 (34%)   6063s      mean=0.525 LLR=+0.90 [CONTINUE]
 562 games  +170 =251 -141   +18 Elo +/- 21   3fold=189 (34%)   6069s      mean=0.526 LLR=+0.94 [CONTINUE]
 563 games  +170 =251 -142   +17 Elo +/- 21   3fold=189 (34%)   6095s      mean=0.525 LLR=+0.90 [CONTINUE]
 564 games  +170 =252 -142   +17 Elo +/- 21   3fold=190 (34%)   6097s      mean=0.525 LLR=+0.90 [CONTINUE]
 565 games  +171 =252 -142   +18 Elo +/- 21   3fold=190 (34%)   6097s      mean=0.526 LLR=+0.94 [CONTINUE]
 566 games  +171 =253 -142   +18 Elo +/- 21   3fold=191 (34%)   6124s      mean=0.526 LLR=+0.94 [CONTINUE]
 567 games  +172 =253 -142   +18 Elo +/- 21   3fold=191 (34%)   6129s      mean=0.526 LLR=+0.98 [CONTINUE]
 568 games  +172 =254 -142   +18 Elo +/- 21   3fold=191 (34%)   6133s      mean=0.526 LLR=+0.98 [CONTINUE]
 569 games  +172 =254 -143   +18 Elo +/- 21   3fold=191 (34%)   6161s      mean=0.525 LLR=+0.94 [CONTINUE]
 570 games  +172 =254 -144   +17 Elo +/- 21   3fold=191 (34%)   6164s      mean=0.525 LLR=+0.89 [CONTINUE]
 571 games  +172 =255 -144   +17 Elo +/- 21   3fold=192 (34%)   6168s      mean=0.525 LLR=+0.90 [CONTINUE]
 572 games  +173 =255 -144   +18 Elo +/- 21   3fold=192 (34%)   6186s      mean=0.525 LLR=+0.94 [CONTINUE]
 573 games  +173 =255 -145   +17 Elo +/- 21   3fold=192 (34%)   6197s      mean=0.524 LLR=+0.89 [CONTINUE]
 574 games  +173 =256 -145   +17 Elo +/- 21   3fold=193 (34%)   6197s      mean=0.524 LLR=+0.89 [CONTINUE]
 575 games  +173 =256 -146   +16 Elo +/- 21   3fold=193 (34%)   6223s      mean=0.523 LLR=+0.85 [CONTINUE]
 576 games  +173 =257 -146   +16 Elo +/- 21   3fold=194 (34%)   6224s      mean=0.523 LLR=+0.85 [CONTINUE]
 577 games  +173 =258 -146   +16 Elo +/- 21   3fold=195 (34%)   6235s      mean=0.523 LLR=+0.85 [CONTINUE]
 578 games  +173 =259 -146   +16 Elo +/- 21   3fold=196 (34%)   6253s      mean=0.523 LLR=+0.85 [CONTINUE]
 579 games  +173 =259 -147   +16 Elo +/- 21   3fold=196 (34%)   6255s      mean=0.522 LLR=+0.81 [CONTINUE]
 580 games  +173 =259 -148   +15 Elo +/- 21   3fold=196 (34%)   6267s      mean=0.522 LLR=+0.76 [CONTINUE]
 581 games  +173 =259 -149   +14 Elo +/- 21   3fold=196 (34%)   6282s      mean=0.521 LLR=+0.72 [CONTINUE]
 582 games  +173 =259 -150   +14 Elo +/- 21   3fold=196 (34%)   6287s      mean=0.520 LLR=+0.68 [CONTINUE]
 583 games  +173 =260 -150   +14 Elo +/- 21   3fold=197 (34%)   6309s      mean=0.520 LLR=+0.68 [CONTINUE]
 584 games  +174 =260 -150   +14 Elo +/- 21   3fold=197 (34%)   6315s      mean=0.521 LLR=+0.72 [CONTINUE]
 585 games  +175 =260 -150   +15 Elo +/- 21   3fold=197 (34%)   6319s      mean=0.521 LLR=+0.76 [CONTINUE]
 586 games  +176 =260 -150   +15 Elo +/- 21   3fold=197 (34%)   6339s      mean=0.522 LLR=+0.80 [CONTINUE]
 587 games  +177 =260 -150   +16 Elo +/- 21   3fold=197 (34%)   6346s      mean=0.523 LLR=+0.84 [CONTINUE]
 588 games  +177 =260 -151   +15 Elo +/- 21   3fold=197 (34%)   6354s      mean=0.522 LLR=+0.80 [CONTINUE]
 589 games  +178 =260 -151   +16 Elo +/- 21   3fold=197 (33%)   6371s      mean=0.523 LLR=+0.84 [CONTINUE]
 590 games  +178 =261 -151   +16 Elo +/- 21   3fold=198 (34%)   6374s      mean=0.523 LLR=+0.84 [CONTINUE]
 591 games  +178 =262 -151   +16 Elo +/- 21   3fold=198 (34%)   6386s      mean=0.523 LLR=+0.84 [CONTINUE]
 592 games  +178 =262 -152   +15 Elo +/- 21   3fold=198 (33%)   6398s      mean=0.522 LLR=+0.80 [CONTINUE]
 593 games  +179 =262 -152   +16 Elo +/- 21   3fold=198 (33%)   6414s      mean=0.523 LLR=+0.84 [CONTINUE]
 594 games  +179 =262 -153   +15 Elo +/- 21   3fold=198 (33%)   6414s      mean=0.522 LLR=+0.79 [CONTINUE]
 595 games  +179 =262 -154   +15 Elo +/- 21   3fold=198 (33%)   6430s      mean=0.521 LLR=+0.75 [CONTINUE]
 596 games  +179 =263 -154   +15 Elo +/- 21   3fold=199 (33%)   6439s      mean=0.521 LLR=+0.75 [CONTINUE]
 597 games  +180 =263 -154   +15 Elo +/- 21   3fold=199 (33%)   6448s      mean=0.522 LLR=+0.79 [CONTINUE]
 598 games  +181 =263 -154   +16 Elo +/- 21   3fold=199 (33%)   6461s      mean=0.523 LLR=+0.83 [CONTINUE]
 599 games  +182 =263 -154   +16 Elo +/- 21   3fold=199 (33%)   6468s      mean=0.523 LLR=+0.87 [CONTINUE]
 600 games  +182 =264 -154   +16 Elo +/- 21   3fold=200 (33%)   6471s      mean=0.523 LLR=+0.87 [CONTINUE]
 601 games  +182 =265 -154   +16 Elo +/- 21   3fold=201 (33%)   6503s      mean=0.523 LLR=+0.87 [CONTINUE]
 602 games  +183 =265 -154   +17 Elo +/- 21   3fold=201 (33%)   6505s      mean=0.524 LLR=+0.91 [CONTINUE]
 603 games  +183 =266 -154   +17 Elo +/- 21   3fold=202 (33%)   6506s      mean=0.524 LLR=+0.91 [CONTINUE]
 604 games  +183 =266 -155   +16 Elo +/- 21   3fold=202 (33%)   6533s      mean=0.523 LLR=+0.87 [CONTINUE]
 605 games  +184 =266 -155   +17 Elo +/- 21   3fold=202 (33%)   6536s      mean=0.524 LLR=+0.91 [CONTINUE]
 606 games  +184 =266 -156   +16 Elo +/- 21   3fold=202 (33%)   6544s      mean=0.523 LLR=+0.87 [CONTINUE]
 607 games  +184 =267 -156   +16 Elo +/- 21   3fold=203 (33%)   6559s      mean=0.523 LLR=+0.87 [CONTINUE]
 608 games  +184 =268 -156   +16 Elo +/- 21   3fold=204 (34%)   6570s      mean=0.523 LLR=+0.87 [CONTINUE]
 609 games  +185 =268 -156   +17 Elo +/- 21   3fold=204 (33%)   6574s      mean=0.524 LLR=+0.91 [CONTINUE]
 610 games  +185 =268 -157   +16 Elo +/- 21   3fold=204 (33%)   6588s      mean=0.523 LLR=+0.86 [CONTINUE]
 611 games  +185 =268 -158   +15 Elo +/- 21   3fold=204 (33%)   6598s      mean=0.522 LLR=+0.82 [CONTINUE]
 612 games  +185 =268 -159   +15 Elo +/- 21   3fold=204 (33%)   6604s      mean=0.521 LLR=+0.78 [CONTINUE]
 613 games  +186 =268 -159   +15 Elo +/- 21   3fold=204 (33%)   6619s      mean=0.522 LLR=+0.82 [CONTINUE]
 614 games  +186 =268 -160   +15 Elo +/- 21   3fold=204 (33%)   6632s      mean=0.521 LLR=+0.78 [CONTINUE]
 615 games  +187 =268 -160   +15 Elo +/- 21   3fold=204 (33%)   6653s      mean=0.522 LLR=+0.82 [CONTINUE]
 616 games  +187 =268 -161   +15 Elo +/- 21   3fold=204 (33%)   6654s      mean=0.521 LLR=+0.77 [CONTINUE]
 617 games  +188 =268 -161   +15 Elo +/- 21   3fold=204 (33%)   6664s      mean=0.522 LLR=+0.81 [CONTINUE]
 618 games  +189 =268 -161   +16 Elo +/- 21   3fold=204 (33%)   6685s      mean=0.523 LLR=+0.85 [CONTINUE]
 619 games  +189 =269 -161   +16 Elo +/- 21   3fold=205 (33%)   6687s      mean=0.523 LLR=+0.85 [CONTINUE]
 620 games  +190 =269 -161   +16 Elo +/- 21   3fold=205 (33%)   6697s      mean=0.523 LLR=+0.89 [CONTINUE]
 621 games  +190 =270 -161   +16 Elo +/- 21   3fold=206 (33%)   6709s      mean=0.523 LLR=+0.89 [CONTINUE]
 622 games  +190 =271 -161   +16 Elo +/- 21   3fold=207 (33%)   6716s      mean=0.523 LLR=+0.89 [CONTINUE]
 623 games  +190 =271 -162   +16 Elo +/- 21   3fold=207 (33%)   6727s      mean=0.522 LLR=+0.85 [CONTINUE]
 624 games  +190 =272 -162   +16 Elo +/- 21   3fold=208 (33%)   6743s      mean=0.522 LLR=+0.85 [CONTINUE]
 625 games  +190 =273 -162   +16 Elo +/- 20   3fold=209 (33%)   6750s      mean=0.522 LLR=+0.85 [CONTINUE]
 626 games  +190 =274 -162   +16 Elo +/- 20   3fold=209 (33%)   6771s      mean=0.522 LLR=+0.85 [CONTINUE]
 627 games  +190 =274 -163   +15 Elo +/- 20   3fold=209 (33%)   6779s      mean=0.522 LLR=+0.81 [CONTINUE]
 628 games  +190 =275 -163   +15 Elo +/- 20   3fold=210 (33%)   6786s      mean=0.521 LLR=+0.81 [CONTINUE]
 629 games  +190 =276 -163   +15 Elo +/- 20   3fold=211 (34%)   6795s      mean=0.521 LLR=+0.81 [CONTINUE]
 630 games  +191 =276 -163   +15 Elo +/- 20   3fold=211 (33%)   6811s      mean=0.522 LLR=+0.85 [CONTINUE]
 631 games  +191 =276 -164   +15 Elo +/- 20   3fold=211 (33%)   6819s      mean=0.521 LLR=+0.81 [CONTINUE]
 632 games  +192 =276 -164   +15 Elo +/- 20   3fold=211 (33%)   6826s      mean=0.522 LLR=+0.85 [CONTINUE]
 633 games  +192 =277 -164   +15 Elo +/- 20   3fold=212 (33%)   6840s      mean=0.522 LLR=+0.85 [CONTINUE]
 634 games  +192 =278 -164   +15 Elo +/- 20   3fold=213 (34%)   6850s      mean=0.522 LLR=+0.85 [CONTINUE]
 635 games  +192 =279 -164   +15 Elo +/- 20   3fold=214 (34%)   6853s      mean=0.522 LLR=+0.85 [CONTINUE]
 636 games  +192 =280 -164   +15 Elo +/- 20   3fold=215 (34%)   6874s      mean=0.522 LLR=+0.85 [CONTINUE]
 637 games  +193 =280 -164   +16 Elo +/- 20   3fold=215 (34%)   6881s      mean=0.523 LLR=+0.89 [CONTINUE]
 638 games  +194 =280 -164   +16 Elo +/- 20   3fold=215 (34%)   6885s      mean=0.524 LLR=+0.93 [CONTINUE]
 639 games  +194 =281 -164   +16 Elo +/- 20   3fold=215 (34%)   6908s      mean=0.523 LLR=+0.93 [CONTINUE]
 640 games  +195 =281 -164   +17 Elo +/- 20   3fold=215 (34%)   6911s      mean=0.524 LLR=+0.97 [CONTINUE]
 641 games  +195 =281 -165   +16 Elo +/- 20   3fold=215 (34%)   6916s      mean=0.523 LLR=+0.93 [CONTINUE]
 642 games  +196 =281 -165   +17 Elo +/- 20   3fold=215 (33%)   6938s      mean=0.524 LLR=+0.97 [CONTINUE]
 643 games  +196 =282 -165   +17 Elo +/- 20   3fold=216 (34%)   6944s      mean=0.524 LLR=+0.97 [CONTINUE]
 644 games  +197 =282 -165   +17 Elo +/- 20   3fold=216 (34%)   6948s      mean=0.525 LLR=+1.01 [CONTINUE]
 645 games  +198 =282 -165   +18 Elo +/- 20   3fold=216 (33%)   6972s      mean=0.526 LLR=+1.05 [CONTINUE]
 646 games  +198 =282 -166   +17 Elo +/- 20   3fold=216 (33%)   6979s      mean=0.525 LLR=+1.01 [CONTINUE]
 647 games  +198 =283 -166   +17 Elo +/- 20   3fold=217 (34%)   6983s      mean=0.525 LLR=+1.01 [CONTINUE]
 648 games  +198 =284 -166   +17 Elo +/- 20   3fold=218 (34%)   6998s      mean=0.525 LLR=+1.01 [CONTINUE]
 649 games  +198 =284 -167   +17 Elo +/- 20   3fold=218 (34%)   7012s      mean=0.524 LLR=+0.97 [CONTINUE]
 650 games  +198 =284 -168   +16 Elo +/- 20   3fold=218 (34%)   7014s      mean=0.523 LLR=+0.92 [CONTINUE]
 651 games  +198 =284 -169   +15 Elo +/- 20   3fold=218 (33%)   7030s      mean=0.522 LLR=+0.88 [CONTINUE]
 652 games  +198 =285 -169   +15 Elo +/- 20   3fold=219 (34%)   7043s      mean=0.522 LLR=+0.88 [CONTINUE]
 653 games  +198 =286 -169   +15 Elo +/- 20   3fold=219 (34%)   7053s      mean=0.522 LLR=+0.88 [CONTINUE]
 654 games  +198 =286 -170   +15 Elo +/- 20   3fold=219 (33%)   7057s      mean=0.521 LLR=+0.84 [CONTINUE]
 655 games  +198 =287 -170   +15 Elo +/- 20   3fold=220 (34%)   7084s      mean=0.521 LLR=+0.84 [CONTINUE]
 656 games  +198 =288 -170   +15 Elo +/- 20   3fold=220 (34%)   7084s      mean=0.521 LLR=+0.84 [CONTINUE]
 657 games  +198 =288 -171   +14 Elo +/- 20   3fold=220 (33%)   7086s      mean=0.521 LLR=+0.80 [CONTINUE]
 658 games  +198 =288 -172   +14 Elo +/- 20   3fold=220 (33%)   7113s      mean=0.520 LLR=+0.76 [CONTINUE]
 659 games  +199 =288 -172   +14 Elo +/- 20   3fold=220 (33%)   7114s      mean=0.520 LLR=+0.80 [CONTINUE]
 660 games  +199 =289 -172   +14 Elo +/- 20   3fold=221 (33%)   7126s      mean=0.520 LLR=+0.80 [CONTINUE]
 661 games  +199 =290 -172   +14 Elo +/- 20   3fold=222 (34%)   7142s      mean=0.520 LLR=+0.80 [CONTINUE]
 662 games  +199 =290 -173   +14 Elo +/- 20   3fold=222 (34%)   7143s      mean=0.520 LLR=+0.76 [CONTINUE]
 663 games  +199 =291 -173   +14 Elo +/- 20   3fold=222 (33%)   7158s      mean=0.520 LLR=+0.76 [CONTINUE]
 664 games  +200 =291 -173   +14 Elo +/- 20   3fold=222 (33%)   7173s      mean=0.520 LLR=+0.80 [CONTINUE]
 665 games  +200 =292 -173   +14 Elo +/- 20   3fold=222 (33%)   7176s      mean=0.520 LLR=+0.80 [CONTINUE]
 666 games  +201 =292 -173   +15 Elo +/- 20   3fold=222 (33%)   7187s      mean=0.521 LLR=+0.84 [CONTINUE]
 667 games  +202 =292 -173   +15 Elo +/- 20   3fold=222 (33%)   7203s      mean=0.522 LLR=+0.88 [CONTINUE]
 668 games  +203 =292 -173   +16 Elo +/- 20   3fold=222 (33%)   7208s      mean=0.522 LLR=+0.92 [CONTINUE]
 669 games  +203 =293 -173   +16 Elo +/- 20   3fold=223 (33%)   7216s      mean=0.522 LLR=+0.92 [CONTINUE]
 670 games  +203 =293 -174   +15 Elo +/- 20   3fold=223 (33%)   7234s      mean=0.522 LLR=+0.87 [CONTINUE]
 671 games  +204 =293 -174   +16 Elo +/- 20   3fold=223 (33%)   7241s      mean=0.522 LLR=+0.91 [CONTINUE]
 672 games  +205 =293 -174   +16 Elo +/- 20   3fold=223 (33%)   7243s      mean=0.523 LLR=+0.95 [CONTINUE]
 673 games  +205 =294 -174   +16 Elo +/- 20   3fold=224 (33%)   7265s      mean=0.523 LLR=+0.95 [CONTINUE]
 674 games  +205 =295 -174   +16 Elo +/- 20   3fold=225 (33%)   7269s      mean=0.523 LLR=+0.96 [CONTINUE]
 675 games  +205 =295 -175   +15 Elo +/- 20   3fold=225 (33%)   7275s      mean=0.522 LLR=+0.91 [CONTINUE]
 676 games  +205 =296 -175   +15 Elo +/- 20   3fold=226 (33%)   7290s      mean=0.522 LLR=+0.91 [CONTINUE]
 677 games  +205 =297 -175   +15 Elo +/- 20   3fold=227 (34%)   7297s      mean=0.522 LLR=+0.91 [CONTINUE]
 678 games  +205 =297 -176   +15 Elo +/- 20   3fold=227 (33%)   7305s      mean=0.521 LLR=+0.87 [CONTINUE]
 679 games  +205 =297 -177   +14 Elo +/- 20   3fold=227 (33%)   7322s      mean=0.521 LLR=+0.83 [CONTINUE]
 680 games  +206 =297 -177   +15 Elo +/- 20   3fold=227 (33%)   7333s      mean=0.521 LLR=+0.87 [CONTINUE]
 681 games  +206 =298 -177   +15 Elo +/- 20   3fold=228 (33%)   7343s      mean=0.521 LLR=+0.87 [CONTINUE]
 682 games  +206 =298 -178   +14 Elo +/- 20   3fold=228 (33%)   7363s      mean=0.521 LLR=+0.83 [CONTINUE]
 683 games  +206 =298 -179   +14 Elo +/- 20   3fold=228 (33%)   7364s      mean=0.520 LLR=+0.78 [CONTINUE]
 684 games  +206 =299 -179   +14 Elo +/- 20   3fold=229 (33%)   7373s      mean=0.520 LLR=+0.78 [CONTINUE]
 685 games  +207 =299 -179   +14 Elo +/- 20   3fold=229 (33%)   7395s      mean=0.520 LLR=+0.82 [CONTINUE]
 686 games  +207 =299 -180   +14 Elo +/- 20   3fold=229 (33%)   7401s      mean=0.520 LLR=+0.78 [CONTINUE]
 687 games  +208 =299 -180   +14 Elo +/- 20   3fold=229 (33%)   7403s      mean=0.520 LLR=+0.82 [CONTINUE]
 688 games  +209 =299 -180   +15 Elo +/- 20   3fold=229 (33%)   7427s      mean=0.521 LLR=+0.86 [CONTINUE]
 689 games  +209 =300 -180   +15 Elo +/- 20   3fold=230 (33%)   7427s      mean=0.521 LLR=+0.86 [CONTINUE]
 690 games  +209 =300 -181   +14 Elo +/- 20   3fold=230 (33%)   7435s      mean=0.520 LLR=+0.82 [CONTINUE]
 691 games  +209 =301 -181   +14 Elo +/- 19   3fold=231 (33%)   7448s      mean=0.520 LLR=+0.82 [CONTINUE]
 692 games  +209 =302 -181   +14 Elo +/- 19   3fold=232 (34%)   7455s      mean=0.520 LLR=+0.82 [CONTINUE]
 693 games  +209 =303 -181   +14 Elo +/- 19   3fold=233 (34%)   7471s      mean=0.520 LLR=+0.82 [CONTINUE]
 694 games  +210 =303 -181   +15 Elo +/- 19   3fold=233 (34%)   7482s      mean=0.521 LLR=+0.86 [CONTINUE]
 695 games  +210 =303 -182   +14 Elo +/- 19   3fold=233 (34%)   7485s      mean=0.520 LLR=+0.82 [CONTINUE]
 696 games  +210 =304 -182   +14 Elo +/- 19   3fold=234 (34%)   7510s      mean=0.520 LLR=+0.82 [CONTINUE]
 697 games  +210 =305 -182   +14 Elo +/- 19   3fold=235 (34%)   7516s      mean=0.520 LLR=+0.82 [CONTINUE]
 698 games  +210 =306 -182   +14 Elo +/- 19   3fold=236 (34%)   7527s      mean=0.520 LLR=+0.82 [CONTINUE]
 699 games  +210 =307 -182   +14 Elo +/- 19   3fold=237 (34%)   7535s      mean=0.520 LLR=+0.82 [CONTINUE]
 700 games  +211 =307 -182   +14 Elo +/- 19   3fold=237 (34%)   7549s      mean=0.521 LLR=+0.86 [CONTINUE]
 701 games  +211 =307 -183   +14 Elo +/- 19   3fold=237 (34%)   7560s      mean=0.520 LLR=+0.82 [CONTINUE]
 702 games  +212 =307 -183   +14 Elo +/- 19   3fold=237 (34%)   7566s      mean=0.521 LLR=+0.86 [CONTINUE]
 703 games  +213 =307 -183   +15 Elo +/- 19   3fold=237 (34%)   7586s      mean=0.521 LLR=+0.90 [CONTINUE]
 704 games  +213 =307 -184   +14 Elo +/- 19   3fold=237 (34%)   7590s      mean=0.521 LLR=+0.86 [CONTINUE]
 705 games  +214 =307 -184   +15 Elo +/- 19   3fold=237 (34%)   7596s      mean=0.521 LLR=+0.90 [CONTINUE]
 706 games  +214 =307 -185   +14 Elo +/- 19   3fold=237 (34%)   7616s      mean=0.521 LLR=+0.85 [CONTINUE]
 707 games  +214 =308 -185   +14 Elo +/- 19   3fold=238 (34%)   7620s      mean=0.521 LLR=+0.85 [CONTINUE]
 708 games  +214 =308 -186   +14 Elo +/- 19   3fold=238 (34%)   7624s      mean=0.520 LLR=+0.81 [CONTINUE]
 709 games  +215 =308 -186   +14 Elo +/- 19   3fold=238 (34%)   7648s      mean=0.520 LLR=+0.85 [CONTINUE]
 710 games  +215 =308 -187   +14 Elo +/- 19   3fold=238 (34%)   7650s      mean=0.520 LLR=+0.81 [CONTINUE]
 711 games  +215 =309 -187   +14 Elo +/- 19   3fold=238 (33%)   7658s      mean=0.520 LLR=+0.81 [CONTINUE]
 712 games  +215 =309 -188   +13 Elo +/- 19   3fold=238 (33%)   7679s      mean=0.519 LLR=+0.77 [CONTINUE]
 713 games  +215 =309 -189   +13 Elo +/- 19   3fold=238 (33%)   7684s      mean=0.518 LLR=+0.72 [CONTINUE]
 714 games  +215 =309 -190   +12 Elo +/- 19   3fold=238 (33%)   7689s      mean=0.518 LLR=+0.68 [CONTINUE]
 715 games  +215 =310 -190   +12 Elo +/- 19   3fold=239 (33%)   7703s      mean=0.517 LLR=+0.68 [CONTINUE]
 716 games  +215 =310 -191   +12 Elo +/- 19   3fold=239 (33%)   7713s      mean=0.517 LLR=+0.64 [CONTINUE]
 717 games  +215 =311 -191   +12 Elo +/- 19   3fold=240 (33%)   7722s      mean=0.517 LLR=+0.64 [CONTINUE]
 718 games  +215 =312 -191   +12 Elo +/- 19   3fold=241 (34%)   7728s      mean=0.517 LLR=+0.64 [CONTINUE]
 719 games  +216 =312 -191   +12 Elo +/- 19   3fold=241 (34%)   7745s      mean=0.517 LLR=+0.68 [CONTINUE]
 720 games  +216 =313 -191   +12 Elo +/- 19   3fold=241 (33%)   7760s      mean=0.517 LLR=+0.68 [CONTINUE]
 721 games  +216 =314 -191   +12 Elo +/- 19   3fold=242 (34%)   7768s      mean=0.517 LLR=+0.68 [CONTINUE]
 722 games  +217 =314 -191   +13 Elo +/- 19   3fold=242 (34%)   7776s      mean=0.518 LLR=+0.72 [CONTINUE]
 723 games  +217 =314 -192   +12 Elo +/- 19   3fold=242 (33%)   7793s      mean=0.517 LLR=+0.68 [CONTINUE]
 724 games  +218 =314 -192   +12 Elo +/- 19   3fold=242 (33%)   7800s      mean=0.518 LLR=+0.72 [CONTINUE]
 725 games  +219 =314 -192   +13 Elo +/- 19   3fold=242 (33%)   7807s      mean=0.519 LLR=+0.76 [CONTINUE]
 726 games  +220 =314 -192   +13 Elo +/- 19   3fold=242 (33%)   7818s      mean=0.519 LLR=+0.80 [CONTINUE]
 727 games  +221 =314 -192   +14 Elo +/- 19   3fold=242 (33%)   7836s      mean=0.520 LLR=+0.84 [CONTINUE]
 728 games  +221 =315 -192   +14 Elo +/- 19   3fold=242 (33%)   7839s      mean=0.520 LLR=+0.84 [CONTINUE]
 729 games  +221 =316 -192   +14 Elo +/- 19   3fold=243 (33%)   7846s      mean=0.520 LLR=+0.84 [CONTINUE]
 730 games  +221 =316 -193   +13 Elo +/- 19   3fold=243 (33%)   7869s      mean=0.519 LLR=+0.80 [CONTINUE]
 731 games  +222 =316 -193   +14 Elo +/- 19   3fold=243 (33%)   7872s      mean=0.520 LLR=+0.84 [CONTINUE]
 732 games  +222 =316 -194   +13 Elo +/- 19   3fold=243 (33%)   7876s      mean=0.519 LLR=+0.79 [CONTINUE]
 733 games  +222 =317 -194   +13 Elo +/- 19   3fold=243 (33%)   7904s      mean=0.519 LLR=+0.80 [CONTINUE]
 734 games  +222 =317 -195   +13 Elo +/- 19   3fold=243 (33%)   7905s      mean=0.518 LLR=+0.75 [CONTINUE]
 735 games  +222 =318 -195   +13 Elo +/- 19   3fold=244 (33%)   7906s      mean=0.518 LLR=+0.75 [CONTINUE]
 736 games  +222 =318 -196   +12 Elo +/- 19   3fold=244 (33%)   7935s      mean=0.518 LLR=+0.71 [CONTINUE]
 737 games  +222 =319 -196   +12 Elo +/- 19   3fold=245 (33%)   7935s      mean=0.518 LLR=+0.71 [CONTINUE]
 738 games  +223 =319 -196   +13 Elo +/- 19   3fold=245 (33%)   7936s      mean=0.518 LLR=+0.75 [CONTINUE]
 739 games  +223 =319 -197   +12 Elo +/- 19   3fold=245 (33%)   7964s      mean=0.518 LLR=+0.71 [CONTINUE]
 740 games  +223 =320 -197   +12 Elo +/- 19   3fold=246 (33%)   7968s      mean=0.518 LLR=+0.71 [CONTINUE]
 741 games  +224 =320 -197   +13 Elo +/- 19   3fold=246 (33%)   7969s      mean=0.518 LLR=+0.75 [CONTINUE]
 742 games  +224 =321 -197   +13 Elo +/- 19   3fold=247 (33%)   7990s      mean=0.518 LLR=+0.75 [CONTINUE]
 743 games  +225 =321 -197   +13 Elo +/- 19   3fold=247 (33%)   8001s      mean=0.519 LLR=+0.79 [CONTINUE]
 744 games  +225 =322 -197   +13 Elo +/- 19   3fold=248 (33%)   8003s      mean=0.519 LLR=+0.79 [CONTINUE]
 745 games  +225 =323 -197   +13 Elo +/- 19   3fold=249 (33%)   8017s      mean=0.519 LLR=+0.79 [CONTINUE]
 746 games  +225 =324 -197   +13 Elo +/- 19   3fold=250 (34%)   8033s      mean=0.519 LLR=+0.79 [CONTINUE]
 747 games  +225 =325 -197   +13 Elo +/- 19   3fold=251 (34%)   8034s      mean=0.519 LLR=+0.79 [CONTINUE]
 748 games  +226 =325 -197   +13 Elo +/- 19   3fold=251 (34%)   8053s      mean=0.519 LLR=+0.83 [CONTINUE]
 749 games  +227 =325 -197   +14 Elo +/- 19   3fold=251 (34%)   8067s      mean=0.520 LLR=+0.87 [CONTINUE]
 750 games  +227 =326 -197   +14 Elo +/- 19   3fold=252 (34%)   8068s      mean=0.520 LLR=+0.87 [CONTINUE]
 751 games  +227 =326 -198   +13 Elo +/- 19   3fold=252 (34%)   8083s      mean=0.519 LLR=+0.83 [CONTINUE]
 752 games  +227 =326 -199   +13 Elo +/- 19   3fold=252 (34%)   8097s      mean=0.519 LLR=+0.79 [CONTINUE]
 753 games  +227 =327 -199   +13 Elo +/- 19   3fold=252 (33%)   8100s      mean=0.519 LLR=+0.79 [CONTINUE]
 754 games  +227 =328 -199   +13 Elo +/- 19   3fold=253 (34%)   8110s      mean=0.519 LLR=+0.79 [CONTINUE]
 755 games  +227 =329 -199   +13 Elo +/- 19   3fold=254 (34%)   8126s      mean=0.519 LLR=+0.79 [CONTINUE]
 756 games  +227 =330 -199   +13 Elo +/- 19   3fold=255 (34%)   8130s      mean=0.519 LLR=+0.79 [CONTINUE]
 757 games  +227 =330 -200   +12 Elo +/- 19   3fold=255 (34%)   8137s      mean=0.518 LLR=+0.75 [CONTINUE]
 758 games  +227 =330 -201   +12 Elo +/- 19   3fold=255 (34%)   8161s      mean=0.517 LLR=+0.71 [CONTINUE]
 759 games  +227 =331 -201   +12 Elo +/- 19   3fold=255 (34%)   8162s      mean=0.517 LLR=+0.71 [CONTINUE]
 760 games  +227 =332 -201   +12 Elo +/- 19   3fold=255 (34%)   8176s      mean=0.517 LLR=+0.71 [CONTINUE]
 761 games  +228 =332 -201   +12 Elo +/- 19   3fold=255 (34%)   8191s      mean=0.518 LLR=+0.75 [CONTINUE]
 762 games  +228 =333 -201   +12 Elo +/- 19   3fold=256 (34%)   8192s      mean=0.518 LLR=+0.75 [CONTINUE]
 763 games  +228 =333 -202   +12 Elo +/- 19   3fold=256 (34%)   8213s      mean=0.517 LLR=+0.70 [CONTINUE]
 764 games  +228 =334 -202   +12 Elo +/- 19   3fold=257 (34%)   8222s      mean=0.517 LLR=+0.71 [CONTINUE]
 765 games  +228 =335 -202   +12 Elo +/- 18   3fold=258 (34%)   8224s      mean=0.517 LLR=+0.71 [CONTINUE]
 766 games  +228 =336 -202   +12 Elo +/- 18   3fold=259 (34%)   8245s      mean=0.517 LLR=+0.71 [CONTINUE]
 767 games  +229 =336 -202   +12 Elo +/- 18   3fold=259 (34%)   8253s      mean=0.518 LLR=+0.75 [CONTINUE]
 768 games  +229 =337 -202   +12 Elo +/- 18   3fold=259 (34%)   8260s      mean=0.518 LLR=+0.75 [CONTINUE]
 769 games  +229 =338 -202   +12 Elo +/- 18   3fold=260 (34%)   8275s      mean=0.518 LLR=+0.75 [CONTINUE]
 770 games  +230 =338 -202   +13 Elo +/- 18   3fold=260 (34%)   8288s      mean=0.518 LLR=+0.79 [CONTINUE]
 771 games  +230 =339 -202   +13 Elo +/- 18   3fold=261 (34%)   8296s      mean=0.518 LLR=+0.79 [CONTINUE]
 772 games  +231 =339 -202   +13 Elo +/- 18   3fold=261 (34%)   8307s      mean=0.519 LLR=+0.83 [CONTINUE]
 773 games  +231 =339 -203   +13 Elo +/- 18   3fold=261 (34%)   8320s      mean=0.518 LLR=+0.79 [CONTINUE]
 774 games  +232 =339 -203   +13 Elo +/- 18   3fold=261 (34%)   8329s      mean=0.519 LLR=+0.83 [CONTINUE]
 775 games  +232 =340 -203   +13 Elo +/- 18   3fold=262 (34%)   8333s      mean=0.519 LLR=+0.83 [CONTINUE]
 776 games  +232 =341 -203   +13 Elo +/- 18   3fold=263 (34%)   8344s      mean=0.519 LLR=+0.83 [CONTINUE]
 777 games  +233 =341 -203   +13 Elo +/- 18   3fold=263 (34%)   8359s      mean=0.519 LLR=+0.87 [CONTINUE]
 778 games  +234 =341 -203   +14 Elo +/- 18   3fold=263 (34%)   8365s      mean=0.520 LLR=+0.91 [CONTINUE]
 779 games  +234 =342 -203   +14 Elo +/- 18   3fold=264 (34%)   8371s      mean=0.520 LLR=+0.91 [CONTINUE]
 780 games  +234 =342 -204   +13 Elo +/- 18   3fold=264 (34%)   8391s      mean=0.519 LLR=+0.86 [CONTINUE]
 781 games  +234 =342 -205   +13 Elo +/- 18   3fold=264 (34%)   8396s      mean=0.519 LLR=+0.82 [CONTINUE]
 782 games  +235 =342 -205   +13 Elo +/- 18   3fold=264 (34%)   8405s      mean=0.519 LLR=+0.86 [CONTINUE]
 783 games  +236 =342 -205   +14 Elo +/- 18   3fold=264 (34%)   8422s      mean=0.520 LLR=+0.90 [CONTINUE]
 784 games  +237 =342 -205   +14 Elo +/- 18   3fold=264 (34%)   8426s      mean=0.520 LLR=+0.94 [CONTINUE]
 785 games  +237 =342 -206   +14 Elo +/- 18   3fold=264 (34%)   8437s      mean=0.520 LLR=+0.90 [CONTINUE]
 786 games  +237 =343 -206   +14 Elo +/- 18   3fold=265 (34%)   8455s      mean=0.520 LLR=+0.90 [CONTINUE]
 787 games  +237 =344 -206   +14 Elo +/- 18   3fold=266 (34%)   8457s      mean=0.520 LLR=+0.90 [CONTINUE]
 788 games  +237 =345 -206   +14 Elo +/- 18   3fold=266 (34%)   8485s      mean=0.520 LLR=+0.90 [CONTINUE]
 789 games  +237 =346 -206   +14 Elo +/- 18   3fold=266 (34%)   8490s      mean=0.520 LLR=+0.90 [CONTINUE]
 790 games  +237 =346 -207   +13 Elo +/- 18   3fold=266 (34%)   8492s      mean=0.519 LLR=+0.86 [CONTINUE]
 791 games  +238 =346 -207   +14 Elo +/- 18   3fold=266 (34%)   8517s      mean=0.520 LLR=+0.90 [CONTINUE]
 792 games  +238 =347 -207   +14 Elo +/- 18   3fold=267 (34%)   8518s      mean=0.520 LLR=+0.90 [CONTINUE]
 793 games  +238 =348 -207   +14 Elo +/- 18   3fold=268 (34%)   8524s      mean=0.520 LLR=+0.90 [CONTINUE]
 794 games  +238 =349 -207   +14 Elo +/- 18   3fold=269 (34%)   8552s      mean=0.520 LLR=+0.90 [CONTINUE]
 795 games  +238 =349 -208   +13 Elo +/- 18   3fold=269 (34%)   8553s      mean=0.519 LLR=+0.86 [CONTINUE]
 796 games  +239 =349 -208   +14 Elo +/- 18   3fold=269 (34%)   8563s      mean=0.519 LLR=+0.90 [CONTINUE]
 797 games  +239 =350 -208   +14 Elo +/- 18   3fold=270 (34%)   8585s      mean=0.519 LLR=+0.90 [CONTINUE]
 798 games  +240 =350 -208   +14 Elo +/- 18   3fold=270 (34%)   8592s      mean=0.520 LLR=+0.94 [CONTINUE]
 799 games  +241 =350 -208   +14 Elo +/- 18   3fold=270 (34%)   8593s      mean=0.521 LLR=+0.98 [CONTINUE]
 800 games  +242 =350 -208   +15 Elo +/- 18   3fold=270 (34%)   8614s      mean=0.521 LLR=+1.02 [CONTINUE]
 801 games  +242 =351 -208   +15 Elo +/- 18   3fold=271 (34%)   8617s      mean=0.521 LLR=+1.02 [CONTINUE]
 802 games  +242 =352 -208   +15 Elo +/- 18   3fold=271 (34%)   8625s      mean=0.521 LLR=+1.02 [CONTINUE]
 803 games  +243 =352 -208   +15 Elo +/- 18   3fold=271 (34%)   8646s      mean=0.522 LLR=+1.06 [CONTINUE]
 804 games  +244 =352 -208   +16 Elo +/- 18   3fold=271 (34%)   8647s      mean=0.522 LLR=+1.10 [CONTINUE]
 805 games  +245 =352 -208   +16 Elo +/- 18   3fold=271 (34%)   8655s      mean=0.523 LLR=+1.14 [CONTINUE]
 806 games  +245 =353 -208   +16 Elo +/- 18   3fold=272 (34%)   8680s      mean=0.523 LLR=+1.14 [CONTINUE]
 807 games  +245 =354 -208   +16 Elo +/- 18   3fold=272 (34%)   8683s      mean=0.523 LLR=+1.14 [CONTINUE]
 808 games  +245 =355 -208   +16 Elo +/- 18   3fold=272 (34%)   8687s      mean=0.523 LLR=+1.14 [CONTINUE]
 809 games  +245 =355 -209   +15 Elo +/- 18   3fold=272 (34%)   8711s      mean=0.522 LLR=+1.10 [CONTINUE]
 810 games  +245 =355 -210   +15 Elo +/- 18   3fold=272 (34%)   8711s      mean=0.522 LLR=+1.06 [CONTINUE]
 811 games  +245 =355 -211   +15 Elo +/- 18   3fold=272 (34%)   8718s      mean=0.521 LLR=+1.01 [CONTINUE]
 812 games  +245 =355 -212   +14 Elo +/- 18   3fold=272 (33%)   8746s      mean=0.520 LLR=+0.97 [CONTINUE]
 813 games  +245 =356 -212   +14 Elo +/- 18   3fold=272 (33%)   8747s      mean=0.520 LLR=+0.97 [CONTINUE]
 814 games  +245 =357 -212   +14 Elo +/- 18   3fold=273 (34%)   8754s      mean=0.520 LLR=+0.97 [CONTINUE]
 815 games  +245 =358 -212   +14 Elo +/- 18   3fold=274 (34%)   8773s      mean=0.520 LLR=+0.97 [CONTINUE]
 816 games  +245 =359 -212   +14 Elo +/- 18   3fold=275 (34%)   8779s      mean=0.520 LLR=+0.97 [CONTINUE]
 817 games  +245 =359 -213   +14 Elo +/- 18   3fold=275 (34%)   8782s      mean=0.520 LLR=+0.93 [CONTINUE]
 818 games  +245 =359 -214   +13 Elo +/- 18   3fold=275 (34%)   8803s      mean=0.519 LLR=+0.89 [CONTINUE]
 819 games  +246 =359 -214   +14 Elo +/- 18   3fold=275 (34%)   8810s      mean=0.520 LLR=+0.93 [CONTINUE]
 820 games  +246 =359 -215   +13 Elo +/- 18   3fold=275 (34%)   8811s      mean=0.519 LLR=+0.89 [CONTINUE]
 821 games  +246 =360 -215   +13 Elo +/- 18   3fold=275 (33%)   8838s      mean=0.519 LLR=+0.89 [CONTINUE]
 822 games  +247 =360 -215   +14 Elo +/- 18   3fold=275 (33%)   8839s      mean=0.519 LLR=+0.93 [CONTINUE]
 823 games  +247 =360 -216   +13 Elo +/- 18   3fold=275 (33%)   8846s      mean=0.519 LLR=+0.88 [CONTINUE]
 824 games  +247 =361 -216   +13 Elo +/- 18   3fold=276 (33%)   8874s      mean=0.519 LLR=+0.88 [CONTINUE]
 825 games  +247 =362 -216   +13 Elo +/- 18   3fold=276 (33%)   8880s      mean=0.519 LLR=+0.88 [CONTINUE]
 826 games  +248 =362 -216   +13 Elo +/- 18   3fold=276 (33%)   8884s      mean=0.519 LLR=+0.92 [CONTINUE]
 827 games  +248 =363 -216   +13 Elo +/- 18   3fold=277 (33%)   8896s      mean=0.519 LLR=+0.92 [CONTINUE]
 828 games  +248 =363 -217   +13 Elo +/- 18   3fold=277 (33%)   8907s      mean=0.519 LLR=+0.88 [CONTINUE]
 829 games  +249 =363 -217   +13 Elo +/- 18   3fold=277 (33%)   8920s      mean=0.519 LLR=+0.92 [CONTINUE]
 830 games  +249 =364 -217   +13 Elo +/- 18   3fold=277 (33%)   8935s      mean=0.519 LLR=+0.92 [CONTINUE]
 831 games  +250 =364 -217   +14 Elo +/- 18   3fold=277 (33%)   8947s      mean=0.520 LLR=+0.96 [CONTINUE]
 832 games  +250 =365 -217   +14 Elo +/- 18   3fold=278 (33%)   8948s      mean=0.520 LLR=+0.96 [CONTINUE]
 833 games  +251 =365 -217   +14 Elo +/- 18   3fold=278 (33%)   8969s      mean=0.520 LLR=+1.00 [CONTINUE]
 834 games  +252 =365 -217   +15 Elo +/- 18   3fold=278 (33%)   8973s      mean=0.521 LLR=+1.04 [CONTINUE]
 835 games  +252 =365 -218   +14 Elo +/- 18   3fold=278 (33%)   8985s      mean=0.520 LLR=+1.00 [CONTINUE]
 836 games  +252 =365 -219   +14 Elo +/- 18   3fold=278 (33%)   8998s      mean=0.520 LLR=+0.96 [CONTINUE]
 837 games  +252 =366 -219   +14 Elo +/- 18   3fold=279 (33%)   8999s      mean=0.520 LLR=+0.96 [CONTINUE]
 838 games  +253 =366 -219   +14 Elo +/- 18   3fold=279 (33%)   9015s      mean=0.520 LLR=+1.00 [CONTINUE]
 839 games  +253 =367 -219   +14 Elo +/- 18   3fold=280 (33%)   9026s      mean=0.520 LLR=+1.00 [CONTINUE]
 840 games  +253 =368 -219   +14 Elo +/- 18   3fold=281 (33%)   9026s      mean=0.520 LLR=+1.00 [CONTINUE]
 841 games  +253 =369 -219   +14 Elo +/- 18   3fold=281 (33%)   9050s      mean=0.520 LLR=+1.00 [CONTINUE]
 842 games  +254 =369 -219   +14 Elo +/- 18   3fold=281 (33%)   9059s      mean=0.521 LLR=+1.04 [CONTINUE]
 843 games  +254 =370 -219   +14 Elo +/- 18   3fold=282 (33%)   9068s      mean=0.521 LLR=+1.04 [CONTINUE]
 844 games  +255 =370 -219   +15 Elo +/- 18   3fold=282 (33%)   9082s      mean=0.521 LLR=+1.08 [CONTINUE]
 845 games  +255 =371 -219   +15 Elo +/- 18   3fold=283 (33%)   9083s      mean=0.521 LLR=+1.08 [CONTINUE]
 846 games  +256 =371 -219   +15 Elo +/- 18   3fold=283 (33%)   9101s      mean=0.522 LLR=+1.12 [CONTINUE]
 847 games  +256 =372 -219   +15 Elo +/- 18   3fold=284 (34%)   9110s      mean=0.522 LLR=+1.12 [CONTINUE]
 848 games  +256 =372 -220   +15 Elo +/- 18   3fold=284 (33%)   9115s      mean=0.521 LLR=+1.08 [CONTINUE]
 849 games  +256 =373 -220   +15 Elo +/- 18   3fold=285 (34%)   9137s      mean=0.521 LLR=+1.08 [CONTINUE]
 850 games  +256 =374 -220   +15 Elo +/- 17   3fold=285 (34%)   9145s      mean=0.521 LLR=+1.08 [CONTINUE]
 851 games  +257 =374 -220   +15 Elo +/- 17   3fold=285 (33%)   9148s      mean=0.522 LLR=+1.12 [CONTINUE]
 852 games  +257 =374 -221   +15 Elo +/- 17   3fold=285 (33%)   9175s      mean=0.521 LLR=+1.08 [CONTINUE]
 853 games  +257 =374 -222   +14 Elo +/- 17   3fold=285 (33%)   9176s      mean=0.521 LLR=+1.04 [CONTINUE]
 854 games  +257 =375 -222   +14 Elo +/- 17   3fold=285 (33%)   9184s      mean=0.520 LLR=+1.04 [CONTINUE]
 855 games  +258 =375 -222   +15 Elo +/- 17   3fold=285 (33%)   9208s      mean=0.521 LLR=+1.08 [CONTINUE]
 856 games  +258 =376 -222   +15 Elo +/- 17   3fold=286 (33%)   9210s      mean=0.521 LLR=+1.08 [CONTINUE]
 857 games  +259 =376 -222   +15 Elo +/- 17   3fold=286 (33%)   9216s      mean=0.522 LLR=+1.12 [CONTINUE]
 858 games  +259 =377 -222   +15 Elo +/- 17   3fold=287 (33%)   9231s      mean=0.522 LLR=+1.12 [CONTINUE]
 859 games  +259 =378 -222   +15 Elo +/- 17   3fold=288 (34%)   9237s      mean=0.522 LLR=+1.12 [CONTINUE]
 860 games  +260 =378 -222   +15 Elo +/- 17   3fold=288 (33%)   9245s      mean=0.522 LLR=+1.16 [CONTINUE]
 861 games  +260 =379 -222   +15 Elo +/- 17   3fold=289 (34%)   9255s      mean=0.522 LLR=+1.16 [CONTINUE]
 862 games  +261 =379 -222   +16 Elo +/- 17   3fold=289 (34%)   9268s      mean=0.523 LLR=+1.20 [CONTINUE]
